******************************************************************************
                  TI ARM Linker Unix v18.1.4                   
******************************************************************************
>> Linked Thu Apr 11 17:20:53 2019

OUTPUT FILE NAME:   <TMS570LC43_LWIP_MINIMAL.out>
ENTRY POINT SYMBOL: "_c_int00"  address: 000172c0


MEMORY CONFIGURATION

         name            origin    length      used     unused   attr    fill
----------------------  --------  ---------  --------  --------  ----  --------
  VECTORS               00000000   00000020  00000020  00000000     X (ffffffff)
  FLASH0                00000020   001fffe0  00017c54  001e838c  R  X (ffffffff)
  FLASH1                00200000   00200000  00000000  00200000  R  X (ffffffff)
  STACKS                08000000   00001500  00000000  00001500  RW  
  RAM                   08001500   0002eb00  00012dc4  0001bd3c  RW  
  ECC_VEC               f0400000   00000004  00000004  00000000  R   
  ECC_FLA0              f0400004   0003fffc  0003fffc  00000000  R   
  ECC_FLA1              f0440000   00040000  00040000  00000000  R   


SEGMENT ALLOCATION MAP

run origin  load origin   length   init length attrs members
----------  ----------- ---------- ----------- ----- -------
00000000    00000000    00017c78   00017c78    r-x
  00000000    00000000    00000020   00000020    r-x .intvecs
  00000020    00000020    00017880   00017880    r-x .text
  000178a0    000178a0    000002fc   000002fc    r-- .const
  00017ba0    00017ba0    000000d8   000000d8    r-- .cinit
08001500    08001500    00012dc4   00000000    rw-
  08001500    08001500    00012ccc   00000000    rw- .bss
  080141cc    080141cc    000000f8   00000000    rw- .data
f0400000    f0400000    00080000   00080000    r--
  f0400000    f0400000    00000004   00000004    r-- .ecc0
  f0400004    f0400004    0003fffc   0003fffc    r-- .ecc1
  f0440000    f0440000    00040000   00040000    r-- .ecc2


SECTION ALLOCATION MAP

 output                                  attributes/
section   page    origin      length       input sections
--------  ----  ----------  ----------   ----------------
.intvecs   0    00000000    00000020     
                  00000000    00000020     HL_sys_intvecs.obj (.intvecs)

.text      0    00000020    00017880     
                  00000020    000104bc     lwiplib.obj (.text)
                  000104dc    00001818     HL_emac.obj (.text)
                  00011cf4    000009c0     HL_pinmux.obj (.text)
                  000126b4    0000099c     HL_system.obj (.text)
                  00013050    00000938     HL_sys_vim.obj (.text)
                  00013988    00000870     HL_sci.obj (.text)
                  000141f8    0000078c     HL_esm.obj (.text)
                  00014984    000006f4     HL_phy_dp83640.obj (.text)
                  00015078    00000664     HL_errata_SSWF021_45.obj (.text)
                  000156dc    00000528     timers.obj (.text)
                  00015c04    00000484     HL_gio.obj (.text)
                  00016088    000003c4     HL_sys_core.obj (.text)
                  0001644c    00000378     HL_sys_mpu.obj (.text)
                  000167c4    0000033c     HL_sys_vim.obj (.text:retain)
                  00016b00    000001c8     lwip_functions.obj (.text)
                  00016cc8    000001c4     HL_mdio.obj (.text)
                  00016e8c    00000180     rtsv7R4_A_be_v3D16_eabi.lib : memcpy32.asm.obj (.text)
                  0001700c    00000178     HL_esm.obj (.text:retain)
                  00017184    0000013c     rtsv7R4_A_be_v3D16_eabi.lib : s_floor.c.obj (.text:floor)
                  000172c0    000000d8     HL_sys_startup.obj (.text:retain)
                  00017398    000000cc     HL_emac.obj (.text:retain)
                  00017464    000000b0     rtsv7R4_A_be_v3D16_eabi.lib : memset32.asm.obj (.text)
                  00017514    000000a8     HL_notification.obj (.text)
                  000175bc    000000a0     lwip_functions.obj (.text:retain)
                  0001765c    00000090     rtsv7R4_A_be_v3D16_eabi.lib : copy_decompress_lzss.c.obj (.text:decompress:lzss:__TI_decompress_lzss)
                  000176ec    00000068                                 : autoinit.c.obj (.text:__TI_auto_init_nobinit_nopinit:__TI_auto_init_nobinit_nopinit)
                  00017754    00000054                                 : i_div32.asm.obj (.text)
                  000177a8    00000050                                 : u_div32.asm.obj (.text)
                  000177f8    00000034                                 : memcmp.c.obj (.text:memcmp)
                  0001782c    00000020                                 : strlen.c.obj (.text:strlen)
                  0001784c    0000001c     HL_sys_main.obj (.text)
                  00017868    00000014     rtsv7R4_A_be_v3D16_eabi.lib : copy_decompress_none.c.obj (.text:decompress:none:__TI_decompress_none)
                  0001787c    00000010                                 : copy_zero_init.c.obj (.text:decompress:ZI:__TI_zero_init)
                  0001788c    00000008                                 : exit.c.obj (.text:abort:abort)
                  00017894    00000004     HL_sys_startup.obj (.text)
                  00017898    00000004     HL_sys_phantom.obj (.text:retain)
                  0001789c    00000004     rtsv7R4_A_be_v3D16_eabi.lib : div0.asm.obj (.text)

.const     0    000178a0    000002fc     
                  000178a0    00000200     HL_sys_vim.obj (.const:s_vim_init)
                  00017aa0    00000078     lwiplib.obj (.const:.string)
                  00017b18    0000002c     lwiplib.obj (.const:tcp_state_str)
                  00017b44    00000010     lwiplib.obj (.const:memp_num)
                  00017b54    00000010     lwiplib.obj (.const:memp_sizes)
                  00017b64    00000010     lwiplib.obj (.const:tcp_pcb_lists)
                  00017b74    0000000d     lwiplib.obj (.const:.string:tcp_backoff)
                  00017b81    00000007     lwiplib.obj (.const:.string:tcp_persist_backoff)
                  00017b88    00000006     lwiplib.obj (.const:ethbroadcast)
                  00017b8e    00000006     lwiplib.obj (.const:ethzero)
                  00017b94    00000004     lwiplib.obj (.const:ip_addr_any)
                  00017b98    00000004     lwiplib.obj (.const:ip_addr_broadcast)

.cinit     0    00017ba0    000000d8     
                  00017ba0    000000b2     (.cinit..data.load) [load image, compression = lzss]
                  00017c52    00000002     --HOLE-- [fill = 0]
                  00017c54    0000000c     (__TI_handler_table)
                  00017c60    00000008     (.cinit..bss.load) [load image, compression = zero_init]
                  00017c68    00000010     (__TI_cinit_table)

.bss       0    08001500    00012ccc     UNINITIALIZED
                  08001500    00007814     (.common:ram_heap)
                  08008d14    00007594     lwiplib.obj (.bss:memp_memory)
                  080102a8    00003b24     HL_emac.obj (.bss:pbuf_array)
                  08013dcc    000000ea     (.common:lwip_stats)
                  08013eb6    00000001     (.common:pbuf_free_ooseq_pending)
                  08013eb7    00000001     (.common:tcp_active_pcbs_changed)
                  08013eb8    000000c8     lwiplib.obj (.bss:arp_table)
                  08013f80    00000054     lwiplib.obj (.bss:locatorData)
                  08013fd4    00000050     HL_sci.obj (.bss:g_sciTransfer_t)
                  08014024    00000044     lwiplib.obj (.bss:hdkif_data)
                  08014068    0000003c     (.common:hdkif_data)
                  080140a4    00000037     lwiplib.obj (.bss)
                  080140db    00000001     --HOLE--
                  080140dc    00000034     lwiplib.obj (.bss:hdkNetIF)
                  08014110    00000028     (.common:dhcp_rx_options_val)
                  08014138    00000020     lwiplib.obj (.bss:memp_tab)
                  08014158    00000010     lwiplib.obj (.bss:inseg)
                  08014168    00000010     lwiplib.obj (.bss:str$3)
                  08014178    0000000c     timers.obj (.bss)
                  08014184    0000000c     (.common:dhcp_rx_options_given)
                  08014190    00000004     (.common:current_header)
                  08014194    00000004     (.common:current_iphdr_dest)
                  08014198    00000004     (.common:current_iphdr_src)
                  0801419c    00000004     (.common:current_netif)
                  080141a0    00000004     (.common:netif_default)
                  080141a4    00000004     (.common:netif_list)
                  080141a8    00000004     (.common:tcp_active_pcbs)
                  080141ac    00000004     (.common:tcp_bound_pcbs)
                  080141b0    00000004     (.common:tcp_input_pcb)
                  080141b4    00000004     (.common:tcp_listen_pcbs)
                  080141b8    00000004     (.common:tcp_ticks)
                  080141bc    00000004     (.common:tcp_tmp_pcb)
                  080141c0    00000004     (.common:tcp_tw_pcbs)
                  080141c4    00000004     (.common:txtIPAddrItoA)
                  080141c8    00000004     (.common:udp_pcbs)

.data      0    080141cc    000000f8     UNINITIALIZED
                  080141cc    0000002e     lwip_functions.obj (.data:txtErrorInit)
                  080141fa    00000025     lwiplib.obj (.data:txtPhyGetAlSts)
                  0801421f    00000024     lwiplib.obj (.data:txtPhyGetLnkSts)
                  08014243    0000001c     lwiplib.obj (.data:txtPhySetupLink)
                  0801425f    0000001b     lwiplib.obj (.data:txtPhyGetId)
                  0801427a    00000014     lwip_functions.obj (.data:txtIPAddrTxt)
                  0801428e    0000000e     lwiplib.obj (.data:txtError)
                  0801429c    0000000c     lwiplib.obj (.data)
                  080142a8    00000008     lwip_functions.obj (.data)
                  080142b0    00000008     lwiplib.obj (.data:txtSuccess)
                  080142b8    00000006     HL_sys_main.obj (.data:emacAddress)
                  080142be    00000002     lwiplib.obj (.data:txtCRLF2)
                  080142c0    00000002     lwip_functions.obj (.data:txtCRLF)
                  080142c2    00000002     lwiplib.obj (.data:txtProgress)

.ecc0      0    f0400000    00000004     
                  f0400000    00000004     (.ecc0)

.ecc1      0    f0400004    0003fffc     
                  f0400004    0003fffc     (.ecc1)

.ecc2      0    f0440000    00040000     
                  f0440000    00040000     (.ecc2)

MODULE SUMMARY

       Module                       code    ro data   rw data
       ------                       ----    -------   -------
    ./lwIP_INSTALL_ROOT/ports/hdk/
       lwiplib.obj                  66748   252       61873  
    +--+----------------------------+-------+---------+---------+
       Total:                       66748   252       61873  
                                                             
    ./lwIP_INSTALL_ROOT/src/core/
       timers.obj                   1320    0         12     
    +--+----------------------------+-------+---------+---------+
       Total:                       1320    0         12     
                                                             
    ./source/
       HL_emac.obj                  6372    0         15200  
       HL_sys_vim.obj               3188    512       0      
       HL_pinmux.obj                2496    0         0      
       HL_system.obj                2460    0         0      
       HL_esm.obj                   2308    0         0      
       HL_sci.obj                   2160    0         80     
       HL_phy_dp83640.obj           1780    0         0      
       HL_errata_SSWF021_45.obj     1636    0         0      
       HL_gio.obj                   1156    0         0      
       HL_sys_core.obj              964     0         0      
       HL_sys_mpu.obj               888     0         0      
       lwip_functions.obj           616     0         80     
       HL_mdio.obj                  452     0         0      
       HL_sys_startup.obj           220     0         0      
       HL_notification.obj          168     0         0      
       HL_sys_main.obj              28      0         6      
       HL_sys_intvecs.obj           32      0         0      
       HL_sys_phantom.obj           4       0         0      
    +--+----------------------------+-------+---------+---------+
       Total:                       26928   512       15366  
                                                             
    /home/koitt/ti/ccsv8/tools/compiler/ti-cgt-arm_18.1.4.LTS/lib/rtsv7R4_A_be_v3D16_eabi.lib
       memcpy32.asm.obj             384     0         0      
       s_floor.c.obj                316     0         0      
       memset32.asm.obj             176     0         0      
       copy_decompress_lzss.c.obj   144     0         0      
       autoinit.c.obj               104     0         0      
       i_div32.asm.obj              84      0         0      
       u_div32.asm.obj              80      0         0      
       memcmp.c.obj                 52      0         0      
       strlen.c.obj                 32      0         0      
       copy_decompress_none.c.obj   20      0         0      
       copy_zero_init.c.obj         16      0         0      
       exit.c.obj                   8       0         0      
       div0.asm.obj                 4       0         0      
    +--+----------------------------+-------+---------+---------+
       Total:                       1420    0         0      
                                                             
       Linker Generated:            0       524502    0      
    +--+----------------------------+-------+---------+---------+
       Grand Total:                 96416   525266    77251  


LINKER GENERATED COPY TABLES

__TI_cinit_table @ 00017c68 records: 2, size/record: 8, table size: 16
	.data: load addr=00017ba0, load size=000000b2 bytes, run addr=080141cc, run size=000000f8 bytes, compression=lzss
	.bss: load addr=00017c60, load size=00000008 bytes, run addr=08001500, run size=00012ccc bytes, compression=zero_init


LINKER GENERATED HANDLER TABLE

__TI_handler_table @ 00017c54 records: 3, size/record: 4, table size: 12
	index: 0, handler: __TI_zero_init
	index: 1, handler: __TI_decompress_lzss
	index: 2, handler: __TI_decompress_none


GLOBAL SYMBOLS: SORTED ALPHABETICALLY BY Name 

address   name                                
-------   ----                                
0001788c  C$$EXIT                             
00014adc  Dp83640AutoNegotiate                
00014da0  Dp83640DisableLoopback              
00014d08  Dp83640EnableLoopback               
00014e2c  Dp83640GetTimeStamp                 
00014984  Dp83640IDGet                        
000149fc  Dp83640LinkStatusGet                
00014c6c  Dp83640PartnerAbilityGet            
00015050  Dp83640PartnerSpdGet                
00014c94  Dp83640Reset                        
000175bc  EMACCore0RxIsr                      
00017608  EMACCore0TxIsr                      
00010a04  EMACCoreIntAck                      
000111a4  EMACDMAInit                         
00010eb0  EMACDisableIdleState                
00010f3c  EMACDisableLoopback                 
000106d4  EMACDuplexSet                       
00010e8c  EMACEnableIdleState                 
00010ed4  EMACEnableLoopback                  
00010db4  EMACFrameSelect                     
00011b50  EMACGetConfigValue                  
0001139c  EMACHWInit                          
000107dc  EMACInit                            
00010c20  EMACInstConfig                      
00010c08  EMACIntVectorGet                    
00010c84  EMACLinkSetup                       
0001097c  EMACMACAddrSet                      
00010918  EMACMACSrcAddrSet                   
000106b0  EMACMIIDisable                      
0001068c  EMACMIIEnable                       
00010bdc  EMACNumFreeBufSet                   
0001064c  EMACRMIISpeedSet                    
000110a0  EMACReadNetStatRegisters            
000119b0  EMACReceive                         
00010ac0  EMACRxBroadCastDisable              
00010a7c  EMACRxBroadCastEnable               
00010a50  EMACRxCPWrite                       
00010768  EMACRxDisable                       
0001074c  EMACRxEnable                        
00011010  EMACRxFlowControlDisable            
00010fec  EMACRxFlowControlEnable             
000107b0  EMACRxHdrDescPtrWrite               
000173fc  EMACRxIntISR                        
000105f0  EMACRxIntPulseDisable               
00010594  EMACRxIntPulseEnable                
00011114  EMACRxIntStat                       
00010b40  EMACRxMultiCastDisable              
00010afc  EMACRxMultiCastEnable               
0001104c  EMACRxSetFlowThreshold              
00010d88  EMACRxTeardown                      
00010bac  EMACRxUnicastClear                  
00010b7c  EMACRxUnicastSet                    
00010e40  EMACSoftReset                       
00011034  EMACSwizzleData                     
00011698  EMACTransmit                        
00010a24  EMACTxCPWrite                       
00010730  EMACTxDisable                       
00010714  EMACTxEnable                        
00010fc8  EMACTxFlowControlDisable            
00010fa4  EMACTxFlowControlEnable             
00010784  EMACTxHdrDescPtrWrite               
00011898  EMACTxIntHandler                    
00017398  EMACTxIntISR                        
00010538  EMACTxIntPulseDisable               
000104dc  EMACTxIntPulseEnable                
000110c4  EMACTxIntStat                       
00010de0  EMACTxPrioritySelect                
00010d5c  EMACTxTeardown                      
00016b7c  EMAC_LwIP_Main                      
00016b08  IntMasterIRQDisable                 
00016b00  IntMasterIRQEnable                  
00016b10  IntMasterStatusGet                  
0000fffc  LocatorConfig                       
00016e64  MDIODisable                         
00016e40  MDIOEnable                          
00016df8  MDIOInit                            
00016dc8  MDIOPhyAliveStatusGet               
00016de0  MDIOPhyLinkStatusGet                
00016cc8  MDIOPhyRegRead                      
00016d60  MDIOPhyRegWrite                     
UNDEFED   SHT$$INIT_ARRAY$$Base               
UNDEFED   SHT$$INIT_ARRAY$$Limit              
00017c68  __TI_CINIT_Base                     
00017c78  __TI_CINIT_Limit                    
00017c54  __TI_Handler_Table_Base             
00017c60  __TI_Handler_Table_Limit            
00016444  __TI_PINIT_Base                     
00016448  __TI_PINIT_Limit                    
000176ec  __TI_auto_init_nobinit_nopinit      
0001765c  __TI_decompress_lzss                
00017868  __TI_decompress_none                
ffffffff  __TI_pprof_out_hndl                 
ffffffff  __TI_prof_data_size                 
ffffffff  __TI_prof_data_start                
00000000  __TI_static_base__                  
0001787c  __TI_zero_init                      
00017754  __aeabi_idiv                        
0001789c  __aeabi_idiv0                       
00017754  __aeabi_idivmod                     
0001789c  __aeabi_ldiv0                       
00017464  __aeabi_memclr                      
00017464  __aeabi_memclr4                     
00017464  __aeabi_memclr8                     
00016e8c  __aeabi_memcpy                      
00016e8c  __aeabi_memcpy4                     
00016e8c  __aeabi_memcpy8                     
00017468  __aeabi_memset                      
00017468  __aeabi_memset4                     
00017468  __aeabi_memset8                     
000177a8  __aeabi_uidiv                       
000177a8  __aeabi_uidivmod                    
ffffffff  __binit__                           
ffffffff  __c_args__                          
000172c0  _c_int00                            
000163f8  _cacheDisable_                      
000163b4  _cacheEnable_                       
00016394  _checkMemInitOn_                    
000162a0  _coreClearAuxiliaryDataFault_       
000162b4  _coreClearAuxiliaryInstructionFault_
00016278  _coreClearDataFaultAddress_         
00016250  _coreClearDataFault_                
0001628c  _coreClearInstructionFaultAddress_  
00016264  _coreClearInstructionFault_         
00016228  _coreDisableEventBusExport_         
00016218  _coreEnableEventBusExport_          
00016238  _coreEnableIrqVicOffset_            
00016200  _coreEnableVfp_                     
00016298  _coreGetAuxiliaryDataFault_         
000162ac  _coreGetAuxiliaryInstructionFault_  
00016270  _coreGetDataFaultAddress_           
00016248  _coreGetDataFault_                  
00016284  _coreGetInstructionFaultAddress_    
0001625c  _coreGetInstructionFault_           
00016088  _coreInitRegisters_                 
00016194  _coreInitStackPointer_              
0001641c  _dCacheInvalidate_                  
000162c0  _disable_IRQ_interrupt_             
000162c8  _enable_IRQ_interrupt_              
000162d0  _enable_interrupt_                  
00015078  _errata_SSWF021_45_both_plls        
0001526c  _errata_SSWF021_45_pll1             
000153e4  _errata_SSWF021_45_pll2             
000162d8  _esmCcmErrorsClear_                 
000161e0  _getCPSRValue_                      
000161e8  _gotoCPUIdle_                       
00016430  _iCacheInvalidate_                  
00016360  _memInit_                           
0001676c  _mpuAreRegionsSeparate_             
00016750  _mpuDisableBackgroundRegion_        
00016728  _mpuDisable_                        
00016740  _mpuEnableBackgroundRegion_         
00016710  _mpuEnable_                         
00016760  _mpuGetNumberOfRegions_             
00016790  _mpuGetRegionBaseAddress_           
000167b0  _mpuGetRegionPermission_            
000167a4  _mpuGetRegionType_                  
00016780  _mpuGetRegion_                      
0001644c  _mpuInit_                           
00016788  _mpuSetRegionBaseAddress_           
000167bc  _mpuSetRegionSizeRegister_          
00016798  _mpuSetRegionTypeAndPermission_     
00016778  _mpuSetRegion_                      
UNDEFED   _system_post_cinit                  
0001788c  abort                               
ffffffff  binit                               
080142a8  countEMACCore0RxIsr                 
080142ac  countEMACCore0TxIsr                 
08014190  current_header                      
08014194  current_iphdr_dest                  
08014198  current_iphdr_src                   
0801419c  current_netif                       
00012fa4  customTrimLPO                       
000006b8  dhcp_cleanup                        
00000270  dhcp_coarse_tmr                     
00000304  dhcp_fine_tmr                       
00000878  dhcp_inform                         
000009c4  dhcp_network_changed                
00001164  dhcp_release                        
00000de8  dhcp_renew                          
08014184  dhcp_rx_options_given               
08014110  dhcp_rx_options_val                 
0000068c  dhcp_set_struct                     
000006ec  dhcp_start                          
000012d8  dhcp_stop                           
0001754c  dmaGroupANotification               
080142b8  emacAddress                         
000175ac  emacRxNotification                  
0001759c  emacTxNotification                  
00017588  epcCAMFullNotification              
0001758c  epcFIFOFullNotification             
00014408  esmActivateNormalOperation          
00014554  esmClearStatus                      
000145b8  esmClearStatusBuffer                
00014594  esmClearStatusUpper                 
000143b4  esmDisableError                     
000143dc  esmDisableErrorUpper                
0001445c  esmDisableInterrupt                 
00014484  esmDisableInterruptUpper            
00014370  esmEnableError                      
00014398  esmEnableErrorUpper                 
00014418  esmEnableInterrupt                  
00014440  esmEnableInterruptUpper             
000146e8  esmEnterSelfTest                    
00014354  esmError                            
000147c0  esmGetConfigValue                   
000145f4  esmGetStatus                        
000146c0  esmGetStatusBuffer                  
00014678  esmGetStatusUpper                   
00017514  esmGroup1Notification               
00017528  esmGroup2Notification               
0001753c  esmGroup3Notification               
0001700c  esmHighInterrupt                    
000141f8  esmInit                             
00014770  esmSelfTestStatus                   
000145d4  esmSetCounterPreloadValue           
000144a0  esmSetInterruptLevel                
00014514  esmSetInterruptLevelUpper           
000143f8  esmTriggerErrorPinReset             
0000dff4  etharp_cleanup_netif                
0000e078  etharp_find_addr                    
0000e46c  etharp_output                       
0000e6ec  etharp_query                        
0000eb48  etharp_request                      
0000d9e4  etharp_tmr                          
00017b88  ethbroadcast                        
0000eba4  ethernet_input                      
00017b8e  ethzero                             
00017184  floor                               
00017184  floorl                              
00012a4c  getResetSource                      
00015e64  gioDisableNotification              
00015dfc  gioEnableNotification               
00015d64  gioGetBit                           
00015ecc  gioGetConfigValue                   
00015d8c  gioGetPort                          
00015c04  gioInit                             
00017560  gioNotification                     
00015cf4  gioSetBit                           
00015cd4  gioSetDirection                     
00015d44  gioSetPort                          
00015da4  gioToggleBit                        
00017894  handlePLLLockFail                   
08014068  hdkif_data                          
0000f880  hdkif_init                          
0000fe3c  hdkif_link_status                   
0000ee18  hdkif_macaddrset                    
0000fe10  hdkif_netif_status                  
0000f920  hdkif_rx_inthandler                 
0000eda8  hdkif_swizzle_data                  
0000ee04  hdkif_swizzle_rxp                   
0000edf0  hdkif_swizzle_txp                   
0000fcac  hdkif_tx_inthandler                 
0000c350  icmp_dest_unreach                   
0000bff0  icmp_input                          
0000c974  inet_chksum                         
0000c99c  inet_chksum_pbuf                    
0000c5c4  inet_chksum_pseudo                  
0000c788  inet_chksum_pseudo_partial          
0000d324  ip4_addr_isbroadcast                
0000d3f4  ip4_addr_netmask_valid              
00017b94  ip_addr_any                         
00017b98  ip_addr_broadcast                   
0000cb94  ip_input                            
0000d2a8  ip_output                           
0000d024  ip_output_if                        
0000ca98  ip_route                            
0000d488  ipaddr_addr                         
0000d4b4  ipaddr_aton                         
0000d7e0  ipaddr_ntoa                         
0000d7fc  ipaddr_ntoa_r                       
000101a8  lwIPInit                            
00010408  lwIPLinkStatusGet                   
000103e8  lwIPNetIfStatusGet                  
00010430  lwIPRxIntHandler                    
00010454  lwIPTxIntHandler                    
000021d0  lwip_init                           
08013dcc  lwip_stats                          
0001784c  main                                
0001287c  mapClocks                           
00002a80  mem_calloc                          
000023e8  mem_free                            
00002338  mem_init                            
000027ac  mem_malloc                          
000024c0  mem_trim                            
000177f8  memcmp                              
00016e8c  memcpy                              
00002d40  memp_free                           
00002ad0  memp_init                           
00002c38  memp_malloc                         
00017474  memset                              
00011cf4  muxInit                             
00002dc0  netif_add                           
080141a0  netif_default                       
00002fd0  netif_find                          
00002db8  netif_init                          
080141a4  netif_list                          
00002ee0  netif_remove                        
00002e9c  netif_set_addr                      
00003260  netif_set_default                   
000032e4  netif_set_down                      
000031e8  netif_set_gw                        
00003084  netif_set_ipaddr                    
000033a0  netif_set_link_down                 
0000332c  netif_set_link_up                   
00003228  netif_set_netmask                   
00003288  netif_set_up                        
00003480  pbuf_alloc                          
00003c54  pbuf_cat                            
00003ce4  pbuf_chain                          
00003bd0  pbuf_clen                           
00004220  pbuf_coalesce                       
00003d98  pbuf_copy                           
00003f94  pbuf_copy_partial                   
00003d08  pbuf_dechain                        
00003abc  pbuf_free                           
000033d8  pbuf_free_ooseq                     
08013eb6  pbuf_free_ooseq_pending             
00004290  pbuf_get_at                         
0000392c  pbuf_header                         
00004334  pbuf_memcmp                         
00004448  pbuf_memfind                        
000037e8  pbuf_realloc                        
00003c1c  pbuf_ref                            
000044f4  pbuf_strstr                         
00004104  pbuf_take                           
0000ed4c  perf_init                           
000127c8  periphInit                          
00017898  phantomInterrupt                    
08001500  ram_heap                            
000046bc  raw_bind                            
000046f8  raw_connect                         
00004574  raw_input                           
0000498c  raw_new                             
00004734  raw_recv                            
000048e4  raw_remove                          
000048c0  raw_send                            
00004764  raw_sendto                          
00000000  resetEntry                          
00014044  sci1GetConfigValue                  
00013eb8  sciDisableLoopback                  
00013f6c  sciDisableNotification              
00016b1c  sciDisplayText                      
00013e84  sciEnableLoopback                   
00013ed4  sciEnableNotification               
00014004  sciEnterResetState                  
00014024  sciExitResetState                   
00013988  sciInit                             
00013cfc  sciIsIdleDetected                   
00013ce0  sciIsRxReady                        
00013b30  sciIsTxReady                        
00017574  sciNotification                     
00013d74  sciReceive                          
00013d48  sciReceiveByte                      
00013d18  sciRxError                          
00013b7c  sciSend                             
00013b4c  sciSendByte                         
00013a94  sciSetBaudrate                      
00013a74  sciSetFunctional                    
00012788  setupFlash                          
000126b4  setupPLL                            
000049f8  stats_init                          
0001782c  strlen                              
0000ed5c  sys_arch_protect                    
0000ed74  sys_arch_unprotect                  
00015ac4  sys_check_timeouts                  
0000ed90  sys_now                             
00015bc8  sys_restart_timeouts                
00015824  sys_timeout                         
000157e0  sys_timeouts_init                   
000159c8  sys_untimeout                       
00012b74  systemGetConfigValue                
000129a8  systemInit                          
00012a1c  systemPowerDown                     
00004f1c  tcp_abandon                         
00005060  tcp_abort                           
0000678c  tcp_accept                          
080141a8  tcp_active_pcbs                     
08013eb7  tcp_active_pcbs_changed             
0000652c  tcp_alloc                           
0000670c  tcp_arg                             
00017b74  tcp_backoff                         
00005078  tcp_bind                            
080141ac  tcp_bound_pcbs                      
00004e08  tcp_close                           
0000564c  tcp_connect                         
00006a64  tcp_debug_state_str                 
000069f8  tcp_eff_send_mss                    
0000a48c  tcp_enqueue_flags                   
0000676c  tcp_err                             
00006038  tcp_fasttmr                         
000049fc  tcp_init                            
00006a8c  tcp_input                           
080141b0  tcp_input_pcb                       
0000b14c  tcp_keepalive                       
080141b4  tcp_listen_pcbs                     
0000522c  tcp_listen_with_backlog             
000066fc  tcp_new                             
000069d0  tcp_next_iss                        
0000a7c8  tcp_output                          
00017b64  tcp_pcb_lists                       
000067dc  tcp_pcb_purge                       
000068a4  tcp_pcb_remove                      
00017b81  tcp_persist_backoff                 
000067ac  tcp_poll                            
0000611c  tcp_process_refused_data            
0000672c  tcp_recv                            
0000633c  tcp_recv_null                       
000054ec  tcp_recved                          
0000af90  tcp_rexmit                          
0000b070  tcp_rexmit_fast                     
0000aef8  tcp_rexmit_rto                      
0000ade8  tcp_rst                             
000062f0  tcp_seg_copy                        
00006290  tcp_seg_free                        
00006250  tcp_segs_free                       
0000a6f4  tcp_send_empty_ack                  
0000992c  tcp_send_fin                        
0000674c  tcp_sent                            
000062d0  tcp_setprio                         
00004e40  tcp_shutdown                        
00005940  tcp_slowtmr                         
00017b18  tcp_state_str                       
080141b8  tcp_ticks                           
0001572c  tcp_timer_needed                    
080141bc  tcp_tmp_pcb                         
00004a00  tcp_tmr                             
080141c0  tcp_tw_pcbs                         
00005410  tcp_update_rcv_ann_wnd              
00009d8c  tcp_write                           
0000b208  tcp_zero_window_probe               
00012714  trimLPO                             
080142c0  txtCRLF                             
080141cc  txtErrorInit                        
080141c4  txtIPAddrItoA                       
0801427a  txtIPAddrTxt                        
0000bc3c  udp_bind                            
0000bda0  udp_connect                         
0000bea0  udp_disconnect                      
0000b3ac  udp_init                            
0000b464  udp_input                           
0000bfb0  udp_new                             
080141c8  udp_pcbs                            
0000bed8  udp_recv                            
0000bf08  udp_remove                          
0000b968  udp_send                            
0000b994  udp_sendto                          
0000ba00  udp_sendto_if                       
00013124  vimChannelMap                       
00013390  vimDisableInterrupt                 
000167c4  vimECCErrorHandler                  
000131c8  vimEnableInterrupt                  
0001343c  vimGetConfigValue                   
00013050  vimInit                             


GLOBAL SYMBOLS: SORTED BY Symbol Address 

address   name                                
-------   ----                                
00000000  __TI_static_base__                  
00000000  resetEntry                          
00000270  dhcp_coarse_tmr                     
00000304  dhcp_fine_tmr                       
0000068c  dhcp_set_struct                     
000006b8  dhcp_cleanup                        
000006ec  dhcp_start                          
00000878  dhcp_inform                         
000009c4  dhcp_network_changed                
00000de8  dhcp_renew                          
00001164  dhcp_release                        
000012d8  dhcp_stop                           
000021d0  lwip_init                           
00002338  mem_init                            
000023e8  mem_free                            
000024c0  mem_trim                            
000027ac  mem_malloc                          
00002a80  mem_calloc                          
00002ad0  memp_init                           
00002c38  memp_malloc                         
00002d40  memp_free                           
00002db8  netif_init                          
00002dc0  netif_add                           
00002e9c  netif_set_addr                      
00002ee0  netif_remove                        
00002fd0  netif_find                          
00003084  netif_set_ipaddr                    
000031e8  netif_set_gw                        
00003228  netif_set_netmask                   
00003260  netif_set_default                   
00003288  netif_set_up                        
000032e4  netif_set_down                      
0000332c  netif_set_link_up                   
000033a0  netif_set_link_down                 
000033d8  pbuf_free_ooseq                     
00003480  pbuf_alloc                          
000037e8  pbuf_realloc                        
0000392c  pbuf_header                         
00003abc  pbuf_free                           
00003bd0  pbuf_clen                           
00003c1c  pbuf_ref                            
00003c54  pbuf_cat                            
00003ce4  pbuf_chain                          
00003d08  pbuf_dechain                        
00003d98  pbuf_copy                           
00003f94  pbuf_copy_partial                   
00004104  pbuf_take                           
00004220  pbuf_coalesce                       
00004290  pbuf_get_at                         
00004334  pbuf_memcmp                         
00004448  pbuf_memfind                        
000044f4  pbuf_strstr                         
00004574  raw_input                           
000046bc  raw_bind                            
000046f8  raw_connect                         
00004734  raw_recv                            
00004764  raw_sendto                          
000048c0  raw_send                            
000048e4  raw_remove                          
0000498c  raw_new                             
000049f8  stats_init                          
000049fc  tcp_init                            
00004a00  tcp_tmr                             
00004e08  tcp_close                           
00004e40  tcp_shutdown                        
00004f1c  tcp_abandon                         
00005060  tcp_abort                           
00005078  tcp_bind                            
0000522c  tcp_listen_with_backlog             
00005410  tcp_update_rcv_ann_wnd              
000054ec  tcp_recved                          
0000564c  tcp_connect                         
00005940  tcp_slowtmr                         
00006038  tcp_fasttmr                         
0000611c  tcp_process_refused_data            
00006250  tcp_segs_free                       
00006290  tcp_seg_free                        
000062d0  tcp_setprio                         
000062f0  tcp_seg_copy                        
0000633c  tcp_recv_null                       
0000652c  tcp_alloc                           
000066fc  tcp_new                             
0000670c  tcp_arg                             
0000672c  tcp_recv                            
0000674c  tcp_sent                            
0000676c  tcp_err                             
0000678c  tcp_accept                          
000067ac  tcp_poll                            
000067dc  tcp_pcb_purge                       
000068a4  tcp_pcb_remove                      
000069d0  tcp_next_iss                        
000069f8  tcp_eff_send_mss                    
00006a64  tcp_debug_state_str                 
00006a8c  tcp_input                           
0000992c  tcp_send_fin                        
00009d8c  tcp_write                           
0000a48c  tcp_enqueue_flags                   
0000a6f4  tcp_send_empty_ack                  
0000a7c8  tcp_output                          
0000ade8  tcp_rst                             
0000aef8  tcp_rexmit_rto                      
0000af90  tcp_rexmit                          
0000b070  tcp_rexmit_fast                     
0000b14c  tcp_keepalive                       
0000b208  tcp_zero_window_probe               
0000b3ac  udp_init                            
0000b464  udp_input                           
0000b968  udp_send                            
0000b994  udp_sendto                          
0000ba00  udp_sendto_if                       
0000bc3c  udp_bind                            
0000bda0  udp_connect                         
0000bea0  udp_disconnect                      
0000bed8  udp_recv                            
0000bf08  udp_remove                          
0000bfb0  udp_new                             
0000bff0  icmp_input                          
0000c350  icmp_dest_unreach                   
0000c5c4  inet_chksum_pseudo                  
0000c788  inet_chksum_pseudo_partial          
0000c974  inet_chksum                         
0000c99c  inet_chksum_pbuf                    
0000ca98  ip_route                            
0000cb94  ip_input                            
0000d024  ip_output_if                        
0000d2a8  ip_output                           
0000d324  ip4_addr_isbroadcast                
0000d3f4  ip4_addr_netmask_valid              
0000d488  ipaddr_addr                         
0000d4b4  ipaddr_aton                         
0000d7e0  ipaddr_ntoa                         
0000d7fc  ipaddr_ntoa_r                       
0000d9e4  etharp_tmr                          
0000dff4  etharp_cleanup_netif                
0000e078  etharp_find_addr                    
0000e46c  etharp_output                       
0000e6ec  etharp_query                        
0000eb48  etharp_request                      
0000eba4  ethernet_input                      
0000ed4c  perf_init                           
0000ed5c  sys_arch_protect                    
0000ed74  sys_arch_unprotect                  
0000ed90  sys_now                             
0000eda8  hdkif_swizzle_data                  
0000edf0  hdkif_swizzle_txp                   
0000ee04  hdkif_swizzle_rxp                   
0000ee18  hdkif_macaddrset                    
0000f880  hdkif_init                          
0000f920  hdkif_rx_inthandler                 
0000fcac  hdkif_tx_inthandler                 
0000fe10  hdkif_netif_status                  
0000fe3c  hdkif_link_status                   
0000fffc  LocatorConfig                       
000101a8  lwIPInit                            
000103e8  lwIPNetIfStatusGet                  
00010408  lwIPLinkStatusGet                   
00010430  lwIPRxIntHandler                    
00010454  lwIPTxIntHandler                    
000104dc  EMACTxIntPulseEnable                
00010538  EMACTxIntPulseDisable               
00010594  EMACRxIntPulseEnable                
000105f0  EMACRxIntPulseDisable               
0001064c  EMACRMIISpeedSet                    
0001068c  EMACMIIEnable                       
000106b0  EMACMIIDisable                      
000106d4  EMACDuplexSet                       
00010714  EMACTxEnable                        
00010730  EMACTxDisable                       
0001074c  EMACRxEnable                        
00010768  EMACRxDisable                       
00010784  EMACTxHdrDescPtrWrite               
000107b0  EMACRxHdrDescPtrWrite               
000107dc  EMACInit                            
00010918  EMACMACSrcAddrSet                   
0001097c  EMACMACAddrSet                      
00010a04  EMACCoreIntAck                      
00010a24  EMACTxCPWrite                       
00010a50  EMACRxCPWrite                       
00010a7c  EMACRxBroadCastEnable               
00010ac0  EMACRxBroadCastDisable              
00010afc  EMACRxMultiCastEnable               
00010b40  EMACRxMultiCastDisable              
00010b7c  EMACRxUnicastSet                    
00010bac  EMACRxUnicastClear                  
00010bdc  EMACNumFreeBufSet                   
00010c08  EMACIntVectorGet                    
00010c20  EMACInstConfig                      
00010c84  EMACLinkSetup                       
00010d5c  EMACTxTeardown                      
00010d88  EMACRxTeardown                      
00010db4  EMACFrameSelect                     
00010de0  EMACTxPrioritySelect                
00010e40  EMACSoftReset                       
00010e8c  EMACEnableIdleState                 
00010eb0  EMACDisableIdleState                
00010ed4  EMACEnableLoopback                  
00010f3c  EMACDisableLoopback                 
00010fa4  EMACTxFlowControlEnable             
00010fc8  EMACTxFlowControlDisable            
00010fec  EMACRxFlowControlEnable             
00011010  EMACRxFlowControlDisable            
00011034  EMACSwizzleData                     
0001104c  EMACRxSetFlowThreshold              
000110a0  EMACReadNetStatRegisters            
000110c4  EMACTxIntStat                       
00011114  EMACRxIntStat                       
000111a4  EMACDMAInit                         
0001139c  EMACHWInit                          
00011698  EMACTransmit                        
00011898  EMACTxIntHandler                    
000119b0  EMACReceive                         
00011b50  EMACGetConfigValue                  
00011cf4  muxInit                             
000126b4  setupPLL                            
00012714  trimLPO                             
00012788  setupFlash                          
000127c8  periphInit                          
0001287c  mapClocks                           
000129a8  systemInit                          
00012a1c  systemPowerDown                     
00012a4c  getResetSource                      
00012b74  systemGetConfigValue                
00012fa4  customTrimLPO                       
00013050  vimInit                             
00013124  vimChannelMap                       
000131c8  vimEnableInterrupt                  
00013390  vimDisableInterrupt                 
0001343c  vimGetConfigValue                   
00013988  sciInit                             
00013a74  sciSetFunctional                    
00013a94  sciSetBaudrate                      
00013b30  sciIsTxReady                        
00013b4c  sciSendByte                         
00013b7c  sciSend                             
00013ce0  sciIsRxReady                        
00013cfc  sciIsIdleDetected                   
00013d18  sciRxError                          
00013d48  sciReceiveByte                      
00013d74  sciReceive                          
00013e84  sciEnableLoopback                   
00013eb8  sciDisableLoopback                  
00013ed4  sciEnableNotification               
00013f6c  sciDisableNotification              
00014004  sciEnterResetState                  
00014024  sciExitResetState                   
00014044  sci1GetConfigValue                  
000141f8  esmInit                             
00014354  esmError                            
00014370  esmEnableError                      
00014398  esmEnableErrorUpper                 
000143b4  esmDisableError                     
000143dc  esmDisableErrorUpper                
000143f8  esmTriggerErrorPinReset             
00014408  esmActivateNormalOperation          
00014418  esmEnableInterrupt                  
00014440  esmEnableInterruptUpper             
0001445c  esmDisableInterrupt                 
00014484  esmDisableInterruptUpper            
000144a0  esmSetInterruptLevel                
00014514  esmSetInterruptLevelUpper           
00014554  esmClearStatus                      
00014594  esmClearStatusUpper                 
000145b8  esmClearStatusBuffer                
000145d4  esmSetCounterPreloadValue           
000145f4  esmGetStatus                        
00014678  esmGetStatusUpper                   
000146c0  esmGetStatusBuffer                  
000146e8  esmEnterSelfTest                    
00014770  esmSelfTestStatus                   
000147c0  esmGetConfigValue                   
00014984  Dp83640IDGet                        
000149fc  Dp83640LinkStatusGet                
00014adc  Dp83640AutoNegotiate                
00014c6c  Dp83640PartnerAbilityGet            
00014c94  Dp83640Reset                        
00014d08  Dp83640EnableLoopback               
00014da0  Dp83640DisableLoopback              
00014e2c  Dp83640GetTimeStamp                 
00015050  Dp83640PartnerSpdGet                
00015078  _errata_SSWF021_45_both_plls        
0001526c  _errata_SSWF021_45_pll1             
000153e4  _errata_SSWF021_45_pll2             
0001572c  tcp_timer_needed                    
000157e0  sys_timeouts_init                   
00015824  sys_timeout                         
000159c8  sys_untimeout                       
00015ac4  sys_check_timeouts                  
00015bc8  sys_restart_timeouts                
00015c04  gioInit                             
00015cd4  gioSetDirection                     
00015cf4  gioSetBit                           
00015d44  gioSetPort                          
00015d64  gioGetBit                           
00015d8c  gioGetPort                          
00015da4  gioToggleBit                        
00015dfc  gioEnableNotification               
00015e64  gioDisableNotification              
00015ecc  gioGetConfigValue                   
00016088  _coreInitRegisters_                 
00016194  _coreInitStackPointer_              
000161e0  _getCPSRValue_                      
000161e8  _gotoCPUIdle_                       
00016200  _coreEnableVfp_                     
00016218  _coreEnableEventBusExport_          
00016228  _coreDisableEventBusExport_         
00016238  _coreEnableIrqVicOffset_            
00016248  _coreGetDataFault_                  
00016250  _coreClearDataFault_                
0001625c  _coreGetInstructionFault_           
00016264  _coreClearInstructionFault_         
00016270  _coreGetDataFaultAddress_           
00016278  _coreClearDataFaultAddress_         
00016284  _coreGetInstructionFaultAddress_    
0001628c  _coreClearInstructionFaultAddress_  
00016298  _coreGetAuxiliaryDataFault_         
000162a0  _coreClearAuxiliaryDataFault_       
000162ac  _coreGetAuxiliaryInstructionFault_  
000162b4  _coreClearAuxiliaryInstructionFault_
000162c0  _disable_IRQ_interrupt_             
000162c8  _enable_IRQ_interrupt_              
000162d0  _enable_interrupt_                  
000162d8  _esmCcmErrorsClear_                 
00016360  _memInit_                           
00016394  _checkMemInitOn_                    
000163b4  _cacheEnable_                       
000163f8  _cacheDisable_                      
0001641c  _dCacheInvalidate_                  
00016430  _iCacheInvalidate_                  
00016444  __TI_PINIT_Base                     
00016448  __TI_PINIT_Limit                    
0001644c  _mpuInit_                           
00016710  _mpuEnable_                         
00016728  _mpuDisable_                        
00016740  _mpuEnableBackgroundRegion_         
00016750  _mpuDisableBackgroundRegion_        
00016760  _mpuGetNumberOfRegions_             
0001676c  _mpuAreRegionsSeparate_             
00016778  _mpuSetRegion_                      
00016780  _mpuGetRegion_                      
00016788  _mpuSetRegionBaseAddress_           
00016790  _mpuGetRegionBaseAddress_           
00016798  _mpuSetRegionTypeAndPermission_     
000167a4  _mpuGetRegionType_                  
000167b0  _mpuGetRegionPermission_            
000167bc  _mpuSetRegionSizeRegister_          
000167c4  vimECCErrorHandler                  
00016b00  IntMasterIRQEnable                  
00016b08  IntMasterIRQDisable                 
00016b10  IntMasterStatusGet                  
00016b1c  sciDisplayText                      
00016b7c  EMAC_LwIP_Main                      
00016cc8  MDIOPhyRegRead                      
00016d60  MDIOPhyRegWrite                     
00016dc8  MDIOPhyAliveStatusGet               
00016de0  MDIOPhyLinkStatusGet                
00016df8  MDIOInit                            
00016e40  MDIOEnable                          
00016e64  MDIODisable                         
00016e8c  __aeabi_memcpy                      
00016e8c  __aeabi_memcpy4                     
00016e8c  __aeabi_memcpy8                     
00016e8c  memcpy                              
0001700c  esmHighInterrupt                    
00017184  floor                               
00017184  floorl                              
000172c0  _c_int00                            
00017398  EMACTxIntISR                        
000173fc  EMACRxIntISR                        
00017464  __aeabi_memclr                      
00017464  __aeabi_memclr4                     
00017464  __aeabi_memclr8                     
00017468  __aeabi_memset                      
00017468  __aeabi_memset4                     
00017468  __aeabi_memset8                     
00017474  memset                              
00017514  esmGroup1Notification               
00017528  esmGroup2Notification               
0001753c  esmGroup3Notification               
0001754c  dmaGroupANotification               
00017560  gioNotification                     
00017574  sciNotification                     
00017588  epcCAMFullNotification              
0001758c  epcFIFOFullNotification             
0001759c  emacTxNotification                  
000175ac  emacRxNotification                  
000175bc  EMACCore0RxIsr                      
00017608  EMACCore0TxIsr                      
0001765c  __TI_decompress_lzss                
000176ec  __TI_auto_init_nobinit_nopinit      
00017754  __aeabi_idiv                        
00017754  __aeabi_idivmod                     
000177a8  __aeabi_uidiv                       
000177a8  __aeabi_uidivmod                    
000177f8  memcmp                              
0001782c  strlen                              
0001784c  main                                
00017868  __TI_decompress_none                
0001787c  __TI_zero_init                      
0001788c  C$$EXIT                             
0001788c  abort                               
00017894  handlePLLLockFail                   
00017898  phantomInterrupt                    
0001789c  __aeabi_idiv0                       
0001789c  __aeabi_ldiv0                       
00017b18  tcp_state_str                       
00017b64  tcp_pcb_lists                       
00017b74  tcp_backoff                         
00017b81  tcp_persist_backoff                 
00017b88  ethbroadcast                        
00017b8e  ethzero                             
00017b94  ip_addr_any                         
00017b98  ip_addr_broadcast                   
00017c54  __TI_Handler_Table_Base             
00017c60  __TI_Handler_Table_Limit            
00017c68  __TI_CINIT_Base                     
00017c78  __TI_CINIT_Limit                    
08001500  ram_heap                            
08013dcc  lwip_stats                          
08013eb6  pbuf_free_ooseq_pending             
08013eb7  tcp_active_pcbs_changed             
08014068  hdkif_data                          
08014110  dhcp_rx_options_val                 
08014184  dhcp_rx_options_given               
08014190  current_header                      
08014194  current_iphdr_dest                  
08014198  current_iphdr_src                   
0801419c  current_netif                       
080141a0  netif_default                       
080141a4  netif_list                          
080141a8  tcp_active_pcbs                     
080141ac  tcp_bound_pcbs                      
080141b0  tcp_input_pcb                       
080141b4  tcp_listen_pcbs                     
080141b8  tcp_ticks                           
080141bc  tcp_tmp_pcb                         
080141c0  tcp_tw_pcbs                         
080141c4  txtIPAddrItoA                       
080141c8  udp_pcbs                            
080141cc  txtErrorInit                        
0801427a  txtIPAddrTxt                        
080142a8  countEMACCore0RxIsr                 
080142ac  countEMACCore0TxIsr                 
080142b8  emacAddress                         
080142c0  txtCRLF                             
ffffffff  __TI_pprof_out_hndl                 
ffffffff  __TI_prof_data_size                 
ffffffff  __TI_prof_data_start                
ffffffff  __binit__                           
ffffffff  __c_args__                          
ffffffff  binit                               
UNDEFED   SHT$$INIT_ARRAY$$Base               
UNDEFED   SHT$$INIT_ARRAY$$Limit              
UNDEFED   _system_post_cinit                  

[453 symbols]
