******************************************************************************
                  TI ARM Linker Unix v18.1.4                   
******************************************************************************
>> Linked Wed Jun 26 01:44:20 2019

OUTPUT FILE NAME:   <FreeRTOS_Peripheral_Integration_UDP.out>
ENTRY POINT SYMBOL: "_c_int00"  address: 00021bdc


MEMORY CONFIGURATION

         name            origin    length      used     unused   attr    fill
----------------------  --------  ---------  --------  --------  ----  --------
  VECTORS               00000000   00000020  00000020  00000000     X
  KERNEL                00000020   00008000  00005258  00002da8  R  X
  FLASH0                00008020   001f7fe0  0001a97c  001dd664  R  X
  FLASH1                00200000   00200000  00000000  00200000  R  X
  STACKS                08000000   00000800  00000000  00000800  RW  
  KRAM                  08000800   00000800  00000154  000006ac  RW  
  RAM                   08001000   0007f000  00014d2c  0006a2d4  RW  


SEGMENT ALLOCATION MAP

run origin  load origin   length   init length attrs members
----------  ----------- ---------- ----------- ----- -------
00000000    00000000    00005278   00005278    r-x
  00000000    00000000    00000020   00000020    r-x .intvecs
  00000020    00000020    000051e0   000051e0    r-x .kernelTEXT
  00005200    00005200    00000078   00000078    r-- .cinit
00008020    00008020    0001a550   0001a550    r-x
  00008020    00008020    0001a550   0001a550    r-x .text
00022580    00022580    0000042c   0000042c    r--
  00022580    00022580    0000042c   0000042c    r-- .const
08000800    08000800    00000154   00000000    rw-
  08000800    08000800    00000154   00000000    rw- .kernelBSS
08001000    08001000    00014d2c   00000000    rw-
  08001000    08001000    00012ce4   00000000    rw- .bss
  08013ce4    08013ce4    00002000   00000000    rw- .kernelHEAP
  08015ce4    08015ce4    00000048   00000000    rw- .data


SECTION ALLOCATION MAP

 output                                  attributes/
section   page    origin      length       input sections
--------  ----  ----------  ----------   ----------------
.intvecs   0    00000000    00000020     
                  00000000    00000020     HL_sys_intvecs.obj (.intvecs)

.kernelTEXT 
*          0    00000020    000051e0     
                  00000020    00002bdc     os_tasks.obj (.kernelTEXT)
                  00002bfc    000011dc     os_queue.obj (.kernelTEXT)
                  00003dd8    0000081c     os_event_groups.obj (.kernelTEXT)
                  000045f4    000004b0     os_portasm.obj (.kernelTEXT)
                  00004aa4    000003dc     os_port.obj (.kernelTEXT)
                  00004e80    00000380     os_heap.obj (.kernelTEXT)

.cinit     0    00005200    00000078     
                  00005200    0000002b     (.cinit..data.load) [load image, compression = lzss]
                  0000522b    00000001     --HOLE-- [fill = 0]
                  0000522c    0000000c     (__TI_handler_table)
                  00005238    00000009     (.cinit..kernelBSS.load) [load image, compression = lzss]
                  00005241    00000007     --HOLE-- [fill = 0]
                  00005248    00000008     (.cinit..bss.load) [load image, compression = zero_init]
                  00005250    00000008     (.cinit..kernelHEAP.load) [load image, compression = zero_init]
                  00005258    00000020     (__TI_cinit_table)

.text      0    00008020    0001a550     
                  00008020    00010374     lwiplib.obj (.text)
                  00018394    00001818     HL_emac.obj (.text)
                  00019bac    00000a32     rtsv7R4_T_be_v3D16_eabi.lib : _printfi.c.obj (.text:__TI_printfi)
                  0001a5de    00000002                                 : div0.asm.obj (.text)
                  0001a5e0    000009ec     HL_pinmux.obj (.text)
                  0001afcc    000009a0     os_mpu_wrappers.obj (.text)
                  0001b96c    00000998     HL_system.obj (.text)
                  0001c304    0000093c     HL_sys_vim.obj (.text)
                  0001cc40    00000870     HL_sci.obj (.text)
                  0001d4b0    0000078c     HL_esm.obj (.text)
                  0001dc3c    000006f4     HL_phy_dp83640.obj (.text)
                  0001e330    00000664     HL_errata_SSWF021_45.obj (.text)
                  0001e994    00000528     timers.obj (.text)
                  0001eebc    00000484     HL_gio.obj (.text)
                  0001f340    000003c4     HL_sys_core.obj (.text)
                  0001f704    000003bc     lwip_main.obj (.text)
                  0001fac0    0000036c     HL_sys_mpu.obj (.text)
                  0001fe2c    0000033c     HL_sys_vim.obj (.text:retain)
                  00020168    00000320     HL_sys_main.obj (.text)
                  00020488    000002b8     rtsv7R4_T_be_v3D16_eabi.lib : ull_div32.asm.obj (.text)
                  00020740    00000278     os_heap.obj (.text)
                  000209b8    00000248     rtsv7R4_T_be_v3D16_eabi.lib : _printfi.c.obj (.text:_pconv_a)
                  00020c00    00000238     os_list.obj (.text)
                  00020e38    000001c4     HL_mdio.obj (.text)
                  00020ffc    000001a0     rtsv7R4_T_be_v3D16_eabi.lib : _printfi.c.obj (.text:_pconv_g)
                  0002119c    00000178     HL_esm.obj (.text:retain)
                  00021314    00000164     os_tasks.obj (.text)
                  00021478    0000015c     HL_het.obj (.text:retain)
                  000215d4    0000013c     os_port.obj (.text)
                  00021710    00000104     rtsv7R4_T_be_v3D16_eabi.lib : _printfi.c.obj (.text:_pconv_e)
                  00021814    000000fc     HL_notification.obj (.text)
                  00021910    000000fc     rtsv7R4_T_be_v3D16_eabi.lib : _printfi.c.obj (.text:fcvt)
                  00021a0c    000000f0                                 : s_scalbn.c.obj (.text:scalbn)
                  00021afc    000000e0                                 : s_floor.c.obj (.text:floor)
                  00021bdc    000000d4     HL_sys_startup.obj (.text:retain)
                  00021cb0    000000cc     HL_emac.obj (.text:retain)
                  00021d7c    000000ad     rtsv7R4_T_be_v3D16_eabi.lib : _printfi.c.obj (.text:_ltostr)
                  00021e29    00000003     --HOLE-- [fill = 0]
                  00021e2c    000000a0     lwip_main.obj (.text:retain)
                  00021ecc    0000009c     rtsv7R4_T_be_v3D16_eabi.lib : memcpy_t2.asm.obj (.text)
                  00021f68    00000098     HL_gio.obj (.text:retain)
                  00022000    0000007a     rtsv7R4_T_be_v3D16_eabi.lib : _printfi.c.obj (.text:_mcpy)
                  0002207a    0000007a                                 : memset_t2.asm.obj (.text)
                  000220f4    00000074                                 : s_frexp.c.obj (.text:frexp)
                  00022168    0000006c                                 : copy_decompress_lzss.c.obj (.text:decompress:lzss:__TI_decompress_lzss)
                  000221d4    00000054                                 : _printfi.c.obj (.text:_ecpy)
                  00022228    00000054                                 : ltoa.c.obj (.text:ltoa)
                  0002227c    00000054                                 : i_div32.asm.obj (.text)
                  000222d0    00000050                                 : _printfi.c.obj (.text:_pconv_f)
                  00022320    00000050                                 : atoi.c.obj (.text:atoi)
                  00022370    00000050                                 : u_div32.asm.obj (.text)
                  000223c0    00000044                                 : autoinit.c.obj (.text:__TI_auto_init_nobinit_nopinit:__TI_auto_init_nobinit_nopinit)
                  00022404    00000040                                 : _printfi.c.obj (.text:_fcpy)
                  00022444    00000040                                 : sprintf.c.obj (.text:sprintf)
                  00022484    00000026                                 : memcmp.c.obj (.text:memcmp)
                  000224aa    0000001c                                 : memccpy.c.obj (.text:memccpy)
                  000224c6    0000001a                                 : sprintf.c.obj (.text:_outs)
                  000224e0    00000018                                 : s_copysign.c.obj (.text:copysign)
                  000224f8    00000016                                 : strchr.c.obj (.text:strchr)
                  0002250e    00000016                                 : strlen.c.obj (.text:strlen)
                  00022524    00000012                                 : wcslen.c.obj (.text:wcslen)
                  00022536    0000000e                                 : copy_decompress_none.c.obj (.text:decompress:none:__TI_decompress_none)
                  00022544    0000000c                                 : copy_zero_init.c.obj (.text:decompress:ZI:__TI_zero_init)
                  00022550    0000000a                                 : sprintf.c.obj (.text:_outc)
                  0002255a    00000002     --HOLE-- [fill = 0]
                  0002255c    00000008                                 : errno.c.obj (.text:__aeabi_errno_addr)
                  00022564    00000004     HL_sys_startup.obj (.text)
                  00022568    00000004     rtsv7R4_T_be_v3D16_eabi.lib : exit.c.obj (.text:abort:abort)
                  0002256c    00000004     HL_sys_phantom.obj (.text:retain)

.const     0    00022580    0000042c     
                  00022580    00000200     HL_sys_vim.obj (.const:s_vim_init)
                  00022780    00000101     rtsv7R4_T_be_v3D16_eabi.lib : ctype.c.obj (.const:.string:_ctypes_)
                  00022881    00000003     --HOLE-- [fill = 0]
                  00022884    00000078     lwiplib.obj (.const:.string)
                  000228fc    0000002c     lwiplib.obj (.const:tcp_state_str)
                  00022928    00000020     HL_sys_main.obj (.const:.string:$P$T0$1)
                  00022948    00000010     lwiplib.obj (.const:memp_num)
                  00022958    00000010     lwiplib.obj (.const:memp_sizes)
                  00022968    00000010     lwiplib.obj (.const:tcp_pcb_lists)
                  00022978    0000000d     lwiplib.obj (.const:.string:tcp_backoff)
                  00022985    00000007     lwiplib.obj (.const:.string:tcp_persist_backoff)
                  0002298c    00000006     lwiplib.obj (.const:ethbroadcast)
                  00022992    00000006     lwiplib.obj (.const:ethzero)
                  00022998    00000004     lwip_main.obj (.const:.string:$P$T0$2)
                  0002299c    00000004     lwip_main.obj (.const:.string:$P$T1$3)
                  000229a0    00000004     lwip_main.obj (.const:.string:$P$T2$4)
                  000229a4    00000004     lwiplib.obj (.const:ip_addr_any)
                  000229a8    00000004     lwiplib.obj (.const:ip_addr_broadcast)

.kernelBSS 
*          0    08000800    00000154     UNINITIALIZED
                  08000800    00000120     os_tasks.obj (.kernelBSS:uninit)
                  08000920    00000034     os_tasks.obj (.kernelBSS:init)

.bss       0    08001000    00012ce4     UNINITIALIZED
                  08001000    00007814     (.common:ram_heap)
                  08008814    00007594     lwiplib.obj (.bss:memp_memory)
                  0800fda8    00003b24     HL_emac.obj (.bss:pbuf_array)
                  080138cc    000000ea     (.common:lwip_stats)
                  080139b6    00000001     (.common:pbuf_free_ooseq_pending)
                  080139b7    00000001     (.common:tcp_active_pcbs_changed)
                  080139b8    000000c8     lwiplib.obj (.bss:arp_table)
                  08013a80    00000054     lwiplib.obj (.bss:locatorData)
                  08013ad4    00000050     HL_sci.obj (.bss:g_sciTransfer_t)
                  08013b24    00000044     lwiplib.obj (.bss:hdkif_data)
                  08013b68    0000003c     (.common:hdkif_data)
                  08013ba4    00000037     lwiplib.obj (.bss)
                  08013bdb    00000001     --HOLE--
                  08013bdc    00000034     lwiplib.obj (.bss:hdkNetIF)
                  08013c10    00000028     (.common:dhcp_rx_options_val)
                  08013c38    00000020     lwiplib.obj (.bss:memp_tab)
                  08013c58    00000010     lwiplib.obj (.bss:inseg)
                  08013c68    00000010     lwiplib.obj (.bss:str$3)
                  08013c78    0000000c     timers.obj (.bss)
                  08013c84    0000000c     (.common:dhcp_rx_options_given)
                  08013c90    00000008     os_heap.obj (.bss:xStart)
                  08013c98    00000004     lwip_main.obj (.bss)
                  08013c9c    00000004     (.common:current_header)
                  08013ca0    00000004     (.common:current_iphdr_dest)
                  08013ca4    00000004     (.common:current_iphdr_src)
                  08013ca8    00000004     (.common:current_netif)
                  08013cac    00000004     (.common:netif_default)
                  08013cb0    00000004     (.common:netif_list)
                  08013cb4    00000004     (.common:tcp_active_pcbs)
                  08013cb8    00000004     (.common:tcp_bound_pcbs)
                  08013cbc    00000004     (.common:tcp_input_pcb)
                  08013cc0    00000004     (.common:tcp_listen_pcbs)
                  08013cc4    00000004     (.common:tcp_ticks)
                  08013cc8    00000004     (.common:tcp_tmp_pcb)
                  08013ccc    00000004     (.common:tcp_tw_pcbs)
                  08013cd0    00000004     (.common:txtIPAddrItoA)
                  08013cd4    00000004     (.common:udp_pcbs)
                  08013cd8    00000004     (.common:xTask1Handle)
                  08013cdc    00000004     (.common:xTask2Handle)
                  08013ce0    00000004     (.common:xTask4Handle)

.kernelHEAP 
*          0    08013ce4    00002000     UNINITIALIZED
                  08013ce4    00002000     os_heap.obj (.kernelHEAP)

.data      0    08015ce4    00000048     UNINITIALIZED
                  08015ce4    00000010     HL_sys_main.obj (.data)
                  08015cf4    00000010     os_heap.obj (.data)
                  08015d04    0000000c     lwiplib.obj (.data)
                  08015d10    00000008     lwip_main.obj (.data)
                  08015d18    00000008     os_port.obj (.data)
                  08015d20    00000006     HL_sys_main.obj (.data:emacAddress)
                  08015d26    00000002     --HOLE--
                  08015d28    00000004     rtsv7R4_T_be_v3D16_eabi.lib : errno.c.obj (.data)

MODULE SUMMARY

       Module                       code     ro data   rw data
       ------                       ----     -------   -------
    ./example/hdk/src/
       lwip_main.obj                1116     12        16     
    +--+----------------------------+--------+---------+---------+
       Total:                       1116     12        16     
                                                              
    ./lwip-1.4.1/ports/hdk/
       lwiplib.obj                  66420    252       61719  
    +--+----------------------------+--------+---------+---------+
       Total:                       66420    252       61719  
                                                              
    ./lwip-1.4.1/src/core/
       timers.obj                   1320     0         12     
    +--+----------------------------+--------+---------+---------+
       Total:                       1320     0         12     
                                                              
    ./source/
       HL_emac.obj                  6372     0         15200  
       os_tasks.obj                 11584    0         340    
       os_heap.obj                  1528     0         8216   
       os_queue.obj                 4572     0         0      
       HL_sys_vim.obj               3192     512       0      
       HL_pinmux.obj                2540     0         0      
       os_mpu_wrappers.obj          2464     0         0      
       HL_system.obj                2456     0         0      
       HL_esm.obj                   2308     0         0      
       HL_sci.obj                   2160     0         80     
       os_event_groups.obj          2076     0         0      
       HL_phy_dp83640.obj           1780     0         0      
       HL_errata_SSWF021_45.obj     1636     0         0      
       os_port.obj                  1304     0         8      
       HL_gio.obj                   1308     0         0      
       os_portasm.obj               1200     0         0      
       HL_sys_core.obj              964      0         0      
       HL_sys_mpu.obj               876      0         0      
       HL_sys_main.obj              800      32        34     
       os_list.obj                  568      0         0      
       HL_mdio.obj                  452      0         0      
       HL_het.obj                   348      0         0      
       HL_notification.obj          252      0         0      
       HL_sys_startup.obj           216      0         0      
       HL_sys_intvecs.obj           32       0         0      
       HL_sys_phantom.obj           4        0         0      
    +--+----------------------------+--------+---------+---------+
       Total:                       52992    544       23878  
                                                              
    /home/koitt/ti/ccsv8/tools/compiler/ti-cgt-arm_18.1.4.LTS/lib/rtsv7R4_T_be_v3D16_eabi.lib
       _printfi.c.obj               4645     0         0      
       ull_div32.asm.obj            696      0         0      
       ctype.c.obj                  0        257       0      
       s_scalbn.c.obj               240      0         0      
       s_floor.c.obj                224      0         0      
       memcpy_t2.asm.obj            156      0         0      
       memset_t2.asm.obj            122      0         0      
       s_frexp.c.obj                116      0         0      
       copy_decompress_lzss.c.obj   108      0         0      
       sprintf.c.obj                100      0         0      
       i_div32.asm.obj              84       0         0      
       ltoa.c.obj                   84       0         0      
       atoi.c.obj                   80       0         0      
       u_div32.asm.obj              80       0         0      
       autoinit.c.obj               68       0         0      
       memcmp.c.obj                 38       0         0      
       memccpy.c.obj                28       0         0      
       s_copysign.c.obj             24       0         0      
       strchr.c.obj                 22       0         0      
       strlen.c.obj                 22       0         0      
       wcslen.c.obj                 18       0         0      
       copy_decompress_none.c.obj   14       0         0      
       copy_zero_init.c.obj         12       0         0      
       errno.c.obj                  8        0         4      
       exit.c.obj                   4        0         0      
       div0.asm.obj                 2        0         0      
    +--+----------------------------+--------+---------+---------+
       Total:                       6995     257       4      
                                                              
       Linker Generated:            0        112       0      
    +--+----------------------------+--------+---------+---------+
       Grand Total:                 128843   1177      85629  


LINKER GENERATED COPY TABLES

__TI_cinit_table @ 00005258 records: 4, size/record: 8, table size: 32
	.data: load addr=00005200, load size=0000002b bytes, run addr=08015ce4, run size=00000048 bytes, compression=lzss
	.kernelBSS: load addr=00005238, load size=00000009 bytes, run addr=08000800, run size=00000154 bytes, compression=lzss
	.bss: load addr=00005248, load size=00000008 bytes, run addr=08001000, run size=00012ce4 bytes, compression=zero_init
	.kernelHEAP: load addr=00005250, load size=00000008 bytes, run addr=08013ce4, run size=00002000 bytes, compression=zero_init


LINKER GENERATED HANDLER TABLE

__TI_handler_table @ 0000522c records: 3, size/record: 4, table size: 12
	index: 0, handler: __TI_decompress_lzss
	index: 1, handler: __TI_decompress_none
	index: 2, handler: __TI_zero_init


GLOBAL SYMBOLS: SORTED ALPHABETICALLY BY Name 

address   name                                  
-------   ----                                  
00022569  C$$EXIT                               
0001dd94  Dp83640AutoNegotiate                  
0001e058  Dp83640DisableLoopback                
0001dfc0  Dp83640EnableLoopback                 
0001e0e4  Dp83640GetTimeStamp                   
0001dc3c  Dp83640IDGet                          
0001dcb4  Dp83640LinkStatusGet                  
0001df24  Dp83640PartnerAbilityGet              
0001e308  Dp83640PartnerSpdGet                  
0001df4c  Dp83640Reset                          
00021e2c  EMACCore0RxIsr                        
00021e78  EMACCore0TxIsr                        
000188bc  EMACCoreIntAck                        
0001905c  EMACDMAInit                           
00018d68  EMACDisableIdleState                  
00018df4  EMACDisableLoopback                   
0001858c  EMACDuplexSet                         
00018d44  EMACEnableIdleState                   
00018d8c  EMACEnableLoopback                    
00018c6c  EMACFrameSelect                       
00019a08  EMACGetConfigValue                    
00019254  EMACHWInit                            
00018694  EMACInit                              
00018ad8  EMACInstConfig                        
00018ac0  EMACIntVectorGet                      
00018b3c  EMACLinkSetup                         
00018834  EMACMACAddrSet                        
000187d0  EMACMACSrcAddrSet                     
00018568  EMACMIIDisable                        
00018544  EMACMIIEnable                         
00018a94  EMACNumFreeBufSet                     
00018504  EMACRMIISpeedSet                      
00018f58  EMACReadNetStatRegisters              
00019868  EMACReceive                           
00018978  EMACRxBroadCastDisable                
00018934  EMACRxBroadCastEnable                 
00018908  EMACRxCPWrite                         
00018620  EMACRxDisable                         
00018604  EMACRxEnable                          
00018ec8  EMACRxFlowControlDisable              
00018ea4  EMACRxFlowControlEnable               
00018668  EMACRxHdrDescPtrWrite                 
00021d14  EMACRxIntISR                          
000184a8  EMACRxIntPulseDisable                 
0001844c  EMACRxIntPulseEnable                  
00018fcc  EMACRxIntStat                         
000189f8  EMACRxMultiCastDisable                
000189b4  EMACRxMultiCastEnable                 
00018f04  EMACRxSetFlowThreshold                
00018c40  EMACRxTeardown                        
00018a64  EMACRxUnicastClear                    
00018a34  EMACRxUnicastSet                      
00018cf8  EMACSoftReset                         
00018eec  EMACSwizzleData                       
00019550  EMACTransmit                          
000188dc  EMACTxCPWrite                         
000185e8  EMACTxDisable                         
000185cc  EMACTxEnable                          
00018e80  EMACTxFlowControlDisable              
00018e5c  EMACTxFlowControlEnable               
0001863c  EMACTxHdrDescPtrWrite                 
00019750  EMACTxIntHandler                      
00021cb0  EMACTxIntISR                          
000183f0  EMACTxIntPulseDisable                 
00018394  EMACTxIntPulseEnable                  
00018f7c  EMACTxIntStat                         
00018c98  EMACTxPrioritySelect                  
00018c14  EMACTxTeardown                        
0001f744  EMAC_LwIP_Main                        
0001f9b0  IntMasterIRQDisable                   
0001f9a8  IntMasterIRQEnable                    
0001f9b8  IntMasterStatusGet                    
00017ed4  LocatorConfig                         
00020fd4  MDIODisable                           
00020fb0  MDIOEnable                            
00020f68  MDIOInit                              
00020f38  MDIOPhyAliveStatusGet                 
00020f50  MDIOPhyLinkStatusGet                  
00020e38  MDIOPhyRegRead                        
00020ed0  MDIOPhyRegWrite                       
0001b19c  MPU_eTaskGetState                     
0001b304  MPU_pcTaskGetName                     
0001b3e4  MPU_pvTaskGetThreadLocalStoragePointer
0001b4fc  MPU_ulTaskNotifyTake                  
0001b6b8  MPU_uxQueueMessagesWaiting            
0001b6ec  MPU_uxQueueSpacesAvailable            
0001b2d8  MPU_uxTaskGetNumberOfTasks            
0001b36c  MPU_uxTaskGetStackHighWaterMark       
0001b168  MPU_uxTaskPriorityGet                 
0001b940  MPU_vEventGroupDelete                 
0001b720  MPU_vQueueDelete                      
0001b074  MPU_vTaskAllocateMPURegions           
0001b0d4  MPU_vTaskDelay                        
0001b100  MPU_vTaskDelayUntil                   
0001b0a8  MPU_vTaskDelete                       
0001b1d0  MPU_vTaskPrioritySet                  
0001b230  MPU_vTaskResume                       
0001b3a0  MPU_vTaskSetThreadLocalStoragePointer 
0001b574  MPU_vTaskSetTimeOutState              
0001b204  MPU_vTaskSuspend                      
0001b25c  MPU_vTaskSuspendAll                   
0001b864  MPU_xEventGroupClearBits              
0001b7dc  MPU_xEventGroupCreate                 
0001b8a8  MPU_xEventGroupSetBits                
0001b8ec  MPU_xEventGroupSync                   
0001b808  MPU_xEventGroupWaitBits               
0001b74c  MPU_xQueueGenericCreate               
0001b664  MPU_xQueueGenericReceive              
0001b798  MPU_xQueueGenericReset                
0001b610  MPU_xQueueGenericSend                 
0001b134  MPU_xTaskAbortDelay                   
0001b5a0  MPU_xTaskCheckForTimeOut              
0001afcc  MPU_xTaskCreate                       
0001b030  MPU_xTaskCreateRestricted             
0001b454  MPU_xTaskGenericNotify                
0001b338  MPU_xTaskGetHandle                    
0001b428  MPU_xTaskGetIdleTaskHandle            
0001b5e4  MPU_xTaskGetSchedulerState            
0001b2ac  MPU_xTaskGetTickCount                 
0001b540  MPU_xTaskNotifyStateClear             
0001b4a8  MPU_xTaskNotifyWait                   
0001b280  MPU_xTaskResumeAll                    
UNDEFED   SHT$$INIT_ARRAY$$Base                 
UNDEFED   SHT$$INIT_ARRAY$$Limit                
00005258  __TI_CINIT_Base                       
00005278  __TI_CINIT_Limit                      
0000522c  __TI_Handler_Table_Base               
00005238  __TI_Handler_Table_Limit              
0001f6fc  __TI_PINIT_Base                       
0001f700  __TI_PINIT_Limit                      
000223c1  __TI_auto_init_nobinit_nopinit        
00022169  __TI_decompress_lzss                  
00022537  __TI_decompress_none                  
ffffffff  __TI_pprof_out_hndl                   
00019bad  __TI_printfi                          
ffffffff  __TI_prof_data_size                   
ffffffff  __TI_prof_data_start                  
00000000  __TI_static_base__                    
00022545  __TI_zero_init                        
0002255d  __aeabi_errno_addr                    
0002227c  __aeabi_idiv                          
0001a5df  __aeabi_idiv0                         
0002227c  __aeabi_idivmod                       
0001a5df  __aeabi_ldiv0                         
0002207b  __aeabi_memclr                        
0002207b  __aeabi_memclr4                       
0002207b  __aeabi_memclr8                       
00021ecd  __aeabi_memcpy                        
00021ecd  __aeabi_memcpy4                       
00021ecd  __aeabi_memcpy8                       
0002207d  __aeabi_memset                        
0002207d  __aeabi_memset4                       
0002207d  __aeabi_memset8                       
00022370  __aeabi_uidiv                         
00022370  __aeabi_uidivmod                      
00020488  __aeabi_uldivmod                      
ffffffff  __binit__                             
ffffffff  __c_args__                            
00021bdc  _c_int00                              
0001f6b0  _cacheDisable_                        
0001f66c  _cacheEnable_                         
0001f64c  _checkMemInitOn_                      
0001f558  _coreClearAuxiliaryDataFault_         
0001f56c  _coreClearAuxiliaryInstructionFault_  
0001f530  _coreClearDataFaultAddress_           
0001f508  _coreClearDataFault_                  
0001f544  _coreClearInstructionFaultAddress_    
0001f51c  _coreClearInstructionFault_           
0001f4e0  _coreDisableEventBusExport_           
0001f4d0  _coreEnableEventBusExport_            
0001f4f0  _coreEnableIrqVicOffset_              
0001f4b8  _coreEnableVfp_                       
0001f550  _coreGetAuxiliaryDataFault_           
0001f564  _coreGetAuxiliaryInstructionFault_    
0001f528  _coreGetDataFaultAddress_             
0001f500  _coreGetDataFault_                    
0001f53c  _coreGetInstructionFaultAddress_      
0001f514  _coreGetInstructionFault_             
0001f340  _coreInitRegisters_                   
0001f44c  _coreInitStackPointer_                
00022780  _ctypes_                              
0001f6d4  _dCacheInvalidate_                    
0001f578  _disable_IRQ_interrupt_               
0001f580  _enable_IRQ_interrupt_                
0001f588  _enable_interrupt_                    
0001e330  _errata_SSWF021_45_both_plls          
0001e524  _errata_SSWF021_45_pll1               
0001e69c  _errata_SSWF021_45_pll2               
0001f590  _esmCcmErrorsClear_                   
0001f498  _getCPSRValue_                        
0001f4a0  _gotoCPUIdle_                         
0001f6e8  _iCacheInvalidate_                    
0001f618  _memInit_                             
0001fdd4  _mpuAreRegionsSeparate_               
0001fdb8  _mpuDisableBackgroundRegion_          
0001fd90  _mpuDisable_                          
0001fda8  _mpuEnableBackgroundRegion_           
0001fd78  _mpuEnable_                           
0001fdc8  _mpuGetNumberOfRegions_               
0001fdf8  _mpuGetRegionBaseAddress_             
0001fe18  _mpuGetRegionPermission_              
0001fe0c  _mpuGetRegionType_                    
0001fde8  _mpuGetRegion_                        
0001fac0  _mpuInit_                             
0001fdf0  _mpuSetRegionBaseAddress_             
0001fe24  _mpuSetRegionSizeRegister_            
0001fe00  _mpuSetRegionTypeAndPermission_       
0001fde0  _mpuSetRegion_                        
UNDEFED   _system_post_cinit                    
00022569  abort                                 
00021860  adcNotification                       
00022321  atoi                                  
ffffffff  binit                                 
000224e1  copysign                              
000224e1  copysignl                             
08015d10  countEMACCore0RxIsr                   
08015d14  countEMACCore0TxIsr                   
08013c9c  current_header                        
08013ca0  current_iphdr_dest                    
08013ca4  current_iphdr_src                     
08013ca8  current_netif                         
0001c25c  customTrimLPO                         
000086b8  dhcp_cleanup                          
00008270  dhcp_coarse_tmr                       
00008304  dhcp_fine_tmr                         
00008878  dhcp_inform                           
000089c4  dhcp_network_changed                  
00009164  dhcp_release                          
00008de8  dhcp_renew                            
08013c84  dhcp_rx_options_given                 
08013c10  dhcp_rx_options_val                   
0000868c  dhcp_set_struct                       
000086ec  dhcp_start                            
000092d8  dhcp_stop                             
0002184c  dmaGroupANotification                 
08015cf0  drop_count                            
00001f18  eTaskConfirmSleepModeStatus           
00000890  eTaskGetState                         
000218b4  edgeNotification                      
08015d20  emacAddress                           
08015ce8  emacPhyAddress                        
00021900  emacRxNotification                    
000218f0  emacTxNotification                    
000218dc  epcCAMFullNotification                
000218e0  epcFIFOFullNotification               
08015d28  errno                                 
0001d6c0  esmActivateNormalOperation            
0001d80c  esmClearStatus                        
0001d870  esmClearStatusBuffer                  
0001d84c  esmClearStatusUpper                   
0001d66c  esmDisableError                       
0001d694  esmDisableErrorUpper                  
0001d714  esmDisableInterrupt                   
0001d73c  esmDisableInterruptUpper              
0001d628  esmEnableError                        
0001d650  esmEnableErrorUpper                   
0001d6d0  esmEnableInterrupt                    
0001d6f8  esmEnableInterruptUpper               
0001d9a0  esmEnterSelfTest                      
0001d60c  esmError                              
0001da78  esmGetConfigValue                     
0001d8ac  esmGetStatus                          
0001d978  esmGetStatusBuffer                    
0001d930  esmGetStatusUpper                     
00021814  esmGroup1Notification                 
00021828  esmGroup2Notification                 
0002183c  esmGroup3Notification                 
0002119c  esmHighInterrupt                      
0001d4b0  esmInit                               
0001da28  esmSelfTestStatus                     
0001d88c  esmSetCounterPreloadValue             
0001d758  esmSetInterruptLevel                  
0001d7cc  esmSetInterruptLevelUpper             
0001d6b0  esmTriggerErrorPinReset               
00015ff4  etharp_cleanup_netif                  
00016078  etharp_find_addr                      
0001646c  etharp_output                         
000166ec  etharp_query                          
00016b48  etharp_request                        
000159e4  etharp_tmr                            
0002298c  ethbroadcast                          
00016ba4  ethernet_input                        
00022992  ethzero                               
00021afd  floor                                 
00021afd  floorl                                
000220f5  frexp                                 
000220f5  frexpl                                
0001bd04  getResetSource                        
0001f11c  gioDisableNotification                
0001f0b4  gioEnableNotification                 
0001f01c  gioGetBit                             
0001f184  gioGetConfigValue                     
0001f044  gioGetPort                            
00021f68  gioHighLevelInterrupt                 
0001eebc  gioInit                               
00021874  gioNotification                       
0001efac  gioSetBit                             
0001ef8c  gioSetDirection                       
0001effc  gioSetPort                            
0001f05c  gioToggleBit                          
00022564  handlePLLLockFail                     
08013b68  hdkif_data                            
0001775c  hdkif_init                            
00017d14  hdkif_link_status                     
00016e18  hdkif_macaddrset                      
00017ce8  hdkif_netif_status                    
000177fc  hdkif_rx_inthandler                   
00016da8  hdkif_swizzle_data                    
00016e04  hdkif_swizzle_rxp                     
00016df0  hdkif_swizzle_txp                     
00017b88  hdkif_tx_inthandler                   
00021478  het2HighLevelInterrupt                
00021520  het2LowLevelInterrupt                 
000218c8  hetNotification                       
00014350  icmp_dest_unreach                     
00013ff0  icmp_input                            
00014974  inet_chksum                           
0001499c  inet_chksum_pbuf                      
000145c4  inet_chksum_pseudo                    
00014788  inet_chksum_pseudo_partial            
0001f7f8  iommLock                              
0001f814  iommMuxEnableMdio                     
0001f87c  iommMuxEnableMii                      
0001f830  iommMuxEnableRmii                     
0001f7dc  iommUnlock                            
00015324  ip4_addr_isbroadcast                  
000153f4  ip4_addr_netmask_valid                
000229a4  ip_addr_any                           
000229a8  ip_addr_broadcast                     
00014b94  ip_input                              
000152a8  ip_output                             
00015024  ip_output_if                          
00014a98  ip_route                              
00015488  ipaddr_addr                           
000154b4  ipaddr_aton                           
000157e0  ipaddr_ntoa                           
000157fc  ipaddr_ntoa_r                         
00021a0d  ldexp                                 
00021a0d  ldexpl                                
00022229  ltoa                                  
00018070  lwIPInit                              
000182cc  lwIPLinkStatusGet                     
000182ac  lwIPNetIfStatusGet                    
000182f4  lwIPRxIntHandler                      
00018314  lwIPTxIntHandler                      
0000a1d0  lwip_init                             
080138cc  lwip_stats                            
00020168  main                                  
0001bb34  mapClocks                             
0000aa80  mem_calloc                            
0000a3e8  mem_free                              
0000a338  mem_init                              
0000a7ac  mem_malloc                            
0000a4c0  mem_trim                              
000224ab  memccpy                               
00022485  memcmp                                
00021ecd  memcpy                                
0000ad40  memp_free                             
0000aad0  memp_init                             
0000ac38  memp_malloc                           
00022083  memset                                
0001a5e0  muxInit                               
0000adc0  netif_add                             
08013cac  netif_default                         
0000afd0  netif_find                            
0000adb8  netif_init                            
08013cb0  netif_list                            
0000aee0  netif_remove                          
0000ae9c  netif_set_addr                        
0000b260  netif_set_default                     
0000b2e4  netif_set_down                        
0000b1e8  netif_set_gw                          
0000b084  netif_set_ipaddr                      
0000b3a0  netif_set_link_down                   
0000b32c  netif_set_link_up                     
0000b228  netif_set_netmask                     
0000b288  netif_set_up                          
0000b480  pbuf_alloc                            
0000bc54  pbuf_cat                              
0000bce4  pbuf_chain                            
0000bbd0  pbuf_clen                             
0000c220  pbuf_coalesce                         
0000bd98  pbuf_copy                             
0000bf94  pbuf_copy_partial                     
0000bd08  pbuf_dechain                          
0000babc  pbuf_free                             
0000b3d8  pbuf_free_ooseq                       
080139b6  pbuf_free_ooseq_pending               
0000c290  pbuf_get_at                           
0000b92c  pbuf_header                           
0000c334  pbuf_memcmp                           
0000c448  pbuf_memfind                          
0000b7e8  pbuf_realloc                          
0000bc1c  pbuf_ref                              
0000c4f4  pbuf_strstr                           
0000c104  pbuf_take                             
00001354  pcTaskGetName                         
00016d4c  perf_init                             
0001ba80  periphInit                            
0002256c  phantomInterrupt                      
00004a7c  prvMpuDisable                         
00004a64  prvMpuEnable                          
00004a4c  prvMpuSetRegion                       
00004e80  pvPortMalloc                          
00001ff8  pvTaskGetThreadLocalStoragePointer    
0002189c  pwmNotification                       
08000920  pxCurrentTCB                          
00004aa4  pxPortInitialiseStack                 
08001000  ram_heap                              
0000c6bc  raw_bind                              
0000c6f8  raw_connect                           
0000c574  raw_input                             
0000c98c  raw_new                               
0000c734  raw_recv                              
0000c8e4  raw_remove                            
0000c8c0  raw_send                              
0000c764  raw_sendto                            
00000000  resetEntry                            
00021a0d  scalbn                                
00021a0d  scalbnl                               
0001d2fc  sci1GetConfigValue                    
0001d170  sciDisableLoopback                    
0001d224  sciDisableNotification                
0001f9c4  sciDisplayText                        
0001d13c  sciEnableLoopback                     
0001d18c  sciEnableNotification                 
0001d2bc  sciEnterResetState                    
0001d2dc  sciExitResetState                     
0001cc40  sciInit                               
0001cfb4  sciIsIdleDetected                     
0001cf98  sciIsRxReady                          
0001cde8  sciIsTxReady                          
0001fa24  sciNotification                       
0001d02c  sciReceive                            
0001d000  sciReceiveByte                        
0001cfd0  sciRxError                            
0001ce34  sciSend                               
0001ce04  sciSendByte                           
0001cd4c  sciSetBaudrate                        
0001cd2c  sciSetFunctional                      
0001ba40  setupFlash                            
0001b96c  setupPLL                              
0001f704  smallDelay                            
00022445  sprintf                               
0000c9f8  stats_init                            
000224f9  strchr                                
0002250f  strlen                                
00016d5c  sys_arch_protect                      
00016d74  sys_arch_unprotect                    
0001ed7c  sys_check_timeouts                    
00016d90  sys_now                               
0001ee80  sys_restart_timeouts                  
0001eadc  sys_timeout                           
0001ea98  sys_timeouts_init                     
0001ec80  sys_untimeout                         
0001be2c  systemGetConfigValue                  
0001bc60  systemInit                            
0001bcd4  systemPowerDown                       
0000cf1c  tcp_abandon                           
0000d060  tcp_abort                             
0000e78c  tcp_accept                            
08013cb4  tcp_active_pcbs                       
080139b7  tcp_active_pcbs_changed               
0000e52c  tcp_alloc                             
0000e70c  tcp_arg                               
00022978  tcp_backoff                           
0000d078  tcp_bind                              
08013cb8  tcp_bound_pcbs                        
0000ce08  tcp_close                             
0000d64c  tcp_connect                           
0000ea64  tcp_debug_state_str                   
0000e9f8  tcp_eff_send_mss                      
0001248c  tcp_enqueue_flags                     
0000e76c  tcp_err                               
0000e038  tcp_fasttmr                           
0000c9fc  tcp_init                              
0000ea8c  tcp_input                             
08013cbc  tcp_input_pcb                         
0001314c  tcp_keepalive                         
08013cc0  tcp_listen_pcbs                       
0000d22c  tcp_listen_with_backlog               
0000e6fc  tcp_new                               
0000e9d0  tcp_next_iss                          
000127c8  tcp_output                            
00022968  tcp_pcb_lists                         
0000e7dc  tcp_pcb_purge                         
0000e8a4  tcp_pcb_remove                        
00022985  tcp_persist_backoff                   
0000e7ac  tcp_poll                              
0000e11c  tcp_process_refused_data              
0000e72c  tcp_recv                              
0000e33c  tcp_recv_null                         
0000d4ec  tcp_recved                            
00012f90  tcp_rexmit                            
00013070  tcp_rexmit_fast                       
00012ef8  tcp_rexmit_rto                        
00012de8  tcp_rst                               
0000e2f0  tcp_seg_copy                          
0000e290  tcp_seg_free                          
0000e250  tcp_segs_free                         
000126f4  tcp_send_empty_ack                    
0001192c  tcp_send_fin                          
0000e74c  tcp_sent                              
0000e2d0  tcp_setprio                           
0000ce40  tcp_shutdown                          
0000d940  tcp_slowtmr                           
000228fc  tcp_state_str                         
08013cc4  tcp_ticks                             
0001e9e4  tcp_timer_needed                      
08013cc8  tcp_tmp_pcb                           
0000ca00  tcp_tmr                               
08013ccc  tcp_tw_pcbs                           
0000d410  tcp_update_rcv_ann_wnd                
00011d8c  tcp_write                             
00013208  tcp_zero_window_probe                 
08015cec  temperature                           
0001b9cc  trimLPO                               
08013cd0  txtIPAddrItoA                         
00020344  udpTask                               
00013c3c  udp_bind                              
00013da0  udp_connect                           
00013ea0  udp_disconnect                        
000202fc  udp_echo_recv                         
000133ac  udp_init                              
00013464  udp_input                             
00013fb0  udp_new                               
08013cd4  udp_pcbs                              
00013ed8  udp_recv                              
00013f08  udp_remove                            
00013968  udp_send                              
00013994  udp_sendto                            
00013a00  udp_sendto_if                         
08015d18  ulCriticalNesting                     
00004974  ulPortCountLeadingZeros               
08015d1c  ulTaskHasFPUContext                   
00002390  ulTaskNotifyTake                      
00020dac  uxListRemove                          
00003910  uxQueueMessagesWaiting                
00003994  uxQueueMessagesWaitingFromISR         
00003948  uxQueueSpacesAvailable                
00001348  uxTaskGetNumberOfTasks                
0000223c  uxTaskGetStackHighWaterMark           
00000994  uxTaskPriorityGet                     
000009d8  uxTaskPriorityGetFromISR              
00002354  uxTaskResetEventItemValue             
0000456c  vEventGroupClearBitsCallback          
000044cc  vEventGroupDelete                     
00004550  vEventGroupSetBitsCallback            
00020c00  vListInitialise                       
00020c58  vListInitialiseItem                   
00020ce8  vListInsert                           
00020c74  vListInsertEnd                        
00004e4c  vPortEndScheduler                     
000050d8  vPortFree                             
000051e8  vPortInitialiseBlocks                 
00004968  vPortInitialiseFPSCR                  
00004868  vPortPreemptiveTick                   
0000497c  vPortSWI                              
000045f8  vPortStartFirstTask                   
00004bb8  vPortStoreTaskMPUSettings             
00004774  vPortYeildWithinAPI                   
00004688  vPortYieldProcessor                   
000039c4  vQueueDelete                          
0002028c  vTask1                                
000202c4  vTask2                                
00002064  vTaskAllocateMPURegions               
0000080c  vTaskDelay                            
000006a0  vTaskDelayUntil                       
00000538  vTaskDelete                           
00001084  vTaskEndScheduler                     
00001f08  vTaskMissedYield                      
00002954  vTaskNotifyGiveFromISR                
00001ad0  vTaskPlaceOnEventList                 
00001b14  vTaskPlaceOnUnorderedEventList        
00000a20  vTaskPrioritySet                      
00000e20  vTaskResume                           
00001f94  vTaskSetThreadLocalStoragePointer     
00001d90  vTaskSetTimeOutState                  
00000fec  vTaskStartScheduler                   
0000166c  vTaskStepTick                         
00000c18  vTaskSuspend                          
000010a0  vTaskSuspendAll                       
000019f0  vTaskSwitchContext                    
0001c3d8  vimChannelMap                         
0001c644  vimDisableInterrupt                   
0001fe2c  vimECCErrorHandler                    
0001c47c  vimEnableInterrupt                    
0001c6f0  vimGetConfigValue                     
0001c304  vimInit                               
00022525  wcslen                                
00004268  xEventGroupClearBits                  
00003dd8  xEventGroupCreate                     
000042ec  xEventGroupGetBitsFromISR             
0000431c  xEventGroupSetBits                    
00003e14  xEventGroupSync                       
00004014  xEventGroupWaitBits                   
000051d0  xPortGetFreeHeapSize                  
000051dc  xPortGetMinimumEverFreeHeapSize       
00004e2c  xPortStartScheduler                   
00002d24  xQueueGenericCreate                   
000033fc  xQueueGenericReceive                  
00002bfc  xQueueGenericReset                    
00002e40  xQueueGenericSend                     
00003100  xQueueGenericSendFromISR              
00003290  xQueueGiveFromISR                     
00003cfc  xQueueIsQueueEmptyFromISR             
00003d88  xQueueIsQueueFullFromISR              
0000381c  xQueuePeekFromISR                     
000036d4  xQueueReceiveFromISR                  
08015ce4  xSemaphore                            
08013cd8  xTask1Handle                          
08013cdc  xTask2Handle                          
08013ce0  xTask4Handle                          
000016c8  xTaskAbortDelay                       
00001dd0  xTaskCheckForTimeOut                  
000000fc  xTaskCreate                           
00000020  xTaskCreateRestricted                 
00002580  xTaskGenericNotify                    
00002754  xTaskGenericNotifyFromISR             
0000152c  xTaskGetHandle                        
00001634  xTaskGetIdleTaskHandle                
00002304  xTaskGetSchedulerState                
00001308  xTaskGetTickCount                     
00001324  xTaskGetTickCountFromISR              
000017c8  xTaskIncrementTick                    
000213fc  xTaskNotifyStateClear                 
00002468  xTaskNotifyWait                       
00001b98  xTaskRemoveFromEventList              
00001c88  xTaskRemoveFromUnorderedEventList     
00001158  xTaskResumeAll                        
00000f04  xTaskResumeFromISR                    


GLOBAL SYMBOLS: SORTED BY Symbol Address 

address   name                                  
-------   ----                                  
00000000  __TI_static_base__                    
00000000  resetEntry                            
00000020  xTaskCreateRestricted                 
000000fc  xTaskCreate                           
00000538  vTaskDelete                           
000006a0  vTaskDelayUntil                       
0000080c  vTaskDelay                            
00000890  eTaskGetState                         
00000994  uxTaskPriorityGet                     
000009d8  uxTaskPriorityGetFromISR              
00000a20  vTaskPrioritySet                      
00000c18  vTaskSuspend                          
00000e20  vTaskResume                           
00000f04  xTaskResumeFromISR                    
00000fec  vTaskStartScheduler                   
00001084  vTaskEndScheduler                     
000010a0  vTaskSuspendAll                       
00001158  xTaskResumeAll                        
00001308  xTaskGetTickCount                     
00001324  xTaskGetTickCountFromISR              
00001348  uxTaskGetNumberOfTasks                
00001354  pcTaskGetName                         
0000152c  xTaskGetHandle                        
00001634  xTaskGetIdleTaskHandle                
0000166c  vTaskStepTick                         
000016c8  xTaskAbortDelay                       
000017c8  xTaskIncrementTick                    
000019f0  vTaskSwitchContext                    
00001ad0  vTaskPlaceOnEventList                 
00001b14  vTaskPlaceOnUnorderedEventList        
00001b98  xTaskRemoveFromEventList              
00001c88  xTaskRemoveFromUnorderedEventList     
00001d90  vTaskSetTimeOutState                  
00001dd0  xTaskCheckForTimeOut                  
00001f08  vTaskMissedYield                      
00001f18  eTaskConfirmSleepModeStatus           
00001f94  vTaskSetThreadLocalStoragePointer     
00001ff8  pvTaskGetThreadLocalStoragePointer    
00002064  vTaskAllocateMPURegions               
0000223c  uxTaskGetStackHighWaterMark           
00002304  xTaskGetSchedulerState                
00002354  uxTaskResetEventItemValue             
00002390  ulTaskNotifyTake                      
00002468  xTaskNotifyWait                       
00002580  xTaskGenericNotify                    
00002754  xTaskGenericNotifyFromISR             
00002954  vTaskNotifyGiveFromISR                
00002bfc  xQueueGenericReset                    
00002d24  xQueueGenericCreate                   
00002e40  xQueueGenericSend                     
00003100  xQueueGenericSendFromISR              
00003290  xQueueGiveFromISR                     
000033fc  xQueueGenericReceive                  
000036d4  xQueueReceiveFromISR                  
0000381c  xQueuePeekFromISR                     
00003910  uxQueueMessagesWaiting                
00003948  uxQueueSpacesAvailable                
00003994  uxQueueMessagesWaitingFromISR         
000039c4  vQueueDelete                          
00003cfc  xQueueIsQueueEmptyFromISR             
00003d88  xQueueIsQueueFullFromISR              
00003dd8  xEventGroupCreate                     
00003e14  xEventGroupSync                       
00004014  xEventGroupWaitBits                   
00004268  xEventGroupClearBits                  
000042ec  xEventGroupGetBitsFromISR             
0000431c  xEventGroupSetBits                    
000044cc  vEventGroupDelete                     
00004550  vEventGroupSetBitsCallback            
0000456c  vEventGroupClearBitsCallback          
000045f8  vPortStartFirstTask                   
00004688  vPortYieldProcessor                   
00004774  vPortYeildWithinAPI                   
00004868  vPortPreemptiveTick                   
00004968  vPortInitialiseFPSCR                  
00004974  ulPortCountLeadingZeros               
0000497c  vPortSWI                              
00004a4c  prvMpuSetRegion                       
00004a64  prvMpuEnable                          
00004a7c  prvMpuDisable                         
00004aa4  pxPortInitialiseStack                 
00004bb8  vPortStoreTaskMPUSettings             
00004e2c  xPortStartScheduler                   
00004e4c  vPortEndScheduler                     
00004e80  pvPortMalloc                          
000050d8  vPortFree                             
000051d0  xPortGetFreeHeapSize                  
000051dc  xPortGetMinimumEverFreeHeapSize       
000051e8  vPortInitialiseBlocks                 
0000522c  __TI_Handler_Table_Base               
00005238  __TI_Handler_Table_Limit              
00005258  __TI_CINIT_Base                       
00005278  __TI_CINIT_Limit                      
00008270  dhcp_coarse_tmr                       
00008304  dhcp_fine_tmr                         
0000868c  dhcp_set_struct                       
000086b8  dhcp_cleanup                          
000086ec  dhcp_start                            
00008878  dhcp_inform                           
000089c4  dhcp_network_changed                  
00008de8  dhcp_renew                            
00009164  dhcp_release                          
000092d8  dhcp_stop                             
0000a1d0  lwip_init                             
0000a338  mem_init                              
0000a3e8  mem_free                              
0000a4c0  mem_trim                              
0000a7ac  mem_malloc                            
0000aa80  mem_calloc                            
0000aad0  memp_init                             
0000ac38  memp_malloc                           
0000ad40  memp_free                             
0000adb8  netif_init                            
0000adc0  netif_add                             
0000ae9c  netif_set_addr                        
0000aee0  netif_remove                          
0000afd0  netif_find                            
0000b084  netif_set_ipaddr                      
0000b1e8  netif_set_gw                          
0000b228  netif_set_netmask                     
0000b260  netif_set_default                     
0000b288  netif_set_up                          
0000b2e4  netif_set_down                        
0000b32c  netif_set_link_up                     
0000b3a0  netif_set_link_down                   
0000b3d8  pbuf_free_ooseq                       
0000b480  pbuf_alloc                            
0000b7e8  pbuf_realloc                          
0000b92c  pbuf_header                           
0000babc  pbuf_free                             
0000bbd0  pbuf_clen                             
0000bc1c  pbuf_ref                              
0000bc54  pbuf_cat                              
0000bce4  pbuf_chain                            
0000bd08  pbuf_dechain                          
0000bd98  pbuf_copy                             
0000bf94  pbuf_copy_partial                     
0000c104  pbuf_take                             
0000c220  pbuf_coalesce                         
0000c290  pbuf_get_at                           
0000c334  pbuf_memcmp                           
0000c448  pbuf_memfind                          
0000c4f4  pbuf_strstr                           
0000c574  raw_input                             
0000c6bc  raw_bind                              
0000c6f8  raw_connect                           
0000c734  raw_recv                              
0000c764  raw_sendto                            
0000c8c0  raw_send                              
0000c8e4  raw_remove                            
0000c98c  raw_new                               
0000c9f8  stats_init                            
0000c9fc  tcp_init                              
0000ca00  tcp_tmr                               
0000ce08  tcp_close                             
0000ce40  tcp_shutdown                          
0000cf1c  tcp_abandon                           
0000d060  tcp_abort                             
0000d078  tcp_bind                              
0000d22c  tcp_listen_with_backlog               
0000d410  tcp_update_rcv_ann_wnd                
0000d4ec  tcp_recved                            
0000d64c  tcp_connect                           
0000d940  tcp_slowtmr                           
0000e038  tcp_fasttmr                           
0000e11c  tcp_process_refused_data              
0000e250  tcp_segs_free                         
0000e290  tcp_seg_free                          
0000e2d0  tcp_setprio                           
0000e2f0  tcp_seg_copy                          
0000e33c  tcp_recv_null                         
0000e52c  tcp_alloc                             
0000e6fc  tcp_new                               
0000e70c  tcp_arg                               
0000e72c  tcp_recv                              
0000e74c  tcp_sent                              
0000e76c  tcp_err                               
0000e78c  tcp_accept                            
0000e7ac  tcp_poll                              
0000e7dc  tcp_pcb_purge                         
0000e8a4  tcp_pcb_remove                        
0000e9d0  tcp_next_iss                          
0000e9f8  tcp_eff_send_mss                      
0000ea64  tcp_debug_state_str                   
0000ea8c  tcp_input                             
0001192c  tcp_send_fin                          
00011d8c  tcp_write                             
0001248c  tcp_enqueue_flags                     
000126f4  tcp_send_empty_ack                    
000127c8  tcp_output                            
00012de8  tcp_rst                               
00012ef8  tcp_rexmit_rto                        
00012f90  tcp_rexmit                            
00013070  tcp_rexmit_fast                       
0001314c  tcp_keepalive                         
00013208  tcp_zero_window_probe                 
000133ac  udp_init                              
00013464  udp_input                             
00013968  udp_send                              
00013994  udp_sendto                            
00013a00  udp_sendto_if                         
00013c3c  udp_bind                              
00013da0  udp_connect                           
00013ea0  udp_disconnect                        
00013ed8  udp_recv                              
00013f08  udp_remove                            
00013fb0  udp_new                               
00013ff0  icmp_input                            
00014350  icmp_dest_unreach                     
000145c4  inet_chksum_pseudo                    
00014788  inet_chksum_pseudo_partial            
00014974  inet_chksum                           
0001499c  inet_chksum_pbuf                      
00014a98  ip_route                              
00014b94  ip_input                              
00015024  ip_output_if                          
000152a8  ip_output                             
00015324  ip4_addr_isbroadcast                  
000153f4  ip4_addr_netmask_valid                
00015488  ipaddr_addr                           
000154b4  ipaddr_aton                           
000157e0  ipaddr_ntoa                           
000157fc  ipaddr_ntoa_r                         
000159e4  etharp_tmr                            
00015ff4  etharp_cleanup_netif                  
00016078  etharp_find_addr                      
0001646c  etharp_output                         
000166ec  etharp_query                          
00016b48  etharp_request                        
00016ba4  ethernet_input                        
00016d4c  perf_init                             
00016d5c  sys_arch_protect                      
00016d74  sys_arch_unprotect                    
00016d90  sys_now                               
00016da8  hdkif_swizzle_data                    
00016df0  hdkif_swizzle_txp                     
00016e04  hdkif_swizzle_rxp                     
00016e18  hdkif_macaddrset                      
0001775c  hdkif_init                            
000177fc  hdkif_rx_inthandler                   
00017b88  hdkif_tx_inthandler                   
00017ce8  hdkif_netif_status                    
00017d14  hdkif_link_status                     
00017ed4  LocatorConfig                         
00018070  lwIPInit                              
000182ac  lwIPNetIfStatusGet                    
000182cc  lwIPLinkStatusGet                     
000182f4  lwIPRxIntHandler                      
00018314  lwIPTxIntHandler                      
00018394  EMACTxIntPulseEnable                  
000183f0  EMACTxIntPulseDisable                 
0001844c  EMACRxIntPulseEnable                  
000184a8  EMACRxIntPulseDisable                 
00018504  EMACRMIISpeedSet                      
00018544  EMACMIIEnable                         
00018568  EMACMIIDisable                        
0001858c  EMACDuplexSet                         
000185cc  EMACTxEnable                          
000185e8  EMACTxDisable                         
00018604  EMACRxEnable                          
00018620  EMACRxDisable                         
0001863c  EMACTxHdrDescPtrWrite                 
00018668  EMACRxHdrDescPtrWrite                 
00018694  EMACInit                              
000187d0  EMACMACSrcAddrSet                     
00018834  EMACMACAddrSet                        
000188bc  EMACCoreIntAck                        
000188dc  EMACTxCPWrite                         
00018908  EMACRxCPWrite                         
00018934  EMACRxBroadCastEnable                 
00018978  EMACRxBroadCastDisable                
000189b4  EMACRxMultiCastEnable                 
000189f8  EMACRxMultiCastDisable                
00018a34  EMACRxUnicastSet                      
00018a64  EMACRxUnicastClear                    
00018a94  EMACNumFreeBufSet                     
00018ac0  EMACIntVectorGet                      
00018ad8  EMACInstConfig                        
00018b3c  EMACLinkSetup                         
00018c14  EMACTxTeardown                        
00018c40  EMACRxTeardown                        
00018c6c  EMACFrameSelect                       
00018c98  EMACTxPrioritySelect                  
00018cf8  EMACSoftReset                         
00018d44  EMACEnableIdleState                   
00018d68  EMACDisableIdleState                  
00018d8c  EMACEnableLoopback                    
00018df4  EMACDisableLoopback                   
00018e5c  EMACTxFlowControlEnable               
00018e80  EMACTxFlowControlDisable              
00018ea4  EMACRxFlowControlEnable               
00018ec8  EMACRxFlowControlDisable              
00018eec  EMACSwizzleData                       
00018f04  EMACRxSetFlowThreshold                
00018f58  EMACReadNetStatRegisters              
00018f7c  EMACTxIntStat                         
00018fcc  EMACRxIntStat                         
0001905c  EMACDMAInit                           
00019254  EMACHWInit                            
00019550  EMACTransmit                          
00019750  EMACTxIntHandler                      
00019868  EMACReceive                           
00019a08  EMACGetConfigValue                    
00019bad  __TI_printfi                          
0001a5df  __aeabi_idiv0                         
0001a5df  __aeabi_ldiv0                         
0001a5e0  muxInit                               
0001afcc  MPU_xTaskCreate                       
0001b030  MPU_xTaskCreateRestricted             
0001b074  MPU_vTaskAllocateMPURegions           
0001b0a8  MPU_vTaskDelete                       
0001b0d4  MPU_vTaskDelay                        
0001b100  MPU_vTaskDelayUntil                   
0001b134  MPU_xTaskAbortDelay                   
0001b168  MPU_uxTaskPriorityGet                 
0001b19c  MPU_eTaskGetState                     
0001b1d0  MPU_vTaskPrioritySet                  
0001b204  MPU_vTaskSuspend                      
0001b230  MPU_vTaskResume                       
0001b25c  MPU_vTaskSuspendAll                   
0001b280  MPU_xTaskResumeAll                    
0001b2ac  MPU_xTaskGetTickCount                 
0001b2d8  MPU_uxTaskGetNumberOfTasks            
0001b304  MPU_pcTaskGetName                     
0001b338  MPU_xTaskGetHandle                    
0001b36c  MPU_uxTaskGetStackHighWaterMark       
0001b3a0  MPU_vTaskSetThreadLocalStoragePointer 
0001b3e4  MPU_pvTaskGetThreadLocalStoragePointer
0001b428  MPU_xTaskGetIdleTaskHandle            
0001b454  MPU_xTaskGenericNotify                
0001b4a8  MPU_xTaskNotifyWait                   
0001b4fc  MPU_ulTaskNotifyTake                  
0001b540  MPU_xTaskNotifyStateClear             
0001b574  MPU_vTaskSetTimeOutState              
0001b5a0  MPU_xTaskCheckForTimeOut              
0001b5e4  MPU_xTaskGetSchedulerState            
0001b610  MPU_xQueueGenericSend                 
0001b664  MPU_xQueueGenericReceive              
0001b6b8  MPU_uxQueueMessagesWaiting            
0001b6ec  MPU_uxQueueSpacesAvailable            
0001b720  MPU_vQueueDelete                      
0001b74c  MPU_xQueueGenericCreate               
0001b798  MPU_xQueueGenericReset                
0001b7dc  MPU_xEventGroupCreate                 
0001b808  MPU_xEventGroupWaitBits               
0001b864  MPU_xEventGroupClearBits              
0001b8a8  MPU_xEventGroupSetBits                
0001b8ec  MPU_xEventGroupSync                   
0001b940  MPU_vEventGroupDelete                 
0001b96c  setupPLL                              
0001b9cc  trimLPO                               
0001ba40  setupFlash                            
0001ba80  periphInit                            
0001bb34  mapClocks                             
0001bc60  systemInit                            
0001bcd4  systemPowerDown                       
0001bd04  getResetSource                        
0001be2c  systemGetConfigValue                  
0001c25c  customTrimLPO                         
0001c304  vimInit                               
0001c3d8  vimChannelMap                         
0001c47c  vimEnableInterrupt                    
0001c644  vimDisableInterrupt                   
0001c6f0  vimGetConfigValue                     
0001cc40  sciInit                               
0001cd2c  sciSetFunctional                      
0001cd4c  sciSetBaudrate                        
0001cde8  sciIsTxReady                          
0001ce04  sciSendByte                           
0001ce34  sciSend                               
0001cf98  sciIsRxReady                          
0001cfb4  sciIsIdleDetected                     
0001cfd0  sciRxError                            
0001d000  sciReceiveByte                        
0001d02c  sciReceive                            
0001d13c  sciEnableLoopback                     
0001d170  sciDisableLoopback                    
0001d18c  sciEnableNotification                 
0001d224  sciDisableNotification                
0001d2bc  sciEnterResetState                    
0001d2dc  sciExitResetState                     
0001d2fc  sci1GetConfigValue                    
0001d4b0  esmInit                               
0001d60c  esmError                              
0001d628  esmEnableError                        
0001d650  esmEnableErrorUpper                   
0001d66c  esmDisableError                       
0001d694  esmDisableErrorUpper                  
0001d6b0  esmTriggerErrorPinReset               
0001d6c0  esmActivateNormalOperation            
0001d6d0  esmEnableInterrupt                    
0001d6f8  esmEnableInterruptUpper               
0001d714  esmDisableInterrupt                   
0001d73c  esmDisableInterruptUpper              
0001d758  esmSetInterruptLevel                  
0001d7cc  esmSetInterruptLevelUpper             
0001d80c  esmClearStatus                        
0001d84c  esmClearStatusUpper                   
0001d870  esmClearStatusBuffer                  
0001d88c  esmSetCounterPreloadValue             
0001d8ac  esmGetStatus                          
0001d930  esmGetStatusUpper                     
0001d978  esmGetStatusBuffer                    
0001d9a0  esmEnterSelfTest                      
0001da28  esmSelfTestStatus                     
0001da78  esmGetConfigValue                     
0001dc3c  Dp83640IDGet                          
0001dcb4  Dp83640LinkStatusGet                  
0001dd94  Dp83640AutoNegotiate                  
0001df24  Dp83640PartnerAbilityGet              
0001df4c  Dp83640Reset                          
0001dfc0  Dp83640EnableLoopback                 
0001e058  Dp83640DisableLoopback                
0001e0e4  Dp83640GetTimeStamp                   
0001e308  Dp83640PartnerSpdGet                  
0001e330  _errata_SSWF021_45_both_plls          
0001e524  _errata_SSWF021_45_pll1               
0001e69c  _errata_SSWF021_45_pll2               
0001e9e4  tcp_timer_needed                      
0001ea98  sys_timeouts_init                     
0001eadc  sys_timeout                           
0001ec80  sys_untimeout                         
0001ed7c  sys_check_timeouts                    
0001ee80  sys_restart_timeouts                  
0001eebc  gioInit                               
0001ef8c  gioSetDirection                       
0001efac  gioSetBit                             
0001effc  gioSetPort                            
0001f01c  gioGetBit                             
0001f044  gioGetPort                            
0001f05c  gioToggleBit                          
0001f0b4  gioEnableNotification                 
0001f11c  gioDisableNotification                
0001f184  gioGetConfigValue                     
0001f340  _coreInitRegisters_                   
0001f44c  _coreInitStackPointer_                
0001f498  _getCPSRValue_                        
0001f4a0  _gotoCPUIdle_                         
0001f4b8  _coreEnableVfp_                       
0001f4d0  _coreEnableEventBusExport_            
0001f4e0  _coreDisableEventBusExport_           
0001f4f0  _coreEnableIrqVicOffset_              
0001f500  _coreGetDataFault_                    
0001f508  _coreClearDataFault_                  
0001f514  _coreGetInstructionFault_             
0001f51c  _coreClearInstructionFault_           
0001f528  _coreGetDataFaultAddress_             
0001f530  _coreClearDataFaultAddress_           
0001f53c  _coreGetInstructionFaultAddress_      
0001f544  _coreClearInstructionFaultAddress_    
0001f550  _coreGetAuxiliaryDataFault_           
0001f558  _coreClearAuxiliaryDataFault_         
0001f564  _coreGetAuxiliaryInstructionFault_    
0001f56c  _coreClearAuxiliaryInstructionFault_  
0001f578  _disable_IRQ_interrupt_               
0001f580  _enable_IRQ_interrupt_                
0001f588  _enable_interrupt_                    
0001f590  _esmCcmErrorsClear_                   
0001f618  _memInit_                             
0001f64c  _checkMemInitOn_                      
0001f66c  _cacheEnable_                         
0001f6b0  _cacheDisable_                        
0001f6d4  _dCacheInvalidate_                    
0001f6e8  _iCacheInvalidate_                    
0001f6fc  __TI_PINIT_Base                       
0001f700  __TI_PINIT_Limit                      
0001f704  smallDelay                            
0001f744  EMAC_LwIP_Main                        
0001f7dc  iommUnlock                            
0001f7f8  iommLock                              
0001f814  iommMuxEnableMdio                     
0001f830  iommMuxEnableRmii                     
0001f87c  iommMuxEnableMii                      
0001f9a8  IntMasterIRQEnable                    
0001f9b0  IntMasterIRQDisable                   
0001f9b8  IntMasterStatusGet                    
0001f9c4  sciDisplayText                        
0001fa24  sciNotification                       
0001fac0  _mpuInit_                             
0001fd78  _mpuEnable_                           
0001fd90  _mpuDisable_                          
0001fda8  _mpuEnableBackgroundRegion_           
0001fdb8  _mpuDisableBackgroundRegion_          
0001fdc8  _mpuGetNumberOfRegions_               
0001fdd4  _mpuAreRegionsSeparate_               
0001fde0  _mpuSetRegion_                        
0001fde8  _mpuGetRegion_                        
0001fdf0  _mpuSetRegionBaseAddress_             
0001fdf8  _mpuGetRegionBaseAddress_             
0001fe00  _mpuSetRegionTypeAndPermission_       
0001fe0c  _mpuGetRegionType_                    
0001fe18  _mpuGetRegionPermission_              
0001fe24  _mpuSetRegionSizeRegister_            
0001fe2c  vimECCErrorHandler                    
00020168  main                                  
0002028c  vTask1                                
000202c4  vTask2                                
000202fc  udp_echo_recv                         
00020344  udpTask                               
00020488  __aeabi_uldivmod                      
00020c00  vListInitialise                       
00020c58  vListInitialiseItem                   
00020c74  vListInsertEnd                        
00020ce8  vListInsert                           
00020dac  uxListRemove                          
00020e38  MDIOPhyRegRead                        
00020ed0  MDIOPhyRegWrite                       
00020f38  MDIOPhyAliveStatusGet                 
00020f50  MDIOPhyLinkStatusGet                  
00020f68  MDIOInit                              
00020fb0  MDIOEnable                            
00020fd4  MDIODisable                           
0002119c  esmHighInterrupt                      
000213fc  xTaskNotifyStateClear                 
00021478  het2HighLevelInterrupt                
00021520  het2LowLevelInterrupt                 
00021814  esmGroup1Notification                 
00021828  esmGroup2Notification                 
0002183c  esmGroup3Notification                 
0002184c  dmaGroupANotification                 
00021860  adcNotification                       
00021874  gioNotification                       
0002189c  pwmNotification                       
000218b4  edgeNotification                      
000218c8  hetNotification                       
000218dc  epcCAMFullNotification                
000218e0  epcFIFOFullNotification               
000218f0  emacTxNotification                    
00021900  emacRxNotification                    
00021a0d  ldexp                                 
00021a0d  ldexpl                                
00021a0d  scalbn                                
00021a0d  scalbnl                               
00021afd  floor                                 
00021afd  floorl                                
00021bdc  _c_int00                              
00021cb0  EMACTxIntISR                          
00021d14  EMACRxIntISR                          
00021e2c  EMACCore0RxIsr                        
00021e78  EMACCore0TxIsr                        
00021ecd  __aeabi_memcpy                        
00021ecd  __aeabi_memcpy4                       
00021ecd  __aeabi_memcpy8                       
00021ecd  memcpy                                
00021f68  gioHighLevelInterrupt                 
0002207b  __aeabi_memclr                        
0002207b  __aeabi_memclr4                       
0002207b  __aeabi_memclr8                       
0002207d  __aeabi_memset                        
0002207d  __aeabi_memset4                       
0002207d  __aeabi_memset8                       
00022083  memset                                
000220f5  frexp                                 
000220f5  frexpl                                
00022169  __TI_decompress_lzss                  
00022229  ltoa                                  
0002227c  __aeabi_idiv                          
0002227c  __aeabi_idivmod                       
00022321  atoi                                  
00022370  __aeabi_uidiv                         
00022370  __aeabi_uidivmod                      
000223c1  __TI_auto_init_nobinit_nopinit        
00022445  sprintf                               
00022485  memcmp                                
000224ab  memccpy                               
000224e1  copysign                              
000224e1  copysignl                             
000224f9  strchr                                
0002250f  strlen                                
00022525  wcslen                                
00022537  __TI_decompress_none                  
00022545  __TI_zero_init                        
0002255d  __aeabi_errno_addr                    
00022564  handlePLLLockFail                     
00022569  C$$EXIT                               
00022569  abort                                 
0002256c  phantomInterrupt                      
00022780  _ctypes_                              
000228fc  tcp_state_str                         
00022968  tcp_pcb_lists                         
00022978  tcp_backoff                           
00022985  tcp_persist_backoff                   
0002298c  ethbroadcast                          
00022992  ethzero                               
000229a4  ip_addr_any                           
000229a8  ip_addr_broadcast                     
08000920  pxCurrentTCB                          
08001000  ram_heap                              
080138cc  lwip_stats                            
080139b6  pbuf_free_ooseq_pending               
080139b7  tcp_active_pcbs_changed               
08013b68  hdkif_data                            
08013c10  dhcp_rx_options_val                   
08013c84  dhcp_rx_options_given                 
08013c9c  current_header                        
08013ca0  current_iphdr_dest                    
08013ca4  current_iphdr_src                     
08013ca8  current_netif                         
08013cac  netif_default                         
08013cb0  netif_list                            
08013cb4  tcp_active_pcbs                       
08013cb8  tcp_bound_pcbs                        
08013cbc  tcp_input_pcb                         
08013cc0  tcp_listen_pcbs                       
08013cc4  tcp_ticks                             
08013cc8  tcp_tmp_pcb                           
08013ccc  tcp_tw_pcbs                           
08013cd0  txtIPAddrItoA                         
08013cd4  udp_pcbs                              
08013cd8  xTask1Handle                          
08013cdc  xTask2Handle                          
08013ce0  xTask4Handle                          
08015ce4  xSemaphore                            
08015ce8  emacPhyAddress                        
08015cec  temperature                           
08015cf0  drop_count                            
08015d10  countEMACCore0RxIsr                   
08015d14  countEMACCore0TxIsr                   
08015d18  ulCriticalNesting                     
08015d1c  ulTaskHasFPUContext                   
08015d20  emacAddress                           
08015d28  errno                                 
ffffffff  __TI_pprof_out_hndl                   
ffffffff  __TI_prof_data_size                   
ffffffff  __TI_prof_data_start                  
ffffffff  __binit__                             
ffffffff  __c_args__                            
ffffffff  binit                                 
UNDEFED   SHT$$INIT_ARRAY$$Base                 
UNDEFED   SHT$$INIT_ARRAY$$Limit                
UNDEFED   _system_post_cinit                    

[631 symbols]
