<?xml version="1.0" encoding="ISO-8859-1" ?>
<link_info>
   <banner>TI ARM Linker Unix v18.1.3.LTS</banner>
   <copyright>Copyright (c) 1996-2017 Texas Instruments Incorporated</copyright>
   <link_time>0x5cc16ae3</link_time>
   <link_errors>0x0</link_errors>
   <output_file>f458_pid.out</output_file>
   <entry_point>
      <name>_c_int00</name>
      <address>0x8d94</address>
   </entry_point>
   <input_file_list>
      <input_file id="fl-2">
         <path>./source/</path>
         <kind>object</kind>
         <file>HL_epc.obj</file>
         <name>HL_epc.obj</name>
      </input_file>
      <input_file id="fl-3">
         <path>./source/</path>
         <kind>object</kind>
         <file>HL_eqep.obj</file>
         <name>HL_eqep.obj</name>
      </input_file>
      <input_file id="fl-4">
         <path>./source/</path>
         <kind>object</kind>
         <file>HL_errata.obj</file>
         <name>HL_errata.obj</name>
      </input_file>
      <input_file id="fl-5">
         <path>./source/</path>
         <kind>object</kind>
         <file>HL_esm.obj</file>
         <name>HL_esm.obj</name>
      </input_file>
      <input_file id="fl-6">
         <path>./source/</path>
         <kind>object</kind>
         <file>HL_etpwm.obj</file>
         <name>HL_etpwm.obj</name>
      </input_file>
      <input_file id="fl-7">
         <path>./source/</path>
         <kind>object</kind>
         <file>HL_nmpu.obj</file>
         <name>HL_nmpu.obj</name>
      </input_file>
      <input_file id="fl-8">
         <path>./source/</path>
         <kind>object</kind>
         <file>HL_notification.obj</file>
         <name>HL_notification.obj</name>
      </input_file>
      <input_file id="fl-9">
         <path>./source/</path>
         <kind>object</kind>
         <file>HL_pinmux.obj</file>
         <name>HL_pinmux.obj</name>
      </input_file>
      <input_file id="fl-a">
         <path>./source/</path>
         <kind>object</kind>
         <file>HL_sci.obj</file>
         <name>HL_sci.obj</name>
      </input_file>
      <input_file id="fl-b">
         <path>./source/</path>
         <kind>object</kind>
         <file>HL_sys_core.obj</file>
         <name>HL_sys_core.obj</name>
      </input_file>
      <input_file id="fl-c">
         <path>./source/</path>
         <kind>object</kind>
         <file>HL_sys_dma.obj</file>
         <name>HL_sys_dma.obj</name>
      </input_file>
      <input_file id="fl-d">
         <path>./source/</path>
         <kind>object</kind>
         <file>HL_sys_intvecs.obj</file>
         <name>HL_sys_intvecs.obj</name>
      </input_file>
      <input_file id="fl-e">
         <path>./source/</path>
         <kind>object</kind>
         <file>HL_sys_main.obj</file>
         <name>HL_sys_main.obj</name>
      </input_file>
      <input_file id="fl-f">
         <path>./source/</path>
         <kind>object</kind>
         <file>HL_sys_mpu.obj</file>
         <name>HL_sys_mpu.obj</name>
      </input_file>
      <input_file id="fl-10">
         <path>./source/</path>
         <kind>object</kind>
         <file>HL_sys_pcr.obj</file>
         <name>HL_sys_pcr.obj</name>
      </input_file>
      <input_file id="fl-11">
         <path>./source/</path>
         <kind>object</kind>
         <file>HL_sys_phantom.obj</file>
         <name>HL_sys_phantom.obj</name>
      </input_file>
      <input_file id="fl-12">
         <path>./source/</path>
         <kind>object</kind>
         <file>HL_sys_pmm.obj</file>
         <name>HL_sys_pmm.obj</name>
      </input_file>
      <input_file id="fl-13">
         <path>./source/</path>
         <kind>object</kind>
         <file>HL_sys_pmu.obj</file>
         <name>HL_sys_pmu.obj</name>
      </input_file>
      <input_file id="fl-14">
         <path>./source/</path>
         <kind>object</kind>
         <file>HL_sys_startup.obj</file>
         <name>HL_sys_startup.obj</name>
      </input_file>
      <input_file id="fl-15">
         <path>./source/</path>
         <kind>object</kind>
         <file>HL_sys_vim.obj</file>
         <name>HL_sys_vim.obj</name>
      </input_file>
      <input_file id="fl-16">
         <path>./source/</path>
         <kind>object</kind>
         <file>HL_system.obj</file>
         <name>HL_system.obj</name>
      </input_file>
      <input_file id="fl-1a">
         <kind>object</kind>
         <file>&lt;internal&gt;</file>
         <name>&lt;internal&gt;</name>
      </input_file>
      <input_file id="fl-d0">
         <path>/home/koitt/ti/ccsv8/tools/compiler/ti-cgt-arm_18.1.3.LTS/lib/</path>
         <kind>archive</kind>
         <file>rtsv7R4_A_be_v3D16_eabi.lib</file>
         <name>s_floor.c.obj</name>
      </input_file>
      <input_file id="fl-d1">
         <path>/home/koitt/ti/ccsv8/tools/compiler/ti-cgt-arm_18.1.3.LTS/lib/</path>
         <kind>archive</kind>
         <file>rtsv7R4_A_be_v3D16_eabi.lib</file>
         <name>autoinit.c.obj</name>
      </input_file>
      <input_file id="fl-d2">
         <path>/home/koitt/ti/ccsv8/tools/compiler/ti-cgt-arm_18.1.3.LTS/lib/</path>
         <kind>archive</kind>
         <file>rtsv7R4_A_be_v3D16_eabi.lib</file>
         <name>cpy_tbl.c.obj</name>
      </input_file>
      <input_file id="fl-d3">
         <path>/home/koitt/ti/ccsv8/tools/compiler/ti-cgt-arm_18.1.3.LTS/lib/</path>
         <kind>archive</kind>
         <file>rtsv7R4_A_be_v3D16_eabi.lib</file>
         <name>copy_zero_init.c.obj</name>
      </input_file>
      <input_file id="fl-d4">
         <path>/home/koitt/ti/ccsv8/tools/compiler/ti-cgt-arm_18.1.3.LTS/lib/</path>
         <kind>archive</kind>
         <file>rtsv7R4_A_be_v3D16_eabi.lib</file>
         <name>copy_decompress_none.c.obj</name>
      </input_file>
      <input_file id="fl-d5">
         <path>/home/koitt/ti/ccsv8/tools/compiler/ti-cgt-arm_18.1.3.LTS/lib/</path>
         <kind>archive</kind>
         <file>rtsv7R4_A_be_v3D16_eabi.lib</file>
         <name>copy_decompress_lzss.c.obj</name>
      </input_file>
      <input_file id="fl-d6">
         <path>/home/koitt/ti/ccsv8/tools/compiler/ti-cgt-arm_18.1.3.LTS/lib/</path>
         <kind>archive</kind>
         <file>rtsv7R4_A_be_v3D16_eabi.lib</file>
         <name>exit.c.obj</name>
      </input_file>
      <input_file id="fl-d7">
         <path>/home/koitt/ti/ccsv8/tools/compiler/ti-cgt-arm_18.1.3.LTS/lib/</path>
         <kind>archive</kind>
         <file>rtsv7R4_A_be_v3D16_eabi.lib</file>
         <name>_lock.c.obj</name>
      </input_file>
      <input_file id="fl-d8">
         <path>/home/koitt/ti/ccsv8/tools/compiler/ti-cgt-arm_18.1.3.LTS/lib/</path>
         <kind>archive</kind>
         <file>rtsv7R4_A_be_v3D16_eabi.lib</file>
         <name>sprintf.c.obj</name>
      </input_file>
      <input_file id="fl-d9">
         <path>/home/koitt/ti/ccsv8/tools/compiler/ti-cgt-arm_18.1.3.LTS/lib/</path>
         <kind>archive</kind>
         <file>rtsv7R4_A_be_v3D16_eabi.lib</file>
         <name>strlen.c.obj</name>
      </input_file>
      <input_file id="fl-da">
         <path>/home/koitt/ti/ccsv8/tools/compiler/ti-cgt-arm_18.1.3.LTS/lib/</path>
         <kind>archive</kind>
         <file>rtsv7R4_A_be_v3D16_eabi.lib</file>
         <name>memcpy32.asm.obj</name>
      </input_file>
      <input_file id="fl-db">
         <path>/home/koitt/ti/ccsv8/tools/compiler/ti-cgt-arm_18.1.3.LTS/lib/</path>
         <kind>archive</kind>
         <file>rtsv7R4_A_be_v3D16_eabi.lib</file>
         <name>memset32.asm.obj</name>
      </input_file>
      <input_file id="fl-dc">
         <path>/home/koitt/ti/ccsv8/tools/compiler/ti-cgt-arm_18.1.3.LTS/lib/</path>
         <kind>archive</kind>
         <file>rtsv7R4_A_be_v3D16_eabi.lib</file>
         <name>_printfi.c.obj</name>
      </input_file>
      <input_file id="fl-dd">
         <path>/home/koitt/ti/ccsv8/tools/compiler/ti-cgt-arm_18.1.3.LTS/lib/</path>
         <kind>archive</kind>
         <file>rtsv7R4_A_be_v3D16_eabi.lib</file>
         <name>atoi.c.obj</name>
      </input_file>
      <input_file id="fl-de">
         <path>/home/koitt/ti/ccsv8/tools/compiler/ti-cgt-arm_18.1.3.LTS/lib/</path>
         <kind>archive</kind>
         <file>rtsv7R4_A_be_v3D16_eabi.lib</file>
         <name>ctype.c.obj</name>
      </input_file>
      <input_file id="fl-df">
         <path>/home/koitt/ti/ccsv8/tools/compiler/ti-cgt-arm_18.1.3.LTS/lib/</path>
         <kind>archive</kind>
         <file>rtsv7R4_A_be_v3D16_eabi.lib</file>
         <name>ltoa.c.obj</name>
      </input_file>
      <input_file id="fl-e0">
         <path>/home/koitt/ti/ccsv8/tools/compiler/ti-cgt-arm_18.1.3.LTS/lib/</path>
         <kind>archive</kind>
         <file>rtsv7R4_A_be_v3D16_eabi.lib</file>
         <name>memccpy.c.obj</name>
      </input_file>
      <input_file id="fl-e1">
         <path>/home/koitt/ti/ccsv8/tools/compiler/ti-cgt-arm_18.1.3.LTS/lib/</path>
         <kind>archive</kind>
         <file>rtsv7R4_A_be_v3D16_eabi.lib</file>
         <name>strchr.c.obj</name>
      </input_file>
      <input_file id="fl-e2">
         <path>/home/koitt/ti/ccsv8/tools/compiler/ti-cgt-arm_18.1.3.LTS/lib/</path>
         <kind>archive</kind>
         <file>rtsv7R4_A_be_v3D16_eabi.lib</file>
         <name>wcslen.c.obj</name>
      </input_file>
      <input_file id="fl-e3">
         <path>/home/koitt/ti/ccsv8/tools/compiler/ti-cgt-arm_18.1.3.LTS/lib/</path>
         <kind>archive</kind>
         <file>rtsv7R4_A_be_v3D16_eabi.lib</file>
         <name>s_frexp.c.obj</name>
      </input_file>
      <input_file id="fl-e4">
         <path>/home/koitt/ti/ccsv8/tools/compiler/ti-cgt-arm_18.1.3.LTS/lib/</path>
         <kind>archive</kind>
         <file>rtsv7R4_A_be_v3D16_eabi.lib</file>
         <name>s_scalbn.c.obj</name>
      </input_file>
      <input_file id="fl-e5">
         <path>/home/koitt/ti/ccsv8/tools/compiler/ti-cgt-arm_18.1.3.LTS/lib/</path>
         <kind>archive</kind>
         <file>rtsv7R4_A_be_v3D16_eabi.lib</file>
         <name>i_div32.asm.obj</name>
      </input_file>
      <input_file id="fl-e6">
         <path>/home/koitt/ti/ccsv8/tools/compiler/ti-cgt-arm_18.1.3.LTS/lib/</path>
         <kind>archive</kind>
         <file>rtsv7R4_A_be_v3D16_eabi.lib</file>
         <name>u_div32.asm.obj</name>
      </input_file>
      <input_file id="fl-e7">
         <path>/home/koitt/ti/ccsv8/tools/compiler/ti-cgt-arm_18.1.3.LTS/lib/</path>
         <kind>archive</kind>
         <file>rtsv7R4_A_be_v3D16_eabi.lib</file>
         <name>ull_div32.asm.obj</name>
      </input_file>
      <input_file id="fl-e8">
         <path>/home/koitt/ti/ccsv8/tools/compiler/ti-cgt-arm_18.1.3.LTS/lib/</path>
         <kind>archive</kind>
         <file>rtsv7R4_A_be_v3D16_eabi.lib</file>
         <name>errno.c.obj</name>
      </input_file>
      <input_file id="fl-e9">
         <path>/home/koitt/ti/ccsv8/tools/compiler/ti-cgt-arm_18.1.3.LTS/lib/</path>
         <kind>archive</kind>
         <file>rtsv7R4_A_be_v3D16_eabi.lib</file>
         <name>s_copysign.c.obj</name>
      </input_file>
      <input_file id="fl-ea">
         <path>/home/koitt/ti/ccsv8/tools/compiler/ti-cgt-arm_18.1.3.LTS/lib/</path>
         <kind>archive</kind>
         <file>rtsv7R4_A_be_v3D16_eabi.lib</file>
         <name>div0.asm.obj</name>
      </input_file>
   </input_file_list>
   <object_component_list>
      <object_component id="oc-28">
         <name>.intvecs</name>
         <load_address>0x0</load_address>
         <run_address>0x0</run_address>
         <size>0x20</size>
         <input_file_ref idref="fl-d"/>
      </object_component>
      <object_component id="oc-11d">
         <name>.text</name>
         <load_address>0x20</load_address>
         <run_address>0x20</run_address>
         <size>0x2178</size>
         <input_file_ref idref="fl-6"/>
      </object_component>
      <object_component id="oc-1ca">
         <name>.text:__TI_printfi</name>
         <load_address>0x2198</load_address>
         <run_address>0x2198</run_address>
         <size>0xf9c</size>
         <input_file_ref idref="fl-dc"/>
      </object_component>
      <object_component id="oc-123">
         <name>.text</name>
         <load_address>0x3134</load_address>
         <run_address>0x3134</run_address>
         <size>0xc30</size>
         <input_file_ref idref="fl-3"/>
      </object_component>
      <object_component id="oc-c6">
         <name>.text</name>
         <load_address>0x3d64</load_address>
         <run_address>0x3d64</run_address>
         <size>0x9e4</size>
         <input_file_ref idref="fl-9"/>
      </object_component>
      <object_component id="oc-6d">
         <name>.text</name>
         <load_address>0x4748</load_address>
         <run_address>0x4748</run_address>
         <size>0x95c</size>
         <input_file_ref idref="fl-16"/>
      </object_component>
      <object_component id="oc-34">
         <name>.text</name>
         <load_address>0x50a4</load_address>
         <run_address>0x50a4</run_address>
         <size>0x938</size>
         <input_file_ref idref="fl-15"/>
      </object_component>
      <object_component id="oc-10b">
         <name>.text</name>
         <load_address>0x59dc</load_address>
         <run_address>0x59dc</run_address>
         <size>0x870</size>
         <input_file_ref idref="fl-a"/>
      </object_component>
      <object_component id="oc-7f">
         <name>.text</name>
         <load_address>0x624c</load_address>
         <run_address>0x624c</run_address>
         <size>0x7a0</size>
         <input_file_ref idref="fl-e"/>
      </object_component>
      <object_component id="oc-73">
         <name>.text</name>
         <load_address>0x69ec</load_address>
         <run_address>0x69ec</run_address>
         <size>0x78c</size>
         <input_file_ref idref="fl-5"/>
      </object_component>
      <object_component id="oc-62">
         <name>.text</name>
         <load_address>0x7178</load_address>
         <run_address>0x7178</run_address>
         <size>0x3c4</size>
         <input_file_ref idref="fl-b"/>
      </object_component>
      <object_component id="oc-79">
         <name>.text</name>
         <load_address>0x753c</load_address>
         <run_address>0x753c</run_address>
         <size>0x36c</size>
         <input_file_ref idref="fl-f"/>
      </object_component>
      <object_component id="oc-33">
         <name>.text:retain</name>
         <load_address>0x78a8</load_address>
         <run_address>0x78a8</run_address>
         <size>0x33c</size>
         <input_file_ref idref="fl-15"/>
      </object_component>
      <object_component id="oc-258">
         <name>.text:_pconv_a</name>
         <load_address>0x7be4</load_address>
         <run_address>0x7be4</run_address>
         <size>0x2dc</size>
         <input_file_ref idref="fl-dc"/>
      </object_component>
      <object_component id="oc-2ae">
         <name>.text</name>
         <load_address>0x7ec0</load_address>
         <run_address>0x7ec0</run_address>
         <size>0x2b8</size>
         <input_file_ref idref="fl-e7"/>
      </object_component>
      <object_component id="oc-246">
         <name>.text:_pconv_g</name>
         <load_address>0x8178</load_address>
         <run_address>0x8178</run_address>
         <size>0x248</size>
         <input_file_ref idref="fl-dc"/>
      </object_component>
      <object_component id="oc-4a">
         <name>.text</name>
         <load_address>0x83c0</load_address>
         <run_address>0x83c0</run_address>
         <size>0x180</size>
         <input_file_ref idref="fl-da"/>
      </object_component>
      <object_component id="oc-1f">
         <name>.text:retain</name>
         <load_address>0x8540</load_address>
         <run_address>0x8540</run_address>
         <size>0x178</size>
         <input_file_ref idref="fl-5"/>
      </object_component>
      <object_component id="oc-252">
         <name>.text:_pconv_e</name>
         <load_address>0x86b8</load_address>
         <run_address>0x86b8</run_address>
         <size>0x15c</size>
         <input_file_ref idref="fl-dc"/>
      </object_component>
      <object_component id="oc-2cc">
         <name>.text:fcvt</name>
         <load_address>0x8814</load_address>
         <run_address>0x8814</run_address>
         <size>0x144</size>
         <input_file_ref idref="fl-dc"/>
      </object_component>
      <object_component id="oc-1bf">
         <name>.text:floor</name>
         <load_address>0x8958</load_address>
         <run_address>0x8958</run_address>
         <size>0x13c</size>
         <input_file_ref idref="fl-d0"/>
      </object_component>
      <object_component id="oc-2e0">
         <name>.text:scalbn</name>
         <load_address>0x8a94</load_address>
         <run_address>0x8a94</run_address>
         <size>0x120</size>
         <input_file_ref idref="fl-e4"/>
      </object_component>
      <object_component id="oc-240">
         <name>.text:_ltostr</name>
         <load_address>0x8bb4</load_address>
         <run_address>0x8bb4</run_address>
         <size>0x115</size>
         <input_file_ref idref="fl-dc"/>
      </object_component>
      <object_component id="oc-2c5">
         <name>.text:_mcpy</name>
         <load_address>0x8ccc</load_address>
         <run_address>0x8ccc</run_address>
         <size>0xc8</size>
         <input_file_ref idref="fl-dc"/>
      </object_component>
      <object_component id="oc-19">
         <name>.text:retain</name>
         <load_address>0x8d94</load_address>
         <run_address>0x8d94</run_address>
         <size>0xb4</size>
         <input_file_ref idref="fl-14"/>
      </object_component>
      <object_component id="oc-b8">
         <name>.text</name>
         <load_address>0x8e48</load_address>
         <run_address>0x8e48</run_address>
         <size>0xb0</size>
         <input_file_ref idref="fl-db"/>
      </object_component>
      <object_component id="oc-67">
         <name>.text</name>
         <load_address>0x8ef8</load_address>
         <run_address>0x8ef8</run_address>
         <size>0xac</size>
         <input_file_ref idref="fl-8"/>
      </object_component>
      <object_component id="oc-2bf">
         <name>.text:_ecpy</name>
         <load_address>0x8fa4</load_address>
         <run_address>0x8fa4</run_address>
         <size>0x98</size>
         <input_file_ref idref="fl-dc"/>
      </object_component>
      <object_component id="oc-c">
         <name>.text:decompress:lzss:__TI_decompress_lzss</name>
         <load_address>0x903c</load_address>
         <run_address>0x903c</run_address>
         <size>0x90</size>
         <input_file_ref idref="fl-d5"/>
      </object_component>
      <object_component id="oc-2da">
         <name>.text:frexp</name>
         <load_address>0x90cc</load_address>
         <run_address>0x90cc</run_address>
         <size>0x8c</size>
         <input_file_ref idref="fl-e3"/>
      </object_component>
      <object_component id="oc-23a">
         <name>.text:atoi</name>
         <load_address>0x9158</load_address>
         <run_address>0x9158</run_address>
         <size>0x84</size>
         <input_file_ref idref="fl-dd"/>
      </object_component>
      <object_component id="oc-2b9">
         <name>.text:ltoa</name>
         <load_address>0x91dc</load_address>
         <run_address>0x91dc</run_address>
         <size>0x80</size>
         <input_file_ref idref="fl-df"/>
      </object_component>
      <object_component id="oc-24c">
         <name>.text:_pconv_f</name>
         <load_address>0x925c</load_address>
         <run_address>0x925c</run_address>
         <size>0x74</size>
         <input_file_ref idref="fl-dc"/>
      </object_component>
      <object_component id="oc-db">
         <name>.text:__TI_auto_init_nobinit_nopinit:__TI_auto_init_nobinit_nopinit</name>
         <load_address>0x92d0</load_address>
         <run_address>0x92d0</run_address>
         <size>0x68</size>
         <input_file_ref idref="fl-d1"/>
      </object_component>
      <object_component id="oc-2d2">
         <name>.text:_fcpy</name>
         <load_address>0x9338</load_address>
         <run_address>0x9338</run_address>
         <size>0x64</size>
         <input_file_ref idref="fl-dc"/>
      </object_component>
      <object_component id="oc-111">
         <name>.text:sprintf</name>
         <load_address>0x939c</load_address>
         <run_address>0x939c</run_address>
         <size>0x64</size>
         <input_file_ref idref="fl-d8"/>
      </object_component>
      <object_component id="oc-31b">
         <name>.text</name>
         <load_address>0x9400</load_address>
         <run_address>0x9400</run_address>
         <size>0x54</size>
         <input_file_ref idref="fl-e5"/>
      </object_component>
      <object_component id="oc-2b3">
         <name>.text</name>
         <load_address>0x9454</load_address>
         <run_address>0x9454</run_address>
         <size>0x50</size>
         <input_file_ref idref="fl-e6"/>
      </object_component>
      <object_component id="oc-1d0">
         <name>.text:_outs</name>
         <load_address>0x94a4</load_address>
         <run_address>0x94a4</run_address>
         <size>0x30</size>
         <input_file_ref idref="fl-d8"/>
      </object_component>
      <object_component id="oc-25e">
         <name>.text:memccpy</name>
         <load_address>0x94d4</load_address>
         <run_address>0x94d4</run_address>
         <size>0x2c</size>
         <input_file_ref idref="fl-e0"/>
      </object_component>
      <object_component id="oc-2e6">
         <name>.text:strchr</name>
         <load_address>0x9500</load_address>
         <run_address>0x9500</run_address>
         <size>0x28</size>
         <input_file_ref idref="fl-e1"/>
      </object_component>
      <object_component id="oc-264">
         <name>.text:wcslen</name>
         <load_address>0x9528</load_address>
         <run_address>0x9528</run_address>
         <size>0x24</size>
         <input_file_ref idref="fl-e2"/>
      </object_component>
      <object_component id="oc-56">
         <name>.text:decompress:ZI:__TI_zero_init_nomemset:__TI_zero_init_nomemset</name>
         <load_address>0x954c</load_address>
         <run_address>0x954c</run_address>
         <size>0x20</size>
         <input_file_ref idref="fl-d3"/>
      </object_component>
      <object_component id="oc-117">
         <name>.text:strlen</name>
         <load_address>0x956c</load_address>
         <run_address>0x956c</run_address>
         <size>0x20</size>
         <input_file_ref idref="fl-d9"/>
      </object_component>
      <object_component id="oc-32d">
         <name>.text:copysign</name>
         <load_address>0x958c</load_address>
         <run_address>0x958c</run_address>
         <size>0x1c</size>
         <input_file_ref idref="fl-e9"/>
      </object_component>
      <object_component id="oc-1d6">
         <name>.text:_outc</name>
         <load_address>0x95a8</load_address>
         <run_address>0x95a8</run_address>
         <size>0x14</size>
         <input_file_ref idref="fl-d8"/>
      </object_component>
      <object_component id="oc-12">
         <name>.text:decompress:none:__TI_decompress_none</name>
         <load_address>0x95bc</load_address>
         <run_address>0x95bc</run_address>
         <size>0x14</size>
         <input_file_ref idref="fl-d4"/>
      </object_component>
      <object_component id="oc-26a">
         <name>.text:__aeabi_errno_addr</name>
         <load_address>0x95d0</load_address>
         <run_address>0x95d0</run_address>
         <size>0xc</size>
         <input_file_ref idref="fl-e8"/>
      </object_component>
      <object_component id="oc-136">
         <name>.text:abort:abort</name>
         <load_address>0x95dc</load_address>
         <run_address>0x95dc</run_address>
         <size>0x8</size>
         <input_file_ref idref="fl-d6"/>
      </object_component>
      <object_component id="oc-2d">
         <name>.text:retain</name>
         <load_address>0x95e4</load_address>
         <run_address>0x95e4</run_address>
         <size>0x4</size>
         <input_file_ref idref="fl-11"/>
      </object_component>
      <object_component id="oc-315">
         <name>.text</name>
         <load_address>0x95e8</load_address>
         <run_address>0x95e8</run_address>
         <size>0x4</size>
         <input_file_ref idref="fl-ea"/>
      </object_component>
      <object_component id="oc-25">
         <name>.const:s_vim_init</name>
         <load_address>0x9600</load_address>
         <run_address>0x9600</run_address>
         <size>0x200</size>
         <input_file_ref idref="fl-15"/>
      </object_component>
      <object_component id="oc-2a9">
         <name>.const:.string:_ctypes_</name>
         <load_address>0x9800</load_address>
         <run_address>0x9800</run_address>
         <size>0x101</size>
         <input_file_ref idref="fl-de"/>
      </object_component>
      <object_component id="oc-37d">
         <name>__TI_handler_table</name>
         <load_address>0x9920</load_address>
         <run_address>0x9920</run_address>
         <size>0xc</size>
      </object_component>
      <object_component id="oc-380">
         <name>.cinit..data.load</name>
         <load_address>0x992c</load_address>
         <run_address>0x992c</run_address>
         <size>0x9</size>
      </object_component>
      <object_component id="oc-37f">
         <name>.cinit..bss.load</name>
         <load_address>0x9938</load_address>
         <run_address>0x9938</run_address>
         <size>0x8</size>
      </object_component>
      <object_component id="oc-37e">
         <name>__TI_cinit_table</name>
         <load_address>0x9940</load_address>
         <run_address>0x9940</run_address>
         <size>0x10</size>
      </object_component>
      <object_component id="oc-1c5">
         <name>.bss:g_sciTransfer_t</name>
         <uninitialized>true</uninitialized>
         <run_address>0x80015e8</run_address>
         <size>0x50</size>
         <input_file_ref idref="fl-a"/>
      </object_component>
      <object_component id="oc-12c">
         <name>.common:buf_len</name>
         <uninitialized>true</uninitialized>
         <run_address>0x8001638</run_address>
         <size>0x4</size>
      </object_component>
      <object_component id="oc-129">
         <name>.data:buf</name>
         <load_address>0x8001500</load_address>
         <run_address>0x8001500</run_address>
         <size>0x80</size>
         <input_file_ref idref="fl-e"/>
      </object_component>
      <object_component id="oc-132">
         <name>.data:k</name>
         <load_address>0x80015cc</load_address>
         <run_address>0x80015cc</run_address>
         <size>0x18</size>
         <input_file_ref idref="fl-e"/>
      </object_component>
      <object_component id="oc-12f">
         <name>.data</name>
         <load_address>0x8001580</load_address>
         <run_address>0x8001580</run_address>
         <size>0x4c</size>
         <input_file_ref idref="fl-e"/>
      </object_component>
      <object_component id="oc-2f6">
         <name>.data</name>
         <load_address>0x80015e4</load_address>
         <run_address>0x80015e4</run_address>
         <size>0x4</size>
         <input_file_ref idref="fl-e8"/>
      </object_component>
      <object_component id="oc-176">
         <name>.debug_info</name>
         <load_address>0x0</load_address>
         <run_address>0x0</run_address>
         <size>0x373</size>
         <input_file_ref idref="fl-2"/>
      </object_component>
      <object_component id="oc-cd">
         <name>.debug_info</name>
         <load_address>0x373</load_address>
         <run_address>0x373</run_address>
         <size>0x429</size>
         <input_file_ref idref="fl-2"/>
      </object_component>
      <object_component id="oc-149">
         <name>.debug_info</name>
         <load_address>0x79c</load_address>
         <run_address>0x79c</run_address>
         <size>0x26b</size>
         <input_file_ref idref="fl-2"/>
      </object_component>
      <object_component id="oc-88">
         <name>.debug_info</name>
         <load_address>0xa07</load_address>
         <run_address>0xa07</run_address>
         <size>0x157</size>
         <input_file_ref idref="fl-2"/>
      </object_component>
      <object_component id="oc-98">
         <name>.debug_info</name>
         <load_address>0xb5e</load_address>
         <run_address>0xb5e</run_address>
         <size>0x8b</size>
         <input_file_ref idref="fl-2"/>
      </object_component>
      <object_component id="oc-93">
         <name>.debug_info</name>
         <load_address>0xbe9</load_address>
         <run_address>0xbe9</run_address>
         <size>0x18c</size>
         <input_file_ref idref="fl-2"/>
      </object_component>
      <object_component id="oc-20a">
         <name>.debug_info</name>
         <load_address>0xd75</load_address>
         <run_address>0xd75</run_address>
         <size>0x297</size>
         <input_file_ref idref="fl-2"/>
      </object_component>
      <object_component id="oc-142">
         <name>.debug_info</name>
         <load_address>0x100c</load_address>
         <run_address>0x100c</run_address>
         <size>0xbb</size>
         <input_file_ref idref="fl-2"/>
      </object_component>
      <object_component id="oc-9d">
         <name>.debug_info</name>
         <load_address>0x10c7</load_address>
         <run_address>0x10c7</run_address>
         <size>0x86</size>
         <input_file_ref idref="fl-2"/>
      </object_component>
      <object_component id="oc-14e">
         <name>.debug_info</name>
         <load_address>0x114d</load_address>
         <run_address>0x114d</run_address>
         <size>0x102</size>
         <input_file_ref idref="fl-2"/>
      </object_component>
      <object_component id="oc-18d">
         <name>.debug_info</name>
         <load_address>0x124f</load_address>
         <run_address>0x124f</run_address>
         <size>0x142</size>
         <input_file_ref idref="fl-2"/>
      </object_component>
      <object_component id="oc-153">
         <name>.debug_info</name>
         <load_address>0x1391</load_address>
         <run_address>0x1391</run_address>
         <size>0x285</size>
         <input_file_ref idref="fl-2"/>
      </object_component>
      <object_component id="oc-158">
         <name>.debug_info</name>
         <load_address>0x1616</load_address>
         <run_address>0x1616</run_address>
         <size>0x44a</size>
         <input_file_ref idref="fl-2"/>
      </object_component>
      <object_component id="oc-15d">
         <name>.debug_info</name>
         <load_address>0x1a60</load_address>
         <run_address>0x1a60</run_address>
         <size>0x1f9</size>
         <input_file_ref idref="fl-2"/>
      </object_component>
      <object_component id="oc-162">
         <name>.debug_info</name>
         <load_address>0x1c59</load_address>
         <run_address>0x1c59</run_address>
         <size>0x152</size>
         <input_file_ref idref="fl-2"/>
      </object_component>
      <object_component id="oc-167">
         <name>.debug_info</name>
         <load_address>0x1dab</load_address>
         <run_address>0x1dab</run_address>
         <size>0x70a</size>
         <input_file_ref idref="fl-2"/>
      </object_component>
      <object_component id="oc-16c">
         <name>.debug_info</name>
         <load_address>0x24b5</load_address>
         <run_address>0x24b5</run_address>
         <size>0x36d</size>
         <input_file_ref idref="fl-2"/>
      </object_component>
      <object_component id="oc-1ed">
         <name>.debug_info</name>
         <load_address>0x2822</load_address>
         <run_address>0x2822</run_address>
         <size>0x2a0</size>
         <input_file_ref idref="fl-3"/>
      </object_component>
      <object_component id="oc-124">
         <name>.debug_info</name>
         <load_address>0x2ac2</load_address>
         <run_address>0x2ac2</run_address>
         <size>0x2d03</size>
         <input_file_ref idref="fl-3"/>
      </object_component>
      <object_component id="oc-1ee">
         <name>.debug_info</name>
         <load_address>0x57c5</load_address>
         <run_address>0x57c5</run_address>
         <size>0x669</size>
         <input_file_ref idref="fl-3"/>
      </object_component>
      <object_component id="oc-192">
         <name>.debug_info</name>
         <load_address>0x5e2e</load_address>
         <run_address>0x5e2e</run_address>
         <size>0x22e</size>
         <input_file_ref idref="fl-3"/>
      </object_component>
      <object_component id="oc-d9">
         <name>.debug_info</name>
         <load_address>0x605c</load_address>
         <run_address>0x605c</run_address>
         <size>0x33f</size>
         <input_file_ref idref="fl-5"/>
      </object_component>
      <object_component id="oc-74">
         <name>.debug_info</name>
         <load_address>0x639b</load_address>
         <run_address>0x639b</run_address>
         <size>0x10b4</size>
         <input_file_ref idref="fl-5"/>
      </object_component>
      <object_component id="oc-20">
         <name>.debug_info</name>
         <load_address>0x744f</load_address>
         <run_address>0x744f</run_address>
         <size>0x19c</size>
         <input_file_ref idref="fl-5"/>
      </object_component>
      <object_component id="oc-d4">
         <name>.debug_info</name>
         <load_address>0x75eb</load_address>
         <run_address>0x75eb</run_address>
         <size>0x168</size>
         <input_file_ref idref="fl-5"/>
      </object_component>
      <object_component id="oc-1e6">
         <name>.debug_info</name>
         <load_address>0x7753</load_address>
         <run_address>0x7753</run_address>
         <size>0x2fb</size>
         <input_file_ref idref="fl-6"/>
      </object_component>
      <object_component id="oc-11e">
         <name>.debug_info</name>
         <load_address>0x7a4e</load_address>
         <run_address>0x7a4e</run_address>
         <size>0x2858</size>
         <input_file_ref idref="fl-6"/>
      </object_component>
      <object_component id="oc-1e7">
         <name>.debug_info</name>
         <load_address>0xa2a6</load_address>
         <run_address>0xa2a6</run_address>
         <size>0xc6d</size>
         <input_file_ref idref="fl-6"/>
      </object_component>
      <object_component id="oc-197">
         <name>.debug_info</name>
         <load_address>0xaf13</load_address>
         <run_address>0xaf13</run_address>
         <size>0x396</size>
         <input_file_ref idref="fl-6"/>
      </object_component>
      <object_component id="oc-1a9">
         <name>.debug_info</name>
         <load_address>0xb2a9</load_address>
         <run_address>0xb2a9</run_address>
         <size>0x199</size>
         <input_file_ref idref="fl-6"/>
      </object_component>
      <object_component id="oc-c0">
         <name>.debug_info</name>
         <load_address>0xb442</load_address>
         <run_address>0xb442</run_address>
         <size>0x396</size>
         <input_file_ref idref="fl-8"/>
      </object_component>
      <object_component id="oc-68">
         <name>.debug_info</name>
         <load_address>0xb7d8</load_address>
         <run_address>0xb7d8</run_address>
         <size>0x834</size>
         <input_file_ref idref="fl-8"/>
      </object_component>
      <object_component id="oc-188">
         <name>.debug_info</name>
         <load_address>0xc00c</load_address>
         <run_address>0xc00c</run_address>
         <size>0xadd</size>
         <input_file_ref idref="fl-8"/>
      </object_component>
      <object_component id="oc-c1">
         <name>.debug_info</name>
         <load_address>0xcae9</load_address>
         <run_address>0xcae9</run_address>
         <size>0x6eb</size>
         <input_file_ref idref="fl-8"/>
      </object_component>
      <object_component id="oc-19c">
         <name>.debug_info</name>
         <load_address>0xd1d4</load_address>
         <run_address>0xd1d4</run_address>
         <size>0x243</size>
         <input_file_ref idref="fl-8"/>
      </object_component>
      <object_component id="oc-235">
         <name>.debug_info</name>
         <load_address>0xd417</load_address>
         <run_address>0xd417</run_address>
         <size>0x18e</size>
         <input_file_ref idref="fl-8"/>
      </object_component>
      <object_component id="oc-c7">
         <name>.debug_info</name>
         <load_address>0xd5a5</load_address>
         <run_address>0xd5a5</run_address>
         <size>0x110</size>
         <input_file_ref idref="fl-9"/>
      </object_component>
      <object_component id="oc-1c9">
         <name>.debug_info</name>
         <load_address>0xd6b5</load_address>
         <run_address>0xd6b5</run_address>
         <size>0x2f1</size>
         <input_file_ref idref="fl-a"/>
      </object_component>
      <object_component id="oc-1c6">
         <name>.debug_info</name>
         <load_address>0xd9a6</load_address>
         <run_address>0xd9a6</run_address>
         <size>0xd9</size>
         <input_file_ref idref="fl-a"/>
      </object_component>
      <object_component id="oc-10c">
         <name>.debug_info</name>
         <load_address>0xda7f</load_address>
         <run_address>0xda7f</run_address>
         <size>0xc91</size>
         <input_file_ref idref="fl-a"/>
      </object_component>
      <object_component id="oc-230">
         <name>.debug_info</name>
         <load_address>0xe710</load_address>
         <run_address>0xe710</run_address>
         <size>0x91</size>
         <input_file_ref idref="fl-a"/>
      </object_component>
      <object_component id="oc-63">
         <name>.debug_info</name>
         <load_address>0xe7a1</load_address>
         <run_address>0xe7a1</run_address>
         <size>0x806</size>
         <input_file_ref idref="fl-b"/>
      </object_component>
      <object_component id="oc-29">
         <name>.debug_info</name>
         <load_address>0xefa7</load_address>
         <run_address>0xefa7</run_address>
         <size>0xfc</size>
         <input_file_ref idref="fl-d"/>
      </object_component>
      <object_component id="oc-12d">
         <name>.debug_info</name>
         <load_address>0xf0a3</load_address>
         <run_address>0xf0a3</run_address>
         <size>0x5c9</size>
         <input_file_ref idref="fl-e"/>
      </object_component>
      <object_component id="oc-12a">
         <name>.debug_info</name>
         <load_address>0xf66c</load_address>
         <run_address>0xf66c</run_address>
         <size>0xc7</size>
         <input_file_ref idref="fl-e"/>
      </object_component>
      <object_component id="oc-133">
         <name>.debug_info</name>
         <load_address>0xf733</load_address>
         <run_address>0xf733</run_address>
         <size>0xc3</size>
         <input_file_ref idref="fl-e"/>
      </object_component>
      <object_component id="oc-130">
         <name>.debug_info</name>
         <load_address>0xf7f6</load_address>
         <run_address>0xf7f6</run_address>
         <size>0x2d3</size>
         <input_file_ref idref="fl-e"/>
      </object_component>
      <object_component id="oc-80">
         <name>.debug_info</name>
         <load_address>0xfac9</load_address>
         <run_address>0xfac9</run_address>
         <size>0x5cc</size>
         <input_file_ref idref="fl-e"/>
      </object_component>
      <object_component id="oc-1f7">
         <name>.debug_info</name>
         <load_address>0x10095</load_address>
         <run_address>0x10095</run_address>
         <size>0xcc</size>
         <input_file_ref idref="fl-e"/>
      </object_component>
      <object_component id="oc-1de">
         <name>.debug_info</name>
         <load_address>0x10161</load_address>
         <run_address>0x10161</run_address>
         <size>0x2c</size>
         <input_file_ref idref="fl-e"/>
      </object_component>
      <object_component id="oc-7a">
         <name>.debug_info</name>
         <load_address>0x1018d</load_address>
         <run_address>0x1018d</run_address>
         <size>0x433</size>
         <input_file_ref idref="fl-f"/>
      </object_component>
      <object_component id="oc-211">
         <name>.debug_info</name>
         <load_address>0x105c0</load_address>
         <run_address>0x105c0</run_address>
         <size>0x2e7</size>
         <input_file_ref idref="fl-10"/>
      </object_component>
      <object_component id="oc-1a4">
         <name>.debug_info</name>
         <load_address>0x108a7</load_address>
         <run_address>0x108a7</run_address>
         <size>0x457</size>
         <input_file_ref idref="fl-10"/>
      </object_component>
      <object_component id="oc-2e">
         <name>.debug_info</name>
         <load_address>0x10cfe</load_address>
         <run_address>0x10cfe</run_address>
         <size>0x131</size>
         <input_file_ref idref="fl-11"/>
      </object_component>
      <object_component id="oc-1a">
         <name>.debug_info</name>
         <load_address>0x10e2f</load_address>
         <run_address>0x10e2f</run_address>
         <size>0x270</size>
         <input_file_ref idref="fl-14"/>
      </object_component>
      <object_component id="oc-8f">
         <name>.debug_info</name>
         <load_address>0x1109f</load_address>
         <run_address>0x1109f</run_address>
         <size>0x442</size>
         <input_file_ref idref="fl-15"/>
      </object_component>
      <object_component id="oc-26">
         <name>.debug_info</name>
         <load_address>0x114e1</load_address>
         <run_address>0x114e1</run_address>
         <size>0xd3</size>
         <input_file_ref idref="fl-15"/>
      </object_component>
      <object_component id="oc-35">
         <name>.debug_info</name>
         <load_address>0x115b4</load_address>
         <run_address>0x115b4</run_address>
         <size>0x483</size>
         <input_file_ref idref="fl-15"/>
      </object_component>
      <object_component id="oc-3a">
         <name>.debug_info</name>
         <load_address>0x11a37</load_address>
         <run_address>0x11a37</run_address>
         <size>0x1ee</size>
         <input_file_ref idref="fl-15"/>
      </object_component>
      <object_component id="oc-171">
         <name>.debug_info</name>
         <load_address>0x11c25</load_address>
         <run_address>0x11c25</run_address>
         <size>0x4f</size>
         <input_file_ref idref="fl-15"/>
      </object_component>
      <object_component id="oc-d2">
         <name>.debug_info</name>
         <load_address>0x11c74</load_address>
         <run_address>0x11c74</run_address>
         <size>0x3d5</size>
         <input_file_ref idref="fl-16"/>
      </object_component>
      <object_component id="oc-6e">
         <name>.debug_info</name>
         <load_address>0x12049</load_address>
         <run_address>0x12049</run_address>
         <size>0x583</size>
         <input_file_ref idref="fl-16"/>
      </object_component>
      <object_component id="oc-22b">
         <name>.debug_info</name>
         <load_address>0x125cc</load_address>
         <run_address>0x125cc</run_address>
         <size>0x268</size>
         <input_file_ref idref="fl-d0"/>
      </object_component>
      <object_component id="oc-1c0">
         <name>.debug_info</name>
         <load_address>0x12834</load_address>
         <run_address>0x12834</run_address>
         <size>0x179</size>
         <input_file_ref idref="fl-d0"/>
      </object_component>
      <object_component id="oc-45">
         <name>.debug_info</name>
         <load_address>0x129ad</load_address>
         <run_address>0x129ad</run_address>
         <size>0x84</size>
         <input_file_ref idref="fl-d0"/>
      </object_component>
      <object_component id="oc-2a2">
         <name>.debug_info</name>
         <load_address>0x12a31</load_address>
         <run_address>0x12a31</run_address>
         <size>0x46</size>
         <input_file_ref idref="fl-d0"/>
      </object_component>
      <object_component id="oc-226">
         <name>.debug_info</name>
         <load_address>0x12a77</load_address>
         <run_address>0x12a77</run_address>
         <size>0x39</size>
         <input_file_ref idref="fl-d0"/>
      </object_component>
      <object_component id="oc-1b1">
         <name>.debug_info</name>
         <load_address>0x12ab0</load_address>
         <run_address>0x12ab0</run_address>
         <size>0x52b</size>
         <input_file_ref idref="fl-d1"/>
      </object_component>
      <object_component id="oc-df">
         <name>.debug_info</name>
         <load_address>0x12fdb</load_address>
         <run_address>0x12fdb</run_address>
         <size>0x17f</size>
         <input_file_ref idref="fl-d1"/>
      </object_component>
      <object_component id="oc-214">
         <name>.debug_info</name>
         <load_address>0x1315a</load_address>
         <run_address>0x1315a</run_address>
         <size>0x39</size>
         <input_file_ref idref="fl-d1"/>
      </object_component>
      <object_component id="oc-296">
         <name>.debug_info</name>
         <load_address>0x13193</load_address>
         <run_address>0x13193</run_address>
         <size>0x39</size>
         <input_file_ref idref="fl-d1"/>
      </object_component>
      <object_component id="oc-219">
         <name>.debug_info</name>
         <load_address>0x131cc</load_address>
         <run_address>0x131cc</run_address>
         <size>0x39</size>
         <input_file_ref idref="fl-d1"/>
      </object_component>
      <object_component id="oc-21e">
         <name>.debug_info</name>
         <load_address>0x13205</load_address>
         <run_address>0x13205</run_address>
         <size>0xcd</size>
         <input_file_ref idref="fl-d1"/>
      </object_component>
      <object_component id="oc-b7">
         <name>.debug_info</name>
         <load_address>0x132d2</load_address>
         <run_address>0x132d2</run_address>
         <size>0x2f2</size>
         <input_file_ref idref="fl-d3"/>
      </object_component>
      <object_component id="oc-57">
         <name>.debug_info</name>
         <load_address>0x135c4</load_address>
         <run_address>0x135c4</run_address>
         <size>0x198</size>
         <input_file_ref idref="fl-d3"/>
      </object_component>
      <object_component id="oc-b2">
         <name>.debug_info</name>
         <load_address>0x1375c</load_address>
         <run_address>0x1375c</run_address>
         <size>0x46</size>
         <input_file_ref idref="fl-d3"/>
      </object_component>
      <object_component id="oc-17e">
         <name>.debug_info</name>
         <load_address>0x137a2</load_address>
         <run_address>0x137a2</run_address>
         <size>0x2c</size>
         <input_file_ref idref="fl-d3"/>
      </object_component>
      <object_component id="oc-55">
         <name>.debug_info</name>
         <load_address>0x137ce</load_address>
         <run_address>0x137ce</run_address>
         <size>0x27c</size>
         <input_file_ref idref="fl-d4"/>
      </object_component>
      <object_component id="oc-13">
         <name>.debug_info</name>
         <load_address>0x13a4a</load_address>
         <run_address>0x13a4a</run_address>
         <size>0x1ae</size>
         <input_file_ref idref="fl-d4"/>
      </object_component>
      <object_component id="oc-50">
         <name>.debug_info</name>
         <load_address>0x13bf8</load_address>
         <run_address>0x13bf8</run_address>
         <size>0x46</size>
         <input_file_ref idref="fl-d4"/>
      </object_component>
      <object_component id="oc-aa">
         <name>.debug_info</name>
         <load_address>0x13c3e</load_address>
         <run_address>0x13c3e</run_address>
         <size>0x2c</size>
         <input_file_ref idref="fl-d4"/>
      </object_component>
      <object_component id="oc-a8">
         <name>.debug_info</name>
         <load_address>0x13c6a</load_address>
         <run_address>0x13c6a</run_address>
         <size>0x277</size>
         <input_file_ref idref="fl-d5"/>
      </object_component>
      <object_component id="oc-d">
         <name>.debug_info</name>
         <load_address>0x13ee1</load_address>
         <run_address>0x13ee1</run_address>
         <size>0x229</size>
         <input_file_ref idref="fl-d5"/>
      </object_component>
      <object_component id="oc-40">
         <name>.debug_info</name>
         <load_address>0x1410a</load_address>
         <run_address>0x1410a</run_address>
         <size>0x60</size>
         <input_file_ref idref="fl-d5"/>
      </object_component>
      <object_component id="oc-177">
         <name>.debug_info</name>
         <load_address>0x1416a</load_address>
         <run_address>0x1416a</run_address>
         <size>0x46</size>
         <input_file_ref idref="fl-d5"/>
      </object_component>
      <object_component id="oc-a3">
         <name>.debug_info</name>
         <load_address>0x141b0</load_address>
         <run_address>0x141b0</run_address>
         <size>0x39</size>
         <input_file_ref idref="fl-d5"/>
      </object_component>
      <object_component id="oc-137">
         <name>.debug_info</name>
         <load_address>0x141e9</load_address>
         <run_address>0x141e9</run_address>
         <size>0xfb</size>
         <input_file_ref idref="fl-d6"/>
      </object_component>
      <object_component id="oc-1dd">
         <name>.debug_info</name>
         <load_address>0x142e4</load_address>
         <run_address>0x142e4</run_address>
         <size>0x30c</size>
         <input_file_ref idref="fl-d8"/>
      </object_component>
      <object_component id="oc-112">
         <name>.debug_info</name>
         <load_address>0x145f0</load_address>
         <run_address>0x145f0</run_address>
         <size>0x1aa</size>
         <input_file_ref idref="fl-d8"/>
      </object_component>
      <object_component id="oc-1d1">
         <name>.debug_info</name>
         <load_address>0x1479a</load_address>
         <run_address>0x1479a</run_address>
         <size>0x171</size>
         <input_file_ref idref="fl-d8"/>
      </object_component>
      <object_component id="oc-1d7">
         <name>.debug_info</name>
         <load_address>0x1490b</load_address>
         <run_address>0x1490b</run_address>
         <size>0x146</size>
         <input_file_ref idref="fl-d8"/>
      </object_component>
      <object_component id="oc-2fd">
         <name>.debug_info</name>
         <load_address>0x14a51</load_address>
         <run_address>0x14a51</run_address>
         <size>0x2c</size>
         <input_file_ref idref="fl-d8"/>
      </object_component>
      <object_component id="oc-1e4">
         <name>.debug_info</name>
         <load_address>0x14a7d</load_address>
         <run_address>0x14a7d</run_address>
         <size>0x268</size>
         <input_file_ref idref="fl-d9"/>
      </object_component>
      <object_component id="oc-118">
         <name>.debug_info</name>
         <load_address>0x14ce5</load_address>
         <run_address>0x14ce5</run_address>
         <size>0x1d6</size>
         <input_file_ref idref="fl-d9"/>
      </object_component>
      <object_component id="oc-4b">
         <name>.debug_info</name>
         <load_address>0x14ebb</load_address>
         <run_address>0x14ebb</run_address>
         <size>0x160</size>
         <input_file_ref idref="fl-da"/>
      </object_component>
      <object_component id="oc-b9">
         <name>.debug_info</name>
         <load_address>0x1501b</load_address>
         <run_address>0x1501b</run_address>
         <size>0x128</size>
         <input_file_ref idref="fl-db"/>
      </object_component>
      <object_component id="oc-271">
         <name>.debug_info</name>
         <load_address>0x15143</load_address>
         <run_address>0x15143</run_address>
         <size>0x88a</size>
         <input_file_ref idref="fl-dc"/>
      </object_component>
      <object_component id="oc-241">
         <name>.debug_info</name>
         <load_address>0x159cd</load_address>
         <run_address>0x159cd</run_address>
         <size>0x1f7</size>
         <input_file_ref idref="fl-dc"/>
      </object_component>
      <object_component id="oc-2c0">
         <name>.debug_info</name>
         <load_address>0x15bc4</load_address>
         <run_address>0x15bc4</run_address>
         <size>0x18c</size>
         <input_file_ref idref="fl-dc"/>
      </object_component>
      <object_component id="oc-2c6">
         <name>.debug_info</name>
         <load_address>0x15d50</load_address>
         <run_address>0x15d50</run_address>
         <size>0x1f4</size>
         <input_file_ref idref="fl-dc"/>
      </object_component>
      <object_component id="oc-247">
         <name>.debug_info</name>
         <load_address>0x15f44</load_address>
         <run_address>0x15f44</run_address>
         <size>0x2ad</size>
         <input_file_ref idref="fl-dc"/>
      </object_component>
      <object_component id="oc-2cd">
         <name>.debug_info</name>
         <load_address>0x161f1</load_address>
         <run_address>0x161f1</run_address>
         <size>0x1fd</size>
         <input_file_ref idref="fl-dc"/>
      </object_component>
      <object_component id="oc-2d3">
         <name>.debug_info</name>
         <load_address>0x163ee</load_address>
         <run_address>0x163ee</run_address>
         <size>0x1ee</size>
         <input_file_ref idref="fl-dc"/>
      </object_component>
      <object_component id="oc-24d">
         <name>.debug_info</name>
         <load_address>0x165dc</load_address>
         <run_address>0x165dc</run_address>
         <size>0x1ee</size>
         <input_file_ref idref="fl-dc"/>
      </object_component>
      <object_component id="oc-253">
         <name>.debug_info</name>
         <load_address>0x167ca</load_address>
         <run_address>0x167ca</run_address>
         <size>0x219</size>
         <input_file_ref idref="fl-dc"/>
      </object_component>
      <object_component id="oc-259">
         <name>.debug_info</name>
         <load_address>0x169e3</load_address>
         <run_address>0x169e3</run_address>
         <size>0x332</size>
         <input_file_ref idref="fl-dc"/>
      </object_component>
      <object_component id="oc-1cb">
         <name>.debug_info</name>
         <load_address>0x16d15</load_address>
         <run_address>0x16d15</run_address>
         <size>0x58b</size>
         <input_file_ref idref="fl-dc"/>
      </object_component>
      <object_component id="oc-272">
         <name>.debug_info</name>
         <load_address>0x172a0</load_address>
         <run_address>0x172a0</run_address>
         <size>0x86</size>
         <input_file_ref idref="fl-dc"/>
      </object_component>
      <object_component id="oc-302">
         <name>.debug_info</name>
         <load_address>0x17326</load_address>
         <run_address>0x17326</run_address>
         <size>0x39</size>
         <input_file_ref idref="fl-dc"/>
      </object_component>
      <object_component id="oc-344">
         <name>.debug_info</name>
         <load_address>0x1735f</load_address>
         <run_address>0x1735f</run_address>
         <size>0xb6</size>
         <input_file_ref idref="fl-dc"/>
      </object_component>
      <object_component id="oc-307">
         <name>.debug_info</name>
         <load_address>0x17415</load_address>
         <run_address>0x17415</run_address>
         <size>0x46</size>
         <input_file_ref idref="fl-dc"/>
      </object_component>
      <object_component id="oc-277">
         <name>.debug_info</name>
         <load_address>0x1745b</load_address>
         <run_address>0x1745b</run_address>
         <size>0x46</size>
         <input_file_ref idref="fl-dc"/>
      </object_component>
      <object_component id="oc-2ad">
         <name>.debug_info</name>
         <load_address>0x174a1</load_address>
         <run_address>0x174a1</run_address>
         <size>0x292</size>
         <input_file_ref idref="fl-dd"/>
      </object_component>
      <object_component id="oc-23b">
         <name>.debug_info</name>
         <load_address>0x17733</load_address>
         <run_address>0x17733</run_address>
         <size>0x155</size>
         <input_file_ref idref="fl-dd"/>
      </object_component>
      <object_component id="oc-311">
         <name>.debug_info</name>
         <load_address>0x17888</load_address>
         <run_address>0x17888</run_address>
         <size>0xd2</size>
         <input_file_ref idref="fl-de"/>
      </object_component>
      <object_component id="oc-2aa">
         <name>.debug_info</name>
         <load_address>0x1795a</load_address>
         <run_address>0x1795a</run_address>
         <size>0xde</size>
         <input_file_ref idref="fl-de"/>
      </object_component>
      <object_component id="oc-321">
         <name>.debug_info</name>
         <load_address>0x17a38</load_address>
         <run_address>0x17a38</run_address>
         <size>0x274</size>
         <input_file_ref idref="fl-df"/>
      </object_component>
      <object_component id="oc-2bb">
         <name>.debug_info</name>
         <load_address>0x17cac</load_address>
         <run_address>0x17cac</run_address>
         <size>0x1be</size>
         <input_file_ref idref="fl-df"/>
      </object_component>
      <object_component id="oc-2ee">
         <name>.debug_info</name>
         <load_address>0x17e6a</load_address>
         <run_address>0x17e6a</run_address>
         <size>0x26f</size>
         <input_file_ref idref="fl-e0"/>
      </object_component>
      <object_component id="oc-25f">
         <name>.debug_info</name>
         <load_address>0x180d9</load_address>
         <run_address>0x180d9</run_address>
         <size>0x18f</size>
         <input_file_ref idref="fl-e0"/>
      </object_component>
      <object_component id="oc-336">
         <name>.debug_info</name>
         <load_address>0x18268</load_address>
         <run_address>0x18268</run_address>
         <size>0x273</size>
         <input_file_ref idref="fl-e1"/>
      </object_component>
      <object_component id="oc-2e7">
         <name>.debug_info</name>
         <load_address>0x184db</load_address>
         <run_address>0x184db</run_address>
         <size>0x1f3</size>
         <input_file_ref idref="fl-e1"/>
      </object_component>
      <object_component id="oc-2f5">
         <name>.debug_info</name>
         <load_address>0x186ce</load_address>
         <run_address>0x186ce</run_address>
         <size>0x268</size>
         <input_file_ref idref="fl-e2"/>
      </object_component>
      <object_component id="oc-265">
         <name>.debug_info</name>
         <load_address>0x18936</load_address>
         <run_address>0x18936</run_address>
         <size>0x133</size>
         <input_file_ref idref="fl-e2"/>
      </object_component>
      <object_component id="oc-339">
         <name>.debug_info</name>
         <load_address>0x18a69</load_address>
         <run_address>0x18a69</run_address>
         <size>0x46</size>
         <input_file_ref idref="fl-e2"/>
      </object_component>
      <object_component id="oc-2f0">
         <name>.debug_info</name>
         <load_address>0x18aaf</load_address>
         <run_address>0x18aaf</run_address>
         <size>0x39</size>
         <input_file_ref idref="fl-e2"/>
      </object_component>
      <object_component id="oc-327">
         <name>.debug_info</name>
         <load_address>0x18ae8</load_address>
         <run_address>0x18ae8</run_address>
         <size>0x273</size>
         <input_file_ref idref="fl-e3"/>
      </object_component>
      <object_component id="oc-2db">
         <name>.debug_info</name>
         <load_address>0x18d5b</load_address>
         <run_address>0x18d5b</run_address>
         <size>0x167</size>
         <input_file_ref idref="fl-e3"/>
      </object_component>
      <object_component id="oc-351">
         <name>.debug_info</name>
         <load_address>0x18ec2</load_address>
         <run_address>0x18ec2</run_address>
         <size>0x39</size>
         <input_file_ref idref="fl-e3"/>
      </object_component>
      <object_component id="oc-328">
         <name>.debug_info</name>
         <load_address>0x18efb</load_address>
         <run_address>0x18efb</run_address>
         <size>0x2c</size>
         <input_file_ref idref="fl-e3"/>
      </object_component>
      <object_component id="oc-334">
         <name>.debug_info</name>
         <load_address>0x18f27</load_address>
         <run_address>0x18f27</run_address>
         <size>0x2d6</size>
         <input_file_ref idref="fl-e4"/>
      </object_component>
      <object_component id="oc-2e4">
         <name>.debug_info</name>
         <load_address>0x191fd</load_address>
         <run_address>0x191fd</run_address>
         <size>0x186</size>
         <input_file_ref idref="fl-e4"/>
      </object_component>
      <object_component id="oc-31e">
         <name>.debug_info</name>
         <load_address>0x19383</load_address>
         <run_address>0x19383</run_address>
         <size>0x12b</size>
         <input_file_ref idref="fl-e5"/>
      </object_component>
      <object_component id="oc-2b4">
         <name>.debug_info</name>
         <load_address>0x194ae</load_address>
         <run_address>0x194ae</run_address>
         <size>0x12d</size>
         <input_file_ref idref="fl-e6"/>
      </object_component>
      <object_component id="oc-2b1">
         <name>.debug_info</name>
         <load_address>0x195db</load_address>
         <run_address>0x195db</run_address>
         <size>0x166</size>
         <input_file_ref idref="fl-e7"/>
      </object_component>
      <object_component id="oc-2fa">
         <name>.debug_info</name>
         <load_address>0x19741</load_address>
         <run_address>0x19741</run_address>
         <size>0x262</size>
         <input_file_ref idref="fl-e8"/>
      </object_component>
      <object_component id="oc-2f7">
         <name>.debug_info</name>
         <load_address>0x199a3</load_address>
         <run_address>0x199a3</run_address>
         <size>0xe7</size>
         <input_file_ref idref="fl-e8"/>
      </object_component>
      <object_component id="oc-26e">
         <name>.debug_info</name>
         <load_address>0x19a8a</load_address>
         <run_address>0x19a8a</run_address>
         <size>0x127</size>
         <input_file_ref idref="fl-e8"/>
      </object_component>
      <object_component id="oc-32f">
         <name>.debug_info</name>
         <load_address>0x19bb1</load_address>
         <run_address>0x19bb1</run_address>
         <size>0x13a</size>
         <input_file_ref idref="fl-e9"/>
      </object_component>
      <object_component id="oc-316">
         <name>.debug_info</name>
         <load_address>0x19ceb</load_address>
         <run_address>0x19ceb</run_address>
         <size>0xf1</size>
         <input_file_ref idref="fl-ea"/>
      </object_component>
      <object_component id="oc-381">
         <name>.debug_info</name>
         <load_address>0x19ddc</load_address>
         <run_address>0x19ddc</run_address>
         <size>0x95</size>
      </object_component>
      <object_component id="oc-210">
         <name>.debug_line</name>
         <load_address>0x0</load_address>
         <run_address>0x0</run_address>
         <size>0x20</size>
         <input_file_ref idref="fl-2"/>
      </object_component>
      <object_component id="oc-d0">
         <name>.debug_line</name>
         <load_address>0x20</load_address>
         <run_address>0x20</run_address>
         <size>0x56</size>
         <input_file_ref idref="fl-2"/>
      </object_component>
      <object_component id="oc-14c">
         <name>.debug_line</name>
         <load_address>0x76</load_address>
         <run_address>0x76</run_address>
         <size>0x72</size>
         <input_file_ref idref="fl-2"/>
      </object_component>
      <object_component id="oc-8b">
         <name>.debug_line</name>
         <load_address>0xe8</load_address>
         <run_address>0xe8</run_address>
         <size>0x5c</size>
         <input_file_ref idref="fl-2"/>
      </object_component>
      <object_component id="oc-9b">
         <name>.debug_line</name>
         <load_address>0x144</load_address>
         <run_address>0x144</run_address>
         <size>0x20</size>
         <input_file_ref idref="fl-2"/>
      </object_component>
      <object_component id="oc-96">
         <name>.debug_line</name>
         <load_address>0x164</load_address>
         <run_address>0x164</run_address>
         <size>0x57</size>
         <input_file_ref idref="fl-2"/>
      </object_component>
      <object_component id="oc-20d">
         <name>.debug_line</name>
         <load_address>0x1bb</load_address>
         <run_address>0x1bb</run_address>
         <size>0x76</size>
         <input_file_ref idref="fl-2"/>
      </object_component>
      <object_component id="oc-145">
         <name>.debug_line</name>
         <load_address>0x231</load_address>
         <run_address>0x231</run_address>
         <size>0x73</size>
         <input_file_ref idref="fl-2"/>
      </object_component>
      <object_component id="oc-a0">
         <name>.debug_line</name>
         <load_address>0x2a4</load_address>
         <run_address>0x2a4</run_address>
         <size>0x5a</size>
         <input_file_ref idref="fl-2"/>
      </object_component>
      <object_component id="oc-151">
         <name>.debug_line</name>
         <load_address>0x2fe</load_address>
         <run_address>0x2fe</run_address>
         <size>0x59</size>
         <input_file_ref idref="fl-2"/>
      </object_component>
      <object_component id="oc-190">
         <name>.debug_line</name>
         <load_address>0x357</load_address>
         <run_address>0x357</run_address>
         <size>0x57</size>
         <input_file_ref idref="fl-2"/>
      </object_component>
      <object_component id="oc-156">
         <name>.debug_line</name>
         <load_address>0x3ae</load_address>
         <run_address>0x3ae</run_address>
         <size>0x57</size>
         <input_file_ref idref="fl-2"/>
      </object_component>
      <object_component id="oc-15b">
         <name>.debug_line</name>
         <load_address>0x405</load_address>
         <run_address>0x405</run_address>
         <size>0x59</size>
         <input_file_ref idref="fl-2"/>
      </object_component>
      <object_component id="oc-160">
         <name>.debug_line</name>
         <load_address>0x45e</load_address>
         <run_address>0x45e</run_address>
         <size>0x57</size>
         <input_file_ref idref="fl-2"/>
      </object_component>
      <object_component id="oc-165">
         <name>.debug_line</name>
         <load_address>0x4b5</load_address>
         <run_address>0x4b5</run_address>
         <size>0x5a</size>
         <input_file_ref idref="fl-2"/>
      </object_component>
      <object_component id="oc-16a">
         <name>.debug_line</name>
         <load_address>0x50f</load_address>
         <run_address>0x50f</run_address>
         <size>0x5a</size>
         <input_file_ref idref="fl-2"/>
      </object_component>
      <object_component id="oc-16f">
         <name>.debug_line</name>
         <load_address>0x569</load_address>
         <run_address>0x569</run_address>
         <size>0x57</size>
         <input_file_ref idref="fl-2"/>
      </object_component>
      <object_component id="oc-285">
         <name>.debug_line</name>
         <load_address>0x5c0</load_address>
         <run_address>0x5c0</run_address>
         <size>0x20</size>
         <input_file_ref idref="fl-3"/>
      </object_component>
      <object_component id="oc-127">
         <name>.debug_line</name>
         <load_address>0x5e0</load_address>
         <run_address>0x5e0</run_address>
         <size>0x732</size>
         <input_file_ref idref="fl-3"/>
      </object_component>
      <object_component id="oc-1f1">
         <name>.debug_line</name>
         <load_address>0xd12</load_address>
         <run_address>0xd12</run_address>
         <size>0x54</size>
         <input_file_ref idref="fl-3"/>
      </object_component>
      <object_component id="oc-195">
         <name>.debug_line</name>
         <load_address>0xd66</load_address>
         <run_address>0xd66</run_address>
         <size>0x58</size>
         <input_file_ref idref="fl-3"/>
      </object_component>
      <object_component id="oc-1af">
         <name>.debug_line</name>
         <load_address>0xdbe</load_address>
         <run_address>0xdbe</run_address>
         <size>0x53</size>
         <input_file_ref idref="fl-5"/>
      </object_component>
      <object_component id="oc-77">
         <name>.debug_line</name>
         <load_address>0xe11</load_address>
         <run_address>0xe11</run_address>
         <size>0x365</size>
         <input_file_ref idref="fl-5"/>
      </object_component>
      <object_component id="oc-23">
         <name>.debug_line</name>
         <load_address>0x1176</load_address>
         <run_address>0x1176</run_address>
         <size>0x7c</size>
         <input_file_ref idref="fl-5"/>
      </object_component>
      <object_component id="oc-d7">
         <name>.debug_line</name>
         <load_address>0x11f2</load_address>
         <run_address>0x11f2</run_address>
         <size>0x53</size>
         <input_file_ref idref="fl-5"/>
      </object_component>
      <object_component id="oc-283">
         <name>.debug_line</name>
         <load_address>0x1245</load_address>
         <run_address>0x1245</run_address>
         <size>0x20</size>
         <input_file_ref idref="fl-6"/>
      </object_component>
      <object_component id="oc-121">
         <name>.debug_line</name>
         <load_address>0x1265</load_address>
         <run_address>0x1265</run_address>
         <size>0x7a3</size>
         <input_file_ref idref="fl-6"/>
      </object_component>
      <object_component id="oc-1ea">
         <name>.debug_line</name>
         <load_address>0x1a08</load_address>
         <run_address>0x1a08</run_address>
         <size>0x55</size>
         <input_file_ref idref="fl-6"/>
      </object_component>
      <object_component id="oc-19a">
         <name>.debug_line</name>
         <load_address>0x1a5d</load_address>
         <run_address>0x1a5d</run_address>
         <size>0x59</size>
         <input_file_ref idref="fl-6"/>
      </object_component>
      <object_component id="oc-1ac">
         <name>.debug_line</name>
         <load_address>0x1ab6</load_address>
         <run_address>0x1ab6</run_address>
         <size>0x5a</size>
         <input_file_ref idref="fl-6"/>
      </object_component>
      <object_component id="oc-187">
         <name>.debug_line</name>
         <load_address>0x1b10</load_address>
         <run_address>0x1b10</run_address>
         <size>0x20</size>
         <input_file_ref idref="fl-8"/>
      </object_component>
      <object_component id="oc-6b">
         <name>.debug_line</name>
         <load_address>0x1b30</load_address>
         <run_address>0x1b30</run_address>
         <size>0x119</size>
         <input_file_ref idref="fl-8"/>
      </object_component>
      <object_component id="oc-18b">
         <name>.debug_line</name>
         <load_address>0x1c49</load_address>
         <run_address>0x1c49</run_address>
         <size>0x57</size>
         <input_file_ref idref="fl-8"/>
      </object_component>
      <object_component id="oc-c4">
         <name>.debug_line</name>
         <load_address>0x1ca0</load_address>
         <run_address>0x1ca0</run_address>
         <size>0x57</size>
         <input_file_ref idref="fl-8"/>
      </object_component>
      <object_component id="oc-19f">
         <name>.debug_line</name>
         <load_address>0x1cf7</load_address>
         <run_address>0x1cf7</run_address>
         <size>0x57</size>
         <input_file_ref idref="fl-8"/>
      </object_component>
      <object_component id="oc-238">
         <name>.debug_line</name>
         <load_address>0x1d4e</load_address>
         <run_address>0x1d4e</run_address>
         <size>0x53</size>
         <input_file_ref idref="fl-8"/>
      </object_component>
      <object_component id="oc-ca">
         <name>.debug_line</name>
         <load_address>0x1da1</load_address>
         <run_address>0x1da1</run_address>
         <size>0xdc</size>
         <input_file_ref idref="fl-9"/>
      </object_component>
      <object_component id="oc-22f">
         <name>.debug_line</name>
         <load_address>0x1e7d</load_address>
         <run_address>0x1e7d</run_address>
         <size>0x6c</size>
         <input_file_ref idref="fl-a"/>
      </object_component>
      <object_component id="oc-22d">
         <name>.debug_line</name>
         <load_address>0x1ee9</load_address>
         <run_address>0x1ee9</run_address>
         <size>0x36</size>
         <input_file_ref idref="fl-a"/>
      </object_component>
      <object_component id="oc-10f">
         <name>.debug_line</name>
         <load_address>0x1f1f</load_address>
         <run_address>0x1f1f</run_address>
         <size>0x2c0</size>
         <input_file_ref idref="fl-a"/>
      </object_component>
      <object_component id="oc-233">
         <name>.debug_line</name>
         <load_address>0x21df</load_address>
         <run_address>0x21df</run_address>
         <size>0x36</size>
         <input_file_ref idref="fl-a"/>
      </object_component>
      <object_component id="oc-66">
         <name>.debug_line</name>
         <load_address>0x2215</load_address>
         <run_address>0x2215</run_address>
         <size>0x2f2</size>
         <input_file_ref idref="fl-b"/>
      </object_component>
      <object_component id="oc-2c">
         <name>.debug_line</name>
         <load_address>0x2507</load_address>
         <run_address>0x2507</run_address>
         <size>0x52</size>
         <input_file_ref idref="fl-d"/>
      </object_component>
      <object_component id="oc-1f6">
         <name>.debug_line</name>
         <load_address>0x2559</load_address>
         <run_address>0x2559</run_address>
         <size>0x172</size>
         <input_file_ref idref="fl-e"/>
      </object_component>
      <object_component id="oc-1f4">
         <name>.debug_line</name>
         <load_address>0x26cb</load_address>
         <run_address>0x26cb</run_address>
         <size>0x3b</size>
         <input_file_ref idref="fl-e"/>
      </object_component>
      <object_component id="oc-1ff">
         <name>.debug_line</name>
         <load_address>0x2706</load_address>
         <run_address>0x2706</run_address>
         <size>0x3b</size>
         <input_file_ref idref="fl-e"/>
      </object_component>
      <object_component id="oc-1fd">
         <name>.debug_line</name>
         <load_address>0x2741</load_address>
         <run_address>0x2741</run_address>
         <size>0x3b</size>
         <input_file_ref idref="fl-e"/>
      </object_component>
      <object_component id="oc-83">
         <name>.debug_line</name>
         <load_address>0x277c</load_address>
         <run_address>0x277c</run_address>
         <size>0x136</size>
         <input_file_ref idref="fl-e"/>
      </object_component>
      <object_component id="oc-1fa">
         <name>.debug_line</name>
         <load_address>0x28b2</load_address>
         <run_address>0x28b2</run_address>
         <size>0x6d</size>
         <input_file_ref idref="fl-e"/>
      </object_component>
      <object_component id="oc-1e1">
         <name>.debug_line</name>
         <load_address>0x291f</load_address>
         <run_address>0x291f</run_address>
         <size>0x6e</size>
         <input_file_ref idref="fl-e"/>
      </object_component>
      <object_component id="oc-7d">
         <name>.debug_line</name>
         <load_address>0x298d</load_address>
         <run_address>0x298d</run_address>
         <size>0x1f3</size>
         <input_file_ref idref="fl-f"/>
      </object_component>
      <object_component id="oc-295">
         <name>.debug_line</name>
         <load_address>0x2b80</load_address>
         <run_address>0x2b80</run_address>
         <size>0x20</size>
         <input_file_ref idref="fl-10"/>
      </object_component>
      <object_component id="oc-1a7">
         <name>.debug_line</name>
         <load_address>0x2ba0</load_address>
         <run_address>0x2ba0</run_address>
         <size>0x57</size>
         <input_file_ref idref="fl-10"/>
      </object_component>
      <object_component id="oc-31">
         <name>.debug_line</name>
         <load_address>0x2bf7</load_address>
         <run_address>0x2bf7</run_address>
         <size>0x4e</size>
         <input_file_ref idref="fl-11"/>
      </object_component>
      <object_component id="oc-1d">
         <name>.debug_line</name>
         <load_address>0x2c45</load_address>
         <run_address>0x2c45</run_address>
         <size>0x7b</size>
         <input_file_ref idref="fl-14"/>
      </object_component>
      <object_component id="oc-148">
         <name>.debug_line</name>
         <load_address>0x2cc0</load_address>
         <run_address>0x2cc0</run_address>
         <size>0x8a</size>
         <input_file_ref idref="fl-15"/>
      </object_component>
      <object_component id="oc-8e">
         <name>.debug_line</name>
         <load_address>0x2d4a</load_address>
         <run_address>0x2d4a</run_address>
         <size>0x3a</size>
         <input_file_ref idref="fl-15"/>
      </object_component>
      <object_component id="oc-38">
         <name>.debug_line</name>
         <load_address>0x2d84</load_address>
         <run_address>0x2d84</run_address>
         <size>0x1b2</size>
         <input_file_ref idref="fl-15"/>
      </object_component>
      <object_component id="oc-3d">
         <name>.debug_line</name>
         <load_address>0x2f36</load_address>
         <run_address>0x2f36</run_address>
         <size>0xbc</size>
         <input_file_ref idref="fl-15"/>
      </object_component>
      <object_component id="oc-174">
         <name>.debug_line</name>
         <load_address>0x2ff2</load_address>
         <run_address>0x2ff2</run_address>
         <size>0x3a</size>
         <input_file_ref idref="fl-15"/>
      </object_component>
      <object_component id="oc-1a3">
         <name>.debug_line</name>
         <load_address>0x302c</load_address>
         <run_address>0x302c</run_address>
         <size>0x8e</size>
         <input_file_ref idref="fl-16"/>
      </object_component>
      <object_component id="oc-71">
         <name>.debug_line</name>
         <load_address>0x30ba</load_address>
         <run_address>0x30ba</run_address>
         <size>0x21e</size>
         <input_file_ref idref="fl-16"/>
      </object_component>
      <object_component id="oc-2a8">
         <name>.debug_line</name>
         <load_address>0x32d8</load_address>
         <run_address>0x32d8</run_address>
         <size>0x20</size>
         <input_file_ref idref="fl-d0"/>
      </object_component>
      <object_component id="oc-1c3">
         <name>.debug_line</name>
         <load_address>0x32f8</load_address>
         <run_address>0x32f8</run_address>
         <size>0xc0</size>
         <input_file_ref idref="fl-d0"/>
      </object_component>
      <object_component id="oc-48">
         <name>.debug_line</name>
         <load_address>0x33b8</load_address>
         <run_address>0x33b8</run_address>
         <size>0x20</size>
         <input_file_ref idref="fl-d0"/>
      </object_component>
      <object_component id="oc-2a5">
         <name>.debug_line</name>
         <load_address>0x33d8</load_address>
         <run_address>0x33d8</run_address>
         <size>0x76</size>
         <input_file_ref idref="fl-d0"/>
      </object_component>
      <object_component id="oc-229">
         <name>.debug_line</name>
         <load_address>0x344e</load_address>
         <run_address>0x344e</run_address>
         <size>0x73</size>
         <input_file_ref idref="fl-d0"/>
      </object_component>
      <object_component id="oc-213">
         <name>.debug_line</name>
         <load_address>0x34c1</load_address>
         <run_address>0x34c1</run_address>
[...]
         <value>0x73a4</value>
         <object_component_ref idref="oc-62"/>
      </symbol>
      <symbol id="sm-42d">
         <name>_memInit_</name>
         <value>0x7450</value>
         <object_component_ref idref="oc-62"/>
      </symbol>
      <symbol id="sm-42e">
         <name>_dCacheInvalidate_</name>
         <value>0x750c</value>
         <object_component_ref idref="oc-62"/>
      </symbol>
      <symbol id="sm-42f">
         <name>_coreGetDataFaultAddress_</name>
         <value>0x7360</value>
         <object_component_ref idref="oc-62"/>
      </symbol>
      <symbol id="sm-430">
         <name>_coreClearInstructionFault_</name>
         <value>0x7354</value>
         <object_component_ref idref="oc-62"/>
      </symbol>
      <symbol id="sm-431">
         <name>_getCPSRValue_</name>
         <value>0x72d0</value>
         <object_component_ref idref="oc-62"/>
      </symbol>
      <symbol id="sm-432">
         <name>_cacheDisable_</name>
         <value>0x74e8</value>
         <object_component_ref idref="oc-62"/>
      </symbol>
      <symbol id="sm-433">
         <name>_enable_IRQ_interrupt_</name>
         <value>0x73b8</value>
         <object_component_ref idref="oc-62"/>
      </symbol>
      <symbol id="sm-434">
         <name>__TI_PINIT_Limit</name>
         <value>0x7538</value>
         <object_component_ref idref="oc-62"/>
      </symbol>
      <symbol id="sm-435">
         <name>_coreGetAuxiliaryInstructionFault_</name>
         <value>0x739c</value>
         <object_component_ref idref="oc-62"/>
      </symbol>
      <symbol id="sm-436">
         <name>_coreInitStackPointer_</name>
         <value>0x7284</value>
         <object_component_ref idref="oc-62"/>
      </symbol>
      <symbol id="sm-437">
         <name>_esmCcmErrorsClear_</name>
         <value>0x73c8</value>
         <object_component_ref idref="oc-62"/>
      </symbol>
      <symbol id="sm-438">
         <name>_gotoCPUIdle_</name>
         <value>0x72d8</value>
         <object_component_ref idref="oc-62"/>
      </symbol>
      <symbol id="sm-439">
         <name>_coreEnableIrqVicOffset_</name>
         <value>0x7328</value>
         <object_component_ref idref="oc-62"/>
      </symbol>
      <symbol id="sm-43a">
         <name>_coreGetInstructionFault_</name>
         <value>0x734c</value>
         <object_component_ref idref="oc-62"/>
      </symbol>
      <symbol id="sm-43b">
         <name>_cacheEnable_</name>
         <value>0x74a4</value>
         <object_component_ref idref="oc-62"/>
      </symbol>
      <symbol id="sm-43c">
         <name>_coreEnableVfp_</name>
         <value>0x72f0</value>
         <object_component_ref idref="oc-62"/>
      </symbol>
      <symbol id="sm-43d">
         <name>_coreClearAuxiliaryDataFault_</name>
         <value>0x7390</value>
         <object_component_ref idref="oc-62"/>
      </symbol>
      <symbol id="sm-43e">
         <name>_coreEnableEventBusExport_</name>
         <value>0x7308</value>
         <object_component_ref idref="oc-62"/>
      </symbol>
      <symbol id="sm-43f">
         <name>_checkMemInitOn_</name>
         <value>0x7484</value>
         <object_component_ref idref="oc-62"/>
      </symbol>
      <symbol id="sm-44d">
         <name>resetEntry</name>
         <value>0x0</value>
         <object_component_ref idref="oc-28"/>
      </symbol>
      <symbol id="sm-4cb">
         <name>buf_len</name>
         <value>0x8001638</value>
      </symbol>
      <symbol id="sm-4cc">
         <name>deltaT</name>
         <value>0x80015b8</value>
         <object_component_ref idref="oc-12f"/>
      </symbol>
      <symbol id="sm-4cd">
         <name>deltapos</name>
         <value>0x80015b4</value>
         <object_component_ref idref="oc-12f"/>
      </symbol>
      <symbol id="sm-4ce">
         <name>pwmout</name>
         <value>0x8001590</value>
         <object_component_ref idref="oc-12f"/>
      </symbol>
      <symbol id="sm-4cf">
         <name>rpm</name>
         <value>0x80015c4</value>
         <object_component_ref idref="oc-12f"/>
      </symbol>
      <symbol id="sm-4d0">
         <name>k</name>
         <value>0x80015cc</value>
         <object_component_ref idref="oc-132"/>
      </symbol>
      <symbol id="sm-4d1">
         <name>Derror</name>
         <value>0x80015a8</value>
         <object_component_ref idref="oc-12f"/>
      </symbol>
      <symbol id="sm-4d2">
         <name>Ierror</name>
         <value>0x80015a4</value>
         <object_component_ref idref="oc-12f"/>
      </symbol>
      <symbol id="sm-4d3">
         <name>Perror</name>
         <value>0x80015a0</value>
         <object_component_ref idref="oc-12f"/>
      </symbol>
      <symbol id="sm-4d4">
         <name>buf</name>
         <value>0x8001500</value>
         <object_component_ref idref="oc-129"/>
      </symbol>
      <symbol id="sm-4d5">
         <name>catch_command</name>
         <value>0x68d8</value>
         <object_component_ref idref="oc-7f"/>
      </symbol>
      <symbol id="sm-4d6">
         <name>Ang_velocity</name>
         <value>0x80015bc</value>
         <object_component_ref idref="oc-12f"/>
      </symbol>
      <symbol id="sm-4d7">
         <name>main</name>
         <value>0x62a4</value>
         <object_component_ref idref="oc-7f"/>
      </symbol>
      <symbol id="sm-4d8">
         <name>velocity</name>
         <value>0x80015c0</value>
         <object_component_ref idref="oc-12f"/>
      </symbol>
      <symbol id="sm-4d9">
         <name>e_old</name>
         <value>0x8001588</value>
         <object_component_ref idref="oc-12f"/>
      </symbol>
      <symbol id="sm-4da">
         <name>sci_display</name>
         <value>0x681c</value>
         <object_component_ref idref="oc-7f"/>
      </symbol>
      <symbol id="sm-4db">
         <name>kp</name>
         <value>0x8001594</value>
         <object_component_ref idref="oc-12f"/>
      </symbol>
      <symbol id="sm-4dc">
         <name>ki</name>
         <value>0x8001598</value>
         <object_component_ref idref="oc-12f"/>
      </symbol>
      <symbol id="sm-4dd">
         <name>kd</name>
         <value>0x800159c</value>
         <object_component_ref idref="oc-12f"/>
      </symbol>
      <symbol id="sm-4de">
         <name>setpos</name>
         <value>0x800158c</value>
         <object_component_ref idref="oc-12f"/>
      </symbol>
      <symbol id="sm-4df">
         <name>e_set</name>
         <value>0x8001580</value>
         <object_component_ref idref="oc-12f"/>
      </symbol>
      <symbol id="sm-4e0">
         <name>unit_time</name>
         <value>0x80015b0</value>
         <object_component_ref idref="oc-12f"/>
      </symbol>
      <symbol id="sm-4e1">
         <name>wait</name>
         <value>0x687c</value>
         <object_component_ref idref="oc-7f"/>
      </symbol>
      <symbol id="sm-4e2">
         <name>PID_value</name>
         <value>0x80015ac</value>
         <object_component_ref idref="oc-12f"/>
      </symbol>
      <symbol id="sm-4e3">
         <name>e_input</name>
         <value>0x8001584</value>
         <object_component_ref idref="oc-12f"/>
      </symbol>
      <symbol id="sm-4e4">
         <name>flag</name>
         <value>0x80015c8</value>
         <object_component_ref idref="oc-12f"/>
      </symbol>
      <symbol id="sm-4ff">
         <name>_mpuSetRegionBaseAddress_</name>
         <value>0x786c</value>
         <object_component_ref idref="oc-79"/>
      </symbol>
      <symbol id="sm-500">
         <name>_mpuInit_</name>
         <value>0x753c</value>
         <object_component_ref idref="oc-79"/>
      </symbol>
      <symbol id="sm-501">
         <name>_mpuSetRegionSizeRegister_</name>
         <value>0x78a0</value>
         <object_component_ref idref="oc-79"/>
      </symbol>
      <symbol id="sm-502">
         <name>_mpuDisableBackgroundRegion_</name>
         <value>0x7834</value>
         <object_component_ref idref="oc-79"/>
      </symbol>
      <symbol id="sm-503">
         <name>_mpuSetRegionTypeAndPermission_</name>
         <value>0x787c</value>
         <object_component_ref idref="oc-79"/>
      </symbol>
      <symbol id="sm-504">
         <name>_mpuGetRegionPermission_</name>
         <value>0x7894</value>
         <object_component_ref idref="oc-79"/>
      </symbol>
      <symbol id="sm-505">
         <name>_mpuEnable_</name>
         <value>0x77f4</value>
         <object_component_ref idref="oc-79"/>
      </symbol>
      <symbol id="sm-506">
         <name>_mpuGetNumberOfRegions_</name>
         <value>0x7844</value>
         <object_component_ref idref="oc-79"/>
      </symbol>
      <symbol id="sm-507">
         <name>_mpuAreRegionsSeparate_</name>
         <value>0x7850</value>
         <object_component_ref idref="oc-79"/>
      </symbol>
      <symbol id="sm-508">
         <name>_mpuEnableBackgroundRegion_</name>
         <value>0x7824</value>
         <object_component_ref idref="oc-79"/>
      </symbol>
      <symbol id="sm-509">
         <name>_mpuGetRegionType_</name>
         <value>0x7888</value>
         <object_component_ref idref="oc-79"/>
      </symbol>
      <symbol id="sm-50a">
         <name>_mpuDisable_</name>
         <value>0x780c</value>
         <object_component_ref idref="oc-79"/>
      </symbol>
      <symbol id="sm-50b">
         <name>_mpuGetRegionBaseAddress_</name>
         <value>0x7874</value>
         <object_component_ref idref="oc-79"/>
      </symbol>
      <symbol id="sm-50c">
         <name>_mpuSetRegion_</name>
         <value>0x785c</value>
         <object_component_ref idref="oc-79"/>
      </symbol>
      <symbol id="sm-50d">
         <name>_mpuGetRegion_</name>
         <value>0x7864</value>
         <object_component_ref idref="oc-79"/>
      </symbol>
      <symbol id="sm-520">
         <name>phantomInterrupt</name>
         <value>0x95e4</value>
         <object_component_ref idref="oc-2d"/>
      </symbol>
      <symbol id="sm-534">
         <name>_c_int00</name>
         <value>0x8d94</value>
         <object_component_ref idref="oc-19"/>
      </symbol>
      <symbol id="sm-5d7">
         <name>vimChannelMap</name>
         <value>0x5178</value>
         <object_component_ref idref="oc-34"/>
      </symbol>
      <symbol id="sm-5d8">
         <name>vimInit</name>
         <value>0x50a4</value>
         <object_component_ref idref="oc-34"/>
      </symbol>
      <symbol id="sm-5d9">
         <name>vimEnableInterrupt</name>
         <value>0x521c</value>
         <object_component_ref idref="oc-34"/>
      </symbol>
      <symbol id="sm-5da">
         <name>vimDisableInterrupt</name>
         <value>0x53e4</value>
         <object_component_ref idref="oc-34"/>
      </symbol>
      <symbol id="sm-5db">
         <name>vimGetConfigValue</name>
         <value>0x5490</value>
         <object_component_ref idref="oc-34"/>
      </symbol>
      <symbol id="sm-5dc">
         <name>vimECCErrorHandler</name>
         <value>0x78a8</value>
         <object_component_ref idref="oc-33"/>
      </symbol>
      <symbol id="sm-62a">
         <name>systemGetConfigValue</name>
         <value>0x4bdc</value>
         <object_component_ref idref="oc-6d"/>
      </symbol>
      <symbol id="sm-62b">
         <name>trimLPO</name>
         <value>0x47a8</value>
         <object_component_ref idref="oc-6d"/>
      </symbol>
      <symbol id="sm-62c">
         <name>systemInit</name>
         <value>0x4a10</value>
         <object_component_ref idref="oc-6d"/>
      </symbol>
      <symbol id="sm-62d">
         <name>periphInit</name>
         <value>0x4830</value>
         <object_component_ref idref="oc-6d"/>
      </symbol>
      <symbol id="sm-62e">
         <name>setupFlash</name>
         <value>0x47f0</value>
         <object_component_ref idref="oc-6d"/>
      </symbol>
      <symbol id="sm-62f">
         <name>setupPLL</name>
         <value>0x4748</value>
         <object_component_ref idref="oc-6d"/>
      </symbol>
      <symbol id="sm-630">
         <name>getResetSource</name>
         <value>0x4ab4</value>
         <object_component_ref idref="oc-6d"/>
      </symbol>
      <symbol id="sm-631">
         <name>mapClocks</name>
         <value>0x48e4</value>
         <object_component_ref idref="oc-6d"/>
      </symbol>
      <symbol id="sm-632">
         <name>systemPowerDown</name>
         <value>0x4a84</value>
         <object_component_ref idref="oc-6d"/>
      </symbol>
      <symbol id="sm-65b">
         <name>floorl</name>
         <value>0x8958</value>
         <object_component_ref idref="oc-1bf"/>
      </symbol>
      <symbol id="sm-65c">
         <name>floor</name>
         <value>0x8958</value>
         <object_component_ref idref="oc-1bf"/>
      </symbol>
      <symbol id="sm-684">
         <name>__TI_auto_init_nobinit_nopinit</name>
         <value>0x92d0</value>
         <object_component_ref idref="oc-db"/>
      </symbol>
      <symbol id="sm-69d">
         <name>__TI_zero_init_nomemset</name>
         <value>0x954c</value>
         <object_component_ref idref="oc-56"/>
      </symbol>
      <symbol id="sm-6b4">
         <name>__TI_decompress_none</name>
         <value>0x95bc</value>
         <object_component_ref idref="oc-12"/>
      </symbol>
      <symbol id="sm-6d7">
         <name>__TI_decompress_lzss</name>
         <value>0x903c</value>
         <object_component_ref idref="oc-c"/>
      </symbol>
      <symbol id="sm-6e2">
         <name>C$$EXIT</name>
         <value>0x95dc</value>
         <object_component_ref idref="oc-136"/>
      </symbol>
      <symbol id="sm-6e3">
         <name>abort</name>
         <value>0x95dc</value>
         <object_component_ref idref="oc-136"/>
      </symbol>
      <symbol id="sm-70b">
         <name>sprintf</name>
         <value>0x939c</value>
         <object_component_ref idref="oc-111"/>
      </symbol>
      <symbol id="sm-719">
         <name>strlen</name>
         <value>0x956c</value>
         <object_component_ref idref="oc-117"/>
      </symbol>
      <symbol id="sm-732">
         <name>memcpy</name>
         <value>0x83c0</value>
         <object_component_ref idref="oc-4a"/>
      </symbol>
      <symbol id="sm-733">
         <name>__aeabi_memcpy</name>
         <value>0x83c0</value>
         <object_component_ref idref="oc-4a"/>
      </symbol>
      <symbol id="sm-734">
         <name>__aeabi_memcpy8</name>
         <value>0x83c0</value>
         <object_component_ref idref="oc-4a"/>
      </symbol>
      <symbol id="sm-735">
         <name>__aeabi_memcpy4</name>
         <value>0x83c0</value>
         <object_component_ref idref="oc-4a"/>
      </symbol>
      <symbol id="sm-744">
         <name>__aeabi_memset</name>
         <value>0x8e4c</value>
         <object_component_ref idref="oc-b8"/>
      </symbol>
      <symbol id="sm-745">
         <name>memset</name>
         <value>0x8e58</value>
         <object_component_ref idref="oc-b8"/>
      </symbol>
      <symbol id="sm-746">
         <name>__aeabi_memset8</name>
         <value>0x8e4c</value>
         <object_component_ref idref="oc-b8"/>
      </symbol>
      <symbol id="sm-747">
         <name>__aeabi_memset4</name>
         <value>0x8e4c</value>
         <object_component_ref idref="oc-b8"/>
      </symbol>
      <symbol id="sm-748">
         <name>__aeabi_memclr8</name>
         <value>0x8e48</value>
         <object_component_ref idref="oc-b8"/>
      </symbol>
      <symbol id="sm-749">
         <name>__aeabi_memclr4</name>
         <value>0x8e48</value>
         <object_component_ref idref="oc-b8"/>
      </symbol>
      <symbol id="sm-74a">
         <name>__aeabi_memclr</name>
         <value>0x8e48</value>
         <object_component_ref idref="oc-b8"/>
      </symbol>
      <symbol id="sm-88f">
         <name>__TI_printfi</name>
         <value>0x2198</value>
         <object_component_ref idref="oc-1ca"/>
      </symbol>
      <symbol id="sm-8a2">
         <name>atoi</name>
         <value>0x9158</value>
         <object_component_ref idref="oc-23a"/>
      </symbol>
      <symbol id="sm-8ad">
         <name>_ctypes_</name>
         <value>0x9800</value>
         <object_component_ref idref="oc-2a9"/>
      </symbol>
      <symbol id="sm-8bb">
         <name>ltoa</name>
         <value>0x91dc</value>
         <object_component_ref idref="oc-2b9"/>
      </symbol>
      <symbol id="sm-8ca">
         <name>memccpy</name>
         <value>0x94d4</value>
         <object_component_ref idref="oc-25e"/>
      </symbol>
      <symbol id="sm-8d8">
         <name>strchr</name>
         <value>0x9500</value>
         <object_component_ref idref="oc-2e6"/>
      </symbol>
      <symbol id="sm-8f0">
         <name>wcslen</name>
         <value>0x9528</value>
         <object_component_ref idref="oc-264"/>
      </symbol>
      <symbol id="sm-90d">
         <name>frexpl</name>
         <value>0x90cc</value>
         <object_component_ref idref="oc-2da"/>
      </symbol>
      <symbol id="sm-90e">
         <name>frexp</name>
         <value>0x90cc</value>
         <object_component_ref idref="oc-2da"/>
      </symbol>
      <symbol id="sm-928">
         <name>scalbn</name>
         <value>0x8a94</value>
         <object_component_ref idref="oc-2e0"/>
      </symbol>
      <symbol id="sm-929">
         <name>scalbnl</name>
         <value>0x8a94</value>
         <object_component_ref idref="oc-2e0"/>
      </symbol>
      <symbol id="sm-92a">
         <name>ldexpl</name>
         <value>0x8a94</value>
         <object_component_ref idref="oc-2e0"/>
      </symbol>
      <symbol id="sm-92b">
         <name>ldexp</name>
         <value>0x8a94</value>
         <object_component_ref idref="oc-2e0"/>
      </symbol>
      <symbol id="sm-937">
         <name>__aeabi_idivmod</name>
         <value>0x9400</value>
         <object_component_ref idref="oc-31b"/>
      </symbol>
      <symbol id="sm-938">
         <name>__aeabi_idiv</name>
         <value>0x9400</value>
         <object_component_ref idref="oc-31b"/>
      </symbol>
      <symbol id="sm-944">
         <name>__aeabi_uidivmod</name>
         <value>0x9454</value>
         <object_component_ref idref="oc-2b3"/>
      </symbol>
      <symbol id="sm-945">
         <name>__aeabi_uidiv</name>
         <value>0x9454</value>
         <object_component_ref idref="oc-2b3"/>
      </symbol>
      <symbol id="sm-961">
         <name>__aeabi_uldivmod</name>
         <value>0x7ec0</value>
         <object_component_ref idref="oc-2ae"/>
      </symbol>
      <symbol id="sm-977">
         <name>__aeabi_errno_addr</name>
         <value>0x95d0</value>
         <object_component_ref idref="oc-26a"/>
      </symbol>
      <symbol id="sm-978">
         <name>errno</name>
         <value>0x80015e4</value>
         <object_component_ref idref="oc-2f6"/>
      </symbol>
      <symbol id="sm-982">
         <name>copysign</name>
         <value>0x958c</value>
         <object_component_ref idref="oc-32d"/>
      </symbol>
      <symbol id="sm-983">
         <name>copysignl</name>
         <value>0x958c</value>
         <object_component_ref idref="oc-32d"/>
      </symbol>
      <symbol id="sm-98d">
         <name>__aeabi_idiv0</name>
         <value>0x95e8</value>
         <object_component_ref idref="oc-315"/>
      </symbol>
      <symbol id="sm-98e">
         <name>__aeabi_ldiv0</name>
         <value>0x95e8</value>
         <object_component_ref idref="oc-315"/>
      </symbol>
      <symbol id="sm-98f">
         <name>__TI_static_base__</name>
         <value>0x0</value>
      </symbol>
      <symbol id="sm-992">
         <name>SHT$$INIT_ARRAY$$Base</name>
         <value>0x0</value>
      </symbol>
      <symbol id="sm-993">
         <name>SHT$$INIT_ARRAY$$Limit</name>
         <value>0x0</value>
      </symbol>
      <symbol id="sm-994">
         <name>_system_post_cinit</name>
         <value>0x0</value>
      </symbol>
   </symbol_table>
   <title>Link successful</title>
</link_info>
