******************************************************************************
                  TI ARM Linker Unix v18.1.4                   
******************************************************************************
>> Linked Wed Apr 24 14:48:58 2019

OUTPUT FILE NAME:   <ir_buttons_test.out>
ENTRY POINT SYMBOL: "_c_int00"  address: 0000888c


MEMORY CONFIGURATION

         name            origin    length      used     unused   attr    fill
----------------------  --------  ---------  --------  --------  ----  --------
  VECTORS               00000000   00000020  00000020  00000000     X
  FLASH0                00000020   001fffe0  00009964  001f667c  R  X
  FLASH1                00200000   00200000  00000000  00200000  R  X
  STACKS                08000000   00001500  00000000  00001500  RW  
  RAM                   08001500   0007eb00  000001f8  0007e908  RW  


SEGMENT ALLOCATION MAP

run origin  load origin   length   init length attrs members
----------  ----------- ---------- ----------- ----- -------
00000000    00000000    0000924c   0000924c    r-x
  00000000    00000000    00000020   00000020    r-x .intvecs
  00000020    00000020    0000922c   0000922c    r-x .text
00009260    00009260    000006f8   000006f8    r--
  00009260    00009260    000006f8   000006f8    r-- .const
00009960    00009960    00000040   00000040    r--
  00009960    00009960    00000040   00000040    r-- .cinit
08001500    08001500    000001f8   00000000    rw-
  08001500    08001500    000001a4   00000000    rw- .data
  080016a4    080016a4    00000054   00000000    rw- .bss


SECTION ALLOCATION MAP

 output                                  attributes/
section   page    origin      length       input sections
--------  ----  ----------  ----------   ----------------
.intvecs   0    00000000    00000020     
                  00000000    00000020     HL_sys_intvecs.obj (.intvecs)

.text      0    00000020    0000922c     
                  00000020    00001468     HL_sys_main.obj (.text)
                  00001488    00000f9c     rtsv7R4_A_be_v3D16_eabi.lib : _printfi.c.obj (.text:__TI_printfi)
                  00002424    000009c0     HL_pinmux.obj (.text)
                  00002de4    00000994     HL_system.obj (.text)
                  00003778    00000938     HL_sys_vim.obj (.text)
                  000040b0    000008f8     HL_het.obj (.text)
                  000049a8    00000870     HL_sci.obj (.text)
                  00005218    000007d0     rtsv7R4_A_be_v3D16_eabi.lib : e_pow.c.obj (.text:pow)
                  000059e8    0000078c     HL_esm.obj (.text)
                  00006174    00000664     HL_errata_SSWF021_45.obj (.text)
                  000067d8    00000484     HL_gio.obj (.text)
                  00006c5c    000003c4     HL_sys_core.obj (.text)
                  00007020    0000036c     HL_sys_mpu.obj (.text)
                  0000738c    0000033c     HL_sys_vim.obj (.text:retain)
                  000076c8    000002dc     rtsv7R4_A_be_v3D16_eabi.lib : _printfi.c.obj (.text:_pconv_a)
                  000079a4    000002b8                                 : ull_div32.asm.obj (.text)
                  00007c5c    00000248                                 : _printfi.c.obj (.text:_pconv_g)
                  00007ea4    00000180                                 : memcpy32.asm.obj (.text)
                  00008024    00000178     HL_esm.obj (.text:retain)
                  0000819c    0000015c     rtsv7R4_A_be_v3D16_eabi.lib : _printfi.c.obj (.text:_pconv_e)
                  000082f8    00000144                                 : _printfi.c.obj (.text:fcvt)
                  0000843c    0000013c                                 : s_floor.c.obj (.text:floor)
                  00008578    00000120                                 : s_scalbn.c.obj (.text:scalbn)
                  00008698    00000115                                 : _printfi.c.obj (.text:_ltostr)
                  000087ad    00000003     --HOLE-- [fill = 0]
                  000087b0    000000dc     HL_notification.obj (.text)
                  0000888c    000000d8     HL_sys_startup.obj (.text:retain)
                  00008964    000000c8     rtsv7R4_A_be_v3D16_eabi.lib : _printfi.c.obj (.text:_mcpy)
                  00008a2c    000000b0                                 : memset32.asm.obj (.text)
                  00008adc    00000098                                 : _printfi.c.obj (.text:_ecpy)
                  00008b74    00000098     HL_gio.obj (.text:retain)
                  00008c0c    00000090     rtsv7R4_A_be_v3D16_eabi.lib : copy_decompress_lzss.c.obj (.text:decompress:lzss:__TI_decompress_lzss)
                  00008c9c    0000008c                                 : s_frexp.c.obj (.text:frexp)
                  00008d28    00000084                                 : atoi.c.obj (.text:atoi)
                  00008dac    00000080                                 : ltoa.c.obj (.text:ltoa)
                  00008e2c    00000074                                 : _printfi.c.obj (.text:_pconv_f)
                  00008ea0    00000068                                 : autoinit.c.obj (.text:__TI_auto_init_nobinit_nopinit:__TI_auto_init_nobinit_nopinit)
                  00008f08    00000064                                 : _printfi.c.obj (.text:_fcpy)
                  00008f6c    00000064                                 : sprintf.c.obj (.text:sprintf)
                  00008fd0    00000054     HL_rti.obj (.text:retain)
                  00009024    00000054     rtsv7R4_A_be_v3D16_eabi.lib : i_div32.asm.obj (.text)
                  00009078    00000050                                 : u_div32.asm.obj (.text)
                  000090c8    00000038                                 : e_sqrt.c.obj (.text:sqrt)
                  00009100    00000030                                 : sprintf.c.obj (.text:_outs)
                  00009130    0000002c                                 : memccpy.c.obj (.text:memccpy)
                  0000915c    00000028                                 : strchr.c.obj (.text:strchr)
                  00009184    00000024                                 : wcslen.c.obj (.text:wcslen)
                  000091a8    00000020                                 : copy_zero_init.c.obj (.text:decompress:ZI:__TI_zero_init_nomemset:__TI_zero_init_nomemset)
                  000091c8    00000020                                 : strlen.c.obj (.text:strlen)
                  000091e8    0000001c                                 : s_copysign.c.obj (.text:copysign)
                  00009204    00000014                                 : sprintf.c.obj (.text:_outc)
                  00009218    00000014                                 : copy_decompress_none.c.obj (.text:decompress:none:__TI_decompress_none)
                  0000922c    0000000c                                 : errno.c.obj (.text:__aeabi_errno_addr)
                  00009238    00000008                                 : exit.c.obj (.text:abort:abort)
                  00009240    00000004     HL_sys_startup.obj (.text)
                  00009244    00000004     HL_sys_phantom.obj (.text:retain)
                  00009248    00000004     rtsv7R4_A_be_v3D16_eabi.lib : div0.asm.obj (.text)

.const     0    00009260    000006f8     
                  00009260    000003a0     HL_het.obj (.const:het1PROGRAM)
                  00009600    00000200     HL_sys_vim.obj (.const:s_vim_init)
                  00009800    00000101     rtsv7R4_A_be_v3D16_eabi.lib : ctype.c.obj (.const:.string:_ctypes_)
                  00009901    00000003     --HOLE-- [fill = 0]
                  00009904    00000020     HL_het.obj (.const:s_het1pwmPolarity)
                  00009924    00000004     --HOLE-- [fill = 0]
                  00009928    00000010     rtsv7R4_A_be_v3D16_eabi.lib : e_pow.c.obj (.const:bp)
                  00009938    00000010                                 : e_pow.c.obj (.const:dp_h)
                  00009948    00000010                                 : e_pow.c.obj (.const:dp_l)

.cinit     0    00009960    00000040     
                  00009960    0000001b     (.cinit..data.load) [load image, compression = lzss]
                  0000997b    00000001     --HOLE-- [fill = 0]
                  0000997c    0000000c     (__TI_handler_table)
                  00009988    00000008     (.cinit..bss.load) [load image, compression = zero_init]
                  00009990    00000010     (__TI_cinit_table)

.data      0    08001500    000001a4     UNINITIALIZED
                  08001500    00000100     HL_sys_main.obj (.data:buf)
                  08001600    0000007a     HL_sys_main.obj (.data:bitcount)
                  0800167a    00000002     --HOLE--
                  0800167c    0000000c     HL_sys_main.obj (.data)
                  08001688    0000000c     HL_sys_main.obj (.data:letter)
                  08001694    0000000c     HL_sys_main.obj (.data:letterok)
                  080016a0    00000004     rtsv7R4_A_be_v3D16_eabi.lib : errno.c.obj (.data)

.bss       0    080016a4    00000054     UNINITIALIZED
                  080016a4    00000050     HL_sci.obj (.bss:g_sciTransfer_t)
                  080016f4    00000004     (.common:buf_len)

MODULE SUMMARY

       Module                       code    ro data   rw data
       ------                       ----    -------   -------
    ./source/
       HL_sys_main.obj              5224    0         418    
       HL_sys_vim.obj               3188    512       0      
       HL_het.obj                   2296    960       0      
       HL_pinmux.obj                2496    0         0      
       HL_system.obj                2452    0         0      
       HL_esm.obj                   2308    0         0      
       HL_sci.obj                   2160    0         80     
       HL_errata_SSWF021_45.obj     1636    0         0      
       HL_gio.obj                   1308    0         0      
       HL_sys_core.obj              964     0         0      
       HL_sys_mpu.obj               876     0         0      
       HL_notification.obj          220     0         0      
       HL_sys_startup.obj           220     0         0      
       HL_rti.obj                   84      0         0      
       HL_sys_intvecs.obj           32      0         0      
       HL_sys_phantom.obj           4       0         0      
    +--+----------------------------+-------+---------+---------+
       Total:                       25468   1472      498    
                                                             
    /home/koitt/ti/ccsv8/tools/compiler/ti-cgt-arm_18.1.4.LTS/lib/rtsv7R4_A_be_v3D16_eabi.lib
       _printfi.c.obj               6829    0         0      
       e_pow.c.obj                  2000    48        0      
       ull_div32.asm.obj            696     0         0      
       memcpy32.asm.obj             384     0         0      
       s_floor.c.obj                316     0         0      
       s_scalbn.c.obj               288     0         0      
       ctype.c.obj                  0       257       0      
       memset32.asm.obj             176     0         0      
       sprintf.c.obj                168     0         0      
       copy_decompress_lzss.c.obj   144     0         0      
       s_frexp.c.obj                140     0         0      
       atoi.c.obj                   132     0         0      
       ltoa.c.obj                   128     0         0      
       autoinit.c.obj               104     0         0      
       i_div32.asm.obj              84      0         0      
       u_div32.asm.obj              80      0         0      
       e_sqrt.c.obj                 56      0         0      
       memccpy.c.obj                44      0         0      
       strchr.c.obj                 40      0         0      
       wcslen.c.obj                 36      0         0      
       copy_zero_init.c.obj         32      0         0      
       strlen.c.obj                 32      0         0      
       s_copysign.c.obj             28      0         0      
       copy_decompress_none.c.obj   20      0         0      
       errno.c.obj                  12      0         4      
       exit.c.obj                   8       0         0      
       div0.asm.obj                 4       0         0      
    +--+----------------------------+-------+---------+---------+
       Total:                       11981   305       4      
                                                             
       Linker Generated:            0       63        0      
    +--+----------------------------+-------+---------+---------+
       Grand Total:                 37449   1840      502    


LINKER GENERATED COPY TABLES

__TI_cinit_table @ 00009990 records: 2, size/record: 8, table size: 16
	.data: load addr=00009960, load size=0000001b bytes, run addr=08001500, run size=000001a4 bytes, compression=lzss
	.bss: load addr=00009988, load size=00000008 bytes, run addr=080016a4, run size=00000054 bytes, compression=zero_init


LINKER GENERATED HANDLER TABLE

__TI_handler_table @ 0000997c records: 3, size/record: 4, table size: 12
	index: 0, handler: __TI_zero_init
	index: 1, handler: __TI_decompress_lzss
	index: 2, handler: __TI_decompress_none


GLOBAL SYMBOLS: SORTED ALPHABETICALLY BY Name 

address   name                                
-------   ----                                
00009238  C$$EXIT                             
UNDEFED   SHT$$INIT_ARRAY$$Base               
UNDEFED   SHT$$INIT_ARRAY$$Limit              
00009990  __TI_CINIT_Base                     
000099a0  __TI_CINIT_Limit                    
0000997c  __TI_Handler_Table_Base             
00009988  __TI_Handler_Table_Limit            
00007018  __TI_PINIT_Base                     
0000701c  __TI_PINIT_Limit                    
00008ea0  __TI_auto_init_nobinit_nopinit      
00008c0c  __TI_decompress_lzss                
00009218  __TI_decompress_none                
ffffffff  __TI_pprof_out_hndl                 
00001488  __TI_printfi                        
ffffffff  __TI_prof_data_size                 
ffffffff  __TI_prof_data_start                
00000000  __TI_static_base__                  
000091a8  __TI_zero_init_nomemset             
0000922c  __aeabi_errno_addr                  
00009024  __aeabi_idiv                        
00009248  __aeabi_idiv0                       
00009024  __aeabi_idivmod                     
00009248  __aeabi_ldiv0                       
00008a2c  __aeabi_memclr                      
00008a2c  __aeabi_memclr4                     
00008a2c  __aeabi_memclr8                     
00007ea4  __aeabi_memcpy                      
00007ea4  __aeabi_memcpy4                     
00007ea4  __aeabi_memcpy8                     
00008a30  __aeabi_memset                      
00008a30  __aeabi_memset4                     
00008a30  __aeabi_memset8                     
00009078  __aeabi_uidiv                       
00009078  __aeabi_uidivmod                    
000079a4  __aeabi_uldivmod                    
ffffffff  __binit__                           
ffffffff  __c_args__                          
0000888c  _c_int00                            
00006fcc  _cacheDisable_                      
00006f88  _cacheEnable_                       
00006f68  _checkMemInitOn_                    
00006e74  _coreClearAuxiliaryDataFault_       
00006e88  _coreClearAuxiliaryInstructionFault_
00006e4c  _coreClearDataFaultAddress_         
00006e24  _coreClearDataFault_                
00006e60  _coreClearInstructionFaultAddress_  
00006e38  _coreClearInstructionFault_         
00006dfc  _coreDisableEventBusExport_         
00006dec  _coreEnableEventBusExport_          
00006e0c  _coreEnableIrqVicOffset_            
00006dd4  _coreEnableVfp_                     
00006e6c  _coreGetAuxiliaryDataFault_         
00006e80  _coreGetAuxiliaryInstructionFault_  
00006e44  _coreGetDataFaultAddress_           
00006e1c  _coreGetDataFault_                  
00006e58  _coreGetInstructionFaultAddress_    
00006e30  _coreGetInstructionFault_           
00006c5c  _coreInitRegisters_                 
00006d68  _coreInitStackPointer_              
00009800  _ctypes_                            
00006ff0  _dCacheInvalidate_                  
00006e94  _disable_IRQ_interrupt_             
00006e9c  _enable_IRQ_interrupt_              
00006ea4  _enable_interrupt_                  
00006174  _errata_SSWF021_45_both_plls        
00006368  _errata_SSWF021_45_pll1             
000064e0  _errata_SSWF021_45_pll2             
00006eac  _esmCcmErrorsClear_                 
00006db4  _getCPSRValue_                      
00006dbc  _gotoCPUIdle_                       
00007004  _iCacheInvalidate_                  
00006f34  _memInit_                           
00007334  _mpuAreRegionsSeparate_             
00007318  _mpuDisableBackgroundRegion_        
000072f0  _mpuDisable_                        
00007308  _mpuEnableBackgroundRegion_         
000072d8  _mpuEnable_                         
00007328  _mpuGetNumberOfRegions_             
00007358  _mpuGetRegionBaseAddress_           
00007378  _mpuGetRegionPermission_            
0000736c  _mpuGetRegionType_                  
00007348  _mpuGetRegion_                      
00007020  _mpuInit_                           
00007350  _mpuSetRegionBaseAddress_           
00007384  _mpuSetRegionSizeRegister_          
00007360  _mpuSetRegionTypeAndPermission_     
00007340  _mpuSetRegion_                      
UNDEFED   _system_post_cinit                  
00009238  abort                               
00008d28  atoi                                
ffffffff  binit                               
08001600  bitcount                            
08001500  buf                                 
080016f4  buf_len                             
000046bc  capGetSignal                        
000091e8  copysign                            
000091e8  copysignl                           
000036d0  customTrimLPO                       
08001680  decode                              
00001368  decode_ir                           
00000104  delay_ms                            
000000c4  delay_us                            
000087e8  dmaGroupANotification               
0000467c  edgeDisableNotification             
00004640  edgeEnableNotification              
00004614  edgeGetCounter                      
00008850  edgeNotification                    
000045e8  edgeResetCounter                    
00008878  epcCAMFullNotification              
0000887c  epcFIFOFullNotification             
080016a0  errno                               
00005bf8  esmActivateNormalOperation          
00005d44  esmClearStatus                      
00005da8  esmClearStatusBuffer                
00005d84  esmClearStatusUpper                 
00005ba4  esmDisableError                     
00005bcc  esmDisableErrorUpper                
00005c4c  esmDisableInterrupt                 
00005c74  esmDisableInterruptUpper            
00005b60  esmEnableError                      
00005b88  esmEnableErrorUpper                 
00005c08  esmEnableInterrupt                  
00005c30  esmEnableInterruptUpper             
00005ed8  esmEnterSelfTest                    
00005b44  esmError                            
00005fb0  esmGetConfigValue                   
00005de4  esmGetStatus                        
00005eb0  esmGetStatusBuffer                  
00005e68  esmGetStatusUpper                   
000087b0  esmGroup1Notification               
000087c4  esmGroup2Notification               
000087d8  esmGroup3Notification               
00008024  esmHighInterrupt                    
000059e8  esmInit                             
00005f60  esmSelfTestStatus                   
00005dc4  esmSetCounterPreloadValue           
00005c90  esmSetInterruptLevel                
00005d04  esmSetInterruptLevelUpper           
00005be8  esmTriggerErrorPinReset             
08001684  fal                                 
0000843c  floor                               
0000843c  floorl                              
00008c9c  frexp                               
00008c9c  frexpl                              
00003178  getResetSource                      
00006a38  gioDisableNotification              
000069d0  gioEnableNotification               
00006938  gioGetBit                           
00006aa0  gioGetConfigValue                   
00006960  gioGetPort                          
00008b74  gioHighLevelInterrupt               
000067d8  gioInit                             
0000141c  gioNotification                     
000068c8  gioSetBit                           
000068a8  gioSetDirection                     
00006918  gioSetPort                          
00006978  gioToggleBit                        
00009240  handlePLLLockFail                   
000047d0  het1GetConfigValue                  
000047b0  hetGetTimestamp                     
000040b0  hetInit                             
00008864  hetNotification                     
00004794  hetResetTimestamp                   
00008578  ldexp                               
00008578  ldexpl                              
08001688  letter                              
08001694  letterok                            
00008dac  ltoa                                
000012b8  main                                
00002fac  mapClocks                           
00009130  memccpy                             
00007ea4  memcpy                              
00008a3c  memset                              
00002424  muxInit                             
00002ef8  periphInit                          
00009244  phantomInterrupt                    
00005238  pow                                 
00005238  powl                                
000045b8  pwmDisableNotification              
00004570  pwmEnableNotification               
00004490  pwmGetSignal                        
00008838  pwmNotification                     
000041d8  pwmSetDuty                          
00004314  pwmSetSignal                        
00004170  pwmStart                            
000041a4  pwmStop                             
0000015c  remote_data_calc                    
0800167c  remote_now                          
00000000  resetEntry                          
00008fd0  rtiCompare0Interrupt                
000087fc  rtiNotification                     
00008578  scalbn                              
00008578  scalbnl                             
00005064  sci1GetConfigValue                  
00004ed8  sciDisableLoopback                  
00004f8c  sciDisableNotification              
00004ea4  sciEnableLoopback                   
00004ef4  sciEnableNotification               
00005024  sciEnterResetState                  
00005044  sciExitResetState                   
000049a8  sciInit                             
00004d1c  sciIsIdleDetected                   
00004d00  sciIsRxReady                        
00004b50  sciIsTxReady                        
00008824  sciNotification                     
00004d94  sciReceive                          
00004d68  sciReceiveByte                      
00004d38  sciRxError                          
00004b9c  sciSend                             
00004b6c  sciSendByte                         
00004ab4  sciSetBaudrate                      
00004a94  sciSetFunctional                    
00000020  sci_display                         
00002eb8  setupFlash                          
00002de4  setupPLL                            
00008f6c  sprintf                             
000090c8  sqrt                                
000090c8  sqrtl                               
0000915c  strchr                              
000091c8  strlen                              
000032a0  systemGetConfigValue                
000030d4  systemInit                          
00003148  systemPowerDown                     
00002e44  trimLPO                             
0000384c  vimChannelMap                       
00003ab8  vimDisableInterrupt                 
0000738c  vimECCErrorHandler                  
000038f0  vimEnableInterrupt                  
00003b64  vimGetConfigValue                   
00003778  vimInit                             
00000080  wait                                
00009184  wcslen                              


GLOBAL SYMBOLS: SORTED BY Symbol Address 

address   name                                
-------   ----                                
00000000  __TI_static_base__                  
00000000  resetEntry                          
00000020  sci_display                         
00000080  wait                                
000000c4  delay_us                            
00000104  delay_ms                            
0000015c  remote_data_calc                    
000012b8  main                                
00001368  decode_ir                           
0000141c  gioNotification                     
00001488  __TI_printfi                        
00002424  muxInit                             
00002de4  setupPLL                            
00002e44  trimLPO                             
00002eb8  setupFlash                          
00002ef8  periphInit                          
00002fac  mapClocks                           
000030d4  systemInit                          
00003148  systemPowerDown                     
00003178  getResetSource                      
000032a0  systemGetConfigValue                
000036d0  customTrimLPO                       
00003778  vimInit                             
0000384c  vimChannelMap                       
000038f0  vimEnableInterrupt                  
00003ab8  vimDisableInterrupt                 
00003b64  vimGetConfigValue                   
000040b0  hetInit                             
00004170  pwmStart                            
000041a4  pwmStop                             
000041d8  pwmSetDuty                          
00004314  pwmSetSignal                        
00004490  pwmGetSignal                        
00004570  pwmEnableNotification               
000045b8  pwmDisableNotification              
000045e8  edgeResetCounter                    
00004614  edgeGetCounter                      
00004640  edgeEnableNotification              
0000467c  edgeDisableNotification             
000046bc  capGetSignal                        
00004794  hetResetTimestamp                   
000047b0  hetGetTimestamp                     
000047d0  het1GetConfigValue                  
000049a8  sciInit                             
00004a94  sciSetFunctional                    
00004ab4  sciSetBaudrate                      
00004b50  sciIsTxReady                        
00004b6c  sciSendByte                         
00004b9c  sciSend                             
00004d00  sciIsRxReady                        
00004d1c  sciIsIdleDetected                   
00004d38  sciRxError                          
00004d68  sciReceiveByte                      
00004d94  sciReceive                          
00004ea4  sciEnableLoopback                   
00004ed8  sciDisableLoopback                  
00004ef4  sciEnableNotification               
00004f8c  sciDisableNotification              
00005024  sciEnterResetState                  
00005044  sciExitResetState                   
00005064  sci1GetConfigValue                  
00005238  pow                                 
00005238  powl                                
000059e8  esmInit                             
00005b44  esmError                            
00005b60  esmEnableError                      
00005b88  esmEnableErrorUpper                 
00005ba4  esmDisableError                     
00005bcc  esmDisableErrorUpper                
00005be8  esmTriggerErrorPinReset             
00005bf8  esmActivateNormalOperation          
00005c08  esmEnableInterrupt                  
00005c30  esmEnableInterruptUpper             
00005c4c  esmDisableInterrupt                 
00005c74  esmDisableInterruptUpper            
00005c90  esmSetInterruptLevel                
00005d04  esmSetInterruptLevelUpper           
00005d44  esmClearStatus                      
00005d84  esmClearStatusUpper                 
00005da8  esmClearStatusBuffer                
00005dc4  esmSetCounterPreloadValue           
00005de4  esmGetStatus                        
00005e68  esmGetStatusUpper                   
00005eb0  esmGetStatusBuffer                  
00005ed8  esmEnterSelfTest                    
00005f60  esmSelfTestStatus                   
00005fb0  esmGetConfigValue                   
00006174  _errata_SSWF021_45_both_plls        
00006368  _errata_SSWF021_45_pll1             
000064e0  _errata_SSWF021_45_pll2             
000067d8  gioInit                             
000068a8  gioSetDirection                     
000068c8  gioSetBit                           
00006918  gioSetPort                          
00006938  gioGetBit                           
00006960  gioGetPort                          
00006978  gioToggleBit                        
000069d0  gioEnableNotification               
00006a38  gioDisableNotification              
00006aa0  gioGetConfigValue                   
00006c5c  _coreInitRegisters_                 
00006d68  _coreInitStackPointer_              
00006db4  _getCPSRValue_                      
00006dbc  _gotoCPUIdle_                       
00006dd4  _coreEnableVfp_                     
00006dec  _coreEnableEventBusExport_          
00006dfc  _coreDisableEventBusExport_         
00006e0c  _coreEnableIrqVicOffset_            
00006e1c  _coreGetDataFault_                  
00006e24  _coreClearDataFault_                
00006e30  _coreGetInstructionFault_           
00006e38  _coreClearInstructionFault_         
00006e44  _coreGetDataFaultAddress_           
00006e4c  _coreClearDataFaultAddress_         
00006e58  _coreGetInstructionFaultAddress_    
00006e60  _coreClearInstructionFaultAddress_  
00006e6c  _coreGetAuxiliaryDataFault_         
00006e74  _coreClearAuxiliaryDataFault_       
00006e80  _coreGetAuxiliaryInstructionFault_  
00006e88  _coreClearAuxiliaryInstructionFault_
00006e94  _disable_IRQ_interrupt_             
00006e9c  _enable_IRQ_interrupt_              
00006ea4  _enable_interrupt_                  
00006eac  _esmCcmErrorsClear_                 
00006f34  _memInit_                           
00006f68  _checkMemInitOn_                    
00006f88  _cacheEnable_                       
00006fcc  _cacheDisable_                      
00006ff0  _dCacheInvalidate_                  
00007004  _iCacheInvalidate_                  
00007018  __TI_PINIT_Base                     
0000701c  __TI_PINIT_Limit                    
00007020  _mpuInit_                           
000072d8  _mpuEnable_                         
000072f0  _mpuDisable_                        
00007308  _mpuEnableBackgroundRegion_         
00007318  _mpuDisableBackgroundRegion_        
00007328  _mpuGetNumberOfRegions_             
00007334  _mpuAreRegionsSeparate_             
00007340  _mpuSetRegion_                      
00007348  _mpuGetRegion_                      
00007350  _mpuSetRegionBaseAddress_           
00007358  _mpuGetRegionBaseAddress_           
00007360  _mpuSetRegionTypeAndPermission_     
0000736c  _mpuGetRegionType_                  
00007378  _mpuGetRegionPermission_            
00007384  _mpuSetRegionSizeRegister_          
0000738c  vimECCErrorHandler                  
000079a4  __aeabi_uldivmod                    
00007ea4  __aeabi_memcpy                      
00007ea4  __aeabi_memcpy4                     
00007ea4  __aeabi_memcpy8                     
00007ea4  memcpy                              
00008024  esmHighInterrupt                    
0000843c  floor                               
0000843c  floorl                              
00008578  ldexp                               
00008578  ldexpl                              
00008578  scalbn                              
00008578  scalbnl                             
000087b0  esmGroup1Notification               
000087c4  esmGroup2Notification               
000087d8  esmGroup3Notification               
000087e8  dmaGroupANotification               
000087fc  rtiNotification                     
00008824  sciNotification                     
00008838  pwmNotification                     
00008850  edgeNotification                    
00008864  hetNotification                     
00008878  epcCAMFullNotification              
0000887c  epcFIFOFullNotification             
0000888c  _c_int00                            
00008a2c  __aeabi_memclr                      
00008a2c  __aeabi_memclr4                     
00008a2c  __aeabi_memclr8                     
00008a30  __aeabi_memset                      
00008a30  __aeabi_memset4                     
00008a30  __aeabi_memset8                     
00008a3c  memset                              
00008b74  gioHighLevelInterrupt               
00008c0c  __TI_decompress_lzss                
00008c9c  frexp                               
00008c9c  frexpl                              
00008d28  atoi                                
00008dac  ltoa                                
00008ea0  __TI_auto_init_nobinit_nopinit      
00008f6c  sprintf                             
00008fd0  rtiCompare0Interrupt                
00009024  __aeabi_idiv                        
00009024  __aeabi_idivmod                     
00009078  __aeabi_uidiv                       
00009078  __aeabi_uidivmod                    
000090c8  sqrt                                
000090c8  sqrtl                               
00009130  memccpy                             
0000915c  strchr                              
00009184  wcslen                              
000091a8  __TI_zero_init_nomemset             
000091c8  strlen                              
000091e8  copysign                            
000091e8  copysignl                           
00009218  __TI_decompress_none                
0000922c  __aeabi_errno_addr                  
00009238  C$$EXIT                             
00009238  abort                               
00009240  handlePLLLockFail                   
00009244  phantomInterrupt                    
00009248  __aeabi_idiv0                       
00009248  __aeabi_ldiv0                       
00009800  _ctypes_                            
0000997c  __TI_Handler_Table_Base             
00009988  __TI_Handler_Table_Limit            
00009990  __TI_CINIT_Base                     
000099a0  __TI_CINIT_Limit                    
08001500  buf                                 
08001600  bitcount                            
0800167c  remote_now                          
08001680  decode                              
08001684  fal                                 
08001688  letter                              
08001694  letterok                            
080016a0  errno                               
080016f4  buf_len                             
ffffffff  __TI_pprof_out_hndl                 
ffffffff  __TI_prof_data_size                 
ffffffff  __TI_prof_data_start                
ffffffff  __binit__                           
ffffffff  __c_args__                          
ffffffff  binit                               
UNDEFED   SHT$$INIT_ARRAY$$Base               
UNDEFED   SHT$$INIT_ARRAY$$Limit              
UNDEFED   _system_post_cinit                  

[232 symbols]
