******************************************************************************
                  TI ARM Linker Unix v18.1.4                   
******************************************************************************
>> Linked Wed Apr 10 01:11:08 2019

OUTPUT FILE NAME:   <ir_buttons_test.out>
ENTRY POINT SYMBOL: "_c_int00"  address: 00007ebc


MEMORY CONFIGURATION

         name            origin    length      used     unused   attr    fill
----------------------  --------  ---------  --------  --------  ----  --------
  VECTORS               00000000   00000020  00000020  00000000     X
  FLASH0                00000020   001fffe0  00008c70  001f7370  R  X
  FLASH1                00200000   00200000  00000000  00200000  R  X
  STACKS                08000000   00001500  00000000  00001500  RW  
  RAM                   08001500   0007eb00  000001f8  0007e908  RW  


SEGMENT ALLOCATION MAP

run origin  load origin   length   init length attrs members
----------  ----------- ---------- ----------- ----- -------
00000000    00000000    00008918   00008918    r-x
  00000000    00000000    00000020   00000020    r-x .intvecs
  00000020    00000020    000088f8   000088f8    r-x .text
00008920    00008920    00000338   00000338    r--
  00008920    00008920    00000338   00000338    r-- .const
00008c60    00008c60    00000040   00000040    r--
  00008c60    00008c60    00000040   00000040    r-- .cinit
08001500    08001500    000001f8   00000000    rw-
  08001500    08001500    000001a4   00000000    rw- .data
  080016a4    080016a4    00000054   00000000    rw- .bss


SECTION ALLOCATION MAP

 output                                  attributes/
section   page    origin      length       input sections
--------  ----  ----------  ----------   ----------------
.intvecs   0    00000000    00000020     
                  00000000    00000020     HL_sys_intvecs.obj (.intvecs)

.text      0    00000020    000088f8     
                  00000020    00001468     HL_sys_main.obj (.text)
                  00001488    00000f9c     rtsv7R4_A_be_v3D16_eabi.lib : _printfi.c.obj (.text:__TI_printfi)
                  00002424    000009c0     HL_pinmux.obj (.text)
                  00002de4    00000998     HL_system.obj (.text)
                  0000377c    00000938     HL_sys_vim.obj (.text)
                  000040b4    00000870     HL_sci.obj (.text)
                  00004924    000007d0     rtsv7R4_A_be_v3D16_eabi.lib : e_pow.c.obj (.text:pow)
                  000050f4    0000078c     HL_esm.obj (.text)
                  00005880    00000664     HL_errata_SSWF021_45.obj (.text)
                  00005ee4    00000484     HL_gio.obj (.text)
                  00006368    000003c4     HL_sys_core.obj (.text)
                  0000672c    0000036c     HL_sys_mpu.obj (.text)
                  00006a98    0000033c     HL_sys_vim.obj (.text:retain)
                  00006dd4    000002dc     rtsv7R4_A_be_v3D16_eabi.lib : _printfi.c.obj (.text:_pconv_a)
                  000070b0    000002b8                                 : ull_div32.asm.obj (.text)
                  00007368    00000248                                 : _printfi.c.obj (.text:_pconv_g)
                  000075b0    00000180                                 : memcpy32.asm.obj (.text)
                  00007730    00000178     HL_esm.obj (.text:retain)
                  000078a8    0000015c     rtsv7R4_A_be_v3D16_eabi.lib : _printfi.c.obj (.text:_pconv_e)
                  00007a04    00000144                                 : _printfi.c.obj (.text:fcvt)
                  00007b48    0000013c                                 : s_floor.c.obj (.text:floor)
                  00007c84    00000120                                 : s_scalbn.c.obj (.text:scalbn)
                  00007da4    00000115                                 : _printfi.c.obj (.text:_ltostr)
                  00007eb9    00000003     --HOLE-- [fill = 0]
                  00007ebc    000000d8     HL_sys_startup.obj (.text:retain)
                  00007f94    000000c8     rtsv7R4_A_be_v3D16_eabi.lib : _printfi.c.obj (.text:_mcpy)
                  0000805c    000000b0                                 : memset32.asm.obj (.text)
                  0000810c    0000009c     HL_notification.obj (.text)
                  000081a8    00000098     rtsv7R4_A_be_v3D16_eabi.lib : _printfi.c.obj (.text:_ecpy)
                  00008240    00000098     HL_gio.obj (.text:retain)
                  000082d8    00000090     rtsv7R4_A_be_v3D16_eabi.lib : copy_decompress_lzss.c.obj (.text:decompress:lzss:__TI_decompress_lzss)
                  00008368    0000008c                                 : s_frexp.c.obj (.text:frexp)
                  000083f4    00000084                                 : atoi.c.obj (.text:atoi)
                  00008478    00000080                                 : ltoa.c.obj (.text:ltoa)
                  000084f8    00000074                                 : _printfi.c.obj (.text:_pconv_f)
                  0000856c    00000068                                 : autoinit.c.obj (.text:__TI_auto_init_nobinit_nopinit:__TI_auto_init_nobinit_nopinit)
                  000085d4    00000064                                 : _printfi.c.obj (.text:_fcpy)
                  00008638    00000064                                 : sprintf.c.obj (.text:sprintf)
                  0000869c    00000054     HL_rti.obj (.text:retain)
                  000086f0    00000054     rtsv7R4_A_be_v3D16_eabi.lib : i_div32.asm.obj (.text)
                  00008744    00000050                                 : u_div32.asm.obj (.text)
                  00008794    00000038                                 : e_sqrt.c.obj (.text:sqrt)
                  000087cc    00000030                                 : sprintf.c.obj (.text:_outs)
                  000087fc    0000002c                                 : memccpy.c.obj (.text:memccpy)
                  00008828    00000028                                 : strchr.c.obj (.text:strchr)
                  00008850    00000024                                 : wcslen.c.obj (.text:wcslen)
                  00008874    00000020                                 : copy_zero_init.c.obj (.text:decompress:ZI:__TI_zero_init_nomemset:__TI_zero_init_nomemset)
                  00008894    00000020                                 : strlen.c.obj (.text:strlen)
                  000088b4    0000001c                                 : s_copysign.c.obj (.text:copysign)
                  000088d0    00000014                                 : sprintf.c.obj (.text:_outc)
                  000088e4    00000014                                 : copy_decompress_none.c.obj (.text:decompress:none:__TI_decompress_none)
                  000088f8    0000000c                                 : errno.c.obj (.text:__aeabi_errno_addr)
                  00008904    00000008                                 : exit.c.obj (.text:abort:abort)
                  0000890c    00000004     HL_sys_startup.obj (.text)
                  00008910    00000004     HL_sys_phantom.obj (.text:retain)
                  00008914    00000004     rtsv7R4_A_be_v3D16_eabi.lib : div0.asm.obj (.text)

.const     0    00008920    00000338     
                  00008920    00000200     HL_sys_vim.obj (.const:s_vim_init)
                  00008b20    00000101     rtsv7R4_A_be_v3D16_eabi.lib : ctype.c.obj (.const:.string:_ctypes_)
                  00008c21    00000007     --HOLE-- [fill = 0]
                  00008c28    00000010                                 : e_pow.c.obj (.const:bp)
                  00008c38    00000010                                 : e_pow.c.obj (.const:dp_h)
                  00008c48    00000010                                 : e_pow.c.obj (.const:dp_l)

.cinit     0    00008c60    00000040     
                  00008c60    0000001b     (.cinit..data.load) [load image, compression = lzss]
                  00008c7b    00000001     --HOLE-- [fill = 0]
                  00008c7c    0000000c     (__TI_handler_table)
                  00008c88    00000008     (.cinit..bss.load) [load image, compression = zero_init]
                  00008c90    00000010     (__TI_cinit_table)

.data      0    08001500    000001a4     UNINITIALIZED
                  08001500    00000100     HL_sys_main.obj (.data:buf)
                  08001600    0000007a     HL_sys_main.obj (.data:bitcount)
                  0800167a    00000002     --HOLE--
                  0800167c    0000000c     HL_sys_main.obj (.data)
                  08001688    0000000c     HL_sys_main.obj (.data:letter)
                  08001694    0000000c     HL_sys_main.obj (.data:letterok)
                  080016a0    00000004     rtsv7R4_A_be_v3D16_eabi.lib : errno.c.obj (.data)

.bss       0    080016a4    00000054     UNINITIALIZED
                  080016a4    00000050     HL_sci.obj (.bss:g_sciTransfer_t)
                  080016f4    00000004     (.common:buf_len)

MODULE SUMMARY

       Module                       code    ro data   rw data
       ------                       ----    -------   -------
    ./source/
       HL_sys_main.obj              5224    0         418    
       HL_sys_vim.obj               3188    512       0      
       HL_pinmux.obj                2496    0         0      
       HL_system.obj                2456    0         0      
       HL_esm.obj                   2308    0         0      
       HL_sci.obj                   2160    0         80     
       HL_errata_SSWF021_45.obj     1636    0         0      
       HL_gio.obj                   1308    0         0      
       HL_sys_core.obj              964     0         0      
       HL_sys_mpu.obj               876     0         0      
       HL_sys_startup.obj           220     0         0      
       HL_notification.obj          156     0         0      
       HL_rti.obj                   84      0         0      
       HL_sys_intvecs.obj           32      0         0      
       HL_sys_phantom.obj           4       0         0      
    +--+----------------------------+-------+---------+---------+
       Total:                       23112   512       498    
                                                             
    /home/koitt/ti/ccsv8/tools/compiler/ti-cgt-arm_18.1.4.LTS/lib/rtsv7R4_A_be_v3D16_eabi.lib
       _printfi.c.obj               6829    0         0      
       e_pow.c.obj                  2000    48        0      
       ull_div32.asm.obj            696     0         0      
       memcpy32.asm.obj             384     0         0      
       s_floor.c.obj                316     0         0      
       s_scalbn.c.obj               288     0         0      
       ctype.c.obj                  0       257       0      
       memset32.asm.obj             176     0         0      
       sprintf.c.obj                168     0         0      
       copy_decompress_lzss.c.obj   144     0         0      
       s_frexp.c.obj                140     0         0      
       atoi.c.obj                   132     0         0      
       ltoa.c.obj                   128     0         0      
       autoinit.c.obj               104     0         0      
       i_div32.asm.obj              84      0         0      
       u_div32.asm.obj              80      0         0      
       e_sqrt.c.obj                 56      0         0      
       memccpy.c.obj                44      0         0      
       strchr.c.obj                 40      0         0      
       wcslen.c.obj                 36      0         0      
       copy_zero_init.c.obj         32      0         0      
       strlen.c.obj                 32      0         0      
       s_copysign.c.obj             28      0         0      
       copy_decompress_none.c.obj   20      0         0      
       errno.c.obj                  12      0         4      
       exit.c.obj                   8       0         0      
       div0.asm.obj                 4       0         0      
    +--+----------------------------+-------+---------+---------+
       Total:                       11981   305       4      
                                                             
       Linker Generated:            0       63        0      
    +--+----------------------------+-------+---------+---------+
       Grand Total:                 35093   880       502    


LINKER GENERATED COPY TABLES

__TI_cinit_table @ 00008c90 records: 2, size/record: 8, table size: 16
	.data: load addr=00008c60, load size=0000001b bytes, run addr=08001500, run size=000001a4 bytes, compression=lzss
	.bss: load addr=00008c88, load size=00000008 bytes, run addr=080016a4, run size=00000054 bytes, compression=zero_init


LINKER GENERATED HANDLER TABLE

__TI_handler_table @ 00008c7c records: 3, size/record: 4, table size: 12
	index: 0, handler: __TI_zero_init
	index: 1, handler: __TI_decompress_lzss
	index: 2, handler: __TI_decompress_none


GLOBAL SYMBOLS: SORTED ALPHABETICALLY BY Name 

address   name                                
-------   ----                                
00008904  C$$EXIT                             
UNDEFED   SHT$$INIT_ARRAY$$Base               
UNDEFED   SHT$$INIT_ARRAY$$Limit              
00008c90  __TI_CINIT_Base                     
00008ca0  __TI_CINIT_Limit                    
00008c7c  __TI_Handler_Table_Base             
00008c88  __TI_Handler_Table_Limit            
00006724  __TI_PINIT_Base                     
00006728  __TI_PINIT_Limit                    
0000856c  __TI_auto_init_nobinit_nopinit      
000082d8  __TI_decompress_lzss                
000088e4  __TI_decompress_none                
ffffffff  __TI_pprof_out_hndl                 
00001488  __TI_printfi                        
ffffffff  __TI_prof_data_size                 
ffffffff  __TI_prof_data_start                
00000000  __TI_static_base__                  
00008874  __TI_zero_init_nomemset             
000088f8  __aeabi_errno_addr                  
000086f0  __aeabi_idiv                        
00008914  __aeabi_idiv0                       
000086f0  __aeabi_idivmod                     
00008914  __aeabi_ldiv0                       
0000805c  __aeabi_memclr                      
0000805c  __aeabi_memclr4                     
0000805c  __aeabi_memclr8                     
000075b0  __aeabi_memcpy                      
000075b0  __aeabi_memcpy4                     
000075b0  __aeabi_memcpy8                     
00008060  __aeabi_memset                      
00008060  __aeabi_memset4                     
00008060  __aeabi_memset8                     
00008744  __aeabi_uidiv                       
00008744  __aeabi_uidivmod                    
000070b0  __aeabi_uldivmod                    
ffffffff  __binit__                           
ffffffff  __c_args__                          
00007ebc  _c_int00                            
000066d8  _cacheDisable_                      
00006694  _cacheEnable_                       
00006674  _checkMemInitOn_                    
00006580  _coreClearAuxiliaryDataFault_       
00006594  _coreClearAuxiliaryInstructionFault_
00006558  _coreClearDataFaultAddress_         
00006530  _coreClearDataFault_                
0000656c  _coreClearInstructionFaultAddress_  
00006544  _coreClearInstructionFault_         
00006508  _coreDisableEventBusExport_         
000064f8  _coreEnableEventBusExport_          
00006518  _coreEnableIrqVicOffset_            
000064e0  _coreEnableVfp_                     
00006578  _coreGetAuxiliaryDataFault_         
0000658c  _coreGetAuxiliaryInstructionFault_  
00006550  _coreGetDataFaultAddress_           
00006528  _coreGetDataFault_                  
00006564  _coreGetInstructionFaultAddress_    
0000653c  _coreGetInstructionFault_           
00006368  _coreInitRegisters_                 
00006474  _coreInitStackPointer_              
00008b20  _ctypes_                            
000066fc  _dCacheInvalidate_                  
000065a0  _disable_IRQ_interrupt_             
000065a8  _enable_IRQ_interrupt_              
000065b0  _enable_interrupt_                  
00005880  _errata_SSWF021_45_both_plls        
00005a74  _errata_SSWF021_45_pll1             
00005bec  _errata_SSWF021_45_pll2             
000065b8  _esmCcmErrorsClear_                 
000064c0  _getCPSRValue_                      
000064c8  _gotoCPUIdle_                       
00006710  _iCacheInvalidate_                  
00006640  _memInit_                           
00006a40  _mpuAreRegionsSeparate_             
00006a24  _mpuDisableBackgroundRegion_        
000069fc  _mpuDisable_                        
00006a14  _mpuEnableBackgroundRegion_         
000069e4  _mpuEnable_                         
00006a34  _mpuGetNumberOfRegions_             
00006a64  _mpuGetRegionBaseAddress_           
00006a84  _mpuGetRegionPermission_            
00006a78  _mpuGetRegionType_                  
00006a54  _mpuGetRegion_                      
0000672c  _mpuInit_                           
00006a5c  _mpuSetRegionBaseAddress_           
00006a90  _mpuSetRegionSizeRegister_          
00006a6c  _mpuSetRegionTypeAndPermission_     
00006a4c  _mpuSetRegion_                      
UNDEFED   _system_post_cinit                  
00008904  abort                               
000083f4  atoi                                
ffffffff  binit                               
08001600  bitcount                            
08001500  buf                                 
080016f4  buf_len                             
000088b4  copysign                            
000088b4  copysignl                           
000036d4  customTrimLPO                       
08001680  decode                              
00001368  decode_ir                           
0000010c  delay_ms                            
000000c4  delay_us                            
00008144  dmaGroupANotification               
00008194  epcCAMFullNotification              
00008198  epcFIFOFullNotification             
080016a0  errno                               
00005304  esmActivateNormalOperation          
00005450  esmClearStatus                      
000054b4  esmClearStatusBuffer                
00005490  esmClearStatusUpper                 
000052b0  esmDisableError                     
000052d8  esmDisableErrorUpper                
00005358  esmDisableInterrupt                 
00005380  esmDisableInterruptUpper            
0000526c  esmEnableError                      
00005294  esmEnableErrorUpper                 
00005314  esmEnableInterrupt                  
0000533c  esmEnableInterruptUpper             
000055e4  esmEnterSelfTest                    
00005250  esmError                            
000056bc  esmGetConfigValue                   
000054f0  esmGetStatus                        
000055bc  esmGetStatusBuffer                  
00005574  esmGetStatusUpper                   
0000810c  esmGroup1Notification               
00008120  esmGroup2Notification               
00008134  esmGroup3Notification               
00007730  esmHighInterrupt                    
000050f4  esmInit                             
0000566c  esmSelfTestStatus                   
000054d0  esmSetCounterPreloadValue           
0000539c  esmSetInterruptLevel                
00005410  esmSetInterruptLevelUpper           
000052f4  esmTriggerErrorPinReset             
08001684  fal                                 
00007b48  floor                               
00007b48  floorl                              
00008368  frexp                               
00008368  frexpl                              
0000317c  getResetSource                      
00006144  gioDisableNotification              
000060dc  gioEnableNotification               
00006044  gioGetBit                           
000061ac  gioGetConfigValue                   
0000606c  gioGetPort                          
00008240  gioHighLevelInterrupt               
00005ee4  gioInit                             
0000141c  gioNotification                     
00005fd4  gioSetBit                           
00005fb4  gioSetDirection                     
00006024  gioSetPort                          
00006084  gioToggleBit                        
0000890c  handlePLLLockFail                   
00007c84  ldexp                               
00007c84  ldexpl                              
08001688  letter                              
08001694  letterok                            
00008478  ltoa                                
000012bc  main                                
00002fac  mapClocks                           
000087fc  memccpy                             
000075b0  memcpy                              
0000806c  memset                              
00002424  muxInit                             
00002ef8  periphInit                          
00008910  phantomInterrupt                    
00004944  pow                                 
00004944  powl                                
00000160  remote_data_calc                    
0800167c  remote_now                          
00000000  resetEntry                          
0000869c  rtiCompare0Interrupt                
00008158  rtiNotification                     
00007c84  scalbn                              
00007c84  scalbnl                             
00004770  sci1GetConfigValue                  
000045e4  sciDisableLoopback                  
00004698  sciDisableNotification              
000045b0  sciEnableLoopback                   
00004600  sciEnableNotification               
00004730  sciEnterResetState                  
00004750  sciExitResetState                   
000040b4  sciInit                             
00004428  sciIsIdleDetected                   
0000440c  sciIsRxReady                        
0000425c  sciIsTxReady                        
00008180  sciNotification                     
000044a0  sciReceive                          
00004474  sciReceiveByte                      
00004444  sciRxError                          
000042a8  sciSend                             
00004278  sciSendByte                         
000041c0  sciSetBaudrate                      
000041a0  sciSetFunctional                    
00000020  sci_display                         
00002eb8  setupFlash                          
00002de4  setupPLL                            
00008638  sprintf                             
00008794  sqrt                                
00008794  sqrtl                               
00008828  strchr                              
00008894  strlen                              
000032a4  systemGetConfigValue                
000030d8  systemInit                          
0000314c  systemPowerDown                     
00002e44  trimLPO                             
00003850  vimChannelMap                       
00003abc  vimDisableInterrupt                 
00006a98  vimECCErrorHandler                  
000038f4  vimEnableInterrupt                  
00003b68  vimGetConfigValue                   
0000377c  vimInit                             
00000080  wait                                
00008850  wcslen                              


GLOBAL SYMBOLS: SORTED BY Symbol Address 

address   name                                
-------   ----                                
00000000  __TI_static_base__                  
00000000  resetEntry                          
00000020  sci_display                         
00000080  wait                                
000000c4  delay_us                            
0000010c  delay_ms                            
00000160  remote_data_calc                    
000012bc  main                                
00001368  decode_ir                           
0000141c  gioNotification                     
00001488  __TI_printfi                        
00002424  muxInit                             
00002de4  setupPLL                            
00002e44  trimLPO                             
00002eb8  setupFlash                          
00002ef8  periphInit                          
00002fac  mapClocks                           
000030d8  systemInit                          
0000314c  systemPowerDown                     
0000317c  getResetSource                      
000032a4  systemGetConfigValue                
000036d4  customTrimLPO                       
0000377c  vimInit                             
00003850  vimChannelMap                       
000038f4  vimEnableInterrupt                  
00003abc  vimDisableInterrupt                 
00003b68  vimGetConfigValue                   
000040b4  sciInit                             
000041a0  sciSetFunctional                    
000041c0  sciSetBaudrate                      
0000425c  sciIsTxReady                        
00004278  sciSendByte                         
000042a8  sciSend                             
0000440c  sciIsRxReady                        
00004428  sciIsIdleDetected                   
00004444  sciRxError                          
00004474  sciReceiveByte                      
000044a0  sciReceive                          
000045b0  sciEnableLoopback                   
000045e4  sciDisableLoopback                  
00004600  sciEnableNotification               
00004698  sciDisableNotification              
00004730  sciEnterResetState                  
00004750  sciExitResetState                   
00004770  sci1GetConfigValue                  
00004944  pow                                 
00004944  powl                                
000050f4  esmInit                             
00005250  esmError                            
0000526c  esmEnableError                      
00005294  esmEnableErrorUpper                 
000052b0  esmDisableError                     
000052d8  esmDisableErrorUpper                
000052f4  esmTriggerErrorPinReset             
00005304  esmActivateNormalOperation          
00005314  esmEnableInterrupt                  
0000533c  esmEnableInterruptUpper             
00005358  esmDisableInterrupt                 
00005380  esmDisableInterruptUpper            
0000539c  esmSetInterruptLevel                
00005410  esmSetInterruptLevelUpper           
00005450  esmClearStatus                      
00005490  esmClearStatusUpper                 
000054b4  esmClearStatusBuffer                
000054d0  esmSetCounterPreloadValue           
000054f0  esmGetStatus                        
00005574  esmGetStatusUpper                   
000055bc  esmGetStatusBuffer                  
000055e4  esmEnterSelfTest                    
0000566c  esmSelfTestStatus                   
000056bc  esmGetConfigValue                   
00005880  _errata_SSWF021_45_both_plls        
00005a74  _errata_SSWF021_45_pll1             
00005bec  _errata_SSWF021_45_pll2             
00005ee4  gioInit                             
00005fb4  gioSetDirection                     
00005fd4  gioSetBit                           
00006024  gioSetPort                          
00006044  gioGetBit                           
0000606c  gioGetPort                          
00006084  gioToggleBit                        
000060dc  gioEnableNotification               
00006144  gioDisableNotification              
000061ac  gioGetConfigValue                   
00006368  _coreInitRegisters_                 
00006474  _coreInitStackPointer_              
000064c0  _getCPSRValue_                      
000064c8  _gotoCPUIdle_                       
000064e0  _coreEnableVfp_                     
000064f8  _coreEnableEventBusExport_          
00006508  _coreDisableEventBusExport_         
00006518  _coreEnableIrqVicOffset_            
00006528  _coreGetDataFault_                  
00006530  _coreClearDataFault_                
0000653c  _coreGetInstructionFault_           
00006544  _coreClearInstructionFault_         
00006550  _coreGetDataFaultAddress_           
00006558  _coreClearDataFaultAddress_         
00006564  _coreGetInstructionFaultAddress_    
0000656c  _coreClearInstructionFaultAddress_  
00006578  _coreGetAuxiliaryDataFault_         
00006580  _coreClearAuxiliaryDataFault_       
0000658c  _coreGetAuxiliaryInstructionFault_  
00006594  _coreClearAuxiliaryInstructionFault_
000065a0  _disable_IRQ_interrupt_             
000065a8  _enable_IRQ_interrupt_              
000065b0  _enable_interrupt_                  
000065b8  _esmCcmErrorsClear_                 
00006640  _memInit_                           
00006674  _checkMemInitOn_                    
00006694  _cacheEnable_                       
000066d8  _cacheDisable_                      
000066fc  _dCacheInvalidate_                  
00006710  _iCacheInvalidate_                  
00006724  __TI_PINIT_Base                     
00006728  __TI_PINIT_Limit                    
0000672c  _mpuInit_                           
000069e4  _mpuEnable_                         
000069fc  _mpuDisable_                        
00006a14  _mpuEnableBackgroundRegion_         
00006a24  _mpuDisableBackgroundRegion_        
00006a34  _mpuGetNumberOfRegions_             
00006a40  _mpuAreRegionsSeparate_             
00006a4c  _mpuSetRegion_                      
00006a54  _mpuGetRegion_                      
00006a5c  _mpuSetRegionBaseAddress_           
00006a64  _mpuGetRegionBaseAddress_           
00006a6c  _mpuSetRegionTypeAndPermission_     
00006a78  _mpuGetRegionType_                  
00006a84  _mpuGetRegionPermission_            
00006a90  _mpuSetRegionSizeRegister_          
00006a98  vimECCErrorHandler                  
000070b0  __aeabi_uldivmod                    
000075b0  __aeabi_memcpy                      
000075b0  __aeabi_memcpy4                     
000075b0  __aeabi_memcpy8                     
000075b0  memcpy                              
00007730  esmHighInterrupt                    
00007b48  floor                               
00007b48  floorl                              
00007c84  ldexp                               
00007c84  ldexpl                              
00007c84  scalbn                              
00007c84  scalbnl                             
00007ebc  _c_int00                            
0000805c  __aeabi_memclr                      
0000805c  __aeabi_memclr4                     
0000805c  __aeabi_memclr8                     
00008060  __aeabi_memset                      
00008060  __aeabi_memset4                     
00008060  __aeabi_memset8                     
0000806c  memset                              
0000810c  esmGroup1Notification               
00008120  esmGroup2Notification               
00008134  esmGroup3Notification               
00008144  dmaGroupANotification               
00008158  rtiNotification                     
00008180  sciNotification                     
00008194  epcCAMFullNotification              
00008198  epcFIFOFullNotification             
00008240  gioHighLevelInterrupt               
000082d8  __TI_decompress_lzss                
00008368  frexp                               
00008368  frexpl                              
000083f4  atoi                                
00008478  ltoa                                
0000856c  __TI_auto_init_nobinit_nopinit      
00008638  sprintf                             
0000869c  rtiCompare0Interrupt                
000086f0  __aeabi_idiv                        
000086f0  __aeabi_idivmod                     
00008744  __aeabi_uidiv                       
00008744  __aeabi_uidivmod                    
00008794  sqrt                                
00008794  sqrtl                               
000087fc  memccpy                             
00008828  strchr                              
00008850  wcslen                              
00008874  __TI_zero_init_nomemset             
00008894  strlen                              
000088b4  copysign                            
000088b4  copysignl                           
000088e4  __TI_decompress_none                
000088f8  __aeabi_errno_addr                  
00008904  C$$EXIT                             
00008904  abort                               
0000890c  handlePLLLockFail                   
00008910  phantomInterrupt                    
00008914  __aeabi_idiv0                       
00008914  __aeabi_ldiv0                       
00008b20  _ctypes_                            
00008c7c  __TI_Handler_Table_Base             
00008c88  __TI_Handler_Table_Limit            
00008c90  __TI_CINIT_Base                     
00008ca0  __TI_CINIT_Limit                    
08001500  buf                                 
08001600  bitcount                            
0800167c  remote_now                          
08001680  decode                              
08001684  fal                                 
08001688  letter                              
08001694  letterok                            
080016a0  errno                               
080016f4  buf_len                             
ffffffff  __TI_pprof_out_hndl                 
ffffffff  __TI_prof_data_size                 
ffffffff  __TI_prof_data_start                
ffffffff  __binit__                           
ffffffff  __c_args__                          
ffffffff  binit                               
UNDEFED   SHT$$INIT_ARRAY$$Base               
UNDEFED   SHT$$INIT_ARRAY$$Limit              
UNDEFED   _system_post_cinit                  

[213 symbols]
