******************************************************************************
                  TI ARM Linker Unix v18.1.4                   
******************************************************************************
>> Linked Fri Apr 19 17:48:26 2019

OUTPUT FILE NAME:   <freeRTOS_HET_Timer_test.out>
ENTRY POINT SYMBOL: "_c_int00"  address: 0000d93c


MEMORY CONFIGURATION

         name            origin    length      used     unused   attr    fill
----------------------  --------  ---------  --------  --------  ----  --------
  VECTORS               00000000   00000020  00000020  00000000     X
  KERNEL                00000020   00008000  00005230  00002dd0  R  X
  FLASH0                00008020   001f7fe0  000062cc  001f1d14  R  X
  FLASH1                00200000   00200000  00000000  00200000  R  X
  STACKS                08000000   00000800  00000000  00000800  RW  
  KRAM                  08000800   00000800  00000104  000006fc  RW  
  RAM                   08001000   0007f000  00002024  0007cfdc  RW  


SEGMENT ALLOCATION MAP

run origin  load origin   length   init length attrs members
----------  ----------- ---------- ----------- ----- -------
00000000    00000000    00005250   00005250    r-x
  00000000    00000000    00000020   00000020    r-x .intvecs
  00000020    00000020    000051e0   000051e0    r-x .kernelTEXT
  00005200    00005200    00000050   00000050    r-- .cinit
00008020    00008020    00005d0c   00005d0c    r-x
  00008020    00008020    00005d0c   00005d0c    r-x .text
0000dd40    0000dd40    000005c0   000005c0    r--
  0000dd40    0000dd40    000005c0   000005c0    r-- .const
08000800    08000800    00000104   00000000    rw-
  08000800    08000800    00000104   00000000    rw- .kernelBSS
08001000    08001000    00002024   00000000    rw-
  08001000    08001000    00002000   00000000    rw- .kernelHEAP
  08003000    08003000    00000018   00000000    rw- .data
  08003018    08003018    0000000c   00000000    rw- .bss


SECTION ALLOCATION MAP

 output                                  attributes/
section   page    origin      length       input sections
--------  ----  ----------  ----------   ----------------
.intvecs   0    00000000    00000020     
                  00000000    00000020     HL_sys_intvecs.obj (.intvecs)

.kernelTEXT 
*          0    00000020    000051e0     
                  00000020    00002bdc     os_tasks.obj (.kernelTEXT)
                  00002bfc    000011dc     os_queue.obj (.kernelTEXT)
                  00003dd8    0000081c     os_event_groups.obj (.kernelTEXT)
                  000045f4    000004b0     os_portasm.obj (.kernelTEXT)
                  00004aa4    000003dc     os_port.obj (.kernelTEXT)
                  00004e80    00000380     os_heap.obj (.kernelTEXT)

.cinit     0    00005200    00000050     
                  00005200    0000000c     (__TI_handler_table)
                  0000520c    0000000b     (.cinit..data.load) [load image, compression = lzss]
                  00005217    00000009     (.cinit..kernelBSS.load) [load image, compression = lzss]
                  00005220    00000008     (.cinit..bss.load) [load image, compression = zero_init]
                  00005228    00000008     (.cinit..kernelHEAP.load) [load image, compression = zero_init]
                  00005230    00000020     (__TI_cinit_table)

.text      0    00008020    00005d0c     
                  00008020    000009c0     HL_pinmux.obj (.text)
                  000089e0    000009a0     os_mpu_wrappers.obj (.text)
                  00009380    00000988     HL_system.obj (.text)
                  00009d08    0000093c     HL_sys_vim.obj (.text)
                  0000a644    000008e4     HL_het.obj (.text)
                  0000af28    0000078c     HL_esm.obj (.text)
                  0000b6b4    00000664     HL_errata_SSWF021_45.obj (.text)
                  0000bd18    00000484     HL_gio.obj (.text)
                  0000c19c    000003c4     HL_sys_core.obj (.text)
                  0000c560    0000036c     HL_sys_mpu.obj (.text)
                  0000c8cc    0000033c     HL_sys_vim.obj (.text:retain)
                  0000cc08    000002ec     HL_sys_main.obj (.text)
                  0000cef4    00000278     os_heap.obj (.text)
                  0000d16c    00000238     os_list.obj (.text)
                  0000d3a4    00000180     rtsv7R4_A_be_v3D16_eabi.lib : memcpy32.asm.obj (.text)
                  0000d524    00000178     HL_esm.obj (.text:retain)
                  0000d69c    00000164     os_tasks.obj (.text)
                  0000d800    0000013c     os_port.obj (.text)
                  0000d93c    000000d8     HL_sys_startup.obj (.text:retain)
                  0000da14    000000c8     HL_notification.obj (.text)
                  0000dadc    000000b0     rtsv7R4_A_be_v3D16_eabi.lib : memset32.asm.obj (.text)
                  0000db8c    00000090                                 : copy_decompress_lzss.c.obj (.text:decompress:lzss:__TI_decompress_lzss)
                  0000dc1c    00000068                                 : autoinit.c.obj (.text:__TI_auto_init_nobinit_nopinit:__TI_auto_init_nobinit_nopinit)
                  0000dc84    00000050                                 : u_div32.asm.obj (.text)
                  0000dcd4    00000020                                 : strlen.c.obj (.text:strlen)
                  0000dcf4    00000014                                 : copy_decompress_none.c.obj (.text:decompress:none:__TI_decompress_none)
                  0000dd08    00000010                                 : copy_zero_init.c.obj (.text:decompress:ZI:__TI_zero_init)
                  0000dd18    00000008                                 : exit.c.obj (.text:abort:abort)
                  0000dd20    00000004     HL_sys_startup.obj (.text)
                  0000dd24    00000004     HL_sys_phantom.obj (.text:retain)
                  0000dd28    00000004     rtsv7R4_A_be_v3D16_eabi.lib : div0.asm.obj (.text)

.const     0    0000dd40    000005c0     
                  0000dd40    000003a0     HL_het.obj (.const:het1PROGRAM)
                  0000e0e0    00000200     HL_sys_vim.obj (.const:s_vim_init)
                  0000e2e0    00000020     HL_het.obj (.const:s_het1pwmPolarity)

.kernelBSS 
*          0    08000800    00000104     UNINITIALIZED
                  08000800    000000d0     os_tasks.obj (.kernelBSS:uninit)
                  080008d0    00000034     os_tasks.obj (.kernelBSS:init)

.kernelHEAP 
*          0    08001000    00002000     UNINITIALIZED
                  08001000    00002000     os_heap.obj (.kernelHEAP)

.data      0    08003000    00000018     UNINITIALIZED
                  08003000    00000010     os_heap.obj (.data)
                  08003010    00000008     os_port.obj (.data)

.bss       0    08003018    0000000c     UNINITIALIZED
                  08003018    00000008     os_heap.obj (.bss:xStart)
                  08003020    00000004     (.common:xTask1Handle)

MODULE SUMMARY

       Module                       code    ro data   rw data
       ------                       ----    -------   -------
    ./source/
       os_tasks.obj                 11584   0         260    
       os_heap.obj                  1528    0         8216   
       os_queue.obj                 4572    0         0      
       HL_sys_vim.obj               3192    512       0      
       HL_het.obj                   2276    960       0      
       HL_pinmux.obj                2496    0         0      
       os_mpu_wrappers.obj          2464    0         0      
       HL_system.obj                2440    0         0      
       HL_esm.obj                   2308    0         0      
       os_event_groups.obj          2076    0         0      
       HL_errata_SSWF021_45.obj     1636    0         0      
       os_port.obj                  1304    0         8      
       os_portasm.obj               1200    0         0      
       HL_gio.obj                   1156    0         0      
       HL_sys_core.obj              964     0         0      
       HL_sys_mpu.obj               876     0         0      
       HL_sys_main.obj              748     0         4      
       os_list.obj                  568     0         0      
       HL_sys_startup.obj           220     0         0      
       HL_notification.obj          200     0         0      
       HL_sys_intvecs.obj           32      0         0      
       HL_sys_phantom.obj           4       0         0      
    +--+----------------------------+-------+---------+---------+
       Total:                       43844   1472      8488   
                                                             
    /home/koitt/ti/ccsv8/tools/compiler/ti-cgt-arm_18.1.4.LTS/lib/rtsv7R4_A_be_v3D16_eabi.lib
       memcpy32.asm.obj             384     0         0      
       memset32.asm.obj             176     0         0      
       copy_decompress_lzss.c.obj   144     0         0      
       autoinit.c.obj               104     0         0      
       u_div32.asm.obj              80      0         0      
       strlen.c.obj                 32      0         0      
       copy_decompress_none.c.obj   20      0         0      
       copy_zero_init.c.obj         16      0         0      
       exit.c.obj                   8       0         0      
       div0.asm.obj                 4       0         0      
    +--+----------------------------+-------+---------+---------+
       Total:                       968     0         0      
                                                             
       Linker Generated:            0       80        0      
    +--+----------------------------+-------+---------+---------+
       Grand Total:                 44812   1552      8488   


LINKER GENERATED COPY TABLES

__TI_cinit_table @ 00005230 records: 4, size/record: 8, table size: 32
	.data: load addr=0000520c, load size=0000000b bytes, run addr=08003000, run size=00000018 bytes, compression=lzss
	.kernelBSS: load addr=00005217, load size=00000009 bytes, run addr=08000800, run size=00000104 bytes, compression=lzss
	.bss: load addr=00005220, load size=00000008 bytes, run addr=08003018, run size=0000000c bytes, compression=zero_init
	.kernelHEAP: load addr=00005228, load size=00000008 bytes, run addr=08001000, run size=00002000 bytes, compression=zero_init


LINKER GENERATED HANDLER TABLE

__TI_handler_table @ 00005200 records: 3, size/record: 4, table size: 12
	index: 0, handler: __TI_decompress_lzss
	index: 1, handler: __TI_decompress_none
	index: 2, handler: __TI_zero_init


GLOBAL SYMBOLS: SORTED ALPHABETICALLY BY Name 

address   name                                  
-------   ----                                  
0000dd18  C$$EXIT                               
00008bb0  MPU_eTaskGetState                     
00008d18  MPU_pcTaskGetName                     
00008df8  MPU_pvTaskGetThreadLocalStoragePointer
00008f10  MPU_ulTaskNotifyTake                  
000090cc  MPU_uxQueueMessagesWaiting            
00009100  MPU_uxQueueSpacesAvailable            
00008cec  MPU_uxTaskGetNumberOfTasks            
00008d80  MPU_uxTaskGetStackHighWaterMark       
00008b7c  MPU_uxTaskPriorityGet                 
00009354  MPU_vEventGroupDelete                 
00009134  MPU_vQueueDelete                      
00008a88  MPU_vTaskAllocateMPURegions           
00008ae8  MPU_vTaskDelay                        
00008b14  MPU_vTaskDelayUntil                   
00008abc  MPU_vTaskDelete                       
00008be4  MPU_vTaskPrioritySet                  
00008c44  MPU_vTaskResume                       
00008db4  MPU_vTaskSetThreadLocalStoragePointer 
00008f88  MPU_vTaskSetTimeOutState              
00008c18  MPU_vTaskSuspend                      
00008c70  MPU_vTaskSuspendAll                   
00009278  MPU_xEventGroupClearBits              
000091f0  MPU_xEventGroupCreate                 
000092bc  MPU_xEventGroupSetBits                
00009300  MPU_xEventGroupSync                   
0000921c  MPU_xEventGroupWaitBits               
00009160  MPU_xQueueGenericCreate               
00009078  MPU_xQueueGenericReceive              
000091ac  MPU_xQueueGenericReset                
00009024  MPU_xQueueGenericSend                 
00008b48  MPU_xTaskAbortDelay                   
00008fb4  MPU_xTaskCheckForTimeOut              
000089e0  MPU_xTaskCreate                       
00008a44  MPU_xTaskCreateRestricted             
00008e68  MPU_xTaskGenericNotify                
00008d4c  MPU_xTaskGetHandle                    
00008e3c  MPU_xTaskGetIdleTaskHandle            
00008ff8  MPU_xTaskGetSchedulerState            
00008cc0  MPU_xTaskGetTickCount                 
00008f54  MPU_xTaskNotifyStateClear             
00008ebc  MPU_xTaskNotifyWait                   
00008c94  MPU_xTaskResumeAll                    
UNDEFED   SHT$$INIT_ARRAY$$Base                 
UNDEFED   SHT$$INIT_ARRAY$$Limit                
00005230  __TI_CINIT_Base                       
00005250  __TI_CINIT_Limit                      
00005200  __TI_Handler_Table_Base               
0000520c  __TI_Handler_Table_Limit              
0000c558  __TI_PINIT_Base                       
0000c55c  __TI_PINIT_Limit                      
0000dc1c  __TI_auto_init_nobinit_nopinit        
0000db8c  __TI_decompress_lzss                  
0000dcf4  __TI_decompress_none                  
ffffffff  __TI_pprof_out_hndl                   
ffffffff  __TI_prof_data_size                   
ffffffff  __TI_prof_data_start                  
00000000  __TI_static_base__                    
0000dd08  __TI_zero_init                        
0000dd28  __aeabi_idiv0                         
0000dd28  __aeabi_ldiv0                         
0000dadc  __aeabi_memclr                        
0000dadc  __aeabi_memclr4                       
0000dadc  __aeabi_memclr8                       
0000d3a4  __aeabi_memcpy                        
0000d3a4  __aeabi_memcpy4                       
0000d3a4  __aeabi_memcpy8                       
0000dae0  __aeabi_memset                        
0000dae0  __aeabi_memset4                       
0000dae0  __aeabi_memset8                       
0000dc84  __aeabi_uidiv                         
0000dc84  __aeabi_uidivmod                      
ffffffff  __binit__                             
ffffffff  __c_args__                            
0000d93c  _c_int00                              
0000c50c  _cacheDisable_                        
0000c4c8  _cacheEnable_                         
0000c4a8  _checkMemInitOn_                      
0000c3b4  _coreClearAuxiliaryDataFault_         
0000c3c8  _coreClearAuxiliaryInstructionFault_  
0000c38c  _coreClearDataFaultAddress_           
0000c364  _coreClearDataFault_                  
0000c3a0  _coreClearInstructionFaultAddress_    
0000c378  _coreClearInstructionFault_           
0000c33c  _coreDisableEventBusExport_           
0000c32c  _coreEnableEventBusExport_            
0000c34c  _coreEnableIrqVicOffset_              
0000c314  _coreEnableVfp_                       
0000c3ac  _coreGetAuxiliaryDataFault_           
0000c3c0  _coreGetAuxiliaryInstructionFault_    
0000c384  _coreGetDataFaultAddress_             
0000c35c  _coreGetDataFault_                    
0000c398  _coreGetInstructionFaultAddress_      
0000c370  _coreGetInstructionFault_             
0000c19c  _coreInitRegisters_                   
0000c2a8  _coreInitStackPointer_                
0000c530  _dCacheInvalidate_                    
0000c3d4  _disable_IRQ_interrupt_               
0000c3dc  _enable_IRQ_interrupt_                
0000c3e4  _enable_interrupt_                    
0000b6b4  _errata_SSWF021_45_both_plls          
0000b8a8  _errata_SSWF021_45_pll1               
0000ba20  _errata_SSWF021_45_pll2               
0000c3ec  _esmCcmErrorsClear_                   
0000c2f4  _getCPSRValue_                        
0000c2fc  _gotoCPUIdle_                         
0000c544  _iCacheInvalidate_                    
0000c474  _memInit_                             
0000c874  _mpuAreRegionsSeparate_               
0000c858  _mpuDisableBackgroundRegion_          
0000c830  _mpuDisable_                          
0000c848  _mpuEnableBackgroundRegion_           
0000c818  _mpuEnable_                           
0000c868  _mpuGetNumberOfRegions_               
0000c898  _mpuGetRegionBaseAddress_             
0000c8b8  _mpuGetRegionPermission_              
0000c8ac  _mpuGetRegionType_                    
0000c888  _mpuGetRegion_                        
0000c560  _mpuInit_                             
0000c890  _mpuSetRegionBaseAddress_             
0000c8c4  _mpuSetRegionSizeRegister_            
0000c8a0  _mpuSetRegionTypeAndPermission_       
0000c880  _mpuSetRegion_                        
UNDEFED   _system_post_cinit                    
0000dd18  abort                                 
ffffffff  binit                                 
0000ac40  capGetSignal                          
00009c64  customTrimLPO                         
0000da4c  dmaGroupANotification                 
00001f18  eTaskConfirmSleepModeStatus           
00000890  eTaskGetState                         
0000ac08  edgeDisableNotification               
0000abcc  edgeEnableNotification                
0000aba0  edgeGetCounter                        
0000daa0  edgeNotification                      
0000ab74  edgeResetCounter                      
0000dac8  epcCAMFullNotification                
0000dacc  epcFIFOFullNotification               
0000b138  esmActivateNormalOperation            
0000b284  esmClearStatus                        
0000b2e8  esmClearStatusBuffer                  
0000b2c4  esmClearStatusUpper                   
0000b0e4  esmDisableError                       
0000b10c  esmDisableErrorUpper                  
0000b18c  esmDisableInterrupt                   
0000b1b4  esmDisableInterruptUpper              
0000b0a0  esmEnableError                        
0000b0c8  esmEnableErrorUpper                   
0000b148  esmEnableInterrupt                    
0000b170  esmEnableInterruptUpper               
0000b418  esmEnterSelfTest                      
0000b084  esmError                              
0000b4f0  esmGetConfigValue                     
0000b324  esmGetStatus                          
0000b3f0  esmGetStatusBuffer                    
0000b3a8  esmGetStatusUpper                     
0000da14  esmGroup1Notification                 
0000da28  esmGroup2Notification                 
0000da3c  esmGroup3Notification                 
0000d524  esmHighInterrupt                      
0000af28  esmInit                               
0000b4a0  esmSelfTestStatus                     
0000b304  esmSetCounterPreloadValue             
0000b1d0  esmSetInterruptLevel                  
0000b244  esmSetInterruptLevelUpper             
0000b128  esmTriggerErrorPinReset               
0000970c  getResetSource                        
0000bf78  gioDisableNotification                
0000bf10  gioEnableNotification                 
0000be78  gioGetBit                             
0000bfe0  gioGetConfigValue                     
0000bea0  gioGetPort                            
0000bd18  gioInit                               
0000da60  gioNotification                       
0000be08  gioSetBit                             
0000bde8  gioSetDirection                       
0000be58  gioSetPort                            
0000beb8  gioToggleBit                          
0000dd20  handlePLLLockFail                     
0000ad48  het1GetConfigValue                    
0000ad30  hetGetTimestamp                       
0000a644  hetInit                               
0000dab4  hetNotification                       
0000ad14  hetResetTimestamp                     
0000ce88  main                                  
00009548  mapClocks                             
0000d3a4  memcpy                                
0000daec  memset                                
00008020  muxInit                               
00001354  pcTaskGetName                         
00009494  periphInit                            
0000dd24  phantomInterrupt                      
00004a7c  prvMpuDisable                         
00004a64  prvMpuEnable                          
00004a4c  prvMpuSetRegion                       
00004e80  pvPortMalloc                          
00001ff8  pvTaskGetThreadLocalStoragePointer    
0000ab44  pwmDisableNotification                
0000aafc  pwmEnableNotification                 
0000aa20  pwmGetSignal                          
0000da88  pwmNotification                       
0000a76c  pwmSetDuty                            
0000a8a8  pwmSetSignal                          
0000a704  pwmStart                              
0000a738  pwmStop                               
080008d0  pxCurrentTCB                          
00004aa4  pxPortInitialiseStack                 
00000000  resetEntry                            
0000da74  sciNotification                       
00009454  setupFlash                            
00009380  setupPLL                              
0000dcd4  strlen                                
00009834  systemGetConfigValue                  
00009668  systemInit                            
000096dc  systemPowerDown                       
000093e0  trimLPO                               
08003010  ulCriticalNesting                     
00004974  ulPortCountLeadingZeros               
08003014  ulTaskHasFPUContext                   
00002390  ulTaskNotifyTake                      
0000d318  uxListRemove                          
00003910  uxQueueMessagesWaiting                
00003994  uxQueueMessagesWaitingFromISR         
00003948  uxQueueSpacesAvailable                
00001348  uxTaskGetNumberOfTasks                
0000223c  uxTaskGetStackHighWaterMark           
00000994  uxTaskPriorityGet                     
000009d8  uxTaskPriorityGetFromISR              
00002354  uxTaskResetEventItemValue             
0000456c  vEventGroupClearBitsCallback          
000044cc  vEventGroupDelete                     
00004550  vEventGroupSetBitsCallback            
0000d16c  vListInitialise                       
0000d1c4  vListInitialiseItem                   
0000d254  vListInsert                           
0000d1e0  vListInsertEnd                        
00004e4c  vPortEndScheduler                     
000050d8  vPortFree                             
000051e8  vPortInitialiseBlocks                 
00004968  vPortInitialiseFPSCR                  
00004868  vPortPreemptiveTick                   
0000497c  vPortSWI                              
000045f8  vPortStartFirstTask                   
00004bb8  vPortStoreTaskMPUSettings             
00004774  vPortYeildWithinAPI                   
00004688  vPortYieldProcessor                   
000039c4  vQueueDelete                          
0000cc48  vTask1                                
00002064  vTaskAllocateMPURegions               
0000080c  vTaskDelay                            
000006a0  vTaskDelayUntil                       
00000538  vTaskDelete                           
00001084  vTaskEndScheduler                     
00001f08  vTaskMissedYield                      
00002954  vTaskNotifyGiveFromISR                
00001ad0  vTaskPlaceOnEventList                 
00001b14  vTaskPlaceOnUnorderedEventList        
00000a20  vTaskPrioritySet                      
00000e20  vTaskResume                           
00001f94  vTaskSetThreadLocalStoragePointer     
00001d90  vTaskSetTimeOutState                  
00000fec  vTaskStartScheduler                   
0000166c  vTaskStepTick                         
00000c18  vTaskSuspend                          
000010a0  vTaskSuspendAll                       
000019f0  vTaskSwitchContext                    
00009ddc  vimChannelMap                         
0000a048  vimDisableInterrupt                   
0000c8cc  vimECCErrorHandler                    
00009e80  vimEnableInterrupt                    
0000a0f4  vimGetConfigValue                     
00009d08  vimInit                               
0000cc08  wait_ms                               
00004268  xEventGroupClearBits                  
00003dd8  xEventGroupCreate                     
000042ec  xEventGroupGetBitsFromISR             
0000431c  xEventGroupSetBits                    
00003e14  xEventGroupSync                       
00004014  xEventGroupWaitBits                   
000051d0  xPortGetFreeHeapSize                  
000051dc  xPortGetMinimumEverFreeHeapSize       
00004e2c  xPortStartScheduler                   
00002d24  xQueueGenericCreate                   
000033fc  xQueueGenericReceive                  
00002bfc  xQueueGenericReset                    
00002e40  xQueueGenericSend                     
00003100  xQueueGenericSendFromISR              
00003290  xQueueGiveFromISR                     
00003cfc  xQueueIsQueueEmptyFromISR             
00003d88  xQueueIsQueueFullFromISR              
0000381c  xQueuePeekFromISR                     
000036d4  xQueueReceiveFromISR                  
08003020  xTask1Handle                          
000016c8  xTaskAbortDelay                       
00001dd0  xTaskCheckForTimeOut                  
000000fc  xTaskCreate                           
00000020  xTaskCreateRestricted                 
00002580  xTaskGenericNotify                    
00002754  xTaskGenericNotifyFromISR             
0000152c  xTaskGetHandle                        
00001634  xTaskGetIdleTaskHandle                
00002304  xTaskGetSchedulerState                
00001308  xTaskGetTickCount                     
00001324  xTaskGetTickCountFromISR              
000017c8  xTaskIncrementTick                    
0000d784  xTaskNotifyStateClear                 
00002468  xTaskNotifyWait                       
00001b98  xTaskRemoveFromEventList              
00001c88  xTaskRemoveFromUnorderedEventList     
00001158  xTaskResumeAll                        
00000f04  xTaskResumeFromISR                    


GLOBAL SYMBOLS: SORTED BY Symbol Address 

address   name                                  
-------   ----                                  
00000000  __TI_static_base__                    
00000000  resetEntry                            
00000020  xTaskCreateRestricted                 
000000fc  xTaskCreate                           
00000538  vTaskDelete                           
000006a0  vTaskDelayUntil                       
0000080c  vTaskDelay                            
00000890  eTaskGetState                         
00000994  uxTaskPriorityGet                     
000009d8  uxTaskPriorityGetFromISR              
00000a20  vTaskPrioritySet                      
00000c18  vTaskSuspend                          
00000e20  vTaskResume                           
00000f04  xTaskResumeFromISR                    
00000fec  vTaskStartScheduler                   
00001084  vTaskEndScheduler                     
000010a0  vTaskSuspendAll                       
00001158  xTaskResumeAll                        
00001308  xTaskGetTickCount                     
00001324  xTaskGetTickCountFromISR              
00001348  uxTaskGetNumberOfTasks                
00001354  pcTaskGetName                         
0000152c  xTaskGetHandle                        
00001634  xTaskGetIdleTaskHandle                
0000166c  vTaskStepTick                         
000016c8  xTaskAbortDelay                       
000017c8  xTaskIncrementTick                    
000019f0  vTaskSwitchContext                    
00001ad0  vTaskPlaceOnEventList                 
00001b14  vTaskPlaceOnUnorderedEventList        
00001b98  xTaskRemoveFromEventList              
00001c88  xTaskRemoveFromUnorderedEventList     
00001d90  vTaskSetTimeOutState                  
00001dd0  xTaskCheckForTimeOut                  
00001f08  vTaskMissedYield                      
00001f18  eTaskConfirmSleepModeStatus           
00001f94  vTaskSetThreadLocalStoragePointer     
00001ff8  pvTaskGetThreadLocalStoragePointer    
00002064  vTaskAllocateMPURegions               
0000223c  uxTaskGetStackHighWaterMark           
00002304  xTaskGetSchedulerState                
00002354  uxTaskResetEventItemValue             
00002390  ulTaskNotifyTake                      
00002468  xTaskNotifyWait                       
00002580  xTaskGenericNotify                    
00002754  xTaskGenericNotifyFromISR             
00002954  vTaskNotifyGiveFromISR                
00002bfc  xQueueGenericReset                    
00002d24  xQueueGenericCreate                   
00002e40  xQueueGenericSend                     
00003100  xQueueGenericSendFromISR              
00003290  xQueueGiveFromISR                     
000033fc  xQueueGenericReceive                  
000036d4  xQueueReceiveFromISR                  
0000381c  xQueuePeekFromISR                     
00003910  uxQueueMessagesWaiting                
00003948  uxQueueSpacesAvailable                
00003994  uxQueueMessagesWaitingFromISR         
000039c4  vQueueDelete                          
00003cfc  xQueueIsQueueEmptyFromISR             
00003d88  xQueueIsQueueFullFromISR              
00003dd8  xEventGroupCreate                     
00003e14  xEventGroupSync                       
00004014  xEventGroupWaitBits                   
00004268  xEventGroupClearBits                  
000042ec  xEventGroupGetBitsFromISR             
0000431c  xEventGroupSetBits                    
000044cc  vEventGroupDelete                     
00004550  vEventGroupSetBitsCallback            
0000456c  vEventGroupClearBitsCallback          
000045f8  vPortStartFirstTask                   
00004688  vPortYieldProcessor                   
00004774  vPortYeildWithinAPI                   
00004868  vPortPreemptiveTick                   
00004968  vPortInitialiseFPSCR                  
00004974  ulPortCountLeadingZeros               
0000497c  vPortSWI                              
00004a4c  prvMpuSetRegion                       
00004a64  prvMpuEnable                          
00004a7c  prvMpuDisable                         
00004aa4  pxPortInitialiseStack                 
00004bb8  vPortStoreTaskMPUSettings             
00004e2c  xPortStartScheduler                   
00004e4c  vPortEndScheduler                     
00004e80  pvPortMalloc                          
000050d8  vPortFree                             
000051d0  xPortGetFreeHeapSize                  
000051dc  xPortGetMinimumEverFreeHeapSize       
000051e8  vPortInitialiseBlocks                 
00005200  __TI_Handler_Table_Base               
0000520c  __TI_Handler_Table_Limit              
00005230  __TI_CINIT_Base                       
00005250  __TI_CINIT_Limit                      
00008020  muxInit                               
000089e0  MPU_xTaskCreate                       
00008a44  MPU_xTaskCreateRestricted             
00008a88  MPU_vTaskAllocateMPURegions           
00008abc  MPU_vTaskDelete                       
00008ae8  MPU_vTaskDelay                        
00008b14  MPU_vTaskDelayUntil                   
00008b48  MPU_xTaskAbortDelay                   
00008b7c  MPU_uxTaskPriorityGet                 
00008bb0  MPU_eTaskGetState                     
00008be4  MPU_vTaskPrioritySet                  
00008c18  MPU_vTaskSuspend                      
00008c44  MPU_vTaskResume                       
00008c70  MPU_vTaskSuspendAll                   
00008c94  MPU_xTaskResumeAll                    
00008cc0  MPU_xTaskGetTickCount                 
00008cec  MPU_uxTaskGetNumberOfTasks            
00008d18  MPU_pcTaskGetName                     
00008d4c  MPU_xTaskGetHandle                    
00008d80  MPU_uxTaskGetStackHighWaterMark       
00008db4  MPU_vTaskSetThreadLocalStoragePointer 
00008df8  MPU_pvTaskGetThreadLocalStoragePointer
00008e3c  MPU_xTaskGetIdleTaskHandle            
00008e68  MPU_xTaskGenericNotify                
00008ebc  MPU_xTaskNotifyWait                   
00008f10  MPU_ulTaskNotifyTake                  
00008f54  MPU_xTaskNotifyStateClear             
00008f88  MPU_vTaskSetTimeOutState              
00008fb4  MPU_xTaskCheckForTimeOut              
00008ff8  MPU_xTaskGetSchedulerState            
00009024  MPU_xQueueGenericSend                 
00009078  MPU_xQueueGenericReceive              
000090cc  MPU_uxQueueMessagesWaiting            
00009100  MPU_uxQueueSpacesAvailable            
00009134  MPU_vQueueDelete                      
00009160  MPU_xQueueGenericCreate               
000091ac  MPU_xQueueGenericReset                
000091f0  MPU_xEventGroupCreate                 
0000921c  MPU_xEventGroupWaitBits               
00009278  MPU_xEventGroupClearBits              
000092bc  MPU_xEventGroupSetBits                
00009300  MPU_xEventGroupSync                   
00009354  MPU_vEventGroupDelete                 
00009380  setupPLL                              
000093e0  trimLPO                               
00009454  setupFlash                            
00009494  periphInit                            
00009548  mapClocks                             
00009668  systemInit                            
000096dc  systemPowerDown                       
0000970c  getResetSource                        
00009834  systemGetConfigValue                  
00009c64  customTrimLPO                         
00009d08  vimInit                               
00009ddc  vimChannelMap                         
00009e80  vimEnableInterrupt                    
0000a048  vimDisableInterrupt                   
0000a0f4  vimGetConfigValue                     
0000a644  hetInit                               
0000a704  pwmStart                              
0000a738  pwmStop                               
0000a76c  pwmSetDuty                            
0000a8a8  pwmSetSignal                          
0000aa20  pwmGetSignal                          
0000aafc  pwmEnableNotification                 
0000ab44  pwmDisableNotification                
0000ab74  edgeResetCounter                      
0000aba0  edgeGetCounter                        
0000abcc  edgeEnableNotification                
0000ac08  edgeDisableNotification               
0000ac40  capGetSignal                          
0000ad14  hetResetTimestamp                     
0000ad30  hetGetTimestamp                       
0000ad48  het1GetConfigValue                    
0000af28  esmInit                               
0000b084  esmError                              
0000b0a0  esmEnableError                        
0000b0c8  esmEnableErrorUpper                   
0000b0e4  esmDisableError                       
0000b10c  esmDisableErrorUpper                  
0000b128  esmTriggerErrorPinReset               
0000b138  esmActivateNormalOperation            
0000b148  esmEnableInterrupt                    
0000b170  esmEnableInterruptUpper               
0000b18c  esmDisableInterrupt                   
0000b1b4  esmDisableInterruptUpper              
0000b1d0  esmSetInterruptLevel                  
0000b244  esmSetInterruptLevelUpper             
0000b284  esmClearStatus                        
0000b2c4  esmClearStatusUpper                   
0000b2e8  esmClearStatusBuffer                  
0000b304  esmSetCounterPreloadValue             
0000b324  esmGetStatus                          
0000b3a8  esmGetStatusUpper                     
0000b3f0  esmGetStatusBuffer                    
0000b418  esmEnterSelfTest                      
0000b4a0  esmSelfTestStatus                     
0000b4f0  esmGetConfigValue                     
0000b6b4  _errata_SSWF021_45_both_plls          
0000b8a8  _errata_SSWF021_45_pll1               
0000ba20  _errata_SSWF021_45_pll2               
0000bd18  gioInit                               
0000bde8  gioSetDirection                       
0000be08  gioSetBit                             
0000be58  gioSetPort                            
0000be78  gioGetBit                             
0000bea0  gioGetPort                            
0000beb8  gioToggleBit                          
0000bf10  gioEnableNotification                 
0000bf78  gioDisableNotification                
0000bfe0  gioGetConfigValue                     
0000c19c  _coreInitRegisters_                   
0000c2a8  _coreInitStackPointer_                
0000c2f4  _getCPSRValue_                        
0000c2fc  _gotoCPUIdle_                         
0000c314  _coreEnableVfp_                       
0000c32c  _coreEnableEventBusExport_            
0000c33c  _coreDisableEventBusExport_           
0000c34c  _coreEnableIrqVicOffset_              
0000c35c  _coreGetDataFault_                    
0000c364  _coreClearDataFault_                  
0000c370  _coreGetInstructionFault_             
0000c378  _coreClearInstructionFault_           
0000c384  _coreGetDataFaultAddress_             
0000c38c  _coreClearDataFaultAddress_           
0000c398  _coreGetInstructionFaultAddress_      
0000c3a0  _coreClearInstructionFaultAddress_    
0000c3ac  _coreGetAuxiliaryDataFault_           
0000c3b4  _coreClearAuxiliaryDataFault_         
0000c3c0  _coreGetAuxiliaryInstructionFault_    
0000c3c8  _coreClearAuxiliaryInstructionFault_  
0000c3d4  _disable_IRQ_interrupt_               
0000c3dc  _enable_IRQ_interrupt_                
0000c3e4  _enable_interrupt_                    
0000c3ec  _esmCcmErrorsClear_                   
0000c474  _memInit_                             
0000c4a8  _checkMemInitOn_                      
0000c4c8  _cacheEnable_                         
0000c50c  _cacheDisable_                        
0000c530  _dCacheInvalidate_                    
0000c544  _iCacheInvalidate_                    
0000c558  __TI_PINIT_Base                       
0000c55c  __TI_PINIT_Limit                      
0000c560  _mpuInit_                             
0000c818  _mpuEnable_                           
0000c830  _mpuDisable_                          
0000c848  _mpuEnableBackgroundRegion_           
0000c858  _mpuDisableBackgroundRegion_          
0000c868  _mpuGetNumberOfRegions_               
0000c874  _mpuAreRegionsSeparate_               
0000c880  _mpuSetRegion_                        
0000c888  _mpuGetRegion_                        
0000c890  _mpuSetRegionBaseAddress_             
0000c898  _mpuGetRegionBaseAddress_             
0000c8a0  _mpuSetRegionTypeAndPermission_       
0000c8ac  _mpuGetRegionType_                    
0000c8b8  _mpuGetRegionPermission_              
0000c8c4  _mpuSetRegionSizeRegister_            
0000c8cc  vimECCErrorHandler                    
0000cc08  wait_ms                               
0000cc48  vTask1                                
0000ce88  main                                  
0000d16c  vListInitialise                       
0000d1c4  vListInitialiseItem                   
0000d1e0  vListInsertEnd                        
0000d254  vListInsert                           
0000d318  uxListRemove                          
0000d3a4  __aeabi_memcpy                        
0000d3a4  __aeabi_memcpy4                       
0000d3a4  __aeabi_memcpy8                       
0000d3a4  memcpy                                
0000d524  esmHighInterrupt                      
0000d784  xTaskNotifyStateClear                 
0000d93c  _c_int00                              
0000da14  esmGroup1Notification                 
0000da28  esmGroup2Notification                 
0000da3c  esmGroup3Notification                 
0000da4c  dmaGroupANotification                 
0000da60  gioNotification                       
0000da74  sciNotification                       
0000da88  pwmNotification                       
0000daa0  edgeNotification                      
0000dab4  hetNotification                       
0000dac8  epcCAMFullNotification                
0000dacc  epcFIFOFullNotification               
0000dadc  __aeabi_memclr                        
0000dadc  __aeabi_memclr4                       
0000dadc  __aeabi_memclr8                       
0000dae0  __aeabi_memset                        
0000dae0  __aeabi_memset4                       
0000dae0  __aeabi_memset8                       
0000daec  memset                                
0000db8c  __TI_decompress_lzss                  
0000dc1c  __TI_auto_init_nobinit_nopinit        
0000dc84  __aeabi_uidiv                         
0000dc84  __aeabi_uidivmod                      
0000dcd4  strlen                                
0000dcf4  __TI_decompress_none                  
0000dd08  __TI_zero_init                        
0000dd18  C$$EXIT                               
0000dd18  abort                                 
0000dd20  handlePLLLockFail                     
0000dd24  phantomInterrupt                      
0000dd28  __aeabi_idiv0                         
0000dd28  __aeabi_ldiv0                         
080008d0  pxCurrentTCB                          
08003010  ulCriticalNesting                     
08003014  ulTaskHasFPUContext                   
08003020  xTask1Handle                          
ffffffff  __TI_pprof_out_hndl                   
ffffffff  __TI_prof_data_size                   
ffffffff  __TI_prof_data_start                  
ffffffff  __binit__                             
ffffffff  __c_args__                            
ffffffff  binit                                 
UNDEFED   SHT$$INIT_ARRAY$$Base                 
UNDEFED   SHT$$INIT_ARRAY$$Limit                
UNDEFED   _system_post_cinit                    

[311 symbols]
