******************************************************************************
                  TI ARM Linker Unix v18.1.4                   
******************************************************************************
>> Linked Wed Apr 24 17:51:50 2019

OUTPUT FILE NAME:   <ir_rtos_hettimer.out>
ENTRY POINT SYMBOL: "_c_int00"  address: 00011a84


MEMORY CONFIGURATION

         name            origin    length      used     unused   attr    fill
----------------------  --------  ---------  --------  --------  ----  --------
  VECTORS               00000000   00000020  00000020  00000000     X
  KERNEL                00000020   00008000  00005248  00002db8  R  X
  FLASH0                00008020   001f7fe0  0000ab80  001ed460  R  X
  FLASH1                00200000   00200000  00000000  00200000  R  X
  STACKS                08000000   00000800  00000000  00000800  RW  
  KRAM                  08000800   00000800  00000104  000006fc  RW  
  RAM                   08001000   0007f000  0000221c  0007cde4  RW  


SEGMENT ALLOCATION MAP

run origin  load origin   length   init length attrs members
----------  ----------- ---------- ----------- ----- -------
00000000    00000000    00005268   00005268    r-x
  00000000    00000000    00000020   00000020    r-x .intvecs
  00000020    00000020    000051e0   000051e0    r-x .kernelTEXT
  00005200    00005200    00000068   00000068    r-- .cinit
00008020    00008020    0000a488   0000a488    r-x
  00008020    00008020    0000a488   0000a488    r-x .text
000124c0    000124c0    000006f8   000006f8    r--
  000124c0    000124c0    000006f8   000006f8    r-- .const
08000800    08000800    00000104   00000000    rw-
  08000800    08000800    00000104   00000000    rw- .kernelBSS
08001000    08001000    0000221c   00000000    rw-
  08001000    08001000    00002000   00000000    rw- .kernelHEAP
  08003000    08003000    000001c0   00000000    rw- .data
  080031c0    080031c0    0000005c   00000000    rw- .bss


SECTION ALLOCATION MAP

 output                                  attributes/
section   page    origin      length       input sections
--------  ----  ----------  ----------   ----------------
.intvecs   0    00000000    00000020     
                  00000000    00000020     HL_sys_intvecs.obj (.intvecs)

.kernelTEXT 
*          0    00000020    000051e0     
                  00000020    00002bdc     os_tasks.obj (.kernelTEXT)
                  00002bfc    000011dc     os_queue.obj (.kernelTEXT)
                  00003dd8    0000081c     os_event_groups.obj (.kernelTEXT)
                  000045f4    000004b0     os_portasm.obj (.kernelTEXT)
                  00004aa4    000003dc     os_port.obj (.kernelTEXT)
                  00004e80    00000380     os_heap.obj (.kernelTEXT)

.cinit     0    00005200    00000068     
                  00005200    00000020     (.cinit..data.load) [load image, compression = lzss]
                  00005220    0000000c     (__TI_handler_table)
                  0000522c    00000009     (.cinit..kernelBSS.load) [load image, compression = lzss]
                  00005235    00000003     --HOLE-- [fill = 0]
                  00005238    00000008     (.cinit..bss.load) [load image, compression = zero_init]
                  00005240    00000008     (.cinit..kernelHEAP.load) [load image, compression = zero_init]
                  00005248    00000020     (__TI_cinit_table)

.text      0    00008020    0000a488     
                  00008020    00001648     HL_sys_main.obj (.text)
                  00009668    00000f9c     rtsv7R4_A_be_v3D16_eabi.lib : _printfi.c.obj (.text:__TI_printfi)
                  0000a604    000009c0     HL_pinmux.obj (.text)
                  0000afc4    000009a0     os_mpu_wrappers.obj (.text)
                  0000b964    00000994     HL_system.obj (.text)
                  0000c2f8    0000093c     HL_sys_vim.obj (.text)
                  0000cc34    000008f8     HL_het.obj (.text)
                  0000d52c    00000870     HL_sci.obj (.text)
                  0000dd9c    000007d0     rtsv7R4_A_be_v3D16_eabi.lib : e_pow.c.obj (.text:pow)
                  0000e56c    0000078c     HL_esm.obj (.text)
                  0000ecf8    00000664     HL_errata_SSWF021_45.obj (.text)
                  0000f35c    00000484     HL_gio.obj (.text)
                  0000f7e0    000003c4     HL_sys_core.obj (.text)
                  0000fba4    0000036c     HL_sys_mpu.obj (.text)
                  0000ff10    0000033c     HL_sys_vim.obj (.text:retain)
                  0001024c    000002dc     rtsv7R4_A_be_v3D16_eabi.lib : _printfi.c.obj (.text:_pconv_a)
                  00010528    000002b8                                 : ull_div32.asm.obj (.text)
                  000107e0    00000278     os_heap.obj (.text)
                  00010a58    00000248     rtsv7R4_A_be_v3D16_eabi.lib : _printfi.c.obj (.text:_pconv_g)
                  00010ca0    00000238     os_list.obj (.text)
                  00010ed8    00000180     rtsv7R4_A_be_v3D16_eabi.lib : memcpy32.asm.obj (.text)
                  00011058    00000178     HL_esm.obj (.text:retain)
                  000111d0    00000164     os_tasks.obj (.text)
                  00011334    0000015c     rtsv7R4_A_be_v3D16_eabi.lib : _printfi.c.obj (.text:_pconv_e)
                  00011490    00000144                                 : _printfi.c.obj (.text:fcvt)
                  000115d4    0000013c                                 : s_floor.c.obj (.text:floor)
                  00011710    0000013c     os_port.obj (.text)
                  0001184c    00000120     rtsv7R4_A_be_v3D16_eabi.lib : s_scalbn.c.obj (.text:scalbn)
                  0001196c    00000115                                 : _printfi.c.obj (.text:_ltostr)
                  00011a81    00000003     --HOLE-- [fill = 0]
                  00011a84    000000d8     HL_sys_startup.obj (.text:retain)
                  00011b5c    000000c8     HL_notification.obj (.text)
                  00011c24    000000c8     rtsv7R4_A_be_v3D16_eabi.lib : _printfi.c.obj (.text:_mcpy)
                  00011cec    000000b0                                 : memset32.asm.obj (.text)
                  00011d9c    00000098                                 : _printfi.c.obj (.text:_ecpy)
                  00011e34    00000098     HL_gio.obj (.text:retain)
                  00011ecc    00000090     rtsv7R4_A_be_v3D16_eabi.lib : copy_decompress_lzss.c.obj (.text:decompress:lzss:__TI_decompress_lzss)
                  00011f5c    0000008c                                 : s_frexp.c.obj (.text:frexp)
                  00011fe8    00000084                                 : atoi.c.obj (.text:atoi)
                  0001206c    00000080                                 : ltoa.c.obj (.text:ltoa)
                  000120ec    00000074                                 : _printfi.c.obj (.text:_pconv_f)
                  00012160    00000068                                 : autoinit.c.obj (.text:__TI_auto_init_nobinit_nopinit:__TI_auto_init_nobinit_nopinit)
                  000121c8    00000064                                 : _printfi.c.obj (.text:_fcpy)
                  0001222c    00000064                                 : sprintf.c.obj (.text:sprintf)
                  00012290    00000054                                 : i_div32.asm.obj (.text)
                  000122e4    00000050                                 : u_div32.asm.obj (.text)
                  00012334    00000038                                 : e_sqrt.c.obj (.text:sqrt)
                  0001236c    00000030                                 : sprintf.c.obj (.text:_outs)
                  0001239c    0000002c                                 : memccpy.c.obj (.text:memccpy)
                  000123c8    00000028                                 : strchr.c.obj (.text:strchr)
                  000123f0    00000024                                 : wcslen.c.obj (.text:wcslen)
                  00012414    00000020                                 : strlen.c.obj (.text:strlen)
                  00012434    0000001c                                 : s_copysign.c.obj (.text:copysign)
                  00012450    00000014                                 : sprintf.c.obj (.text:_outc)
                  00012464    00000014                                 : copy_decompress_none.c.obj (.text:decompress:none:__TI_decompress_none)
                  00012478    00000010                                 : copy_zero_init.c.obj (.text:decompress:ZI:__TI_zero_init)
                  00012488    0000000c                                 : errno.c.obj (.text:__aeabi_errno_addr)
                  00012494    00000008                                 : exit.c.obj (.text:abort:abort)
                  0001249c    00000004     HL_sys_startup.obj (.text)
                  000124a0    00000004     HL_sys_phantom.obj (.text:retain)
                  000124a4    00000004     rtsv7R4_A_be_v3D16_eabi.lib : div0.asm.obj (.text)

.const     0    000124c0    000006f8     
                  000124c0    000003a0     HL_het.obj (.const:het1PROGRAM)
                  00012860    00000200     HL_sys_vim.obj (.const:s_vim_init)
                  00012a60    00000101     rtsv7R4_A_be_v3D16_eabi.lib : ctype.c.obj (.const:.string:_ctypes_)
                  00012b61    00000003     --HOLE-- [fill = 0]
                  00012b64    00000020     HL_het.obj (.const:s_het1pwmPolarity)
                  00012b84    00000004     --HOLE-- [fill = 0]
                  00012b88    00000010     rtsv7R4_A_be_v3D16_eabi.lib : e_pow.c.obj (.const:bp)
                  00012b98    00000010                                 : e_pow.c.obj (.const:dp_h)
                  00012ba8    00000010                                 : e_pow.c.obj (.const:dp_l)

.kernelBSS 
*          0    08000800    00000104     UNINITIALIZED
                  08000800    000000d0     os_tasks.obj (.kernelBSS:uninit)
                  080008d0    00000034     os_tasks.obj (.kernelBSS:init)

.kernelHEAP 
*          0    08001000    00002000     UNINITIALIZED
                  08001000    00002000     os_heap.obj (.kernelHEAP)

.data      0    08003000    000001c0     UNINITIALIZED
                  08003000    00000100     HL_sys_main.obj (.data:buf)
                  08003100    0000007a     HL_sys_main.obj (.data:bitcount)
                  0800317a    00000002     --HOLE--
                  0800317c    00000010     HL_sys_main.obj (.data)
                  0800318c    00000010     os_heap.obj (.data)
                  0800319c    0000000c     HL_sys_main.obj (.data:letter)
                  080031a8    0000000a     HL_sys_main.obj (.data:text)
                  080031b2    00000002     --HOLE--
                  080031b4    00000008     os_port.obj (.data)
                  080031bc    00000004     rtsv7R4_A_be_v3D16_eabi.lib : errno.c.obj (.data)

.bss       0    080031c0    0000005c     UNINITIALIZED
                  080031c0    00000050     HL_sci.obj (.bss:g_sciTransfer_t)
                  08003210    00000008     os_heap.obj (.bss:xStart)
                  08003218    00000004     (.common:buf_len)

MODULE SUMMARY

       Module                       code    ro data   rw data
       ------                       ----    -------   -------
    ./source/
       os_tasks.obj                 11584   0         260    
       os_heap.obj                  1528    0         8216   
       HL_sys_main.obj              5704    0         420    
       os_queue.obj                 4572    0         0      
       HL_sys_vim.obj               3192    512       0      
       HL_het.obj                   2296    960       0      
       HL_pinmux.obj                2496    0         0      
       os_mpu_wrappers.obj          2464    0         0      
       HL_system.obj                2452    0         0      
       HL_esm.obj                   2308    0         0      
       HL_sci.obj                   2160    0         80     
       os_event_groups.obj          2076    0         0      
       HL_errata_SSWF021_45.obj     1636    0         0      
       os_port.obj                  1304    0         8      
       HL_gio.obj                   1308    0         0      
       os_portasm.obj               1200    0         0      
       HL_sys_core.obj              964     0         0      
       HL_sys_mpu.obj               876     0         0      
       os_list.obj                  568     0         0      
       HL_sys_startup.obj           220     0         0      
       HL_notification.obj          200     0         0      
       HL_sys_intvecs.obj           32      0         0      
       HL_sys_phantom.obj           4       0         0      
    +--+----------------------------+-------+---------+---------+
       Total:                       51144   1472      8984   
                                                             
    /home/koitt/ti/ccsv8/tools/compiler/ti-cgt-arm_18.1.4.LTS/lib/rtsv7R4_A_be_v3D16_eabi.lib
       _printfi.c.obj               6829    0         0      
       e_pow.c.obj                  2000    48        0      
       ull_div32.asm.obj            696     0         0      
       memcpy32.asm.obj             384     0         0      
       s_floor.c.obj                316     0         0      
       s_scalbn.c.obj               288     0         0      
       ctype.c.obj                  0       257       0      
       memset32.asm.obj             176     0         0      
       sprintf.c.obj                168     0         0      
       copy_decompress_lzss.c.obj   144     0         0      
       s_frexp.c.obj                140     0         0      
       atoi.c.obj                   132     0         0      
       ltoa.c.obj                   128     0         0      
       autoinit.c.obj               104     0         0      
       i_div32.asm.obj              84      0         0      
       u_div32.asm.obj              80      0         0      
       e_sqrt.c.obj                 56      0         0      
       memccpy.c.obj                44      0         0      
       strchr.c.obj                 40      0         0      
       wcslen.c.obj                 36      0         0      
       strlen.c.obj                 32      0         0      
       s_copysign.c.obj             28      0         0      
       copy_decompress_none.c.obj   20      0         0      
       copy_zero_init.c.obj         16      0         0      
       errno.c.obj                  12      0         4      
       exit.c.obj                   8       0         0      
       div0.asm.obj                 4       0         0      
    +--+----------------------------+-------+---------+---------+
       Total:                       11965   305       4      
                                                             
       Linker Generated:            0       101       0      
    +--+----------------------------+-------+---------+---------+
       Grand Total:                 63109   1878      8988   


LINKER GENERATED COPY TABLES

__TI_cinit_table @ 00005248 records: 4, size/record: 8, table size: 32
	.data: load addr=00005200, load size=00000020 bytes, run addr=08003000, run size=000001c0 bytes, compression=lzss
	.kernelBSS: load addr=0000522c, load size=00000009 bytes, run addr=08000800, run size=00000104 bytes, compression=lzss
	.bss: load addr=00005238, load size=00000008 bytes, run addr=080031c0, run size=0000005c bytes, compression=zero_init
	.kernelHEAP: load addr=00005240, load size=00000008 bytes, run addr=08001000, run size=00002000 bytes, compression=zero_init


LINKER GENERATED HANDLER TABLE

__TI_handler_table @ 00005220 records: 3, size/record: 4, table size: 12
	index: 0, handler: __TI_decompress_lzss
	index: 1, handler: __TI_decompress_none
	index: 2, handler: __TI_zero_init


GLOBAL SYMBOLS: SORTED ALPHABETICALLY BY Name 

address   name                                  
-------   ----                                  
00012494  C$$EXIT                               
0000b194  MPU_eTaskGetState                     
0000b2fc  MPU_pcTaskGetName                     
0000b3dc  MPU_pvTaskGetThreadLocalStoragePointer
0000b4f4  MPU_ulTaskNotifyTake                  
0000b6b0  MPU_uxQueueMessagesWaiting            
0000b6e4  MPU_uxQueueSpacesAvailable            
0000b2d0  MPU_uxTaskGetNumberOfTasks            
0000b364  MPU_uxTaskGetStackHighWaterMark       
0000b160  MPU_uxTaskPriorityGet                 
0000b938  MPU_vEventGroupDelete                 
0000b718  MPU_vQueueDelete                      
0000b06c  MPU_vTaskAllocateMPURegions           
0000b0cc  MPU_vTaskDelay                        
0000b0f8  MPU_vTaskDelayUntil                   
0000b0a0  MPU_vTaskDelete                       
0000b1c8  MPU_vTaskPrioritySet                  
0000b228  MPU_vTaskResume                       
0000b398  MPU_vTaskSetThreadLocalStoragePointer 
0000b56c  MPU_vTaskSetTimeOutState              
0000b1fc  MPU_vTaskSuspend                      
0000b254  MPU_vTaskSuspendAll                   
0000b85c  MPU_xEventGroupClearBits              
0000b7d4  MPU_xEventGroupCreate                 
0000b8a0  MPU_xEventGroupSetBits                
0000b8e4  MPU_xEventGroupSync                   
0000b800  MPU_xEventGroupWaitBits               
0000b744  MPU_xQueueGenericCreate               
0000b65c  MPU_xQueueGenericReceive              
0000b790  MPU_xQueueGenericReset                
0000b608  MPU_xQueueGenericSend                 
0000b12c  MPU_xTaskAbortDelay                   
0000b598  MPU_xTaskCheckForTimeOut              
0000afc4  MPU_xTaskCreate                       
0000b028  MPU_xTaskCreateRestricted             
0000b44c  MPU_xTaskGenericNotify                
0000b330  MPU_xTaskGetHandle                    
0000b420  MPU_xTaskGetIdleTaskHandle            
0000b5dc  MPU_xTaskGetSchedulerState            
0000b2a4  MPU_xTaskGetTickCount                 
0000b538  MPU_xTaskNotifyStateClear             
0000b4a0  MPU_xTaskNotifyWait                   
0000b278  MPU_xTaskResumeAll                    
UNDEFED   SHT$$INIT_ARRAY$$Base                 
UNDEFED   SHT$$INIT_ARRAY$$Limit                
00005248  __TI_CINIT_Base                       
00005268  __TI_CINIT_Limit                      
00005220  __TI_Handler_Table_Base               
0000522c  __TI_Handler_Table_Limit              
0000fb9c  __TI_PINIT_Base                       
0000fba0  __TI_PINIT_Limit                      
00012160  __TI_auto_init_nobinit_nopinit        
00011ecc  __TI_decompress_lzss                  
00012464  __TI_decompress_none                  
ffffffff  __TI_pprof_out_hndl                   
00009668  __TI_printfi                          
ffffffff  __TI_prof_data_size                   
ffffffff  __TI_prof_data_start                  
00000000  __TI_static_base__                    
00012478  __TI_zero_init                        
00012488  __aeabi_errno_addr                    
00012290  __aeabi_idiv                          
000124a4  __aeabi_idiv0                         
00012290  __aeabi_idivmod                       
000124a4  __aeabi_ldiv0                         
00011cec  __aeabi_memclr                        
00011cec  __aeabi_memclr4                       
00011cec  __aeabi_memclr8                       
00010ed8  __aeabi_memcpy                        
00010ed8  __aeabi_memcpy4                       
00010ed8  __aeabi_memcpy8                       
00011cf0  __aeabi_memset                        
00011cf0  __aeabi_memset4                       
00011cf0  __aeabi_memset8                       
000122e4  __aeabi_uidiv                         
000122e4  __aeabi_uidivmod                      
00010528  __aeabi_uldivmod                      
ffffffff  __binit__                             
ffffffff  __c_args__                            
00011a84  _c_int00                              
0000fb50  _cacheDisable_                        
0000fb0c  _cacheEnable_                         
0000faec  _checkMemInitOn_                      
0000f9f8  _coreClearAuxiliaryDataFault_         
0000fa0c  _coreClearAuxiliaryInstructionFault_  
0000f9d0  _coreClearDataFaultAddress_           
0000f9a8  _coreClearDataFault_                  
0000f9e4  _coreClearInstructionFaultAddress_    
0000f9bc  _coreClearInstructionFault_           
0000f980  _coreDisableEventBusExport_           
0000f970  _coreEnableEventBusExport_            
0000f990  _coreEnableIrqVicOffset_              
0000f958  _coreEnableVfp_                       
0000f9f0  _coreGetAuxiliaryDataFault_           
0000fa04  _coreGetAuxiliaryInstructionFault_    
0000f9c8  _coreGetDataFaultAddress_             
0000f9a0  _coreGetDataFault_                    
0000f9dc  _coreGetInstructionFaultAddress_      
0000f9b4  _coreGetInstructionFault_             
0000f7e0  _coreInitRegisters_                   
0000f8ec  _coreInitStackPointer_                
00012a60  _ctypes_                              
0000fb74  _dCacheInvalidate_                    
0000fa18  _disable_IRQ_interrupt_               
0000fa20  _enable_IRQ_interrupt_                
0000fa28  _enable_interrupt_                    
0000ecf8  _errata_SSWF021_45_both_plls          
0000eeec  _errata_SSWF021_45_pll1               
0000f064  _errata_SSWF021_45_pll2               
0000fa30  _esmCcmErrorsClear_                   
0000f938  _getCPSRValue_                        
0000f940  _gotoCPUIdle_                         
0000fb88  _iCacheInvalidate_                    
0000fab8  _memInit_                             
0000feb8  _mpuAreRegionsSeparate_               
0000fe9c  _mpuDisableBackgroundRegion_          
0000fe74  _mpuDisable_                          
0000fe8c  _mpuEnableBackgroundRegion_           
0000fe5c  _mpuEnable_                           
0000feac  _mpuGetNumberOfRegions_               
0000fedc  _mpuGetRegionBaseAddress_             
0000fefc  _mpuGetRegionPermission_              
0000fef0  _mpuGetRegionType_                    
0000fecc  _mpuGetRegion_                        
0000fba4  _mpuInit_                             
0000fed4  _mpuSetRegionBaseAddress_             
0000ff08  _mpuSetRegionSizeRegister_            
0000fee4  _mpuSetRegionTypeAndPermission_       
0000fec4  _mpuSetRegion_                        
UNDEFED   _system_post_cinit                    
00012494  abort                                 
00011fe8  atoi                                  
ffffffff  binit                                 
08003100  bitcount                              
08003000  buf                                   
08003218  buf_len                               
0000d240  capGetSignal                          
00012434  copysign                              
00012434  copysignl                             
0000c250  customTrimLPO                         
08003180  decode                                
000083f0  decode_ir                             
000080c4  delay_4us                             
00011b94  dmaGroupANotification                 
00001f18  eTaskConfirmSleepModeStatus           
00000890  eTaskGetState                         
0000d200  edgeDisableNotification               
0000d1c4  edgeEnableNotification                
0000d198  edgeGetCounter                        
00011be8  edgeNotification                      
0000d16c  edgeResetCounter                      
00011c10  epcCAMFullNotification                
00011c14  epcFIFOFullNotification               
080031bc  errno                                 
0000e77c  esmActivateNormalOperation            
0000e8c8  esmClearStatus                        
0000e92c  esmClearStatusBuffer                  
0000e908  esmClearStatusUpper                   
0000e728  esmDisableError                       
0000e750  esmDisableErrorUpper                  
0000e7d0  esmDisableInterrupt                   
0000e7f8  esmDisableInterruptUpper              
0000e6e4  esmEnableError                        
0000e70c  esmEnableErrorUpper                   
0000e78c  esmEnableInterrupt                    
0000e7b4  esmEnableInterruptUpper               
0000ea5c  esmEnterSelfTest                      
0000e6c8  esmError                              
0000eb34  esmGetConfigValue                     
0000e968  esmGetStatus                          
0000ea34  esmGetStatusBuffer                    
0000e9ec  esmGetStatusUpper                     
00011b5c  esmGroup1Notification                 
00011b70  esmGroup2Notification                 
00011b84  esmGroup3Notification                 
00011058  esmHighInterrupt                      
0000e56c  esmInit                               
0000eae4  esmSelfTestStatus                     
0000e948  esmSetCounterPreloadValue             
0000e814  esmSetInterruptLevel                  
0000e888  esmSetInterruptLevelUpper             
0000e76c  esmTriggerErrorPinReset               
08003184  fal                                   
000115d4  floor                                 
000115d4  floorl                                
00011f5c  frexp                                 
00011f5c  frexpl                                
0000bcf8  getResetSource                        
0000f5bc  gioDisableNotification                
0000f554  gioEnableNotification                 
0000f4bc  gioGetBit                             
0000f624  gioGetConfigValue                     
0000f4e4  gioGetPort                            
00011e34  gioHighLevelInterrupt                 
0000f35c  gioInit                               
000084a4  gioNotification                       
0000f44c  gioSetBit                             
0000f42c  gioSetDirection                       
0000f49c  gioSetPort                            
0000f4fc  gioToggleBit                          
0001249c  handlePLLLockFail                     
0000d354  het1GetConfigValue                    
0000d334  hetGetTimestamp                       
0000cc34  hetInit                               
00011bfc  hetNotification                       
0000d318  hetResetTimestamp                     
0001184c  ldexp                                 
0001184c  ldexpl                                
0800319c  letter                                
0001206c  ltoa                                  
00008310  main                                  
0000bb2c  mapClocks                             
0001239c  memccpy                               
00010ed8  memcpy                                
00011cfc  memset                                
0000a604  muxInit                               
00001354  pcTaskGetName                         
0000ba78  periphInit                            
000124a0  phantomInterrupt                      
0000ddbc  pow                                   
0000ddbc  powl                                  
00004a7c  prvMpuDisable                         
00004a64  prvMpuEnable                          
00004a4c  prvMpuSetRegion                       
00004e80  pvPortMalloc                          
00001ff8  pvTaskGetThreadLocalStoragePointer    
0000d13c  pwmDisableNotification                
0000d0f4  pwmEnableNotification                 
0000d014  pwmGetSignal                          
00011bd0  pwmNotification                       
0000cd5c  pwmSetDuty                            
0000ce98  pwmSetSignal                          
0000ccf4  pwmStart                              
0000cd28  pwmStop                               
080008d0  pxCurrentTCB                          
00004aa4  pxPortInitialiseStack                 
00008574  remote_data_calc                      
0800317c  remote_now                            
00000000  resetEntry                            
0001184c  scalbn                                
0001184c  scalbnl                               
0000dbe8  sci1GetConfigValue                    
0000da5c  sciDisableLoopback                    
0000db10  sciDisableNotification                
0000da28  sciEnableLoopback                     
0000da78  sciEnableNotification                 
0000dba8  sciEnterResetState                    
0000dbc8  sciExitResetState                     
0000d52c  sciInit                               
0000d8a0  sciIsIdleDetected                     
0000d884  sciIsRxReady                          
0000d6d4  sciIsTxReady                          
00011bbc  sciNotification                       
0000d918  sciReceive                            
0000d8ec  sciReceiveByte                        
0000d8bc  sciRxError                            
0000d720  sciSend                               
0000d6f0  sciSendByte                           
0000d638  sciSetBaudrate                        
0000d618  sciSetFunctional                      
00008020  sci_display                           
08003188  sem1                                  
0000ba38  setupFlash                            
0000b964  setupPLL                              
0001222c  sprintf                               
00012334  sqrt                                  
00012334  sqrtl                                 
000123c8  strchr                                
00012414  strlen                                
0000be20  systemGetConfigValue                  
0000bc54  systemInit                            
0000bcc8  systemPowerDown                       
080031a8  text                                  
0000b9c4  trimLPO                               
080031b4  ulCriticalNesting                     
00004974  ulPortCountLeadingZeros               
080031b8  ulTaskHasFPUContext                   
00002390  ulTaskNotifyTake                      
00010e4c  uxListRemove                          
00003910  uxQueueMessagesWaiting                
00003994  uxQueueMessagesWaitingFromISR         
00003948  uxQueueSpacesAvailable                
00001348  uxTaskGetNumberOfTasks                
0000223c  uxTaskGetStackHighWaterMark           
00000994  uxTaskPriorityGet                     
000009d8  uxTaskPriorityGetFromISR              
00002354  uxTaskResetEventItemValue             
0000456c  vEventGroupClearBitsCallback          
000044cc  vEventGroupDelete                     
00004550  vEventGroupSetBitsCallback            
00010ca0  vListInitialise                       
00010cf8  vListInitialiseItem                   
00010d88  vListInsert                           
00010d14  vListInsertEnd                        
00004e4c  vPortEndScheduler                     
000050d8  vPortFree                             
000051e8  vPortInitialiseBlocks                 
00004968  vPortInitialiseFPSCR                  
00004868  vPortPreemptiveTick                   
0000497c  vPortSWI                              
000045f8  vPortStartFirstTask                   
00004bb8  vPortStoreTaskMPUSettings             
00004774  vPortYeildWithinAPI                   
00004688  vPortYieldProcessor                   
000039c4  vQueueDelete                          
00008188  vTask1                                
00002064  vTaskAllocateMPURegions               
0000080c  vTaskDelay                            
000006a0  vTaskDelayUntil                       
00000538  vTaskDelete                           
00001084  vTaskEndScheduler                     
00001f08  vTaskMissedYield                      
00002954  vTaskNotifyGiveFromISR                
00001ad0  vTaskPlaceOnEventList                 
00001b14  vTaskPlaceOnUnorderedEventList        
00000a20  vTaskPrioritySet                      
00000e20  vTaskResume                           
00001f94  vTaskSetThreadLocalStoragePointer     
00001d90  vTaskSetTimeOutState                  
00000fec  vTaskStartScheduler                   
0000166c  vTaskStepTick                         
00000c18  vTaskSuspend                          
000010a0  vTaskSuspendAll                       
000019f0  vTaskSwitchContext                    
0000c3cc  vimChannelMap                         
0000c638  vimDisableInterrupt                   
0000ff10  vimECCErrorHandler                    
0000c470  vimEnableInterrupt                    
0000c6e4  vimGetConfigValue                     
0000c2f8  vimInit                               
00008080  wait                                  
00008108  wait_66us                             
00008148  wait_us                               
000123f0  wcslen                                
00004268  xEventGroupClearBits                  
00003dd8  xEventGroupCreate                     
000042ec  xEventGroupGetBitsFromISR             
0000431c  xEventGroupSetBits                    
00003e14  xEventGroupSync                       
00004014  xEventGroupWaitBits                   
000051d0  xPortGetFreeHeapSize                  
000051dc  xPortGetMinimumEverFreeHeapSize       
00004e2c  xPortStartScheduler                   
00002d24  xQueueGenericCreate                   
000033fc  xQueueGenericReceive                  
00002bfc  xQueueGenericReset                    
00002e40  xQueueGenericSend                     
00003100  xQueueGenericSendFromISR              
00003290  xQueueGiveFromISR                     
00003cfc  xQueueIsQueueEmptyFromISR             
00003d88  xQueueIsQueueFullFromISR              
0000381c  xQueuePeekFromISR                     
000036d4  xQueueReceiveFromISR                  
000016c8  xTaskAbortDelay                       
00001dd0  xTaskCheckForTimeOut                  
000000fc  xTaskCreate                           
00000020  xTaskCreateRestricted                 
00002580  xTaskGenericNotify                    
00002754  xTaskGenericNotifyFromISR             
0000152c  xTaskGetHandle                        
00001634  xTaskGetIdleTaskHandle                
00002304  xTaskGetSchedulerState                
00001308  xTaskGetTickCount                     
00001324  xTaskGetTickCountFromISR              
000017c8  xTaskIncrementTick                    
000112b8  xTaskNotifyStateClear                 
00002468  xTaskNotifyWait                       
00001b98  xTaskRemoveFromEventList              
00001c88  xTaskRemoveFromUnorderedEventList     
00001158  xTaskResumeAll                        
00000f04  xTaskResumeFromISR                    


GLOBAL SYMBOLS: SORTED BY Symbol Address 

address   name                                  
-------   ----                                  
00000000  __TI_static_base__                    
00000000  resetEntry                            
00000020  xTaskCreateRestricted                 
000000fc  xTaskCreate                           
00000538  vTaskDelete                           
000006a0  vTaskDelayUntil                       
0000080c  vTaskDelay                            
00000890  eTaskGetState                         
00000994  uxTaskPriorityGet                     
000009d8  uxTaskPriorityGetFromISR              
00000a20  vTaskPrioritySet                      
00000c18  vTaskSuspend                          
00000e20  vTaskResume                           
00000f04  xTaskResumeFromISR                    
00000fec  vTaskStartScheduler                   
00001084  vTaskEndScheduler                     
000010a0  vTaskSuspendAll                       
00001158  xTaskResumeAll                        
00001308  xTaskGetTickCount                     
00001324  xTaskGetTickCountFromISR              
00001348  uxTaskGetNumberOfTasks                
00001354  pcTaskGetName                         
0000152c  xTaskGetHandle                        
00001634  xTaskGetIdleTaskHandle                
0000166c  vTaskStepTick                         
000016c8  xTaskAbortDelay                       
000017c8  xTaskIncrementTick                    
000019f0  vTaskSwitchContext                    
00001ad0  vTaskPlaceOnEventList                 
00001b14  vTaskPlaceOnUnorderedEventList        
00001b98  xTaskRemoveFromEventList              
00001c88  xTaskRemoveFromUnorderedEventList     
00001d90  vTaskSetTimeOutState                  
00001dd0  xTaskCheckForTimeOut                  
00001f08  vTaskMissedYield                      
00001f18  eTaskConfirmSleepModeStatus           
00001f94  vTaskSetThreadLocalStoragePointer     
00001ff8  pvTaskGetThreadLocalStoragePointer    
00002064  vTaskAllocateMPURegions               
0000223c  uxTaskGetStackHighWaterMark           
00002304  xTaskGetSchedulerState                
00002354  uxTaskResetEventItemValue             
00002390  ulTaskNotifyTake                      
00002468  xTaskNotifyWait                       
00002580  xTaskGenericNotify                    
00002754  xTaskGenericNotifyFromISR             
00002954  vTaskNotifyGiveFromISR                
00002bfc  xQueueGenericReset                    
00002d24  xQueueGenericCreate                   
00002e40  xQueueGenericSend                     
00003100  xQueueGenericSendFromISR              
00003290  xQueueGiveFromISR                     
000033fc  xQueueGenericReceive                  
000036d4  xQueueReceiveFromISR                  
0000381c  xQueuePeekFromISR                     
00003910  uxQueueMessagesWaiting                
00003948  uxQueueSpacesAvailable                
00003994  uxQueueMessagesWaitingFromISR         
000039c4  vQueueDelete                          
00003cfc  xQueueIsQueueEmptyFromISR             
00003d88  xQueueIsQueueFullFromISR              
00003dd8  xEventGroupCreate                     
00003e14  xEventGroupSync                       
00004014  xEventGroupWaitBits                   
00004268  xEventGroupClearBits                  
000042ec  xEventGroupGetBitsFromISR             
0000431c  xEventGroupSetBits                    
000044cc  vEventGroupDelete                     
00004550  vEventGroupSetBitsCallback            
0000456c  vEventGroupClearBitsCallback          
000045f8  vPortStartFirstTask                   
00004688  vPortYieldProcessor                   
00004774  vPortYeildWithinAPI                   
00004868  vPortPreemptiveTick                   
00004968  vPortInitialiseFPSCR                  
00004974  ulPortCountLeadingZeros               
0000497c  vPortSWI                              
00004a4c  prvMpuSetRegion                       
00004a64  prvMpuEnable                          
00004a7c  prvMpuDisable                         
00004aa4  pxPortInitialiseStack                 
00004bb8  vPortStoreTaskMPUSettings             
00004e2c  xPortStartScheduler                   
00004e4c  vPortEndScheduler                     
00004e80  pvPortMalloc                          
000050d8  vPortFree                             
000051d0  xPortGetFreeHeapSize                  
000051dc  xPortGetMinimumEverFreeHeapSize       
000051e8  vPortInitialiseBlocks                 
00005220  __TI_Handler_Table_Base               
0000522c  __TI_Handler_Table_Limit              
00005248  __TI_CINIT_Base                       
00005268  __TI_CINIT_Limit                      
00008020  sci_display                           
00008080  wait                                  
000080c4  delay_4us                             
00008108  wait_66us                             
00008148  wait_us                               
00008188  vTask1                                
00008310  main                                  
000083f0  decode_ir                             
000084a4  gioNotification                       
00008574  remote_data_calc                      
00009668  __TI_printfi                          
0000a604  muxInit                               
0000afc4  MPU_xTaskCreate                       
0000b028  MPU_xTaskCreateRestricted             
0000b06c  MPU_vTaskAllocateMPURegions           
0000b0a0  MPU_vTaskDelete                       
0000b0cc  MPU_vTaskDelay                        
0000b0f8  MPU_vTaskDelayUntil                   
0000b12c  MPU_xTaskAbortDelay                   
0000b160  MPU_uxTaskPriorityGet                 
0000b194  MPU_eTaskGetState                     
0000b1c8  MPU_vTaskPrioritySet                  
0000b1fc  MPU_vTaskSuspend                      
0000b228  MPU_vTaskResume                       
0000b254  MPU_vTaskSuspendAll                   
0000b278  MPU_xTaskResumeAll                    
0000b2a4  MPU_xTaskGetTickCount                 
0000b2d0  MPU_uxTaskGetNumberOfTasks            
0000b2fc  MPU_pcTaskGetName                     
0000b330  MPU_xTaskGetHandle                    
0000b364  MPU_uxTaskGetStackHighWaterMark       
0000b398  MPU_vTaskSetThreadLocalStoragePointer 
0000b3dc  MPU_pvTaskGetThreadLocalStoragePointer
0000b420  MPU_xTaskGetIdleTaskHandle            
0000b44c  MPU_xTaskGenericNotify                
0000b4a0  MPU_xTaskNotifyWait                   
0000b4f4  MPU_ulTaskNotifyTake                  
0000b538  MPU_xTaskNotifyStateClear             
0000b56c  MPU_vTaskSetTimeOutState              
0000b598  MPU_xTaskCheckForTimeOut              
0000b5dc  MPU_xTaskGetSchedulerState            
0000b608  MPU_xQueueGenericSend                 
0000b65c  MPU_xQueueGenericReceive              
0000b6b0  MPU_uxQueueMessagesWaiting            
0000b6e4  MPU_uxQueueSpacesAvailable            
0000b718  MPU_vQueueDelete                      
0000b744  MPU_xQueueGenericCreate               
0000b790  MPU_xQueueGenericReset                
0000b7d4  MPU_xEventGroupCreate                 
0000b800  MPU_xEventGroupWaitBits               
0000b85c  MPU_xEventGroupClearBits              
0000b8a0  MPU_xEventGroupSetBits                
0000b8e4  MPU_xEventGroupSync                   
0000b938  MPU_vEventGroupDelete                 
0000b964  setupPLL                              
0000b9c4  trimLPO                               
0000ba38  setupFlash                            
0000ba78  periphInit                            
0000bb2c  mapClocks                             
0000bc54  systemInit                            
0000bcc8  systemPowerDown                       
0000bcf8  getResetSource                        
0000be20  systemGetConfigValue                  
0000c250  customTrimLPO                         
0000c2f8  vimInit                               
0000c3cc  vimChannelMap                         
0000c470  vimEnableInterrupt                    
0000c638  vimDisableInterrupt                   
0000c6e4  vimGetConfigValue                     
0000cc34  hetInit                               
0000ccf4  pwmStart                              
0000cd28  pwmStop                               
0000cd5c  pwmSetDuty                            
0000ce98  pwmSetSignal                          
0000d014  pwmGetSignal                          
0000d0f4  pwmEnableNotification                 
0000d13c  pwmDisableNotification                
0000d16c  edgeResetCounter                      
0000d198  edgeGetCounter                        
0000d1c4  edgeEnableNotification                
0000d200  edgeDisableNotification               
0000d240  capGetSignal                          
0000d318  hetResetTimestamp                     
0000d334  hetGetTimestamp                       
0000d354  het1GetConfigValue                    
0000d52c  sciInit                               
0000d618  sciSetFunctional                      
0000d638  sciSetBaudrate                        
0000d6d4  sciIsTxReady                          
0000d6f0  sciSendByte                           
0000d720  sciSend                               
0000d884  sciIsRxReady                          
0000d8a0  sciIsIdleDetected                     
0000d8bc  sciRxError                            
0000d8ec  sciReceiveByte                        
0000d918  sciReceive                            
0000da28  sciEnableLoopback                     
0000da5c  sciDisableLoopback                    
0000da78  sciEnableNotification                 
0000db10  sciDisableNotification                
0000dba8  sciEnterResetState                    
0000dbc8  sciExitResetState                     
0000dbe8  sci1GetConfigValue                    
0000ddbc  pow                                   
0000ddbc  powl                                  
0000e56c  esmInit                               
0000e6c8  esmError                              
0000e6e4  esmEnableError                        
0000e70c  esmEnableErrorUpper                   
0000e728  esmDisableError                       
0000e750  esmDisableErrorUpper                  
0000e76c  esmTriggerErrorPinReset               
0000e77c  esmActivateNormalOperation            
0000e78c  esmEnableInterrupt                    
0000e7b4  esmEnableInterruptUpper               
0000e7d0  esmDisableInterrupt                   
0000e7f8  esmDisableInterruptUpper              
0000e814  esmSetInterruptLevel                  
0000e888  esmSetInterruptLevelUpper             
0000e8c8  esmClearStatus                        
0000e908  esmClearStatusUpper                   
0000e92c  esmClearStatusBuffer                  
0000e948  esmSetCounterPreloadValue             
0000e968  esmGetStatus                          
0000e9ec  esmGetStatusUpper                     
0000ea34  esmGetStatusBuffer                    
0000ea5c  esmEnterSelfTest                      
0000eae4  esmSelfTestStatus                     
0000eb34  esmGetConfigValue                     
0000ecf8  _errata_SSWF021_45_both_plls          
0000eeec  _errata_SSWF021_45_pll1               
0000f064  _errata_SSWF021_45_pll2               
0000f35c  gioInit                               
0000f42c  gioSetDirection                       
0000f44c  gioSetBit                             
0000f49c  gioSetPort                            
0000f4bc  gioGetBit                             
0000f4e4  gioGetPort                            
0000f4fc  gioToggleBit                          
0000f554  gioEnableNotification                 
0000f5bc  gioDisableNotification                
0000f624  gioGetConfigValue                     
0000f7e0  _coreInitRegisters_                   
0000f8ec  _coreInitStackPointer_                
0000f938  _getCPSRValue_                        
0000f940  _gotoCPUIdle_                         
0000f958  _coreEnableVfp_                       
0000f970  _coreEnableEventBusExport_            
0000f980  _coreDisableEventBusExport_           
0000f990  _coreEnableIrqVicOffset_              
0000f9a0  _coreGetDataFault_                    
0000f9a8  _coreClearDataFault_                  
0000f9b4  _coreGetInstructionFault_             
0000f9bc  _coreClearInstructionFault_           
0000f9c8  _coreGetDataFaultAddress_             
0000f9d0  _coreClearDataFaultAddress_           
0000f9dc  _coreGetInstructionFaultAddress_      
0000f9e4  _coreClearInstructionFaultAddress_    
0000f9f0  _coreGetAuxiliaryDataFault_           
0000f9f8  _coreClearAuxiliaryDataFault_         
0000fa04  _coreGetAuxiliaryInstructionFault_    
0000fa0c  _coreClearAuxiliaryInstructionFault_  
0000fa18  _disable_IRQ_interrupt_               
0000fa20  _enable_IRQ_interrupt_                
0000fa28  _enable_interrupt_                    
0000fa30  _esmCcmErrorsClear_                   
0000fab8  _memInit_                             
0000faec  _checkMemInitOn_                      
0000fb0c  _cacheEnable_                         
0000fb50  _cacheDisable_                        
0000fb74  _dCacheInvalidate_                    
0000fb88  _iCacheInvalidate_                    
0000fb9c  __TI_PINIT_Base                       
0000fba0  __TI_PINIT_Limit                      
0000fba4  _mpuInit_                             
0000fe5c  _mpuEnable_                           
0000fe74  _mpuDisable_                          
0000fe8c  _mpuEnableBackgroundRegion_           
0000fe9c  _mpuDisableBackgroundRegion_          
0000feac  _mpuGetNumberOfRegions_               
0000feb8  _mpuAreRegionsSeparate_               
0000fec4  _mpuSetRegion_                        
0000fecc  _mpuGetRegion_                        
0000fed4  _mpuSetRegionBaseAddress_             
0000fedc  _mpuGetRegionBaseAddress_             
0000fee4  _mpuSetRegionTypeAndPermission_       
0000fef0  _mpuGetRegionType_                    
0000fefc  _mpuGetRegionPermission_              
0000ff08  _mpuSetRegionSizeRegister_            
0000ff10  vimECCErrorHandler                    
00010528  __aeabi_uldivmod                      
00010ca0  vListInitialise                       
00010cf8  vListInitialiseItem                   
00010d14  vListInsertEnd                        
00010d88  vListInsert                           
00010e4c  uxListRemove                          
00010ed8  __aeabi_memcpy                        
00010ed8  __aeabi_memcpy4                       
00010ed8  __aeabi_memcpy8                       
00010ed8  memcpy                                
00011058  esmHighInterrupt                      
000112b8  xTaskNotifyStateClear                 
000115d4  floor                                 
000115d4  floorl                                
0001184c  ldexp                                 
0001184c  ldexpl                                
0001184c  scalbn                                
0001184c  scalbnl                               
00011a84  _c_int00                              
00011b5c  esmGroup1Notification                 
00011b70  esmGroup2Notification                 
00011b84  esmGroup3Notification                 
00011b94  dmaGroupANotification                 
00011bbc  sciNotification                       
00011bd0  pwmNotification                       
00011be8  edgeNotification                      
00011bfc  hetNotification                       
00011c10  epcCAMFullNotification                
00011c14  epcFIFOFullNotification               
00011cec  __aeabi_memclr                        
00011cec  __aeabi_memclr4                       
00011cec  __aeabi_memclr8                       
00011cf0  __aeabi_memset                        
00011cf0  __aeabi_memset4                       
00011cf0  __aeabi_memset8                       
00011cfc  memset                                
00011e34  gioHighLevelInterrupt                 
00011ecc  __TI_decompress_lzss                  
00011f5c  frexp                                 
00011f5c  frexpl                                
00011fe8  atoi                                  
0001206c  ltoa                                  
00012160  __TI_auto_init_nobinit_nopinit        
0001222c  sprintf                               
00012290  __aeabi_idiv                          
00012290  __aeabi_idivmod                       
000122e4  __aeabi_uidiv                         
000122e4  __aeabi_uidivmod                      
00012334  sqrt                                  
00012334  sqrtl                                 
0001239c  memccpy                               
000123c8  strchr                                
000123f0  wcslen                                
00012414  strlen                                
00012434  copysign                              
00012434  copysignl                             
00012464  __TI_decompress_none                  
00012478  __TI_zero_init                        
00012488  __aeabi_errno_addr                    
00012494  C$$EXIT                               
00012494  abort                                 
0001249c  handlePLLLockFail                     
000124a0  phantomInterrupt                      
000124a4  __aeabi_idiv0                         
000124a4  __aeabi_ldiv0                         
00012a60  _ctypes_                              
080008d0  pxCurrentTCB                          
08003000  buf                                   
08003100  bitcount                              
0800317c  remote_now                            
08003180  decode                                
08003184  fal                                   
08003188  sem1                                  
0800319c  letter                                
080031a8  text                                  
080031b4  ulCriticalNesting                     
080031b8  ulTaskHasFPUContext                   
080031bc  errno                                 
08003218  buf_len                               
ffffffff  __TI_pprof_out_hndl                   
ffffffff  __TI_prof_data_size                   
ffffffff  __TI_prof_data_start                  
ffffffff  __binit__                             
ffffffff  __c_args__                            
ffffffff  binit                                 
UNDEFED   SHT$$INIT_ARRAY$$Base                 
UNDEFED   SHT$$INIT_ARRAY$$Limit                
UNDEFED   _system_post_cinit                    

[371 symbols]
