******************************************************************************
                  TI ARM Linker Unix v18.1.4                   
******************************************************************************
>> Linked Mon Jun 10 00:48:40 2019

OUTPUT FILE NAME:   <FreeRTOS_Peripheral_Integration.out>
ENTRY POINT SYMBOL: "_c_int00"  address: 00013c00


MEMORY CONFIGURATION

         name            origin    length      used     unused   attr    fill
----------------------  --------  ---------  --------  --------  ----  --------
  VECTORS               00000000   00000020  00000020  00000000     X
  KERNEL                00000020   00008000  00005250  00002db0  R  X
  FLASH0                00008020   001f7fe0  0000d024  001eafbc  R  X
  FLASH1                00200000   00200000  00000000  00200000  R  X
  STACKS                08000000   00000800  00000000  00000800  RW  
  KRAM                  08000800   00000800  00000104  000006fc  RW  
  RAM                   08001000   0007f000  00002255  0007cdab  RW  


SEGMENT ALLOCATION MAP

run origin  load origin   length   init length attrs members
----------  ----------- ---------- ----------- ----- -------
00000000    00000000    00005270   00005270    r-x
  00000000    00000000    00000020   00000020    r-x .intvecs
  00000020    00000020    000051e0   000051e0    r-x .kernelTEXT
  00005200    00005200    00000070   00000070    r-- .cinit
00008020    00008020    0000d028   0000d028    r-x
  00008020    00008020    0000c53c   0000c53c    r-x .text
  00014560    00014560    00000ae8   00000ae8    r-- .const
08000800    08000800    00000104   00000000    rw-
  08000800    08000800    00000104   00000000    rw- .kernelBSS
08001000    08001000    00002255   00000000    rw-
  08001000    08001000    00002000   00000000    rw- .kernelHEAP
  08003000    08003000    000001d4   00000000    rw- .data
  080031d4    080031d4    00000081   00000000    rw- .bss


SECTION ALLOCATION MAP

 output                                  attributes/
section   page    origin      length       input sections
--------  ----  ----------  ----------   ----------------
.intvecs   0    00000000    00000020     
                  00000000    00000020     HL_sys_intvecs.obj (.intvecs)

.kernelTEXT 
*          0    00000020    000051e0     
                  00000020    00002bdc     os_tasks.obj (.kernelTEXT)
                  00002bfc    000011dc     os_queue.obj (.kernelTEXT)
                  00003dd8    0000081c     os_event_groups.obj (.kernelTEXT)
                  000045f4    000004b0     os_portasm.obj (.kernelTEXT)
                  00004aa4    000003dc     os_port.obj (.kernelTEXT)
                  00004e80    00000380     os_heap.obj (.kernelTEXT)

.cinit     0    00005200    00000070     
                  00005200    00000026     (.cinit..data.load) [load image, compression = lzss]
                  00005226    00000002     --HOLE-- [fill = 0]
                  00005228    0000000c     (__TI_handler_table)
                  00005234    00000009     (.cinit..kernelBSS.load) [load image, compression = lzss]
                  0000523d    00000003     --HOLE-- [fill = 0]
                  00005240    00000008     (.cinit..bss.load) [load image, compression = zero_init]
                  00005248    00000008     (.cinit..kernelHEAP.load) [load image, compression = zero_init]
                  00005250    00000020     (__TI_cinit_table)

.text      0    00008020    0000c53c     
                  00008020    00002794     HL_sys_main.obj (.text)
                  0000a7b4    00000f9c     rtsv7R4_A_be_v3D16_eabi.lib : _printfi.c.obj (.text:__TI_printfi)
                  0000b750    00000be0     HL_het.obj (.text)
                  0000c330    00000aec     HL_adc.obj (.text)
                  0000ce1c    000009e4     HL_pinmux.obj (.text)
                  0000d800    000009a0     os_mpu_wrappers.obj (.text)
                  0000e1a0    00000994     HL_system.obj (.text)
                  0000eb34    0000093c     HL_sys_vim.obj (.text)
                  0000f470    00000870     HL_sci.obj (.text)
                  0000fce0    000007d0     rtsv7R4_A_be_v3D16_eabi.lib : e_pow.c.obj (.text:pow)
                  000104b0    0000078c     HL_esm.obj (.text)
                  00010c3c    00000664     HL_errata_SSWF021_45.obj (.text)
                  000112a0    00000484     HL_gio.obj (.text)
                  00011724    000003c4     HL_sys_core.obj (.text)
                  00011ae8    0000036c     HL_sys_mpu.obj (.text)
                  00011e54    0000033c     HL_sys_vim.obj (.text:retain)
                  00012190    000002dc     rtsv7R4_A_be_v3D16_eabi.lib : _printfi.c.obj (.text:_pconv_a)
                  0001246c    000002b8                                 : ull_div32.asm.obj (.text)
                  00012724    00000278     os_heap.obj (.text)
                  0001299c    00000248     rtsv7R4_A_be_v3D16_eabi.lib : _printfi.c.obj (.text:_pconv_g)
                  00012be4    00000238     os_list.obj (.text)
                  00012e1c    00000180     rtsv7R4_A_be_v3D16_eabi.lib : memcpy32.asm.obj (.text)
                  00012f9c    00000178     HL_esm.obj (.text:retain)
                  00013114    00000164     os_tasks.obj (.text)
                  00013278    0000015c     rtsv7R4_A_be_v3D16_eabi.lib : _printfi.c.obj (.text:_pconv_e)
                  000133d4    0000015c     HL_het.obj (.text:retain)
                  00013530    00000144     rtsv7R4_A_be_v3D16_eabi.lib : _printfi.c.obj (.text:fcvt)
                  00013674    0000013c                                 : s_floor.c.obj (.text:floor)
                  000137b0    0000013c     os_port.obj (.text)
                  000138ec    00000120     rtsv7R4_A_be_v3D16_eabi.lib : s_scalbn.c.obj (.text:scalbn)
                  00013a0c    00000115                                 : _printfi.c.obj (.text:_ltostr)
                  00013b21    00000003     --HOLE-- [fill = 0]
                  00013b24    000000dc     HL_notification.obj (.text)
                  00013c00    000000d8     HL_sys_startup.obj (.text:retain)
                  00013cd8    000000c8     rtsv7R4_A_be_v3D16_eabi.lib : _printfi.c.obj (.text:_mcpy)
                  00013da0    000000b0                                 : memset32.asm.obj (.text)
                  00013e50    00000098                                 : _printfi.c.obj (.text:_ecpy)
                  00013ee8    00000098     HL_gio.obj (.text:retain)
                  00013f80    00000090     rtsv7R4_A_be_v3D16_eabi.lib : copy_decompress_lzss.c.obj (.text:decompress:lzss:__TI_decompress_lzss)
                  00014010    0000008c                                 : s_frexp.c.obj (.text:frexp)
                  0001409c    00000084                                 : atoi.c.obj (.text:atoi)
                  00014120    00000080                                 : ltoa.c.obj (.text:ltoa)
                  000141a0    00000074                                 : _printfi.c.obj (.text:_pconv_f)
                  00014214    00000068                                 : autoinit.c.obj (.text:__TI_auto_init_nobinit_nopinit:__TI_auto_init_nobinit_nopinit)
                  0001427c    00000064                                 : _printfi.c.obj (.text:_fcpy)
                  000142e0    00000064                                 : sprintf.c.obj (.text:sprintf)
                  00014344    00000054                                 : i_div32.asm.obj (.text)
                  00014398    00000050                                 : u_div32.asm.obj (.text)
                  000143e8    00000038                                 : e_sqrt.c.obj (.text:sqrt)
                  00014420    00000030                                 : sprintf.c.obj (.text:_outs)
                  00014450    0000002c                                 : memccpy.c.obj (.text:memccpy)
                  0001447c    00000028                                 : strchr.c.obj (.text:strchr)
                  000144a4    00000024                                 : wcslen.c.obj (.text:wcslen)
                  000144c8    00000020                                 : strlen.c.obj (.text:strlen)
                  000144e8    0000001c                                 : s_copysign.c.obj (.text:copysign)
                  00014504    00000014                                 : sprintf.c.obj (.text:_outc)
                  00014518    00000014                                 : copy_decompress_none.c.obj (.text:decompress:none:__TI_decompress_none)
                  0001452c    00000010                                 : copy_zero_init.c.obj (.text:decompress:ZI:__TI_zero_init)
                  0001453c    0000000c                                 : errno.c.obj (.text:__aeabi_errno_addr)
                  00014548    00000008                                 : exit.c.obj (.text:abort:abort)
                  00014550    00000004     HL_sys_startup.obj (.text)
                  00014554    00000004     HL_sys_phantom.obj (.text:retain)
                  00014558    00000004     rtsv7R4_A_be_v3D16_eabi.lib : div0.asm.obj (.text)

.const     0    00014560    00000ae8     
                  00014560    000003a0     HL_het.obj (.const:het1PROGRAM)
                  00014900    000003a0     HL_het.obj (.const:het2PROGRAM)
                  00014ca0    00000200     HL_sys_vim.obj (.const:s_vim_init)
                  00014ea0    00000101     rtsv7R4_A_be_v3D16_eabi.lib : ctype.c.obj (.const:.string:_ctypes_)
                  00014fa1    00000003     --HOLE-- [fill = 0]
                  00014fa4    00000020     HL_het.obj (.const:s_het1pwmPolarity)
                  00014fc4    00000020     HL_het.obj (.const:s_het2pwmPolarity)
                  00014fe4    00000018     HL_adc.obj (.const:s_adcFiFoSize)
                  00014ffc    00000018     HL_adc.obj (.const:s_adcSelect)
                  00015014    00000004     --HOLE-- [fill = 0]
                  00015018    00000010     rtsv7R4_A_be_v3D16_eabi.lib : e_pow.c.obj (.const:bp)
                  00015028    00000010                                 : e_pow.c.obj (.const:dp_h)
                  00015038    00000010                                 : e_pow.c.obj (.const:dp_l)

.kernelBSS 
*          0    08000800    00000104     UNINITIALIZED
                  08000800    000000d0     os_tasks.obj (.kernelBSS:uninit)
                  080008d0    00000034     os_tasks.obj (.kernelBSS:init)

.kernelHEAP 
*          0    08001000    00002000     UNINITIALIZED
                  08001000    00002000     os_heap.obj (.kernelHEAP)

.data      0    08003000    000001d4     UNINITIALIZED
                  08003000    00000100     HL_sys_main.obj (.data:buf)
                  08003100    0000007a     HL_sys_main.obj (.data:bitcount)
                  0800317a    00000002     --HOLE--
                  0800317c    00000004     rtsv7R4_A_be_v3D16_eabi.lib : errno.c.obj (.data)
                  08003180    00000024     HL_sys_main.obj (.data)
                  080031a4    00000010     os_heap.obj (.data)
                  080031b4    0000000c     HL_sys_main.obj (.data:letter)
                  080031c0    0000000a     HL_sys_main.obj (.data:text)
                  080031ca    00000002     --HOLE--
                  080031cc    00000008     os_port.obj (.data)

.bss       0    080031d4    00000081     UNINITIALIZED
                  080031d4    00000050     HL_sci.obj (.bss:g_sciTransfer_t)
                  08003224    00000008     os_heap.obj (.bss:xStart)
                  0800322c    00000008     (.common:adc_data)
                  08003234    00000008     (.common:drop_time_array)
                  0800323c    00000004     (.common:buf_len)
                  08003240    00000004     (.common:cnt)
                  08003244    00000004     (.common:step)
                  08003248    00000004     (.common:temp)
                  0800324c    00000004     (.common:value)
                  08003250    00000004     (.common:weight)
                  08003254    00000001     (.common:drop_before)

MODULE SUMMARY

       Module                       code    ro data   rw data
       ------                       ----    -------   -------
    ./source/
       os_tasks.obj                 11584   0         260    
       HL_sys_main.obj              10132   0         477    
       os_heap.obj                  1528    0         8216   
       HL_het.obj                   3388    1920      0      
       os_queue.obj                 4572    0         0      
       HL_sys_vim.obj               3192    512       0      
       HL_adc.obj                   2796    48        0      
       HL_pinmux.obj                2532    0         0      
       os_mpu_wrappers.obj          2464    0         0      
       HL_system.obj                2452    0         0      
       HL_esm.obj                   2308    0         0      
       HL_sci.obj                   2160    0         80     
       os_event_groups.obj          2076    0         0      
       HL_errata_SSWF021_45.obj     1636    0         0      
       os_port.obj                  1304    0         8      
       HL_gio.obj                   1308    0         0      
       os_portasm.obj               1200    0         0      
       HL_sys_core.obj              964     0         0      
       HL_sys_mpu.obj               876     0         0      
       os_list.obj                  568     0         0      
       HL_notification.obj          220     0         0      
       HL_sys_startup.obj           220     0         0      
       HL_sys_intvecs.obj           32      0         0      
       HL_sys_phantom.obj           4       0         0      
    +--+----------------------------+-------+---------+---------+
       Total:                       59516   2480      9041   
                                                             
    /home/koitt/ti/ccsv8/tools/compiler/ti-cgt-arm_18.1.4.LTS/lib/rtsv7R4_A_be_v3D16_eabi.lib
       _printfi.c.obj               6829    0         0      
       e_pow.c.obj                  2000    48        0      
       ull_div32.asm.obj            696     0         0      
       memcpy32.asm.obj             384     0         0      
       s_floor.c.obj                316     0         0      
       s_scalbn.c.obj               288     0         0      
       ctype.c.obj                  0       257       0      
       memset32.asm.obj             176     0         0      
       sprintf.c.obj                168     0         0      
       copy_decompress_lzss.c.obj   144     0         0      
       s_frexp.c.obj                140     0         0      
       atoi.c.obj                   132     0         0      
       ltoa.c.obj                   128     0         0      
       autoinit.c.obj               104     0         0      
       i_div32.asm.obj              84      0         0      
       u_div32.asm.obj              80      0         0      
       e_sqrt.c.obj                 56      0         0      
       memccpy.c.obj                44      0         0      
       strchr.c.obj                 40      0         0      
       wcslen.c.obj                 36      0         0      
       strlen.c.obj                 32      0         0      
       s_copysign.c.obj             28      0         0      
       copy_decompress_none.c.obj   20      0         0      
       copy_zero_init.c.obj         16      0         0      
       errno.c.obj                  12      0         4      
       exit.c.obj                   8       0         0      
       div0.asm.obj                 4       0         0      
    +--+----------------------------+-------+---------+---------+
       Total:                       11965   305       4      
                                                             
       Linker Generated:            0       107       0      
    +--+----------------------------+-------+---------+---------+
       Grand Total:                 71481   2892      9045   


LINKER GENERATED COPY TABLES

__TI_cinit_table @ 00005250 records: 4, size/record: 8, table size: 32
	.data: load addr=00005200, load size=00000026 bytes, run addr=08003000, run size=000001d4 bytes, compression=lzss
	.kernelBSS: load addr=00005234, load size=00000009 bytes, run addr=08000800, run size=00000104 bytes, compression=lzss
	.bss: load addr=00005240, load size=00000008 bytes, run addr=080031d4, run size=00000081 bytes, compression=zero_init
	.kernelHEAP: load addr=00005248, load size=00000008 bytes, run addr=08001000, run size=00002000 bytes, compression=zero_init


LINKER GENERATED HANDLER TABLE

__TI_handler_table @ 00005228 records: 3, size/record: 4, table size: 12
	index: 0, handler: __TI_decompress_lzss
	index: 1, handler: __TI_decompress_none
	index: 2, handler: __TI_zero_init


GLOBAL SYMBOLS: SORTED ALPHABETICALLY BY Name 

address   name                                  
-------   ----                                  
00014548  C$$EXIT                               
0000d9d0  MPU_eTaskGetState                     
0000db38  MPU_pcTaskGetName                     
0000dc18  MPU_pvTaskGetThreadLocalStoragePointer
0000dd30  MPU_ulTaskNotifyTake                  
0000deec  MPU_uxQueueMessagesWaiting            
0000df20  MPU_uxQueueSpacesAvailable            
0000db0c  MPU_uxTaskGetNumberOfTasks            
0000dba0  MPU_uxTaskGetStackHighWaterMark       
0000d99c  MPU_uxTaskPriorityGet                 
0000e174  MPU_vEventGroupDelete                 
0000df54  MPU_vQueueDelete                      
0000d8a8  MPU_vTaskAllocateMPURegions           
0000d908  MPU_vTaskDelay                        
0000d934  MPU_vTaskDelayUntil                   
0000d8dc  MPU_vTaskDelete                       
0000da04  MPU_vTaskPrioritySet                  
0000da64  MPU_vTaskResume                       
0000dbd4  MPU_vTaskSetThreadLocalStoragePointer 
0000dda8  MPU_vTaskSetTimeOutState              
0000da38  MPU_vTaskSuspend                      
0000da90  MPU_vTaskSuspendAll                   
0000e098  MPU_xEventGroupClearBits              
0000e010  MPU_xEventGroupCreate                 
0000e0dc  MPU_xEventGroupSetBits                
0000e120  MPU_xEventGroupSync                   
0000e03c  MPU_xEventGroupWaitBits               
0000df80  MPU_xQueueGenericCreate               
0000de98  MPU_xQueueGenericReceive              
0000dfcc  MPU_xQueueGenericReset                
0000de44  MPU_xQueueGenericSend                 
0000d968  MPU_xTaskAbortDelay                   
0000ddd4  MPU_xTaskCheckForTimeOut              
0000d800  MPU_xTaskCreate                       
0000d864  MPU_xTaskCreateRestricted             
0000dc88  MPU_xTaskGenericNotify                
0000db6c  MPU_xTaskGetHandle                    
0000dc5c  MPU_xTaskGetIdleTaskHandle            
0000de18  MPU_xTaskGetSchedulerState            
0000dae0  MPU_xTaskGetTickCount                 
0000dd74  MPU_xTaskNotifyStateClear             
0000dcdc  MPU_xTaskNotifyWait                   
0000dab4  MPU_xTaskResumeAll                    
UNDEFED   SHT$$INIT_ARRAY$$Base                 
UNDEFED   SHT$$INIT_ARRAY$$Limit                
00005250  __TI_CINIT_Base                       
00005270  __TI_CINIT_Limit                      
00005228  __TI_Handler_Table_Base               
00005234  __TI_Handler_Table_Limit              
00011ae0  __TI_PINIT_Base                       
00011ae4  __TI_PINIT_Limit                      
00014214  __TI_auto_init_nobinit_nopinit        
00013f80  __TI_decompress_lzss                  
00014518  __TI_decompress_none                  
ffffffff  __TI_pprof_out_hndl                   
0000a7b4  __TI_printfi                          
ffffffff  __TI_prof_data_size                   
ffffffff  __TI_prof_data_start                  
00000000  __TI_static_base__                    
0001452c  __TI_zero_init                        
0001453c  __aeabi_errno_addr                    
00014344  __aeabi_idiv                          
00014558  __aeabi_idiv0                         
00014344  __aeabi_idivmod                       
00014558  __aeabi_ldiv0                         
00013da0  __aeabi_memclr                        
00013da0  __aeabi_memclr4                       
00013da0  __aeabi_memclr8                       
00012e1c  __aeabi_memcpy                        
00012e1c  __aeabi_memcpy4                       
00012e1c  __aeabi_memcpy8                       
00013da4  __aeabi_memset                        
00013da4  __aeabi_memset4                       
00013da4  __aeabi_memset8                       
00014398  __aeabi_uidiv                         
00014398  __aeabi_uidivmod                      
0001246c  __aeabi_uldivmod                      
ffffffff  __binit__                             
ffffffff  __c_args__                            
00013c00  _c_int00                              
00011a94  _cacheDisable_                        
00011a50  _cacheEnable_                         
00011a30  _checkMemInitOn_                      
0001193c  _coreClearAuxiliaryDataFault_         
00011950  _coreClearAuxiliaryInstructionFault_  
00011914  _coreClearDataFaultAddress_           
000118ec  _coreClearDataFault_                  
00011928  _coreClearInstructionFaultAddress_    
00011900  _coreClearInstructionFault_           
000118c4  _coreDisableEventBusExport_           
000118b4  _coreEnableEventBusExport_            
000118d4  _coreEnableIrqVicOffset_              
0001189c  _coreEnableVfp_                       
00011934  _coreGetAuxiliaryDataFault_           
00011948  _coreGetAuxiliaryInstructionFault_    
0001190c  _coreGetDataFaultAddress_             
000118e4  _coreGetDataFault_                    
00011920  _coreGetInstructionFaultAddress_      
000118f8  _coreGetInstructionFault_             
00011724  _coreInitRegisters_                   
00011830  _coreInitStackPointer_                
00014ea0  _ctypes_                              
00011ab8  _dCacheInvalidate_                    
0001195c  _disable_IRQ_interrupt_               
00011964  _enable_IRQ_interrupt_                
0001196c  _enable_interrupt_                    
00010c3c  _errata_SSWF021_45_both_plls          
00010e30  _errata_SSWF021_45_pll1               
00010fa8  _errata_SSWF021_45_pll2               
00011974  _esmCcmErrorsClear_                   
0001187c  _getCPSRValue_                        
00011884  _gotoCPUIdle_                         
00011acc  _iCacheInvalidate_                    
000119fc  _memInit_                             
00011dfc  _mpuAreRegionsSeparate_               
00011de0  _mpuDisableBackgroundRegion_          
00011db8  _mpuDisable_                          
00011dd0  _mpuEnableBackgroundRegion_           
00011da0  _mpuEnable_                           
00011df0  _mpuGetNumberOfRegions_               
00011e20  _mpuGetRegionBaseAddress_             
00011e40  _mpuGetRegionPermission_              
00011e34  _mpuGetRegionType_                    
00011e10  _mpuGetRegion_                        
00011ae8  _mpuInit_                             
00011e18  _mpuSetRegionBaseAddress_             
00011e4c  _mpuSetRegionSizeRegister_            
00011e28  _mpuSetRegionTypeAndPermission_       
00011e08  _mpuSetRegion_                        
UNDEFED   _system_post_cinit                    
00014548  abort                                 
0000cbac  adc1GetConfigValue                    
0000c788  adcCalibration                        
0000cb4c  adcDisableNotification                
0000cafc  adcEnableNotification                 
0000c560  adcGetData                            
0000cb94  adcGetEVTPin                          
0000c330  adcInit                               
0000c758  adcIsConversionComplete               
0000c728  adcIsFifoFull                         
0000c960  adcMidPointCalibration                
00013b70  adcNotification                       
0000c538  adcResetFiFo                          
0000cb74  adcSetEVTPin                          
0000c48c  adcStartConversion                    
0000c510  adcStopConversion                     
0800322c  adc_data                              
0001409c  atoi                                  
ffffffff  binit                                 
08003100  bitcount                              
08003000  buf                                   
0800323c  buf_len                               
0000be70  capGetSignal                          
08003240  cnt                                   
000144e8  copysign                              
000144e8  copysignl                             
0000ea8c  customTrimLPO                         
08003184  decode                                
00009598  decode_ir                             
000080c8  delay_ms                              
00008080  delay_us                              
00013b5c  dmaGroupANotification                 
08003254  drop_before                           
08003188  drop_count                            
0800318a  drop_sens_timing                      
08003234  drop_time_array                       
08003189  drop_time_avg                         
00001f18  eTaskConfirmSleepModeStatus           
00000890  eTaskGetState                         
0000be28  edgeDisableNotification               
0000bdec  edgeEnableNotification                
0000bdc0  edgeGetCounter                        
00013bc4  edgeNotification                      
0000bd94  edgeResetCounter                      
00013bec  epcCAMFullNotification                
00013bf0  epcFIFOFullNotification               
0800317c  errno                                 
000106c0  esmActivateNormalOperation            
0001080c  esmClearStatus                        
00010870  esmClearStatusBuffer                  
0001084c  esmClearStatusUpper                   
0001066c  esmDisableError                       
00010694  esmDisableErrorUpper                  
00010714  esmDisableInterrupt                   
0001073c  esmDisableInterruptUpper              
00010628  esmEnableError                        
00010650  esmEnableErrorUpper                   
000106d0  esmEnableInterrupt                    
000106f8  esmEnableInterruptUpper               
000109a0  esmEnterSelfTest                      
0001060c  esmError                              
00010a78  esmGetConfigValue                     
000108ac  esmGetStatus                          
00010978  esmGetStatusBuffer                    
00010930  esmGetStatusUpper                     
00013b24  esmGroup1Notification                 
00013b38  esmGroup2Notification                 
00013b4c  esmGroup3Notification                 
00012f9c  esmHighInterrupt                      
000104b0  esmInit                               
00010a28  esmSelfTestStatus                     
0001088c  esmSetCounterPreloadValue             
00010758  esmSetInterruptLevel                  
000107cc  esmSetInterruptLevelUpper             
000106b0  esmTriggerErrorPinReset               
00013674  floor                                 
00013674  floorl                                
00014010  frexp                                 
00014010  frexpl                                
0000e534  getResetSource                        
00011500  gioDisableNotification                
00011498  gioEnableNotification                 
00011400  gioGetBit                             
00011568  gioGetConfigValue                     
00011428  gioGetPort                            
00013ee8  gioHighLevelInterrupt                 
000112a0  gioInit                               
000084bc  gioNotification                       
00011390  gioSetBit                             
00011370  gioSetDirection                       
000113e0  gioSetPort                            
00011440  gioToggleBit                          
00014550  handlePLLLockFail                     
0000bf7c  het1GetConfigValue                    
0000c10c  het2GetConfigValue                    
000133d4  het2HighLevelInterrupt                
0001347c  het2LowLevelInterrupt                 
0000bf64  hetGetTimestamp                       
0000b750  hetInit                               
00013bd8  hetNotification                       
0000bf48  hetResetTimestamp                     
0000906c  lcd_char                              
00009198  lcd_char_variable                     
00008fdc  lcd_command                           
00009318  lcd_init                              
000092a4  lcd_string                            
000138ec  ldexp                                 
000138ec  ldexpl                                
080031b4  letter                                
00014120  ltoa                                  
00008354  main                                  
0000e368  mapClocks                             
00014450  memccpy                               
00012e1c  memcpy                                
00013db0  memset                                
0000ce1c  muxInit                               
00001354  pcTaskGetName                         
0000e2b4  periphInit                            
00014554  phantomInterrupt                      
0000fd00  pow                                   
0000fd00  powl                                  
00004a7c  prvMpuDisable                         
00004a64  prvMpuEnable                          
00004a4c  prvMpuSetRegion                       
00004e80  pvPortMalloc                          
00001ff8  pvTaskGetThreadLocalStoragePointer    
0000bd64  pwmDisableNotification                
0000bd1c  pwmEnableNotification                 
0000bc3c  pwmGetSignal                          
000085a4  pwmNotification                       
0000b93c  pwmSetDuty                            
0000ba8c  pwmSetSignal                          
0000b8d4  pwmStart                              
0000b908  pwmStop                               
080008d0  pxCurrentTCB                          
00004aa4  pxPortInitialiseStack                 
000096d0  remote_data_calc                      
08003180  remote_now                            
00000000  resetEntry                            
000138ec  scalbn                                
000138ec  scalbnl                               
0000fb2c  sci1GetConfigValue                    
0000f9a0  sciDisableLoopback                    
0000fa54  sciDisableNotification                
0000f96c  sciEnableLoopback                     
0000f9bc  sciEnableNotification                 
0000faec  sciEnterResetState                    
0000fb0c  sciExitResetState                     
0000f470  sciInit                               
0000f7e4  sciIsIdleDetected                     
0000f7c8  sciIsRxReady                          
0000f618  sciIsTxReady                          
00013b98  sciNotification                       
0000f85c  sciReceive                            
0000f830  sciReceiveByte                        
0000f800  sciRxError                            
0000f664  sciSend                               
0000f634  sciSendByte                           
0000f57c  sciSetBaudrate                        
0000f55c  sciSetFunctional                      
00008020  sci_display                           
08003198  sem1                                  
0000e274  setupFlash                            
0000e1a0  setupPLL                              
000142e0  sprintf                               
000143e8  sqrt                                  
000143e8  sqrtl                                 
08003244  step                                  
0001447c  strchr                                
000144c8  strlen                                
0000e65c  systemGetConfigValue                  
0000e490  systemInit                            
0000e504  systemPowerDown                       
08003248  temp                                  
080031c0  text                                  
0800318b  time_gap_set                          
08003190  time_left                             
0000e200  trimLPO                               
080031cc  ulCriticalNesting                     
00004974  ulPortCountLeadingZeros               
080031d0  ulTaskHasFPUContext                   
00002390  ulTaskNotifyTake                      
00012d90  uxListRemove                          
00003910  uxQueueMessagesWaiting                
00003994  uxQueueMessagesWaitingFromISR         
00003948  uxQueueSpacesAvailable                
00001348  uxTaskGetNumberOfTasks                
0000223c  uxTaskGetStackHighWaterMark           
00000994  uxTaskPriorityGet                     
000009d8  uxTaskPriorityGetFromISR              
00002354  uxTaskResetEventItemValue             
0000456c  vEventGroupClearBitsCallback          
000044cc  vEventGroupDelete                     
00004550  vEventGroupSetBitsCallback            
00012be4  vListInitialise                       
00012c3c  vListInitialiseItem                   
00012ccc  vListInsert                           
00012c58  vListInsertEnd                        
00004e4c  vPortEndScheduler                     
000050d8  vPortFree                             
000051e8  vPortInitialiseBlocks                 
00004968  vPortInitialiseFPSCR                  
00004868  vPortPreemptiveTick                   
0000497c  vPortSWI                              
000045f8  vPortStartFirstTask                   
00004bb8  vPortStoreTaskMPUSettings             
00004774  vPortYeildWithinAPI                   
00004688  vPortYieldProcessor                   
000039c4  vQueueDelete                          
000081d4  vTask1                                
000082d8  vTask2                                
00002064  vTaskAllocateMPURegions               
0000080c  vTaskDelay                            
000006a0  vTaskDelayUntil                       
00000538  vTaskDelete                           
00001084  vTaskEndScheduler                     
00001f08  vTaskMissedYield                      
00002954  vTaskNotifyGiveFromISR                
00001ad0  vTaskPlaceOnEventList                 
00001b14  vTaskPlaceOnUnorderedEventList        
00000a20  vTaskPrioritySet                      
00000e20  vTaskResume                           
00001f94  vTaskSetThreadLocalStoragePointer     
00001d90  vTaskSetTimeOutState                  
00000fec  vTaskStartScheduler                   
0000166c  vTaskStepTick                         
00000c18  vTaskSuspend                          
000010a0  vTaskSuspendAll                       
000019f0  vTaskSwitchContext                    
0800324c  value                                 
0000ec08  vimChannelMap                         
0000ee74  vimDisableInterrupt                   
00011e54  vimECCErrorHandler                    
0000ecac  vimEnableInterrupt                    
0000ef20  vimGetConfigValue                     
0000eb34  vimInit                               
00008110  wait                                  
00008154  wait_66us                             
00008194  wait_us                               
000144a4  wcslen                                
08003250  weight                                
00004268  xEventGroupClearBits                  
00003dd8  xEventGroupCreate                     
000042ec  xEventGroupGetBitsFromISR             
0000431c  xEventGroupSetBits                    
00003e14  xEventGroupSync                       
00004014  xEventGroupWaitBits                   
000051d0  xPortGetFreeHeapSize                  
000051dc  xPortGetMinimumEverFreeHeapSize       
00004e2c  xPortStartScheduler                   
00002d24  xQueueGenericCreate                   
000033fc  xQueueGenericReceive                  
00002bfc  xQueueGenericReset                    
00002e40  xQueueGenericSend                     
00003100  xQueueGenericSendFromISR              
00003290  xQueueGiveFromISR                     
00003cfc  xQueueIsQueueEmptyFromISR             
00003d88  xQueueIsQueueFullFromISR              
0000381c  xQueuePeekFromISR                     
000036d4  xQueueReceiveFromISR                  
000016c8  xTaskAbortDelay                       
00001dd0  xTaskCheckForTimeOut                  
000000fc  xTaskCreate                           
00000020  xTaskCreateRestricted                 
00002580  xTaskGenericNotify                    
00002754  xTaskGenericNotifyFromISR             
0000152c  xTaskGetHandle                        
00001634  xTaskGetIdleTaskHandle                
00002304  xTaskGetSchedulerState                
00001308  xTaskGetTickCount                     
00001324  xTaskGetTickCountFromISR              
000017c8  xTaskIncrementTick                    
000131fc  xTaskNotifyStateClear                 
00002468  xTaskNotifyWait                       
00001b98  xTaskRemoveFromEventList              
00001c88  xTaskRemoveFromUnorderedEventList     
00001158  xTaskResumeAll                        
00000f04  xTaskResumeFromISR                    


GLOBAL SYMBOLS: SORTED BY Symbol Address 

address   name                                  
-------   ----                                  
00000000  __TI_static_base__                    
00000000  resetEntry                            
00000020  xTaskCreateRestricted                 
000000fc  xTaskCreate                           
00000538  vTaskDelete                           
000006a0  vTaskDelayUntil                       
0000080c  vTaskDelay                            
00000890  eTaskGetState                         
00000994  uxTaskPriorityGet                     
000009d8  uxTaskPriorityGetFromISR              
00000a20  vTaskPrioritySet                      
00000c18  vTaskSuspend                          
00000e20  vTaskResume                           
00000f04  xTaskResumeFromISR                    
00000fec  vTaskStartScheduler                   
00001084  vTaskEndScheduler                     
000010a0  vTaskSuspendAll                       
00001158  xTaskResumeAll                        
00001308  xTaskGetTickCount                     
00001324  xTaskGetTickCountFromISR              
00001348  uxTaskGetNumberOfTasks                
00001354  pcTaskGetName                         
0000152c  xTaskGetHandle                        
00001634  xTaskGetIdleTaskHandle                
0000166c  vTaskStepTick                         
000016c8  xTaskAbortDelay                       
000017c8  xTaskIncrementTick                    
000019f0  vTaskSwitchContext                    
00001ad0  vTaskPlaceOnEventList                 
00001b14  vTaskPlaceOnUnorderedEventList        
00001b98  xTaskRemoveFromEventList              
00001c88  xTaskRemoveFromUnorderedEventList     
00001d90  vTaskSetTimeOutState                  
00001dd0  xTaskCheckForTimeOut                  
00001f08  vTaskMissedYield                      
00001f18  eTaskConfirmSleepModeStatus           
00001f94  vTaskSetThreadLocalStoragePointer     
00001ff8  pvTaskGetThreadLocalStoragePointer    
00002064  vTaskAllocateMPURegions               
0000223c  uxTaskGetStackHighWaterMark           
00002304  xTaskGetSchedulerState                
00002354  uxTaskResetEventItemValue             
00002390  ulTaskNotifyTake                      
00002468  xTaskNotifyWait                       
00002580  xTaskGenericNotify                    
00002754  xTaskGenericNotifyFromISR             
00002954  vTaskNotifyGiveFromISR                
00002bfc  xQueueGenericReset                    
00002d24  xQueueGenericCreate                   
00002e40  xQueueGenericSend                     
00003100  xQueueGenericSendFromISR              
00003290  xQueueGiveFromISR                     
000033fc  xQueueGenericReceive                  
000036d4  xQueueReceiveFromISR                  
0000381c  xQueuePeekFromISR                     
00003910  uxQueueMessagesWaiting                
00003948  uxQueueSpacesAvailable                
00003994  uxQueueMessagesWaitingFromISR         
000039c4  vQueueDelete                          
00003cfc  xQueueIsQueueEmptyFromISR             
00003d88  xQueueIsQueueFullFromISR              
00003dd8  xEventGroupCreate                     
00003e14  xEventGroupSync                       
00004014  xEventGroupWaitBits                   
00004268  xEventGroupClearBits                  
000042ec  xEventGroupGetBitsFromISR             
0000431c  xEventGroupSetBits                    
000044cc  vEventGroupDelete                     
00004550  vEventGroupSetBitsCallback            
0000456c  vEventGroupClearBitsCallback          
000045f8  vPortStartFirstTask                   
00004688  vPortYieldProcessor                   
00004774  vPortYeildWithinAPI                   
00004868  vPortPreemptiveTick                   
00004968  vPortInitialiseFPSCR                  
00004974  ulPortCountLeadingZeros               
0000497c  vPortSWI                              
00004a4c  prvMpuSetRegion                       
00004a64  prvMpuEnable                          
00004a7c  prvMpuDisable                         
00004aa4  pxPortInitialiseStack                 
00004bb8  vPortStoreTaskMPUSettings             
00004e2c  xPortStartScheduler                   
00004e4c  vPortEndScheduler                     
00004e80  pvPortMalloc                          
000050d8  vPortFree                             
000051d0  xPortGetFreeHeapSize                  
000051dc  xPortGetMinimumEverFreeHeapSize       
000051e8  vPortInitialiseBlocks                 
00005228  __TI_Handler_Table_Base               
00005234  __TI_Handler_Table_Limit              
00005250  __TI_CINIT_Base                       
00005270  __TI_CINIT_Limit                      
00008020  sci_display                           
00008080  delay_us                              
000080c8  delay_ms                              
00008110  wait                                  
00008154  wait_66us                             
00008194  wait_us                               
000081d4  vTask1                                
000082d8  vTask2                                
00008354  main                                  
000084bc  gioNotification                       
000085a4  pwmNotification                       
00008fdc  lcd_command                           
0000906c  lcd_char                              
00009198  lcd_char_variable                     
000092a4  lcd_string                            
00009318  lcd_init                              
00009598  decode_ir                             
000096d0  remote_data_calc                      
0000a7b4  __TI_printfi                          
0000b750  hetInit                               
0000b8d4  pwmStart                              
0000b908  pwmStop                               
0000b93c  pwmSetDuty                            
0000ba8c  pwmSetSignal                          
0000bc3c  pwmGetSignal                          
0000bd1c  pwmEnableNotification                 
0000bd64  pwmDisableNotification                
0000bd94  edgeResetCounter                      
0000bdc0  edgeGetCounter                        
0000bdec  edgeEnableNotification                
0000be28  edgeDisableNotification               
0000be70  capGetSignal                          
0000bf48  hetResetTimestamp                     
0000bf64  hetGetTimestamp                       
0000bf7c  het1GetConfigValue                    
0000c10c  het2GetConfigValue                    
0000c330  adcInit                               
0000c48c  adcStartConversion                    
0000c510  adcStopConversion                     
0000c538  adcResetFiFo                          
0000c560  adcGetData                            
0000c728  adcIsFifoFull                         
0000c758  adcIsConversionComplete               
0000c788  adcCalibration                        
0000c960  adcMidPointCalibration                
0000cafc  adcEnableNotification                 
0000cb4c  adcDisableNotification                
0000cb74  adcSetEVTPin                          
0000cb94  adcGetEVTPin                          
0000cbac  adc1GetConfigValue                    
0000ce1c  muxInit                               
0000d800  MPU_xTaskCreate                       
0000d864  MPU_xTaskCreateRestricted             
0000d8a8  MPU_vTaskAllocateMPURegions           
0000d8dc  MPU_vTaskDelete                       
0000d908  MPU_vTaskDelay                        
0000d934  MPU_vTaskDelayUntil                   
0000d968  MPU_xTaskAbortDelay                   
0000d99c  MPU_uxTaskPriorityGet                 
0000d9d0  MPU_eTaskGetState                     
0000da04  MPU_vTaskPrioritySet                  
0000da38  MPU_vTaskSuspend                      
0000da64  MPU_vTaskResume                       
0000da90  MPU_vTaskSuspendAll                   
0000dab4  MPU_xTaskResumeAll                    
0000dae0  MPU_xTaskGetTickCount                 
0000db0c  MPU_uxTaskGetNumberOfTasks            
0000db38  MPU_pcTaskGetName                     
0000db6c  MPU_xTaskGetHandle                    
0000dba0  MPU_uxTaskGetStackHighWaterMark       
0000dbd4  MPU_vTaskSetThreadLocalStoragePointer 
0000dc18  MPU_pvTaskGetThreadLocalStoragePointer
0000dc5c  MPU_xTaskGetIdleTaskHandle            
0000dc88  MPU_xTaskGenericNotify                
0000dcdc  MPU_xTaskNotifyWait                   
0000dd30  MPU_ulTaskNotifyTake                  
0000dd74  MPU_xTaskNotifyStateClear             
0000dda8  MPU_vTaskSetTimeOutState              
0000ddd4  MPU_xTaskCheckForTimeOut              
0000de18  MPU_xTaskGetSchedulerState            
0000de44  MPU_xQueueGenericSend                 
0000de98  MPU_xQueueGenericReceive              
0000deec  MPU_uxQueueMessagesWaiting            
0000df20  MPU_uxQueueSpacesAvailable            
0000df54  MPU_vQueueDelete                      
0000df80  MPU_xQueueGenericCreate               
0000dfcc  MPU_xQueueGenericReset                
0000e010  MPU_xEventGroupCreate                 
0000e03c  MPU_xEventGroupWaitBits               
0000e098  MPU_xEventGroupClearBits              
0000e0dc  MPU_xEventGroupSetBits                
0000e120  MPU_xEventGroupSync                   
0000e174  MPU_vEventGroupDelete                 
0000e1a0  setupPLL                              
0000e200  trimLPO                               
0000e274  setupFlash                            
0000e2b4  periphInit                            
0000e368  mapClocks                             
0000e490  systemInit                            
0000e504  systemPowerDown                       
0000e534  getResetSource                        
0000e65c  systemGetConfigValue                  
0000ea8c  customTrimLPO                         
0000eb34  vimInit                               
0000ec08  vimChannelMap                         
0000ecac  vimEnableInterrupt                    
0000ee74  vimDisableInterrupt                   
0000ef20  vimGetConfigValue                     
0000f470  sciInit                               
0000f55c  sciSetFunctional                      
0000f57c  sciSetBaudrate                        
0000f618  sciIsTxReady                          
0000f634  sciSendByte                           
0000f664  sciSend                               
0000f7c8  sciIsRxReady                          
0000f7e4  sciIsIdleDetected                     
0000f800  sciRxError                            
0000f830  sciReceiveByte                        
0000f85c  sciReceive                            
0000f96c  sciEnableLoopback                     
0000f9a0  sciDisableLoopback                    
0000f9bc  sciEnableNotification                 
0000fa54  sciDisableNotification                
0000faec  sciEnterResetState                    
0000fb0c  sciExitResetState                     
0000fb2c  sci1GetConfigValue                    
0000fd00  pow                                   
0000fd00  powl                                  
000104b0  esmInit                               
0001060c  esmError                              
00010628  esmEnableError                        
00010650  esmEnableErrorUpper                   
0001066c  esmDisableError                       
00010694  esmDisableErrorUpper                  
000106b0  esmTriggerErrorPinReset               
000106c0  esmActivateNormalOperation            
000106d0  esmEnableInterrupt                    
000106f8  esmEnableInterruptUpper               
00010714  esmDisableInterrupt                   
0001073c  esmDisableInterruptUpper              
00010758  esmSetInterruptLevel                  
000107cc  esmSetInterruptLevelUpper             
0001080c  esmClearStatus                        
0001084c  esmClearStatusUpper                   
00010870  esmClearStatusBuffer                  
0001088c  esmSetCounterPreloadValue             
000108ac  esmGetStatus                          
00010930  esmGetStatusUpper                     
00010978  esmGetStatusBuffer                    
000109a0  esmEnterSelfTest                      
00010a28  esmSelfTestStatus                     
00010a78  esmGetConfigValue                     
00010c3c  _errata_SSWF021_45_both_plls          
00010e30  _errata_SSWF021_45_pll1               
00010fa8  _errata_SSWF021_45_pll2               
000112a0  gioInit                               
00011370  gioSetDirection                       
00011390  gioSetBit                             
000113e0  gioSetPort                            
00011400  gioGetBit                             
00011428  gioGetPort                            
00011440  gioToggleBit                          
00011498  gioEnableNotification                 
00011500  gioDisableNotification                
00011568  gioGetConfigValue                     
00011724  _coreInitRegisters_                   
00011830  _coreInitStackPointer_                
0001187c  _getCPSRValue_                        
00011884  _gotoCPUIdle_                         
0001189c  _coreEnableVfp_                       
000118b4  _coreEnableEventBusExport_            
000118c4  _coreDisableEventBusExport_           
000118d4  _coreEnableIrqVicOffset_              
000118e4  _coreGetDataFault_                    
000118ec  _coreClearDataFault_                  
000118f8  _coreGetInstructionFault_             
00011900  _coreClearInstructionFault_           
0001190c  _coreGetDataFaultAddress_             
00011914  _coreClearDataFaultAddress_           
00011920  _coreGetInstructionFaultAddress_      
00011928  _coreClearInstructionFaultAddress_    
00011934  _coreGetAuxiliaryDataFault_           
0001193c  _coreClearAuxiliaryDataFault_         
00011948  _coreGetAuxiliaryInstructionFault_    
00011950  _coreClearAuxiliaryInstructionFault_  
0001195c  _disable_IRQ_interrupt_               
00011964  _enable_IRQ_interrupt_                
0001196c  _enable_interrupt_                    
00011974  _esmCcmErrorsClear_                   
000119fc  _memInit_                             
00011a30  _checkMemInitOn_                      
00011a50  _cacheEnable_                         
00011a94  _cacheDisable_                        
00011ab8  _dCacheInvalidate_                    
00011acc  _iCacheInvalidate_                    
00011ae0  __TI_PINIT_Base                       
00011ae4  __TI_PINIT_Limit                      
00011ae8  _mpuInit_                             
00011da0  _mpuEnable_                           
00011db8  _mpuDisable_                          
00011dd0  _mpuEnableBackgroundRegion_           
00011de0  _mpuDisableBackgroundRegion_          
00011df0  _mpuGetNumberOfRegions_               
00011dfc  _mpuAreRegionsSeparate_               
00011e08  _mpuSetRegion_                        
00011e10  _mpuGetRegion_                        
00011e18  _mpuSetRegionBaseAddress_             
00011e20  _mpuGetRegionBaseAddress_             
00011e28  _mpuSetRegionTypeAndPermission_       
00011e34  _mpuGetRegionType_                    
00011e40  _mpuGetRegionPermission_              
00011e4c  _mpuSetRegionSizeRegister_            
00011e54  vimECCErrorHandler                    
0001246c  __aeabi_uldivmod                      
00012be4  vListInitialise                       
00012c3c  vListInitialiseItem                   
00012c58  vListInsertEnd                        
00012ccc  vListInsert                           
00012d90  uxListRemove                          
00012e1c  __aeabi_memcpy                        
00012e1c  __aeabi_memcpy4                       
00012e1c  __aeabi_memcpy8                       
00012e1c  memcpy                                
00012f9c  esmHighInterrupt                      
000131fc  xTaskNotifyStateClear                 
000133d4  het2HighLevelInterrupt                
0001347c  het2LowLevelInterrupt                 
00013674  floor                                 
00013674  floorl                                
000138ec  ldexp                                 
000138ec  ldexpl                                
000138ec  scalbn                                
000138ec  scalbnl                               
00013b24  esmGroup1Notification                 
00013b38  esmGroup2Notification                 
00013b4c  esmGroup3Notification                 
00013b5c  dmaGroupANotification                 
00013b70  adcNotification                       
00013b98  sciNotification                       
00013bc4  edgeNotification                      
00013bd8  hetNotification                       
00013bec  epcCAMFullNotification                
00013bf0  epcFIFOFullNotification               
00013c00  _c_int00                              
00013da0  __aeabi_memclr                        
00013da0  __aeabi_memclr4                       
00013da0  __aeabi_memclr8                       
00013da4  __aeabi_memset                        
00013da4  __aeabi_memset4                       
00013da4  __aeabi_memset8                       
00013db0  memset                                
00013ee8  gioHighLevelInterrupt                 
00013f80  __TI_decompress_lzss                  
00014010  frexp                                 
00014010  frexpl                                
0001409c  atoi                                  
00014120  ltoa                                  
00014214  __TI_auto_init_nobinit_nopinit        
000142e0  sprintf                               
00014344  __aeabi_idiv                          
00014344  __aeabi_idivmod                       
00014398  __aeabi_uidiv                         
00014398  __aeabi_uidivmod                      
000143e8  sqrt                                  
000143e8  sqrtl                                 
00014450  memccpy                               
0001447c  strchr                                
000144a4  wcslen                                
000144c8  strlen                                
000144e8  copysign                              
000144e8  copysignl                             
00014518  __TI_decompress_none                  
0001452c  __TI_zero_init                        
0001453c  __aeabi_errno_addr                    
00014548  C$$EXIT                               
00014548  abort                                 
00014550  handlePLLLockFail                     
00014554  phantomInterrupt                      
00014558  __aeabi_idiv0                         
00014558  __aeabi_ldiv0                         
00014ea0  _ctypes_                              
080008d0  pxCurrentTCB                          
08003000  buf                                   
08003100  bitcount                              
0800317c  errno                                 
08003180  remote_now                            
08003184  decode                                
08003188  drop_count                            
08003189  drop_time_avg                         
0800318a  drop_sens_timing                      
0800318b  time_gap_set                          
08003190  time_left                             
08003198  sem1                                  
080031b4  letter                                
080031c0  text                                  
080031cc  ulCriticalNesting                     
080031d0  ulTaskHasFPUContext                   
0800322c  adc_data                              
08003234  drop_time_array                       
0800323c  buf_len                               
08003240  cnt                                   
08003244  step                                  
08003248  temp                                  
0800324c  value                                 
08003250  weight                                
08003254  drop_before                           
ffffffff  __TI_pprof_out_hndl                   
ffffffff  __TI_prof_data_size                   
ffffffff  __TI_prof_data_start                  
ffffffff  __binit__                             
ffffffff  __c_args__                            
ffffffff  binit                                 
UNDEFED   SHT$$INIT_ARRAY$$Base                 
UNDEFED   SHT$$INIT_ARRAY$$Limit                
UNDEFED   _system_post_cinit                    

[408 symbols]
