******************************************************************************
                  TI ARM Linker Unix v18.1.4                   
******************************************************************************
>> Linked Wed Jul  3 03:55:14 2019

OUTPUT FILE NAME:   <FreeRTOS_Peripheral_Integration.out>
ENTRY POINT SYMBOL: "_c_int00"  address: 00013d0c


MEMORY CONFIGURATION

         name            origin    length      used     unused   attr    fill
----------------------  --------  ---------  --------  --------  ----  --------
  VECTORS               00000000   00000020  00000020  00000000     X
  KERNEL                00000020   00008000  00005240  00002dc0  R  X
  FLASH0                00008020   001f7fe0  0000d130  001eaeb0  R  X
  FLASH1                00200000   00200000  00000000  00200000  R  X
  STACKS                08000000   00000800  00000000  00000800  RW  
  KRAM                  08000800   00000800  00000104  000006fc  RW  
  RAM                   08001000   0007f000  0000225d  0007cda3  RW  


SEGMENT ALLOCATION MAP

run origin  load origin   length   init length attrs members
----------  ----------- ---------- ----------- ----- -------
00000000    00000000    00005260   00005260    r-x
  00000000    00000000    00000020   00000020    r-x .intvecs
  00000020    00000020    000051e0   000051e0    r-x .kernelTEXT
  00005200    00005200    00000060   00000060    r-- .cinit
00008020    00008020    0000c648   0000c648    r-x
  00008020    00008020    0000c648   0000c648    r-x .text
00014680    00014680    00000ae8   00000ae8    r--
  00014680    00014680    00000ae8   00000ae8    r-- .const
08000800    08000800    00000104   00000000    rw-
  08000800    08000800    00000104   00000000    rw- .kernelBSS
08001000    08001000    0000225d   00000000    rw-
  08001000    08001000    00002000   00000000    rw- .kernelHEAP
  08003000    08003000    000001c8   00000000    rw- .data
  080031c8    080031c8    00000095   00000000    rw- .bss


SECTION ALLOCATION MAP

 output                                  attributes/
section   page    origin      length       input sections
--------  ----  ----------  ----------   ----------------
.intvecs   0    00000000    00000020     
                  00000000    00000020     HL_sys_intvecs.obj (.intvecs)

.kernelTEXT 
*          0    00000020    000051e0     
                  00000020    00002bdc     os_tasks.obj (.kernelTEXT)
                  00002bfc    000011dc     os_queue.obj (.kernelTEXT)
                  00003dd8    0000081c     os_event_groups.obj (.kernelTEXT)
                  000045f4    000004b0     os_portasm.obj (.kernelTEXT)
                  00004aa4    000003dc     os_port.obj (.kernelTEXT)
                  00004e80    00000380     os_heap.obj (.kernelTEXT)

.cinit     0    00005200    00000060     
                  00005200    00000017     (.cinit..data.load) [load image, compression = lzss]
                  00005217    00000001     --HOLE-- [fill = 0]
                  00005218    0000000c     (__TI_handler_table)
                  00005224    00000009     (.cinit..kernelBSS.load) [load image, compression = lzss]
                  0000522d    00000003     --HOLE-- [fill = 0]
                  00005230    00000008     (.cinit..bss.load) [load image, compression = zero_init]
                  00005238    00000008     (.cinit..kernelHEAP.load) [load image, compression = zero_init]
                  00005240    00000020     (__TI_cinit_table)

.text      0    00008020    0000c648     
                  00008020    000028a0     HL_sys_main.obj (.text)
                  0000a8c0    00000f9c     rtsv7R4_A_be_v3D16_eabi.lib : _printfi.c.obj (.text:__TI_printfi)
                  0000b85c    00000be0     HL_het.obj (.text)
                  0000c43c    00000aec     HL_adc.obj (.text)
                  0000cf28    000009e4     HL_pinmux.obj (.text)
                  0000d90c    000009a0     os_mpu_wrappers.obj (.text)
                  0000e2ac    00000994     HL_system.obj (.text)
                  0000ec40    0000093c     HL_sys_vim.obj (.text)
                  0000f57c    00000870     HL_sci.obj (.text)
                  0000fdec    000007d0     rtsv7R4_A_be_v3D16_eabi.lib : e_pow.c.obj (.text:pow)
                  000105bc    0000078c     HL_esm.obj (.text)
                  00010d48    00000664     HL_errata_SSWF021_45.obj (.text)
                  000113ac    00000484     HL_gio.obj (.text)
                  00011830    000003c4     HL_sys_core.obj (.text)
                  00011bf4    0000036c     HL_sys_mpu.obj (.text)
                  00011f60    0000033c     HL_sys_vim.obj (.text:retain)
                  0001229c    000002dc     rtsv7R4_A_be_v3D16_eabi.lib : _printfi.c.obj (.text:_pconv_a)
                  00012578    000002b8                                 : ull_div32.asm.obj (.text)
                  00012830    00000278     os_heap.obj (.text)
                  00012aa8    00000248     rtsv7R4_A_be_v3D16_eabi.lib : _printfi.c.obj (.text:_pconv_g)
                  00012cf0    00000238     os_list.obj (.text)
                  00012f28    00000180     rtsv7R4_A_be_v3D16_eabi.lib : memcpy32.asm.obj (.text)
                  000130a8    00000178     HL_esm.obj (.text:retain)
                  00013220    00000164     os_tasks.obj (.text)
                  00013384    0000015c     rtsv7R4_A_be_v3D16_eabi.lib : _printfi.c.obj (.text:_pconv_e)
                  000134e0    0000015c     HL_het.obj (.text:retain)
                  0001363c    00000144     rtsv7R4_A_be_v3D16_eabi.lib : _printfi.c.obj (.text:fcvt)
                  00013780    0000013c                                 : s_floor.c.obj (.text:floor)
                  000138bc    0000013c     os_port.obj (.text)
                  000139f8    00000120     rtsv7R4_A_be_v3D16_eabi.lib : s_scalbn.c.obj (.text:scalbn)
                  00013b18    00000115                                 : _printfi.c.obj (.text:_ltostr)
                  00013c2d    00000003     --HOLE-- [fill = 0]
                  00013c30    000000dc     HL_notification.obj (.text)
                  00013d0c    000000d8     HL_sys_startup.obj (.text:retain)
                  00013de4    000000c8     rtsv7R4_A_be_v3D16_eabi.lib : _printfi.c.obj (.text:_mcpy)
                  00013eac    000000b0                                 : memset32.asm.obj (.text)
                  00013f5c    00000098                                 : _printfi.c.obj (.text:_ecpy)
                  00013ff4    00000098     HL_gio.obj (.text:retain)
                  0001408c    00000090     rtsv7R4_A_be_v3D16_eabi.lib : copy_decompress_lzss.c.obj (.text:decompress:lzss:__TI_decompress_lzss)
                  0001411c    0000008c                                 : s_frexp.c.obj (.text:frexp)
                  000141a8    00000084                                 : atoi.c.obj (.text:atoi)
                  0001422c    00000080                                 : ltoa.c.obj (.text:ltoa)
                  000142ac    00000074                                 : _printfi.c.obj (.text:_pconv_f)
                  00014320    00000068                                 : autoinit.c.obj (.text:__TI_auto_init_nobinit_nopinit:__TI_auto_init_nobinit_nopinit)
                  00014388    00000064                                 : _printfi.c.obj (.text:_fcpy)
                  000143ec    00000064                                 : sprintf.c.obj (.text:sprintf)
                  00014450    00000054                                 : i_div32.asm.obj (.text)
                  000144a4    00000050                                 : u_div32.asm.obj (.text)
                  000144f4    00000038                                 : e_sqrt.c.obj (.text:sqrt)
                  0001452c    00000030                                 : sprintf.c.obj (.text:_outs)
                  0001455c    0000002c                                 : memccpy.c.obj (.text:memccpy)
                  00014588    00000028                                 : strchr.c.obj (.text:strchr)
                  000145b0    00000024                                 : wcslen.c.obj (.text:wcslen)
                  000145d4    00000020                                 : strlen.c.obj (.text:strlen)
                  000145f4    0000001c                                 : s_copysign.c.obj (.text:copysign)
                  00014610    00000014                                 : sprintf.c.obj (.text:_outc)
                  00014624    00000014                                 : copy_decompress_none.c.obj (.text:decompress:none:__TI_decompress_none)
                  00014638    00000010                                 : copy_zero_init.c.obj (.text:decompress:ZI:__TI_zero_init)
                  00014648    0000000c                                 : errno.c.obj (.text:__aeabi_errno_addr)
                  00014654    00000008                                 : exit.c.obj (.text:abort:abort)
                  0001465c    00000004     HL_sys_startup.obj (.text)
                  00014660    00000004     HL_sys_phantom.obj (.text:retain)
                  00014664    00000004     rtsv7R4_A_be_v3D16_eabi.lib : div0.asm.obj (.text)

.const     0    00014680    00000ae8     
                  00014680    000003a0     HL_het.obj (.const:het1PROGRAM)
                  00014a20    000003a0     HL_het.obj (.const:het2PROGRAM)
                  00014dc0    00000200     HL_sys_vim.obj (.const:s_vim_init)
                  00014fc0    00000101     rtsv7R4_A_be_v3D16_eabi.lib : ctype.c.obj (.const:.string:_ctypes_)
                  000150c1    00000003     --HOLE-- [fill = 0]
                  000150c4    00000020     HL_het.obj (.const:s_het1pwmPolarity)
                  000150e4    00000020     HL_het.obj (.const:s_het2pwmPolarity)
                  00015104    00000018     HL_adc.obj (.const:s_adcFiFoSize)
                  0001511c    00000018     HL_adc.obj (.const:s_adcSelect)
                  00015134    00000004     --HOLE-- [fill = 0]
                  00015138    00000010     rtsv7R4_A_be_v3D16_eabi.lib : e_pow.c.obj (.const:bp)
                  00015148    00000010                                 : e_pow.c.obj (.const:dp_h)
                  00015158    00000010                                 : e_pow.c.obj (.const:dp_l)

.kernelBSS 
*          0    08000800    00000104     UNINITIALIZED
                  08000800    000000d0     os_tasks.obj (.kernelBSS:uninit)
                  080008d0    00000034     os_tasks.obj (.kernelBSS:init)

.kernelHEAP 
*          0    08001000    00002000     UNINITIALIZED
                  08001000    00002000     os_heap.obj (.kernelHEAP)

.data      0    08003000    000001c8     UNINITIALIZED
                  08003000    00000100     HL_sys_main.obj (.data:buf)
                  08003100    0000007a     HL_sys_main.obj (.data:bitcount)
                  0800317a    00000002     --HOLE--
                  0800317c    00000004     rtsv7R4_A_be_v3D16_eabi.lib : errno.c.obj (.data)
                  08003180    00000024     HL_sys_main.obj (.data)
                  080031a4    00000010     os_heap.obj (.data)
                  080031b4    0000000c     HL_sys_main.obj (.data:letter)
                  080031c0    00000008     os_port.obj (.data)

.bss       0    080031c8    00000095     UNINITIALIZED
                  080031c8    00000050     HL_sci.obj (.bss:g_sciTransfer_t)
                  08003218    00000014     (.common:drop_time_array)
                  0800322c    00000008     os_heap.obj (.bss:xStart)
                  08003234    00000008     (.common:adc_data)
                  0800323c    00000004     (.common:buf_len)
                  08003240    00000004     (.common:cnt)
                  08003244    00000004     (.common:drop_count)
                  08003248    00000004     (.common:drop_time_avg)
                  0800324c    00000004     (.common:step)
                  08003250    00000004     (.common:temp)
                  08003254    00000004     (.common:value)
                  08003258    00000004     (.common:weight)
                  0800325c    00000001     (.common:drop_before)

MODULE SUMMARY

       Module                       code    ro data   rw data
       ------                       ----    -------   -------
    ./source/
       os_tasks.obj                 11584   0         260    
       HL_sys_main.obj              10400   0         487    
       os_heap.obj                  1528    0         8216   
       HL_het.obj                   3388    1920      0      
       os_queue.obj                 4572    0         0      
       HL_sys_vim.obj               3192    512       0      
       HL_adc.obj                   2796    48        0      
       HL_pinmux.obj                2532    0         0      
       os_mpu_wrappers.obj          2464    0         0      
       HL_system.obj                2452    0         0      
       HL_esm.obj                   2308    0         0      
       HL_sci.obj                   2160    0         80     
       os_event_groups.obj          2076    0         0      
       HL_errata_SSWF021_45.obj     1636    0         0      
       os_port.obj                  1304    0         8      
       HL_gio.obj                   1308    0         0      
       os_portasm.obj               1200    0         0      
       HL_sys_core.obj              964     0         0      
       HL_sys_mpu.obj               876     0         0      
       os_list.obj                  568     0         0      
       HL_notification.obj          220     0         0      
       HL_sys_startup.obj           220     0         0      
       HL_sys_intvecs.obj           32      0         0      
       HL_sys_phantom.obj           4       0         0      
    +--+----------------------------+-------+---------+---------+
       Total:                       59784   2480      9051   
                                                             
    /home/koitt/ti/ccsv8/tools/compiler/ti-cgt-arm_18.1.4.LTS/lib/rtsv7R4_A_be_v3D16_eabi.lib
       _printfi.c.obj               6829    0         0      
       e_pow.c.obj                  2000    48        0      
       ull_div32.asm.obj            696     0         0      
       memcpy32.asm.obj             384     0         0      
       s_floor.c.obj                316     0         0      
       s_scalbn.c.obj               288     0         0      
       ctype.c.obj                  0       257       0      
       memset32.asm.obj             176     0         0      
       sprintf.c.obj                168     0         0      
       copy_decompress_lzss.c.obj   144     0         0      
       s_frexp.c.obj                140     0         0      
       atoi.c.obj                   132     0         0      
       ltoa.c.obj                   128     0         0      
       autoinit.c.obj               104     0         0      
       i_div32.asm.obj              84      0         0      
       u_div32.asm.obj              80      0         0      
       e_sqrt.c.obj                 56      0         0      
       memccpy.c.obj                44      0         0      
       strchr.c.obj                 40      0         0      
       wcslen.c.obj                 36      0         0      
       strlen.c.obj                 32      0         0      
       s_copysign.c.obj             28      0         0      
       copy_decompress_none.c.obj   20      0         0      
       copy_zero_init.c.obj         16      0         0      
       errno.c.obj                  12      0         4      
       exit.c.obj                   8       0         0      
       div0.asm.obj                 4       0         0      
    +--+----------------------------+-------+---------+---------+
       Total:                       11965   305       4      
                                                             
       Linker Generated:            0       92        0      
    +--+----------------------------+-------+---------+---------+
       Grand Total:                 71749   2877      9055   


LINKER GENERATED COPY TABLES

__TI_cinit_table @ 00005240 records: 4, size/record: 8, table size: 32
	.data: load addr=00005200, load size=00000017 bytes, run addr=08003000, run size=000001c8 bytes, compression=lzss
	.kernelBSS: load addr=00005224, load size=00000009 bytes, run addr=08000800, run size=00000104 bytes, compression=lzss
	.bss: load addr=00005230, load size=00000008 bytes, run addr=080031c8, run size=00000095 bytes, compression=zero_init
	.kernelHEAP: load addr=00005238, load size=00000008 bytes, run addr=08001000, run size=00002000 bytes, compression=zero_init


LINKER GENERATED HANDLER TABLE

__TI_handler_table @ 00005218 records: 3, size/record: 4, table size: 12
	index: 0, handler: __TI_decompress_lzss
	index: 1, handler: __TI_decompress_none
	index: 2, handler: __TI_zero_init


GLOBAL SYMBOLS: SORTED ALPHABETICALLY BY Name 

address   name                                  
-------   ----                                  
00014654  C$$EXIT                               
0000dadc  MPU_eTaskGetState                     
0000dc44  MPU_pcTaskGetName                     
0000dd24  MPU_pvTaskGetThreadLocalStoragePointer
0000de3c  MPU_ulTaskNotifyTake                  
0000dff8  MPU_uxQueueMessagesWaiting            
0000e02c  MPU_uxQueueSpacesAvailable            
0000dc18  MPU_uxTaskGetNumberOfTasks            
0000dcac  MPU_uxTaskGetStackHighWaterMark       
0000daa8  MPU_uxTaskPriorityGet                 
0000e280  MPU_vEventGroupDelete                 
0000e060  MPU_vQueueDelete                      
0000d9b4  MPU_vTaskAllocateMPURegions           
0000da14  MPU_vTaskDelay                        
0000da40  MPU_vTaskDelayUntil                   
0000d9e8  MPU_vTaskDelete                       
0000db10  MPU_vTaskPrioritySet                  
0000db70  MPU_vTaskResume                       
0000dce0  MPU_vTaskSetThreadLocalStoragePointer 
0000deb4  MPU_vTaskSetTimeOutState              
0000db44  MPU_vTaskSuspend                      
0000db9c  MPU_vTaskSuspendAll                   
0000e1a4  MPU_xEventGroupClearBits              
0000e11c  MPU_xEventGroupCreate                 
0000e1e8  MPU_xEventGroupSetBits                
0000e22c  MPU_xEventGroupSync                   
0000e148  MPU_xEventGroupWaitBits               
0000e08c  MPU_xQueueGenericCreate               
0000dfa4  MPU_xQueueGenericReceive              
0000e0d8  MPU_xQueueGenericReset                
0000df50  MPU_xQueueGenericSend                 
0000da74  MPU_xTaskAbortDelay                   
0000dee0  MPU_xTaskCheckForTimeOut              
0000d90c  MPU_xTaskCreate                       
0000d970  MPU_xTaskCreateRestricted             
0000dd94  MPU_xTaskGenericNotify                
0000dc78  MPU_xTaskGetHandle                    
0000dd68  MPU_xTaskGetIdleTaskHandle            
0000df24  MPU_xTaskGetSchedulerState            
0000dbec  MPU_xTaskGetTickCount                 
0000de80  MPU_xTaskNotifyStateClear             
0000dde8  MPU_xTaskNotifyWait                   
0000dbc0  MPU_xTaskResumeAll                    
UNDEFED   SHT$$INIT_ARRAY$$Base                 
UNDEFED   SHT$$INIT_ARRAY$$Limit                
00005240  __TI_CINIT_Base                       
00005260  __TI_CINIT_Limit                      
00005218  __TI_Handler_Table_Base               
00005224  __TI_Handler_Table_Limit              
00011bec  __TI_PINIT_Base                       
00011bf0  __TI_PINIT_Limit                      
00014320  __TI_auto_init_nobinit_nopinit        
0001408c  __TI_decompress_lzss                  
00014624  __TI_decompress_none                  
ffffffff  __TI_pprof_out_hndl                   
0000a8c0  __TI_printfi                          
ffffffff  __TI_prof_data_size                   
ffffffff  __TI_prof_data_start                  
00000000  __TI_static_base__                    
00014638  __TI_zero_init                        
00014648  __aeabi_errno_addr                    
00014450  __aeabi_idiv                          
00014664  __aeabi_idiv0                         
00014450  __aeabi_idivmod                       
00014664  __aeabi_ldiv0                         
00013eac  __aeabi_memclr                        
00013eac  __aeabi_memclr4                       
00013eac  __aeabi_memclr8                       
00012f28  __aeabi_memcpy                        
00012f28  __aeabi_memcpy4                       
00012f28  __aeabi_memcpy8                       
00013eb0  __aeabi_memset                        
00013eb0  __aeabi_memset4                       
00013eb0  __aeabi_memset8                       
000144a4  __aeabi_uidiv                         
000144a4  __aeabi_uidivmod                      
00012578  __aeabi_uldivmod                      
ffffffff  __binit__                             
ffffffff  __c_args__                            
00013d0c  _c_int00                              
00011ba0  _cacheDisable_                        
00011b5c  _cacheEnable_                         
00011b3c  _checkMemInitOn_                      
00011a48  _coreClearAuxiliaryDataFault_         
00011a5c  _coreClearAuxiliaryInstructionFault_  
00011a20  _coreClearDataFaultAddress_           
000119f8  _coreClearDataFault_                  
00011a34  _coreClearInstructionFaultAddress_    
00011a0c  _coreClearInstructionFault_           
000119d0  _coreDisableEventBusExport_           
000119c0  _coreEnableEventBusExport_            
000119e0  _coreEnableIrqVicOffset_              
000119a8  _coreEnableVfp_                       
00011a40  _coreGetAuxiliaryDataFault_           
00011a54  _coreGetAuxiliaryInstructionFault_    
00011a18  _coreGetDataFaultAddress_             
000119f0  _coreGetDataFault_                    
00011a2c  _coreGetInstructionFaultAddress_      
00011a04  _coreGetInstructionFault_             
00011830  _coreInitRegisters_                   
0001193c  _coreInitStackPointer_                
00014fc0  _ctypes_                              
00011bc4  _dCacheInvalidate_                    
00011a68  _disable_IRQ_interrupt_               
00011a70  _enable_IRQ_interrupt_                
00011a78  _enable_interrupt_                    
00010d48  _errata_SSWF021_45_both_plls          
00010f3c  _errata_SSWF021_45_pll1               
000110b4  _errata_SSWF021_45_pll2               
00011a80  _esmCcmErrorsClear_                   
00011988  _getCPSRValue_                        
00011990  _gotoCPUIdle_                         
00011bd8  _iCacheInvalidate_                    
00011b08  _memInit_                             
00011f08  _mpuAreRegionsSeparate_               
00011eec  _mpuDisableBackgroundRegion_          
00011ec4  _mpuDisable_                          
00011edc  _mpuEnableBackgroundRegion_           
00011eac  _mpuEnable_                           
00011efc  _mpuGetNumberOfRegions_               
00011f2c  _mpuGetRegionBaseAddress_             
00011f4c  _mpuGetRegionPermission_              
00011f40  _mpuGetRegionType_                    
00011f1c  _mpuGetRegion_                        
00011bf4  _mpuInit_                             
00011f24  _mpuSetRegionBaseAddress_             
00011f58  _mpuSetRegionSizeRegister_            
00011f34  _mpuSetRegionTypeAndPermission_       
00011f14  _mpuSetRegion_                        
UNDEFED   _system_post_cinit                    
00014654  abort                                 
0000ccb8  adc1GetConfigValue                    
0000c894  adcCalibration                        
0000cc58  adcDisableNotification                
0000cc08  adcEnableNotification                 
0000c66c  adcGetData                            
0000cca0  adcGetEVTPin                          
0000c43c  adcInit                               
0000c864  adcIsConversionComplete               
0000c834  adcIsFifoFull                         
0000ca6c  adcMidPointCalibration                
00013c7c  adcNotification                       
0000c644  adcResetFiFo                          
0000cc80  adcSetEVTPin                          
0000c598  adcStartConversion                    
0000c61c  adcStopConversion                     
08003234  adc_data                              
000141a8  atoi                                  
ffffffff  binit                                 
08003100  bitcount                              
08003000  buf                                   
0800323c  buf_len                               
0000bf7c  capGetSignal                          
08003240  cnt                                   
000145f4  copysign                              
000145f4  copysignl                             
0000eb98  customTrimLPO                         
08003184  decode                                
000095e0  decode_ir                             
000080c8  delay_ms                              
00008080  delay_us                              
00013c68  dmaGroupANotification                 
0800325c  drop_before                           
08003244  drop_count                            
08003188  drop_sens_timing                      
08003218  drop_time_array                       
08003248  drop_time_avg                         
00001f18  eTaskConfirmSleepModeStatus           
00000890  eTaskGetState                         
0000bf34  edgeDisableNotification               
0000bef8  edgeEnableNotification                
0000becc  edgeGetCounter                        
00013cd0  edgeNotification                      
0000bea0  edgeResetCounter                      
00013cf8  epcCAMFullNotification                
00013cfc  epcFIFOFullNotification               
0800317c  errno                                 
000107cc  esmActivateNormalOperation            
00010918  esmClearStatus                        
0001097c  esmClearStatusBuffer                  
00010958  esmClearStatusUpper                   
00010778  esmDisableError                       
000107a0  esmDisableErrorUpper                  
00010820  esmDisableInterrupt                   
00010848  esmDisableInterruptUpper              
00010734  esmEnableError                        
0001075c  esmEnableErrorUpper                   
000107dc  esmEnableInterrupt                    
00010804  esmEnableInterruptUpper               
00010aac  esmEnterSelfTest                      
00010718  esmError                              
00010b84  esmGetConfigValue                     
000109b8  esmGetStatus                          
00010a84  esmGetStatusBuffer                    
00010a3c  esmGetStatusUpper                     
00013c30  esmGroup1Notification                 
00013c44  esmGroup2Notification                 
00013c58  esmGroup3Notification                 
000130a8  esmHighInterrupt                      
000105bc  esmInit                               
00010b34  esmSelfTestStatus                     
00010998  esmSetCounterPreloadValue             
00010864  esmSetInterruptLevel                  
000108d8  esmSetInterruptLevelUpper             
000107bc  esmTriggerErrorPinReset               
00013780  floor                                 
00013780  floorl                                
0001411c  frexp                                 
0001411c  frexpl                                
0000e640  getResetSource                        
0001160c  gioDisableNotification                
000115a4  gioEnableNotification                 
0001150c  gioGetBit                             
00011674  gioGetConfigValue                     
00011534  gioGetPort                            
00013ff4  gioHighLevelInterrupt                 
000113ac  gioInit                               
0000959c  gioNotification                       
0001149c  gioSetBit                             
0001147c  gioSetDirection                       
000114ec  gioSetPort                            
0001154c  gioToggleBit                          
0001465c  handlePLLLockFail                     
0000c088  het1GetConfigValue                    
0000c218  het2GetConfigValue                    
000134e0  het2HighLevelInterrupt                
00013588  het2LowLevelInterrupt                 
0000c070  hetGetTimestamp                       
0000b85c  hetInit                               
00013ce4  hetNotification                       
0000c054  hetResetTimestamp                     
00009094  lcd_char                              
000091b0  lcd_char_variable                     
00009004  lcd_command                           
00009330  lcd_init                              
000092bc  lcd_string                            
000139f8  ldexp                                 
000139f8  ldexpl                                
080031b4  letter                                
0001422c  ltoa                                  
000085dc  main                                  
0000e474  mapClocks                             
0001455c  memccpy                               
00012f28  memcpy                                
00013ebc  memset                                
0000cf28  muxInit                               
00001354  pcTaskGetName                         
0000e3c0  periphInit                            
00014660  phantomInterrupt                      
0000fe0c  pow                                   
0000fe0c  powl                                  
00004a7c  prvMpuDisable                         
00004a64  prvMpuEnable                          
00004a4c  prvMpuSetRegion                       
00004e80  pvPortMalloc                          
00001ff8  pvTaskGetThreadLocalStoragePointer    
0000be70  pwmDisableNotification                
0000be28  pwmEnableNotification                 
0000bd48  pwmGetSignal                          
000087ac  pwmNotification                       
0000ba48  pwmSetDuty                            
0000bb98  pwmSetSignal                          
0000b9e0  pwmStart                              
0000ba14  pwmStop                               
080008d0  pxCurrentTCB                          
00004aa4  pxPortInitialiseStack                 
000096e0  remote_data_calc                      
08003180  remote_now                            
00000000  resetEntry                            
000139f8  scalbn                                
000139f8  scalbnl                               
0000fc38  sci1GetConfigValue                    
0000faac  sciDisableLoopback                    
0000fb60  sciDisableNotification                
0000fa78  sciEnableLoopback                     
0000fac8  sciEnableNotification                 
0000fbf8  sciEnterResetState                    
0000fc18  sciExitResetState                     
0000f57c  sciInit                               
0000f8f0  sciIsIdleDetected                     
0000f8d4  sciIsRxReady                          
0000f724  sciIsTxReady                          
00013ca4  sciNotification                       
0000f968  sciReceive                            
0000f93c  sciReceiveByte                        
0000f90c  sciRxError                            
0000f770  sciSend                               
0000f740  sciSendByte                           
0000f688  sciSetBaudrate                        
0000f668  sciSetFunctional                      
00008020  sci_display                           
08003198  sem1                                  
0000e380  setupFlash                            
0000e2ac  setupPLL                              
000143ec  sprintf                               
000144f4  sqrt                                  
000144f4  sqrtl                                 
0800324c  step                                  
00014588  strchr                                
000145d4  strlen                                
0000e768  systemGetConfigValue                  
0000e59c  systemInit                            
0000e610  systemPowerDown                       
08003250  temp                                  
0800318c  time_gap_set                          
08003190  time_left                             
0000e30c  trimLPO                               
080031c0  ulCriticalNesting                     
00004974  ulPortCountLeadingZeros               
080031c4  ulTaskHasFPUContext                   
00002390  ulTaskNotifyTake                      
00012e9c  uxListRemove                          
00003910  uxQueueMessagesWaiting                
00003994  uxQueueMessagesWaitingFromISR         
00003948  uxQueueSpacesAvailable                
00001348  uxTaskGetNumberOfTasks                
0000223c  uxTaskGetStackHighWaterMark           
00000994  uxTaskPriorityGet                     
000009d8  uxTaskPriorityGetFromISR              
00002354  uxTaskResetEventItemValue             
0000456c  vEventGroupClearBitsCallback          
000044cc  vEventGroupDelete                     
00004550  vEventGroupSetBitsCallback            
00012cf0  vListInitialise                       
00012d48  vListInitialiseItem                   
00012dd8  vListInsert                           
00012d64  vListInsertEnd                        
00004e4c  vPortEndScheduler                     
000050d8  vPortFree                             
000051e8  vPortInitialiseBlocks                 
00004968  vPortInitialiseFPSCR                  
00004868  vPortPreemptiveTick                   
0000497c  vPortSWI                              
000045f8  vPortStartFirstTask                   
00004bb8  vPortStoreTaskMPUSettings             
00004774  vPortYeildWithinAPI                   
00004688  vPortYieldProcessor                   
000039c4  vQueueDelete                          
000081d4  vTask1                                
000083f0  vTask2                                
00002064  vTaskAllocateMPURegions               
0000080c  vTaskDelay                            
000006a0  vTaskDelayUntil                       
00000538  vTaskDelete                           
00001084  vTaskEndScheduler                     
00001f08  vTaskMissedYield                      
00002954  vTaskNotifyGiveFromISR                
00001ad0  vTaskPlaceOnEventList                 
00001b14  vTaskPlaceOnUnorderedEventList        
00000a20  vTaskPrioritySet                      
00000e20  vTaskResume                           
00001f94  vTaskSetThreadLocalStoragePointer     
00001d90  vTaskSetTimeOutState                  
00000fec  vTaskStartScheduler                   
0000166c  vTaskStepTick                         
00000c18  vTaskSuspend                          
000010a0  vTaskSuspendAll                       
000019f0  vTaskSwitchContext                    
08003254  value                                 
0000ed14  vimChannelMap                         
0000ef80  vimDisableInterrupt                   
00011f60  vimECCErrorHandler                    
0000edb8  vimEnableInterrupt                    
0000f02c  vimGetConfigValue                     
0000ec40  vimInit                               
00008110  wait                                  
00008154  wait_66us                             
00008194  wait_us                               
000145b0  wcslen                                
08003258  weight                                
00004268  xEventGroupClearBits                  
00003dd8  xEventGroupCreate                     
000042ec  xEventGroupGetBitsFromISR             
0000431c  xEventGroupSetBits                    
00003e14  xEventGroupSync                       
00004014  xEventGroupWaitBits                   
000051d0  xPortGetFreeHeapSize                  
000051dc  xPortGetMinimumEverFreeHeapSize       
00004e2c  xPortStartScheduler                   
00002d24  xQueueGenericCreate                   
000033fc  xQueueGenericReceive                  
00002bfc  xQueueGenericReset                    
00002e40  xQueueGenericSend                     
00003100  xQueueGenericSendFromISR              
00003290  xQueueGiveFromISR                     
00003cfc  xQueueIsQueueEmptyFromISR             
00003d88  xQueueIsQueueFullFromISR              
0000381c  xQueuePeekFromISR                     
000036d4  xQueueReceiveFromISR                  
000016c8  xTaskAbortDelay                       
00001dd0  xTaskCheckForTimeOut                  
000000fc  xTaskCreate                           
00000020  xTaskCreateRestricted                 
00002580  xTaskGenericNotify                    
00002754  xTaskGenericNotifyFromISR             
0000152c  xTaskGetHandle                        
00001634  xTaskGetIdleTaskHandle                
00002304  xTaskGetSchedulerState                
00001308  xTaskGetTickCount                     
00001324  xTaskGetTickCountFromISR              
000017c8  xTaskIncrementTick                    
00013308  xTaskNotifyStateClear                 
00002468  xTaskNotifyWait                       
00001b98  xTaskRemoveFromEventList              
00001c88  xTaskRemoveFromUnorderedEventList     
00001158  xTaskResumeAll                        
00000f04  xTaskResumeFromISR                    


GLOBAL SYMBOLS: SORTED BY Symbol Address 

address   name                                  
-------   ----                                  
00000000  __TI_static_base__                    
00000000  resetEntry                            
00000020  xTaskCreateRestricted                 
000000fc  xTaskCreate                           
00000538  vTaskDelete                           
000006a0  vTaskDelayUntil                       
0000080c  vTaskDelay                            
00000890  eTaskGetState                         
00000994  uxTaskPriorityGet                     
000009d8  uxTaskPriorityGetFromISR              
00000a20  vTaskPrioritySet                      
00000c18  vTaskSuspend                          
00000e20  vTaskResume                           
00000f04  xTaskResumeFromISR                    
00000fec  vTaskStartScheduler                   
00001084  vTaskEndScheduler                     
000010a0  vTaskSuspendAll                       
00001158  xTaskResumeAll                        
00001308  xTaskGetTickCount                     
00001324  xTaskGetTickCountFromISR              
00001348  uxTaskGetNumberOfTasks                
00001354  pcTaskGetName                         
0000152c  xTaskGetHandle                        
00001634  xTaskGetIdleTaskHandle                
0000166c  vTaskStepTick                         
000016c8  xTaskAbortDelay                       
000017c8  xTaskIncrementTick                    
000019f0  vTaskSwitchContext                    
00001ad0  vTaskPlaceOnEventList                 
00001b14  vTaskPlaceOnUnorderedEventList        
00001b98  xTaskRemoveFromEventList              
00001c88  xTaskRemoveFromUnorderedEventList     
00001d90  vTaskSetTimeOutState                  
00001dd0  xTaskCheckForTimeOut                  
00001f08  vTaskMissedYield                      
00001f18  eTaskConfirmSleepModeStatus           
00001f94  vTaskSetThreadLocalStoragePointer     
00001ff8  pvTaskGetThreadLocalStoragePointer    
00002064  vTaskAllocateMPURegions               
0000223c  uxTaskGetStackHighWaterMark           
00002304  xTaskGetSchedulerState                
00002354  uxTaskResetEventItemValue             
00002390  ulTaskNotifyTake                      
00002468  xTaskNotifyWait                       
00002580  xTaskGenericNotify                    
00002754  xTaskGenericNotifyFromISR             
00002954  vTaskNotifyGiveFromISR                
00002bfc  xQueueGenericReset                    
00002d24  xQueueGenericCreate                   
00002e40  xQueueGenericSend                     
00003100  xQueueGenericSendFromISR              
00003290  xQueueGiveFromISR                     
000033fc  xQueueGenericReceive                  
000036d4  xQueueReceiveFromISR                  
0000381c  xQueuePeekFromISR                     
00003910  uxQueueMessagesWaiting                
00003948  uxQueueSpacesAvailable                
00003994  uxQueueMessagesWaitingFromISR         
000039c4  vQueueDelete                          
00003cfc  xQueueIsQueueEmptyFromISR             
00003d88  xQueueIsQueueFullFromISR              
00003dd8  xEventGroupCreate                     
00003e14  xEventGroupSync                       
00004014  xEventGroupWaitBits                   
00004268  xEventGroupClearBits                  
000042ec  xEventGroupGetBitsFromISR             
0000431c  xEventGroupSetBits                    
000044cc  vEventGroupDelete                     
00004550  vEventGroupSetBitsCallback            
0000456c  vEventGroupClearBitsCallback          
000045f8  vPortStartFirstTask                   
00004688  vPortYieldProcessor                   
00004774  vPortYeildWithinAPI                   
00004868  vPortPreemptiveTick                   
00004968  vPortInitialiseFPSCR                  
00004974  ulPortCountLeadingZeros               
0000497c  vPortSWI                              
00004a4c  prvMpuSetRegion                       
00004a64  prvMpuEnable                          
00004a7c  prvMpuDisable                         
00004aa4  pxPortInitialiseStack                 
00004bb8  vPortStoreTaskMPUSettings             
00004e2c  xPortStartScheduler                   
00004e4c  vPortEndScheduler                     
00004e80  pvPortMalloc                          
000050d8  vPortFree                             
000051d0  xPortGetFreeHeapSize                  
000051dc  xPortGetMinimumEverFreeHeapSize       
000051e8  vPortInitialiseBlocks                 
00005218  __TI_Handler_Table_Base               
00005224  __TI_Handler_Table_Limit              
00005240  __TI_CINIT_Base                       
00005260  __TI_CINIT_Limit                      
00008020  sci_display                           
00008080  delay_us                              
000080c8  delay_ms                              
00008110  wait                                  
00008154  wait_66us                             
00008194  wait_us                               
000081d4  vTask1                                
000083f0  vTask2                                
000085dc  main                                  
000087ac  pwmNotification                       
00009004  lcd_command                           
00009094  lcd_char                              
000091b0  lcd_char_variable                     
000092bc  lcd_string                            
00009330  lcd_init                              
0000959c  gioNotification                       
000095e0  decode_ir                             
000096e0  remote_data_calc                      
0000a8c0  __TI_printfi                          
0000b85c  hetInit                               
0000b9e0  pwmStart                              
0000ba14  pwmStop                               
0000ba48  pwmSetDuty                            
0000bb98  pwmSetSignal                          
0000bd48  pwmGetSignal                          
0000be28  pwmEnableNotification                 
0000be70  pwmDisableNotification                
0000bea0  edgeResetCounter                      
0000becc  edgeGetCounter                        
0000bef8  edgeEnableNotification                
0000bf34  edgeDisableNotification               
0000bf7c  capGetSignal                          
0000c054  hetResetTimestamp                     
0000c070  hetGetTimestamp                       
0000c088  het1GetConfigValue                    
0000c218  het2GetConfigValue                    
0000c43c  adcInit                               
0000c598  adcStartConversion                    
0000c61c  adcStopConversion                     
0000c644  adcResetFiFo                          
0000c66c  adcGetData                            
0000c834  adcIsFifoFull                         
0000c864  adcIsConversionComplete               
0000c894  adcCalibration                        
0000ca6c  adcMidPointCalibration                
0000cc08  adcEnableNotification                 
0000cc58  adcDisableNotification                
0000cc80  adcSetEVTPin                          
0000cca0  adcGetEVTPin                          
0000ccb8  adc1GetConfigValue                    
0000cf28  muxInit                               
0000d90c  MPU_xTaskCreate                       
0000d970  MPU_xTaskCreateRestricted             
0000d9b4  MPU_vTaskAllocateMPURegions           
0000d9e8  MPU_vTaskDelete                       
0000da14  MPU_vTaskDelay                        
0000da40  MPU_vTaskDelayUntil                   
0000da74  MPU_xTaskAbortDelay                   
0000daa8  MPU_uxTaskPriorityGet                 
0000dadc  MPU_eTaskGetState                     
0000db10  MPU_vTaskPrioritySet                  
0000db44  MPU_vTaskSuspend                      
0000db70  MPU_vTaskResume                       
0000db9c  MPU_vTaskSuspendAll                   
0000dbc0  MPU_xTaskResumeAll                    
0000dbec  MPU_xTaskGetTickCount                 
0000dc18  MPU_uxTaskGetNumberOfTasks            
0000dc44  MPU_pcTaskGetName                     
0000dc78  MPU_xTaskGetHandle                    
0000dcac  MPU_uxTaskGetStackHighWaterMark       
0000dce0  MPU_vTaskSetThreadLocalStoragePointer 
0000dd24  MPU_pvTaskGetThreadLocalStoragePointer
0000dd68  MPU_xTaskGetIdleTaskHandle            
0000dd94  MPU_xTaskGenericNotify                
0000dde8  MPU_xTaskNotifyWait                   
0000de3c  MPU_ulTaskNotifyTake                  
0000de80  MPU_xTaskNotifyStateClear             
0000deb4  MPU_vTaskSetTimeOutState              
0000dee0  MPU_xTaskCheckForTimeOut              
0000df24  MPU_xTaskGetSchedulerState            
0000df50  MPU_xQueueGenericSend                 
0000dfa4  MPU_xQueueGenericReceive              
0000dff8  MPU_uxQueueMessagesWaiting            
0000e02c  MPU_uxQueueSpacesAvailable            
0000e060  MPU_vQueueDelete                      
0000e08c  MPU_xQueueGenericCreate               
0000e0d8  MPU_xQueueGenericReset                
0000e11c  MPU_xEventGroupCreate                 
0000e148  MPU_xEventGroupWaitBits               
0000e1a4  MPU_xEventGroupClearBits              
0000e1e8  MPU_xEventGroupSetBits                
0000e22c  MPU_xEventGroupSync                   
0000e280  MPU_vEventGroupDelete                 
0000e2ac  setupPLL                              
0000e30c  trimLPO                               
0000e380  setupFlash                            
0000e3c0  periphInit                            
0000e474  mapClocks                             
0000e59c  systemInit                            
0000e610  systemPowerDown                       
0000e640  getResetSource                        
0000e768  systemGetConfigValue                  
0000eb98  customTrimLPO                         
0000ec40  vimInit                               
0000ed14  vimChannelMap                         
0000edb8  vimEnableInterrupt                    
0000ef80  vimDisableInterrupt                   
0000f02c  vimGetConfigValue                     
0000f57c  sciInit                               
0000f668  sciSetFunctional                      
0000f688  sciSetBaudrate                        
0000f724  sciIsTxReady                          
0000f740  sciSendByte                           
0000f770  sciSend                               
0000f8d4  sciIsRxReady                          
0000f8f0  sciIsIdleDetected                     
0000f90c  sciRxError                            
0000f93c  sciReceiveByte                        
0000f968  sciReceive                            
0000fa78  sciEnableLoopback                     
0000faac  sciDisableLoopback                    
0000fac8  sciEnableNotification                 
0000fb60  sciDisableNotification                
0000fbf8  sciEnterResetState                    
0000fc18  sciExitResetState                     
0000fc38  sci1GetConfigValue                    
0000fe0c  pow                                   
0000fe0c  powl                                  
000105bc  esmInit                               
00010718  esmError                              
00010734  esmEnableError                        
0001075c  esmEnableErrorUpper                   
00010778  esmDisableError                       
000107a0  esmDisableErrorUpper                  
000107bc  esmTriggerErrorPinReset               
000107cc  esmActivateNormalOperation            
000107dc  esmEnableInterrupt                    
00010804  esmEnableInterruptUpper               
00010820  esmDisableInterrupt                   
00010848  esmDisableInterruptUpper              
00010864  esmSetInterruptLevel                  
000108d8  esmSetInterruptLevelUpper             
00010918  esmClearStatus                        
00010958  esmClearStatusUpper                   
0001097c  esmClearStatusBuffer                  
00010998  esmSetCounterPreloadValue             
000109b8  esmGetStatus                          
00010a3c  esmGetStatusUpper                     
00010a84  esmGetStatusBuffer                    
00010aac  esmEnterSelfTest                      
00010b34  esmSelfTestStatus                     
00010b84  esmGetConfigValue                     
00010d48  _errata_SSWF021_45_both_plls          
00010f3c  _errata_SSWF021_45_pll1               
000110b4  _errata_SSWF021_45_pll2               
000113ac  gioInit                               
0001147c  gioSetDirection                       
0001149c  gioSetBit                             
000114ec  gioSetPort                            
0001150c  gioGetBit                             
00011534  gioGetPort                            
0001154c  gioToggleBit                          
000115a4  gioEnableNotification                 
0001160c  gioDisableNotification                
00011674  gioGetConfigValue                     
00011830  _coreInitRegisters_                   
0001193c  _coreInitStackPointer_                
00011988  _getCPSRValue_                        
00011990  _gotoCPUIdle_                         
000119a8  _coreEnableVfp_                       
000119c0  _coreEnableEventBusExport_            
000119d0  _coreDisableEventBusExport_           
000119e0  _coreEnableIrqVicOffset_              
000119f0  _coreGetDataFault_                    
000119f8  _coreClearDataFault_                  
00011a04  _coreGetInstructionFault_             
00011a0c  _coreClearInstructionFault_           
00011a18  _coreGetDataFaultAddress_             
00011a20  _coreClearDataFaultAddress_           
00011a2c  _coreGetInstructionFaultAddress_      
00011a34  _coreClearInstructionFaultAddress_    
00011a40  _coreGetAuxiliaryDataFault_           
00011a48  _coreClearAuxiliaryDataFault_         
00011a54  _coreGetAuxiliaryInstructionFault_    
00011a5c  _coreClearAuxiliaryInstructionFault_  
00011a68  _disable_IRQ_interrupt_               
00011a70  _enable_IRQ_interrupt_                
00011a78  _enable_interrupt_                    
00011a80  _esmCcmErrorsClear_                   
00011b08  _memInit_                             
00011b3c  _checkMemInitOn_                      
00011b5c  _cacheEnable_                         
00011ba0  _cacheDisable_                        
00011bc4  _dCacheInvalidate_                    
00011bd8  _iCacheInvalidate_                    
00011bec  __TI_PINIT_Base                       
00011bf0  __TI_PINIT_Limit                      
00011bf4  _mpuInit_                             
00011eac  _mpuEnable_                           
00011ec4  _mpuDisable_                          
00011edc  _mpuEnableBackgroundRegion_           
00011eec  _mpuDisableBackgroundRegion_          
00011efc  _mpuGetNumberOfRegions_               
00011f08  _mpuAreRegionsSeparate_               
00011f14  _mpuSetRegion_                        
00011f1c  _mpuGetRegion_                        
00011f24  _mpuSetRegionBaseAddress_             
00011f2c  _mpuGetRegionBaseAddress_             
00011f34  _mpuSetRegionTypeAndPermission_       
00011f40  _mpuGetRegionType_                    
00011f4c  _mpuGetRegionPermission_              
00011f58  _mpuSetRegionSizeRegister_            
00011f60  vimECCErrorHandler                    
00012578  __aeabi_uldivmod                      
00012cf0  vListInitialise                       
00012d48  vListInitialiseItem                   
00012d64  vListInsertEnd                        
00012dd8  vListInsert                           
00012e9c  uxListRemove                          
00012f28  __aeabi_memcpy                        
00012f28  __aeabi_memcpy4                       
00012f28  __aeabi_memcpy8                       
00012f28  memcpy                                
000130a8  esmHighInterrupt                      
00013308  xTaskNotifyStateClear                 
000134e0  het2HighLevelInterrupt                
00013588  het2LowLevelInterrupt                 
00013780  floor                                 
00013780  floorl                                
000139f8  ldexp                                 
000139f8  ldexpl                                
000139f8  scalbn                                
000139f8  scalbnl                               
00013c30  esmGroup1Notification                 
00013c44  esmGroup2Notification                 
00013c58  esmGroup3Notification                 
00013c68  dmaGroupANotification                 
00013c7c  adcNotification                       
00013ca4  sciNotification                       
00013cd0  edgeNotification                      
00013ce4  hetNotification                       
00013cf8  epcCAMFullNotification                
00013cfc  epcFIFOFullNotification               
00013d0c  _c_int00                              
00013eac  __aeabi_memclr                        
00013eac  __aeabi_memclr4                       
00013eac  __aeabi_memclr8                       
00013eb0  __aeabi_memset                        
00013eb0  __aeabi_memset4                       
00013eb0  __aeabi_memset8                       
00013ebc  memset                                
00013ff4  gioHighLevelInterrupt                 
0001408c  __TI_decompress_lzss                  
0001411c  frexp                                 
0001411c  frexpl                                
000141a8  atoi                                  
0001422c  ltoa                                  
00014320  __TI_auto_init_nobinit_nopinit        
000143ec  sprintf                               
00014450  __aeabi_idiv                          
00014450  __aeabi_idivmod                       
000144a4  __aeabi_uidiv                         
000144a4  __aeabi_uidivmod                      
000144f4  sqrt                                  
000144f4  sqrtl                                 
0001455c  memccpy                               
00014588  strchr                                
000145b0  wcslen                                
000145d4  strlen                                
000145f4  copysign                              
000145f4  copysignl                             
00014624  __TI_decompress_none                  
00014638  __TI_zero_init                        
00014648  __aeabi_errno_addr                    
00014654  C$$EXIT                               
00014654  abort                                 
0001465c  handlePLLLockFail                     
00014660  phantomInterrupt                      
00014664  __aeabi_idiv0                         
00014664  __aeabi_ldiv0                         
00014fc0  _ctypes_                              
080008d0  pxCurrentTCB                          
08003000  buf                                   
08003100  bitcount                              
0800317c  errno                                 
08003180  remote_now                            
08003184  decode                                
08003188  drop_sens_timing                      
0800318c  time_gap_set                          
08003190  time_left                             
08003198  sem1                                  
080031b4  letter                                
080031c0  ulCriticalNesting                     
080031c4  ulTaskHasFPUContext                   
08003218  drop_time_array                       
08003234  adc_data                              
0800323c  buf_len                               
08003240  cnt                                   
08003244  drop_count                            
08003248  drop_time_avg                         
0800324c  step                                  
08003250  temp                                  
08003254  value                                 
08003258  weight                                
0800325c  drop_before                           
ffffffff  __TI_pprof_out_hndl                   
ffffffff  __TI_prof_data_size                   
ffffffff  __TI_prof_data_start                  
ffffffff  __binit__                             
ffffffff  __c_args__                            
ffffffff  binit                                 
UNDEFED   SHT$$INIT_ARRAY$$Base                 
UNDEFED   SHT$$INIT_ARRAY$$Limit                
UNDEFED   _system_post_cinit                    

[407 symbols]
