******************************************************************************
                  TI ARM Linker Unix v18.1.4                   
******************************************************************************
>> Linked Thu Jun 27 04:19:47 2019

OUTPUT FILE NAME:   <FreeRTOS_Peripheral_Integration.out>
ENTRY POINT SYMBOL: "_c_int00"  address: 00013d44


MEMORY CONFIGURATION

         name            origin    length      used     unused   attr    fill
----------------------  --------  ---------  --------  --------  ----  --------
  VECTORS               00000000   00000020  00000020  00000000     X
  KERNEL                00000020   00008000  00005250  00002db0  R  X
  FLASH0                00008020   001f7fe0  0000d168  001eae78  R  X
  FLASH1                00200000   00200000  00000000  00200000  R  X
  STACKS                08000000   00000800  00000000  00000800  RW  
  KRAM                  08000800   00000800  00000104  000006fc  RW  
  RAM                   08001000   0007f000  00002269  0007cd97  RW  


SEGMENT ALLOCATION MAP

run origin  load origin   length   init length attrs members
----------  ----------- ---------- ----------- ----- -------
00000000    00000000    00005270   00005270    r-x
  00000000    00000000    00000020   00000020    r-x .intvecs
  00000020    00000020    000051e0   000051e0    r-x .kernelTEXT
  00005200    00005200    00000070   00000070    r-- .cinit
00008020    00008020    0000d168   0000d168    r-x
  00008020    00008020    0000c680   0000c680    r-x .text
  000146a0    000146a0    00000ae8   00000ae8    r-- .const
08000800    08000800    00000104   00000000    rw-
  08000800    08000800    00000104   00000000    rw- .kernelBSS
08001000    08001000    00002269   00000000    rw-
  08001000    08001000    00002000   00000000    rw- .kernelHEAP
  08003000    08003000    000001d4   00000000    rw- .data
  080031d4    080031d4    00000095   00000000    rw- .bss


SECTION ALLOCATION MAP

 output                                  attributes/
section   page    origin      length       input sections
--------  ----  ----------  ----------   ----------------
.intvecs   0    00000000    00000020     
                  00000000    00000020     HL_sys_intvecs.obj (.intvecs)

.kernelTEXT 
*          0    00000020    000051e0     
                  00000020    00002bdc     os_tasks.obj (.kernelTEXT)
                  00002bfc    000011dc     os_queue.obj (.kernelTEXT)
                  00003dd8    0000081c     os_event_groups.obj (.kernelTEXT)
                  000045f4    000004b0     os_portasm.obj (.kernelTEXT)
                  00004aa4    000003dc     os_port.obj (.kernelTEXT)
                  00004e80    00000380     os_heap.obj (.kernelTEXT)

.cinit     0    00005200    00000070     
                  00005200    00000024     (.cinit..data.load) [load image, compression = lzss]
                  00005224    0000000c     (__TI_handler_table)
                  00005230    00000009     (.cinit..kernelBSS.load) [load image, compression = lzss]
                  00005239    00000007     --HOLE-- [fill = 0]
                  00005240    00000008     (.cinit..bss.load) [load image, compression = zero_init]
                  00005248    00000008     (.cinit..kernelHEAP.load) [load image, compression = zero_init]
                  00005250    00000020     (__TI_cinit_table)

.text      0    00008020    0000c680     
                  00008020    000028d8     HL_sys_main.obj (.text)
                  0000a8f8    00000f9c     rtsv7R4_A_be_v3D16_eabi.lib : _printfi.c.obj (.text:__TI_printfi)
                  0000b894    00000be0     HL_het.obj (.text)
                  0000c474    00000aec     HL_adc.obj (.text)
                  0000cf60    000009e4     HL_pinmux.obj (.text)
                  0000d944    000009a0     os_mpu_wrappers.obj (.text)
                  0000e2e4    00000994     HL_system.obj (.text)
                  0000ec78    0000093c     HL_sys_vim.obj (.text)
                  0000f5b4    00000870     HL_sci.obj (.text)
                  0000fe24    000007d0     rtsv7R4_A_be_v3D16_eabi.lib : e_pow.c.obj (.text:pow)
                  000105f4    0000078c     HL_esm.obj (.text)
                  00010d80    00000664     HL_errata_SSWF021_45.obj (.text)
                  000113e4    00000484     HL_gio.obj (.text)
                  00011868    000003c4     HL_sys_core.obj (.text)
                  00011c2c    0000036c     HL_sys_mpu.obj (.text)
                  00011f98    0000033c     HL_sys_vim.obj (.text:retain)
                  000122d4    000002dc     rtsv7R4_A_be_v3D16_eabi.lib : _printfi.c.obj (.text:_pconv_a)
                  000125b0    000002b8                                 : ull_div32.asm.obj (.text)
                  00012868    00000278     os_heap.obj (.text)
                  00012ae0    00000248     rtsv7R4_A_be_v3D16_eabi.lib : _printfi.c.obj (.text:_pconv_g)
                  00012d28    00000238     os_list.obj (.text)
                  00012f60    00000180     rtsv7R4_A_be_v3D16_eabi.lib : memcpy32.asm.obj (.text)
                  000130e0    00000178     HL_esm.obj (.text:retain)
                  00013258    00000164     os_tasks.obj (.text)
                  000133bc    0000015c     rtsv7R4_A_be_v3D16_eabi.lib : _printfi.c.obj (.text:_pconv_e)
                  00013518    0000015c     HL_het.obj (.text:retain)
                  00013674    00000144     rtsv7R4_A_be_v3D16_eabi.lib : _printfi.c.obj (.text:fcvt)
                  000137b8    0000013c                                 : s_floor.c.obj (.text:floor)
                  000138f4    0000013c     os_port.obj (.text)
                  00013a30    00000120     rtsv7R4_A_be_v3D16_eabi.lib : s_scalbn.c.obj (.text:scalbn)
                  00013b50    00000115                                 : _printfi.c.obj (.text:_ltostr)
                  00013c65    00000003     --HOLE-- [fill = 0]
                  00013c68    000000dc     HL_notification.obj (.text)
                  00013d44    000000d8     HL_sys_startup.obj (.text:retain)
                  00013e1c    000000c8     rtsv7R4_A_be_v3D16_eabi.lib : _printfi.c.obj (.text:_mcpy)
                  00013ee4    000000b0                                 : memset32.asm.obj (.text)
                  00013f94    00000098                                 : _printfi.c.obj (.text:_ecpy)
                  0001402c    00000098     HL_gio.obj (.text:retain)
                  000140c4    00000090     rtsv7R4_A_be_v3D16_eabi.lib : copy_decompress_lzss.c.obj (.text:decompress:lzss:__TI_decompress_lzss)
                  00014154    0000008c                                 : s_frexp.c.obj (.text:frexp)
                  000141e0    00000084                                 : atoi.c.obj (.text:atoi)
                  00014264    00000080                                 : ltoa.c.obj (.text:ltoa)
                  000142e4    00000074                                 : _printfi.c.obj (.text:_pconv_f)
                  00014358    00000068                                 : autoinit.c.obj (.text:__TI_auto_init_nobinit_nopinit:__TI_auto_init_nobinit_nopinit)
                  000143c0    00000064                                 : _printfi.c.obj (.text:_fcpy)
                  00014424    00000064                                 : sprintf.c.obj (.text:sprintf)
                  00014488    00000054                                 : i_div32.asm.obj (.text)
                  000144dc    00000050                                 : u_div32.asm.obj (.text)
                  0001452c    00000038                                 : e_sqrt.c.obj (.text:sqrt)
                  00014564    00000030                                 : sprintf.c.obj (.text:_outs)
                  00014594    0000002c                                 : memccpy.c.obj (.text:memccpy)
                  000145c0    00000028                                 : strchr.c.obj (.text:strchr)
                  000145e8    00000024                                 : wcslen.c.obj (.text:wcslen)
                  0001460c    00000020                                 : strlen.c.obj (.text:strlen)
                  0001462c    0000001c                                 : s_copysign.c.obj (.text:copysign)
                  00014648    00000014                                 : sprintf.c.obj (.text:_outc)
                  0001465c    00000014                                 : copy_decompress_none.c.obj (.text:decompress:none:__TI_decompress_none)
                  00014670    00000010                                 : copy_zero_init.c.obj (.text:decompress:ZI:__TI_zero_init)
                  00014680    0000000c                                 : errno.c.obj (.text:__aeabi_errno_addr)
                  0001468c    00000008                                 : exit.c.obj (.text:abort:abort)
                  00014694    00000004     HL_sys_startup.obj (.text)
                  00014698    00000004     HL_sys_phantom.obj (.text:retain)
                  0001469c    00000004     rtsv7R4_A_be_v3D16_eabi.lib : div0.asm.obj (.text)

.const     0    000146a0    00000ae8     
                  000146a0    000003a0     HL_het.obj (.const:het1PROGRAM)
                  00014a40    000003a0     HL_het.obj (.const:het2PROGRAM)
                  00014de0    00000200     HL_sys_vim.obj (.const:s_vim_init)
                  00014fe0    00000101     rtsv7R4_A_be_v3D16_eabi.lib : ctype.c.obj (.const:.string:_ctypes_)
                  000150e1    00000003     --HOLE-- [fill = 0]
                  000150e4    00000020     HL_het.obj (.const:s_het1pwmPolarity)
                  00015104    00000020     HL_het.obj (.const:s_het2pwmPolarity)
                  00015124    00000018     HL_adc.obj (.const:s_adcFiFoSize)
                  0001513c    00000018     HL_adc.obj (.const:s_adcSelect)
                  00015154    00000004     --HOLE-- [fill = 0]
                  00015158    00000010     rtsv7R4_A_be_v3D16_eabi.lib : e_pow.c.obj (.const:bp)
                  00015168    00000010                                 : e_pow.c.obj (.const:dp_h)
                  00015178    00000010                                 : e_pow.c.obj (.const:dp_l)

.kernelBSS 
*          0    08000800    00000104     UNINITIALIZED
                  08000800    000000d0     os_tasks.obj (.kernelBSS:uninit)
                  080008d0    00000034     os_tasks.obj (.kernelBSS:init)

.kernelHEAP 
*          0    08001000    00002000     UNINITIALIZED
                  08001000    00002000     os_heap.obj (.kernelHEAP)

.data      0    08003000    000001d4     UNINITIALIZED
                  08003000    00000100     HL_sys_main.obj (.data:buf)
                  08003100    0000007a     HL_sys_main.obj (.data:bitcount)
                  0800317a    00000002     --HOLE--
                  0800317c    00000004     rtsv7R4_A_be_v3D16_eabi.lib : errno.c.obj (.data)
                  08003180    00000024     HL_sys_main.obj (.data)
                  080031a4    00000010     os_heap.obj (.data)
                  080031b4    0000000c     HL_sys_main.obj (.data:letter)
                  080031c0    0000000a     HL_sys_main.obj (.data:text)
                  080031ca    00000002     --HOLE--
                  080031cc    00000008     os_port.obj (.data)

.bss       0    080031d4    00000095     UNINITIALIZED
                  080031d4    00000050     HL_sci.obj (.bss:g_sciTransfer_t)
                  08003224    00000014     (.common:drop_time_array)
                  08003238    00000008     os_heap.obj (.bss:xStart)
                  08003240    00000008     (.common:adc_data)
                  08003248    00000004     (.common:buf_len)
                  0800324c    00000004     (.common:cnt)
                  08003250    00000004     (.common:drop_count)
                  08003254    00000004     (.common:drop_time_avg)
                  08003258    00000004     (.common:step)
                  0800325c    00000004     (.common:temp)
                  08003260    00000004     (.common:value)
                  08003264    00000004     (.common:weight)
                  08003268    00000001     (.common:drop_before)

MODULE SUMMARY

       Module                       code    ro data   rw data
       ------                       ----    -------   -------
    ./source/
       os_tasks.obj                 11584   0         260    
       HL_sys_main.obj              10456   0         497    
       os_heap.obj                  1528    0         8216   
       HL_het.obj                   3388    1920      0      
       os_queue.obj                 4572    0         0      
       HL_sys_vim.obj               3192    512       0      
       HL_adc.obj                   2796    48        0      
       HL_pinmux.obj                2532    0         0      
       os_mpu_wrappers.obj          2464    0         0      
       HL_system.obj                2452    0         0      
       HL_esm.obj                   2308    0         0      
       HL_sci.obj                   2160    0         80     
       os_event_groups.obj          2076    0         0      
       HL_errata_SSWF021_45.obj     1636    0         0      
       os_port.obj                  1304    0         8      
       HL_gio.obj                   1308    0         0      
       os_portasm.obj               1200    0         0      
       HL_sys_core.obj              964     0         0      
       HL_sys_mpu.obj               876     0         0      
       os_list.obj                  568     0         0      
       HL_notification.obj          220     0         0      
       HL_sys_startup.obj           220     0         0      
       HL_sys_intvecs.obj           32      0         0      
       HL_sys_phantom.obj           4       0         0      
    +--+----------------------------+-------+---------+---------+
       Total:                       59840   2480      9061   
                                                             
    /home/koitt/ti/ccsv8/tools/compiler/ti-cgt-arm_18.1.4.LTS/lib/rtsv7R4_A_be_v3D16_eabi.lib
       _printfi.c.obj               6829    0         0      
       e_pow.c.obj                  2000    48        0      
       ull_div32.asm.obj            696     0         0      
       memcpy32.asm.obj             384     0         0      
       s_floor.c.obj                316     0         0      
       s_scalbn.c.obj               288     0         0      
       ctype.c.obj                  0       257       0      
       memset32.asm.obj             176     0         0      
       sprintf.c.obj                168     0         0      
       copy_decompress_lzss.c.obj   144     0         0      
       s_frexp.c.obj                140     0         0      
       atoi.c.obj                   132     0         0      
       ltoa.c.obj                   128     0         0      
       autoinit.c.obj               104     0         0      
       i_div32.asm.obj              84      0         0      
       u_div32.asm.obj              80      0         0      
       e_sqrt.c.obj                 56      0         0      
       memccpy.c.obj                44      0         0      
       strchr.c.obj                 40      0         0      
       wcslen.c.obj                 36      0         0      
       strlen.c.obj                 32      0         0      
       s_copysign.c.obj             28      0         0      
       copy_decompress_none.c.obj   20      0         0      
       copy_zero_init.c.obj         16      0         0      
       errno.c.obj                  12      0         4      
       exit.c.obj                   8       0         0      
       div0.asm.obj                 4       0         0      
    +--+----------------------------+-------+---------+---------+
       Total:                       11965   305       4      
                                                             
       Linker Generated:            0       105       0      
    +--+----------------------------+-------+---------+---------+
       Grand Total:                 71805   2890      9065   


LINKER GENERATED COPY TABLES

__TI_cinit_table @ 00005250 records: 4, size/record: 8, table size: 32
	.data: load addr=00005200, load size=00000024 bytes, run addr=08003000, run size=000001d4 bytes, compression=lzss
	.kernelBSS: load addr=00005230, load size=00000009 bytes, run addr=08000800, run size=00000104 bytes, compression=lzss
	.bss: load addr=00005240, load size=00000008 bytes, run addr=080031d4, run size=00000095 bytes, compression=zero_init
	.kernelHEAP: load addr=00005248, load size=00000008 bytes, run addr=08001000, run size=00002000 bytes, compression=zero_init


LINKER GENERATED HANDLER TABLE

__TI_handler_table @ 00005224 records: 3, size/record: 4, table size: 12
	index: 0, handler: __TI_decompress_lzss
	index: 1, handler: __TI_decompress_none
	index: 2, handler: __TI_zero_init


GLOBAL SYMBOLS: SORTED ALPHABETICALLY BY Name 

address   name                                  
-------   ----                                  
0001468c  C$$EXIT                               
0000db14  MPU_eTaskGetState                     
0000dc7c  MPU_pcTaskGetName                     
0000dd5c  MPU_pvTaskGetThreadLocalStoragePointer
0000de74  MPU_ulTaskNotifyTake                  
0000e030  MPU_uxQueueMessagesWaiting            
0000e064  MPU_uxQueueSpacesAvailable            
0000dc50  MPU_uxTaskGetNumberOfTasks            
0000dce4  MPU_uxTaskGetStackHighWaterMark       
0000dae0  MPU_uxTaskPriorityGet                 
0000e2b8  MPU_vEventGroupDelete                 
0000e098  MPU_vQueueDelete                      
0000d9ec  MPU_vTaskAllocateMPURegions           
0000da4c  MPU_vTaskDelay                        
0000da78  MPU_vTaskDelayUntil                   
0000da20  MPU_vTaskDelete                       
0000db48  MPU_vTaskPrioritySet                  
0000dba8  MPU_vTaskResume                       
0000dd18  MPU_vTaskSetThreadLocalStoragePointer 
0000deec  MPU_vTaskSetTimeOutState              
0000db7c  MPU_vTaskSuspend                      
0000dbd4  MPU_vTaskSuspendAll                   
0000e1dc  MPU_xEventGroupClearBits              
0000e154  MPU_xEventGroupCreate                 
0000e220  MPU_xEventGroupSetBits                
0000e264  MPU_xEventGroupSync                   
0000e180  MPU_xEventGroupWaitBits               
0000e0c4  MPU_xQueueGenericCreate               
0000dfdc  MPU_xQueueGenericReceive              
0000e110  MPU_xQueueGenericReset                
0000df88  MPU_xQueueGenericSend                 
0000daac  MPU_xTaskAbortDelay                   
0000df18  MPU_xTaskCheckForTimeOut              
0000d944  MPU_xTaskCreate                       
0000d9a8  MPU_xTaskCreateRestricted             
0000ddcc  MPU_xTaskGenericNotify                
0000dcb0  MPU_xTaskGetHandle                    
0000dda0  MPU_xTaskGetIdleTaskHandle            
0000df5c  MPU_xTaskGetSchedulerState            
0000dc24  MPU_xTaskGetTickCount                 
0000deb8  MPU_xTaskNotifyStateClear             
0000de20  MPU_xTaskNotifyWait                   
0000dbf8  MPU_xTaskResumeAll                    
UNDEFED   SHT$$INIT_ARRAY$$Base                 
UNDEFED   SHT$$INIT_ARRAY$$Limit                
00005250  __TI_CINIT_Base                       
00005270  __TI_CINIT_Limit                      
00005224  __TI_Handler_Table_Base               
00005230  __TI_Handler_Table_Limit              
00011c24  __TI_PINIT_Base                       
00011c28  __TI_PINIT_Limit                      
00014358  __TI_auto_init_nobinit_nopinit        
000140c4  __TI_decompress_lzss                  
0001465c  __TI_decompress_none                  
ffffffff  __TI_pprof_out_hndl                   
0000a8f8  __TI_printfi                          
ffffffff  __TI_prof_data_size                   
ffffffff  __TI_prof_data_start                  
00000000  __TI_static_base__                    
00014670  __TI_zero_init                        
00014680  __aeabi_errno_addr                    
00014488  __aeabi_idiv                          
0001469c  __aeabi_idiv0                         
00014488  __aeabi_idivmod                       
0001469c  __aeabi_ldiv0                         
00013ee4  __aeabi_memclr                        
00013ee4  __aeabi_memclr4                       
00013ee4  __aeabi_memclr8                       
00012f60  __aeabi_memcpy                        
00012f60  __aeabi_memcpy4                       
00012f60  __aeabi_memcpy8                       
00013ee8  __aeabi_memset                        
00013ee8  __aeabi_memset4                       
00013ee8  __aeabi_memset8                       
000144dc  __aeabi_uidiv                         
000144dc  __aeabi_uidivmod                      
000125b0  __aeabi_uldivmod                      
ffffffff  __binit__                             
ffffffff  __c_args__                            
00013d44  _c_int00                              
00011bd8  _cacheDisable_                        
00011b94  _cacheEnable_                         
00011b74  _checkMemInitOn_                      
00011a80  _coreClearAuxiliaryDataFault_         
00011a94  _coreClearAuxiliaryInstructionFault_  
00011a58  _coreClearDataFaultAddress_           
00011a30  _coreClearDataFault_                  
00011a6c  _coreClearInstructionFaultAddress_    
00011a44  _coreClearInstructionFault_           
00011a08  _coreDisableEventBusExport_           
000119f8  _coreEnableEventBusExport_            
00011a18  _coreEnableIrqVicOffset_              
000119e0  _coreEnableVfp_                       
00011a78  _coreGetAuxiliaryDataFault_           
00011a8c  _coreGetAuxiliaryInstructionFault_    
00011a50  _coreGetDataFaultAddress_             
00011a28  _coreGetDataFault_                    
00011a64  _coreGetInstructionFaultAddress_      
00011a3c  _coreGetInstructionFault_             
00011868  _coreInitRegisters_                   
00011974  _coreInitStackPointer_                
00014fe0  _ctypes_                              
00011bfc  _dCacheInvalidate_                    
00011aa0  _disable_IRQ_interrupt_               
00011aa8  _enable_IRQ_interrupt_                
00011ab0  _enable_interrupt_                    
00010d80  _errata_SSWF021_45_both_plls          
00010f74  _errata_SSWF021_45_pll1               
000110ec  _errata_SSWF021_45_pll2               
00011ab8  _esmCcmErrorsClear_                   
000119c0  _getCPSRValue_                        
000119c8  _gotoCPUIdle_                         
00011c10  _iCacheInvalidate_                    
00011b40  _memInit_                             
00011f40  _mpuAreRegionsSeparate_               
00011f24  _mpuDisableBackgroundRegion_          
00011efc  _mpuDisable_                          
00011f14  _mpuEnableBackgroundRegion_           
00011ee4  _mpuEnable_                           
00011f34  _mpuGetNumberOfRegions_               
00011f64  _mpuGetRegionBaseAddress_             
00011f84  _mpuGetRegionPermission_              
00011f78  _mpuGetRegionType_                    
00011f54  _mpuGetRegion_                        
00011c2c  _mpuInit_                             
00011f5c  _mpuSetRegionBaseAddress_             
00011f90  _mpuSetRegionSizeRegister_            
00011f6c  _mpuSetRegionTypeAndPermission_       
00011f4c  _mpuSetRegion_                        
UNDEFED   _system_post_cinit                    
0001468c  abort                                 
0000ccf0  adc1GetConfigValue                    
0000c8cc  adcCalibration                        
0000cc90  adcDisableNotification                
0000cc40  adcEnableNotification                 
0000c6a4  adcGetData                            
0000ccd8  adcGetEVTPin                          
0000c474  adcInit                               
0000c89c  adcIsConversionComplete               
0000c86c  adcIsFifoFull                         
0000caa4  adcMidPointCalibration                
00013cb4  adcNotification                       
0000c67c  adcResetFiFo                          
0000ccb8  adcSetEVTPin                          
0000c5d0  adcStartConversion                    
0000c654  adcStopConversion                     
08003240  adc_data                              
000141e0  atoi                                  
ffffffff  binit                                 
08003100  bitcount                              
08003000  buf                                   
08003248  buf_len                               
0000bfb4  capGetSignal                          
0800324c  cnt                                   
0001462c  copysign                              
0001462c  copysignl                             
0000ebd0  customTrimLPO                         
08003184  decode                                
000096e4  decode_ir                             
000080c8  delay_ms                              
00008080  delay_us                              
00013ca0  dmaGroupANotification                 
08003268  drop_before                           
08003250  drop_count                            
08003188  drop_sens_timing                      
08003224  drop_time_array                       
08003254  drop_time_avg                         
00001f18  eTaskConfirmSleepModeStatus           
00000890  eTaskGetState                         
0000bf6c  edgeDisableNotification               
0000bf30  edgeEnableNotification                
0000bf04  edgeGetCounter                        
00013d08  edgeNotification                      
0000bed8  edgeResetCounter                      
00013d30  epcCAMFullNotification                
00013d34  epcFIFOFullNotification               
0800317c  errno                                 
00010804  esmActivateNormalOperation            
00010950  esmClearStatus                        
000109b4  esmClearStatusBuffer                  
00010990  esmClearStatusUpper                   
000107b0  esmDisableError                       
000107d8  esmDisableErrorUpper                  
00010858  esmDisableInterrupt                   
00010880  esmDisableInterruptUpper              
0001076c  esmEnableError                        
00010794  esmEnableErrorUpper                   
00010814  esmEnableInterrupt                    
0001083c  esmEnableInterruptUpper               
00010ae4  esmEnterSelfTest                      
00010750  esmError                              
00010bbc  esmGetConfigValue                     
000109f0  esmGetStatus                          
00010abc  esmGetStatusBuffer                    
00010a74  esmGetStatusUpper                     
00013c68  esmGroup1Notification                 
00013c7c  esmGroup2Notification                 
00013c90  esmGroup3Notification                 
000130e0  esmHighInterrupt                      
000105f4  esmInit                               
00010b6c  esmSelfTestStatus                     
000109d0  esmSetCounterPreloadValue             
0001089c  esmSetInterruptLevel                  
00010910  esmSetInterruptLevelUpper             
000107f4  esmTriggerErrorPinReset               
000137b8  floor                                 
000137b8  floorl                                
00014154  frexp                                 
00014154  frexpl                                
0000e678  getResetSource                        
00011644  gioDisableNotification                
000115dc  gioEnableNotification                 
00011544  gioGetBit                             
000116ac  gioGetConfigValue                     
0001156c  gioGetPort                            
0001402c  gioHighLevelInterrupt                 
000113e4  gioInit                               
0000860c  gioNotification                       
000114d4  gioSetBit                             
000114b4  gioSetDirection                       
00011524  gioSetPort                            
00011584  gioToggleBit                          
00014694  handlePLLLockFail                     
0000c0c0  het1GetConfigValue                    
0000c250  het2GetConfigValue                    
00013518  het2HighLevelInterrupt                
000135c0  het2LowLevelInterrupt                 
0000c0a8  hetGetTimestamp                       
0000b894  hetInit                               
00013d1c  hetNotification                       
0000c08c  hetResetTimestamp                     
000091c8  lcd_char                              
000092e0  lcd_char_variable                     
00009120  lcd_command                           
00009464  lcd_init                              
000093ec  lcd_string                            
00013a30  ldexp                                 
00013a30  ldexpl                                
080031b4  letter                                
00014264  ltoa                                  
000084a4  main                                  
0000e4ac  mapClocks                             
00014594  memccpy                               
00012f60  memcpy                                
00013ef4  memset                                
0000cf60  muxInit                               
00001354  pcTaskGetName                         
0000e3f8  periphInit                            
00014698  phantomInterrupt                      
0000fe44  pow                                   
0000fe44  powl                                  
00004a7c  prvMpuDisable                         
00004a64  prvMpuEnable                          
00004a4c  prvMpuSetRegion                       
00004e80  pvPortMalloc                          
00001ff8  pvTaskGetThreadLocalStoragePointer    
0000bea8  pwmDisableNotification                
0000be60  pwmEnableNotification                 
0000bd80  pwmGetSignal                          
000086fc  pwmNotification                       
0000ba80  pwmSetDuty                            
0000bbd0  pwmSetSignal                          
0000ba18  pwmStart                              
0000ba4c  pwmStop                               
080008d0  pxCurrentTCB                          
00004aa4  pxPortInitialiseStack                 
00009814  remote_data_calc                      
08003180  remote_now                            
00000000  resetEntry                            
00013a30  scalbn                                
00013a30  scalbnl                               
0000fc70  sci1GetConfigValue                    
0000fae4  sciDisableLoopback                    
0000fb98  sciDisableNotification                
0000fab0  sciEnableLoopback                     
0000fb00  sciEnableNotification                 
0000fc30  sciEnterResetState                    
0000fc50  sciExitResetState                     
0000f5b4  sciInit                               
0000f928  sciIsIdleDetected                     
0000f90c  sciIsRxReady                          
0000f75c  sciIsTxReady                          
00013cdc  sciNotification                       
0000f9a0  sciReceive                            
0000f974  sciReceiveByte                        
0000f944  sciRxError                            
0000f7a8  sciSend                               
0000f778  sciSendByte                           
0000f6c0  sciSetBaudrate                        
0000f6a0  sciSetFunctional                      
00008020  sci_display                           
08003198  sem1                                  
0000e3b8  setupFlash                            
0000e2e4  setupPLL                              
00014424  sprintf                               
0001452c  sqrt                                  
0001452c  sqrtl                                 
08003258  step                                  
000145c0  strchr                                
0001460c  strlen                                
0000e7a0  systemGetConfigValue                  
0000e5d4  systemInit                            
0000e648  systemPowerDown                       
0800325c  temp                                  
080031c0  text                                  
0800318c  time_gap_set                          
08003190  time_left                             
0000e344  trimLPO                               
080031cc  ulCriticalNesting                     
00004974  ulPortCountLeadingZeros               
080031d0  ulTaskHasFPUContext                   
00002390  ulTaskNotifyTake                      
00012ed4  uxListRemove                          
00003910  uxQueueMessagesWaiting                
00003994  uxQueueMessagesWaitingFromISR         
00003948  uxQueueSpacesAvailable                
00001348  uxTaskGetNumberOfTasks                
0000223c  uxTaskGetStackHighWaterMark           
00000994  uxTaskPriorityGet                     
000009d8  uxTaskPriorityGetFromISR              
00002354  uxTaskResetEventItemValue             
0000456c  vEventGroupClearBitsCallback          
000044cc  vEventGroupDelete                     
00004550  vEventGroupSetBitsCallback            
00012d28  vListInitialise                       
00012d80  vListInitialiseItem                   
00012e10  vListInsert                           
00012d9c  vListInsertEnd                        
00004e4c  vPortEndScheduler                     
000050d8  vPortFree                             
000051e8  vPortInitialiseBlocks                 
00004968  vPortInitialiseFPSCR                  
00004868  vPortPreemptiveTick                   
0000497c  vPortSWI                              
000045f8  vPortStartFirstTask                   
00004bb8  vPortStoreTaskMPUSettings             
00004774  vPortYeildWithinAPI                   
00004688  vPortYieldProcessor                   
000039c4  vQueueDelete                          
000081d4  vTask1                                
000082a0  vTask2                                
00002064  vTaskAllocateMPURegions               
0000080c  vTaskDelay                            
000006a0  vTaskDelayUntil                       
00000538  vTaskDelete                           
00001084  vTaskEndScheduler                     
00001f08  vTaskMissedYield                      
00002954  vTaskNotifyGiveFromISR                
00001ad0  vTaskPlaceOnEventList                 
00001b14  vTaskPlaceOnUnorderedEventList        
00000a20  vTaskPrioritySet                      
00000e20  vTaskResume                           
00001f94  vTaskSetThreadLocalStoragePointer     
00001d90  vTaskSetTimeOutState                  
00000fec  vTaskStartScheduler                   
0000166c  vTaskStepTick                         
00000c18  vTaskSuspend                          
000010a0  vTaskSuspendAll                       
000019f0  vTaskSwitchContext                    
08003260  value                                 
0000ed4c  vimChannelMap                         
0000efb8  vimDisableInterrupt                   
00011f98  vimECCErrorHandler                    
0000edf0  vimEnableInterrupt                    
0000f064  vimGetConfigValue                     
0000ec78  vimInit                               
00008110  wait                                  
00008154  wait_66us                             
00008194  wait_us                               
000145e8  wcslen                                
08003264  weight                                
00004268  xEventGroupClearBits                  
00003dd8  xEventGroupCreate                     
000042ec  xEventGroupGetBitsFromISR             
0000431c  xEventGroupSetBits                    
00003e14  xEventGroupSync                       
00004014  xEventGroupWaitBits                   
000051d0  xPortGetFreeHeapSize                  
000051dc  xPortGetMinimumEverFreeHeapSize       
00004e2c  xPortStartScheduler                   
00002d24  xQueueGenericCreate                   
000033fc  xQueueGenericReceive                  
00002bfc  xQueueGenericReset                    
00002e40  xQueueGenericSend                     
00003100  xQueueGenericSendFromISR              
00003290  xQueueGiveFromISR                     
00003cfc  xQueueIsQueueEmptyFromISR             
00003d88  xQueueIsQueueFullFromISR              
0000381c  xQueuePeekFromISR                     
000036d4  xQueueReceiveFromISR                  
000016c8  xTaskAbortDelay                       
00001dd0  xTaskCheckForTimeOut                  
000000fc  xTaskCreate                           
00000020  xTaskCreateRestricted                 
00002580  xTaskGenericNotify                    
00002754  xTaskGenericNotifyFromISR             
0000152c  xTaskGetHandle                        
00001634  xTaskGetIdleTaskHandle                
00002304  xTaskGetSchedulerState                
00001308  xTaskGetTickCount                     
00001324  xTaskGetTickCountFromISR              
000017c8  xTaskIncrementTick                    
00013340  xTaskNotifyStateClear                 
00002468  xTaskNotifyWait                       
00001b98  xTaskRemoveFromEventList              
00001c88  xTaskRemoveFromUnorderedEventList     
00001158  xTaskResumeAll                        
00000f04  xTaskResumeFromISR                    


GLOBAL SYMBOLS: SORTED BY Symbol Address 

address   name                                  
-------   ----                                  
00000000  __TI_static_base__                    
00000000  resetEntry                            
00000020  xTaskCreateRestricted                 
000000fc  xTaskCreate                           
00000538  vTaskDelete                           
000006a0  vTaskDelayUntil                       
0000080c  vTaskDelay                            
00000890  eTaskGetState                         
00000994  uxTaskPriorityGet                     
000009d8  uxTaskPriorityGetFromISR              
00000a20  vTaskPrioritySet                      
00000c18  vTaskSuspend                          
00000e20  vTaskResume                           
00000f04  xTaskResumeFromISR                    
00000fec  vTaskStartScheduler                   
00001084  vTaskEndScheduler                     
000010a0  vTaskSuspendAll                       
00001158  xTaskResumeAll                        
00001308  xTaskGetTickCount                     
00001324  xTaskGetTickCountFromISR              
00001348  uxTaskGetNumberOfTasks                
00001354  pcTaskGetName                         
0000152c  xTaskGetHandle                        
00001634  xTaskGetIdleTaskHandle                
0000166c  vTaskStepTick                         
000016c8  xTaskAbortDelay                       
000017c8  xTaskIncrementTick                    
000019f0  vTaskSwitchContext                    
00001ad0  vTaskPlaceOnEventList                 
00001b14  vTaskPlaceOnUnorderedEventList        
00001b98  xTaskRemoveFromEventList              
00001c88  xTaskRemoveFromUnorderedEventList     
00001d90  vTaskSetTimeOutState                  
00001dd0  xTaskCheckForTimeOut                  
00001f08  vTaskMissedYield                      
00001f18  eTaskConfirmSleepModeStatus           
00001f94  vTaskSetThreadLocalStoragePointer     
00001ff8  pvTaskGetThreadLocalStoragePointer    
00002064  vTaskAllocateMPURegions               
0000223c  uxTaskGetStackHighWaterMark           
00002304  xTaskGetSchedulerState                
00002354  uxTaskResetEventItemValue             
00002390  ulTaskNotifyTake                      
00002468  xTaskNotifyWait                       
00002580  xTaskGenericNotify                    
00002754  xTaskGenericNotifyFromISR             
00002954  vTaskNotifyGiveFromISR                
00002bfc  xQueueGenericReset                    
00002d24  xQueueGenericCreate                   
00002e40  xQueueGenericSend                     
00003100  xQueueGenericSendFromISR              
00003290  xQueueGiveFromISR                     
000033fc  xQueueGenericReceive                  
000036d4  xQueueReceiveFromISR                  
0000381c  xQueuePeekFromISR                     
00003910  uxQueueMessagesWaiting                
00003948  uxQueueSpacesAvailable                
00003994  uxQueueMessagesWaitingFromISR         
000039c4  vQueueDelete                          
00003cfc  xQueueIsQueueEmptyFromISR             
00003d88  xQueueIsQueueFullFromISR              
00003dd8  xEventGroupCreate                     
00003e14  xEventGroupSync                       
00004014  xEventGroupWaitBits                   
00004268  xEventGroupClearBits                  
000042ec  xEventGroupGetBitsFromISR             
0000431c  xEventGroupSetBits                    
000044cc  vEventGroupDelete                     
00004550  vEventGroupSetBitsCallback            
0000456c  vEventGroupClearBitsCallback          
000045f8  vPortStartFirstTask                   
00004688  vPortYieldProcessor                   
00004774  vPortYeildWithinAPI                   
00004868  vPortPreemptiveTick                   
00004968  vPortInitialiseFPSCR                  
00004974  ulPortCountLeadingZeros               
0000497c  vPortSWI                              
00004a4c  prvMpuSetRegion                       
00004a64  prvMpuEnable                          
00004a7c  prvMpuDisable                         
00004aa4  pxPortInitialiseStack                 
00004bb8  vPortStoreTaskMPUSettings             
00004e2c  xPortStartScheduler                   
00004e4c  vPortEndScheduler                     
00004e80  pvPortMalloc                          
000050d8  vPortFree                             
000051d0  xPortGetFreeHeapSize                  
000051dc  xPortGetMinimumEverFreeHeapSize       
000051e8  vPortInitialiseBlocks                 
00005224  __TI_Handler_Table_Base               
00005230  __TI_Handler_Table_Limit              
00005250  __TI_CINIT_Base                       
00005270  __TI_CINIT_Limit                      
00008020  sci_display                           
00008080  delay_us                              
000080c8  delay_ms                              
00008110  wait                                  
00008154  wait_66us                             
00008194  wait_us                               
000081d4  vTask1                                
000082a0  vTask2                                
000084a4  main                                  
0000860c  gioNotification                       
000086fc  pwmNotification                       
00009120  lcd_command                           
000091c8  lcd_char                              
000092e0  lcd_char_variable                     
000093ec  lcd_string                            
00009464  lcd_init                              
000096e4  decode_ir                             
00009814  remote_data_calc                      
0000a8f8  __TI_printfi                          
0000b894  hetInit                               
0000ba18  pwmStart                              
0000ba4c  pwmStop                               
0000ba80  pwmSetDuty                            
0000bbd0  pwmSetSignal                          
0000bd80  pwmGetSignal                          
0000be60  pwmEnableNotification                 
0000bea8  pwmDisableNotification                
0000bed8  edgeResetCounter                      
0000bf04  edgeGetCounter                        
0000bf30  edgeEnableNotification                
0000bf6c  edgeDisableNotification               
0000bfb4  capGetSignal                          
0000c08c  hetResetTimestamp                     
0000c0a8  hetGetTimestamp                       
0000c0c0  het1GetConfigValue                    
0000c250  het2GetConfigValue                    
0000c474  adcInit                               
0000c5d0  adcStartConversion                    
0000c654  adcStopConversion                     
0000c67c  adcResetFiFo                          
0000c6a4  adcGetData                            
0000c86c  adcIsFifoFull                         
0000c89c  adcIsConversionComplete               
0000c8cc  adcCalibration                        
0000caa4  adcMidPointCalibration                
0000cc40  adcEnableNotification                 
0000cc90  adcDisableNotification                
0000ccb8  adcSetEVTPin                          
0000ccd8  adcGetEVTPin                          
0000ccf0  adc1GetConfigValue                    
0000cf60  muxInit                               
0000d944  MPU_xTaskCreate                       
0000d9a8  MPU_xTaskCreateRestricted             
0000d9ec  MPU_vTaskAllocateMPURegions           
0000da20  MPU_vTaskDelete                       
0000da4c  MPU_vTaskDelay                        
0000da78  MPU_vTaskDelayUntil                   
0000daac  MPU_xTaskAbortDelay                   
0000dae0  MPU_uxTaskPriorityGet                 
0000db14  MPU_eTaskGetState                     
0000db48  MPU_vTaskPrioritySet                  
0000db7c  MPU_vTaskSuspend                      
0000dba8  MPU_vTaskResume                       
0000dbd4  MPU_vTaskSuspendAll                   
0000dbf8  MPU_xTaskResumeAll                    
0000dc24  MPU_xTaskGetTickCount                 
0000dc50  MPU_uxTaskGetNumberOfTasks            
0000dc7c  MPU_pcTaskGetName                     
0000dcb0  MPU_xTaskGetHandle                    
0000dce4  MPU_uxTaskGetStackHighWaterMark       
0000dd18  MPU_vTaskSetThreadLocalStoragePointer 
0000dd5c  MPU_pvTaskGetThreadLocalStoragePointer
0000dda0  MPU_xTaskGetIdleTaskHandle            
0000ddcc  MPU_xTaskGenericNotify                
0000de20  MPU_xTaskNotifyWait                   
0000de74  MPU_ulTaskNotifyTake                  
0000deb8  MPU_xTaskNotifyStateClear             
0000deec  MPU_vTaskSetTimeOutState              
0000df18  MPU_xTaskCheckForTimeOut              
0000df5c  MPU_xTaskGetSchedulerState            
0000df88  MPU_xQueueGenericSend                 
0000dfdc  MPU_xQueueGenericReceive              
0000e030  MPU_uxQueueMessagesWaiting            
0000e064  MPU_uxQueueSpacesAvailable            
0000e098  MPU_vQueueDelete                      
0000e0c4  MPU_xQueueGenericCreate               
0000e110  MPU_xQueueGenericReset                
0000e154  MPU_xEventGroupCreate                 
0000e180  MPU_xEventGroupWaitBits               
0000e1dc  MPU_xEventGroupClearBits              
0000e220  MPU_xEventGroupSetBits                
0000e264  MPU_xEventGroupSync                   
0000e2b8  MPU_vEventGroupDelete                 
0000e2e4  setupPLL                              
0000e344  trimLPO                               
0000e3b8  setupFlash                            
0000e3f8  periphInit                            
0000e4ac  mapClocks                             
0000e5d4  systemInit                            
0000e648  systemPowerDown                       
0000e678  getResetSource                        
0000e7a0  systemGetConfigValue                  
0000ebd0  customTrimLPO                         
0000ec78  vimInit                               
0000ed4c  vimChannelMap                         
0000edf0  vimEnableInterrupt                    
0000efb8  vimDisableInterrupt                   
0000f064  vimGetConfigValue                     
0000f5b4  sciInit                               
0000f6a0  sciSetFunctional                      
0000f6c0  sciSetBaudrate                        
0000f75c  sciIsTxReady                          
0000f778  sciSendByte                           
0000f7a8  sciSend                               
0000f90c  sciIsRxReady                          
0000f928  sciIsIdleDetected                     
0000f944  sciRxError                            
0000f974  sciReceiveByte                        
0000f9a0  sciReceive                            
0000fab0  sciEnableLoopback                     
0000fae4  sciDisableLoopback                    
0000fb00  sciEnableNotification                 
0000fb98  sciDisableNotification                
0000fc30  sciEnterResetState                    
0000fc50  sciExitResetState                     
0000fc70  sci1GetConfigValue                    
0000fe44  pow                                   
0000fe44  powl                                  
000105f4  esmInit                               
00010750  esmError                              
0001076c  esmEnableError                        
00010794  esmEnableErrorUpper                   
000107b0  esmDisableError                       
000107d8  esmDisableErrorUpper                  
000107f4  esmTriggerErrorPinReset               
00010804  esmActivateNormalOperation            
00010814  esmEnableInterrupt                    
0001083c  esmEnableInterruptUpper               
00010858  esmDisableInterrupt                   
00010880  esmDisableInterruptUpper              
0001089c  esmSetInterruptLevel                  
00010910  esmSetInterruptLevelUpper             
00010950  esmClearStatus                        
00010990  esmClearStatusUpper                   
000109b4  esmClearStatusBuffer                  
000109d0  esmSetCounterPreloadValue             
000109f0  esmGetStatus                          
00010a74  esmGetStatusUpper                     
00010abc  esmGetStatusBuffer                    
00010ae4  esmEnterSelfTest                      
00010b6c  esmSelfTestStatus                     
00010bbc  esmGetConfigValue                     
00010d80  _errata_SSWF021_45_both_plls          
00010f74  _errata_SSWF021_45_pll1               
000110ec  _errata_SSWF021_45_pll2               
000113e4  gioInit                               
000114b4  gioSetDirection                       
000114d4  gioSetBit                             
00011524  gioSetPort                            
00011544  gioGetBit                             
0001156c  gioGetPort                            
00011584  gioToggleBit                          
000115dc  gioEnableNotification                 
00011644  gioDisableNotification                
000116ac  gioGetConfigValue                     
00011868  _coreInitRegisters_                   
00011974  _coreInitStackPointer_                
000119c0  _getCPSRValue_                        
000119c8  _gotoCPUIdle_                         
000119e0  _coreEnableVfp_                       
000119f8  _coreEnableEventBusExport_            
00011a08  _coreDisableEventBusExport_           
00011a18  _coreEnableIrqVicOffset_              
00011a28  _coreGetDataFault_                    
00011a30  _coreClearDataFault_                  
00011a3c  _coreGetInstructionFault_             
00011a44  _coreClearInstructionFault_           
00011a50  _coreGetDataFaultAddress_             
00011a58  _coreClearDataFaultAddress_           
00011a64  _coreGetInstructionFaultAddress_      
00011a6c  _coreClearInstructionFaultAddress_    
00011a78  _coreGetAuxiliaryDataFault_           
00011a80  _coreClearAuxiliaryDataFault_         
00011a8c  _coreGetAuxiliaryInstructionFault_    
00011a94  _coreClearAuxiliaryInstructionFault_  
00011aa0  _disable_IRQ_interrupt_               
00011aa8  _enable_IRQ_interrupt_                
00011ab0  _enable_interrupt_                    
00011ab8  _esmCcmErrorsClear_                   
00011b40  _memInit_                             
00011b74  _checkMemInitOn_                      
00011b94  _cacheEnable_                         
00011bd8  _cacheDisable_                        
00011bfc  _dCacheInvalidate_                    
00011c10  _iCacheInvalidate_                    
00011c24  __TI_PINIT_Base                       
00011c28  __TI_PINIT_Limit                      
00011c2c  _mpuInit_                             
00011ee4  _mpuEnable_                           
00011efc  _mpuDisable_                          
00011f14  _mpuEnableBackgroundRegion_           
00011f24  _mpuDisableBackgroundRegion_          
00011f34  _mpuGetNumberOfRegions_               
00011f40  _mpuAreRegionsSeparate_               
00011f4c  _mpuSetRegion_                        
00011f54  _mpuGetRegion_                        
00011f5c  _mpuSetRegionBaseAddress_             
00011f64  _mpuGetRegionBaseAddress_             
00011f6c  _mpuSetRegionTypeAndPermission_       
00011f78  _mpuGetRegionType_                    
00011f84  _mpuGetRegionPermission_              
00011f90  _mpuSetRegionSizeRegister_            
00011f98  vimECCErrorHandler                    
000125b0  __aeabi_uldivmod                      
00012d28  vListInitialise                       
00012d80  vListInitialiseItem                   
00012d9c  vListInsertEnd                        
00012e10  vListInsert                           
00012ed4  uxListRemove                          
00012f60  __aeabi_memcpy                        
00012f60  __aeabi_memcpy4                       
00012f60  __aeabi_memcpy8                       
00012f60  memcpy                                
000130e0  esmHighInterrupt                      
00013340  xTaskNotifyStateClear                 
00013518  het2HighLevelInterrupt                
000135c0  het2LowLevelInterrupt                 
000137b8  floor                                 
000137b8  floorl                                
00013a30  ldexp                                 
00013a30  ldexpl                                
00013a30  scalbn                                
00013a30  scalbnl                               
00013c68  esmGroup1Notification                 
00013c7c  esmGroup2Notification                 
00013c90  esmGroup3Notification                 
00013ca0  dmaGroupANotification                 
00013cb4  adcNotification                       
00013cdc  sciNotification                       
00013d08  edgeNotification                      
00013d1c  hetNotification                       
00013d30  epcCAMFullNotification                
00013d34  epcFIFOFullNotification               
00013d44  _c_int00                              
00013ee4  __aeabi_memclr                        
00013ee4  __aeabi_memclr4                       
00013ee4  __aeabi_memclr8                       
00013ee8  __aeabi_memset                        
00013ee8  __aeabi_memset4                       
00013ee8  __aeabi_memset8                       
00013ef4  memset                                
0001402c  gioHighLevelInterrupt                 
000140c4  __TI_decompress_lzss                  
00014154  frexp                                 
00014154  frexpl                                
000141e0  atoi                                  
00014264  ltoa                                  
00014358  __TI_auto_init_nobinit_nopinit        
00014424  sprintf                               
00014488  __aeabi_idiv                          
00014488  __aeabi_idivmod                       
000144dc  __aeabi_uidiv                         
000144dc  __aeabi_uidivmod                      
0001452c  sqrt                                  
0001452c  sqrtl                                 
00014594  memccpy                               
000145c0  strchr                                
000145e8  wcslen                                
0001460c  strlen                                
0001462c  copysign                              
0001462c  copysignl                             
0001465c  __TI_decompress_none                  
00014670  __TI_zero_init                        
00014680  __aeabi_errno_addr                    
0001468c  C$$EXIT                               
0001468c  abort                                 
00014694  handlePLLLockFail                     
00014698  phantomInterrupt                      
0001469c  __aeabi_idiv0                         
0001469c  __aeabi_ldiv0                         
00014fe0  _ctypes_                              
080008d0  pxCurrentTCB                          
08003000  buf                                   
08003100  bitcount                              
0800317c  errno                                 
08003180  remote_now                            
08003184  decode                                
08003188  drop_sens_timing                      
0800318c  time_gap_set                          
08003190  time_left                             
08003198  sem1                                  
080031b4  letter                                
080031c0  text                                  
080031cc  ulCriticalNesting                     
080031d0  ulTaskHasFPUContext                   
08003224  drop_time_array                       
08003240  adc_data                              
08003248  buf_len                               
0800324c  cnt                                   
08003250  drop_count                            
08003254  drop_time_avg                         
08003258  step                                  
0800325c  temp                                  
08003260  value                                 
08003264  weight                                
08003268  drop_before                           
ffffffff  __TI_pprof_out_hndl                   
ffffffff  __TI_prof_data_size                   
ffffffff  __TI_prof_data_start                  
ffffffff  __binit__                             
ffffffff  __c_args__                            
ffffffff  binit                                 
UNDEFED   SHT$$INIT_ARRAY$$Base                 
UNDEFED   SHT$$INIT_ARRAY$$Limit                
UNDEFED   _system_post_cinit                    

[408 symbols]
