******************************************************************************
                  TI ARM Linker Unix v18.1.4                   
******************************************************************************
>> Linked Fri Apr 26 06:45:13 2019

OUTPUT FILE NAME:   <LAUNCHPAD_LCD_4BIT.out>
ENTRY POINT SYMBOL: "_c_int00"  address: 00006134


MEMORY CONFIGURATION

         name            origin    length      used     unused   attr    fill
----------------------  --------  ---------  --------  --------  ----  --------
  VECTORS               00000000   00000020  00000020  00000000     X
  FLASH0                00000020   001fffe0  000077e9  001f87f7  R  X
  FLASH1                00200000   00200000  00000000  00200000  R  X
  STACKS                08000000   00001500  00000000  00001500  RW  
  RAM                   08001500   0007eb00  00000bb4  0007df4c  RW  


SEGMENT ALLOCATION MAP

run origin  load origin   length   init length attrs members
----------  ----------- ---------- ----------- ----- -------
00000000    00000000    00007470   00007470    r-x
  00000000    00000000    00000020   00000020    r-x .intvecs
  00000020    00000020    00007450   00007450    r-x .text
00007480    00007480    00000301   00000301    r--
  00007480    00007480    00000301   00000301    r-- .const
000077a0    000077a0    00000098   00000098    r--
  000077a0    000077a0    00000098   00000098    r-- .cinit
08001500    08001500    00000bb4   00000000    rw-
  08001500    08001500    00000800   00000000    rw- .sysmem
  08001d00    08001d00    000001ec   00000000    rw- .data
  08001eec    08001eec    000001c8   00000000    rw- .bss


SECTION ALLOCATION MAP

 output                                  attributes/
section   page    origin      length       input sections
--------  ----  ----------  ----------   ----------------
.intvecs   0    00000000    00000020     
                  00000000    00000020     HL_sys_intvecs.obj (.intvecs)

.text      0    00000020    00007450     
                  00000020    00000f9c     rtsv7R4_A_be_v3D16_eabi.lib : _printfi.c.obj (.text:__TI_printfi)
                  00000fbc    000009c0     HL_pinmux.obj (.text)
                  0000197c    0000095c     HL_system.obj (.text)
                  000022d8    00000938     HL_sys_vim.obj (.text)
                  00002c10    0000078c     HL_esm.obj (.text)
                  0000339c    00000744     HL_sys_main.obj (.text)
                  00003ae0    00000484     HL_gio.obj (.text)
                  00003f64    000003c4     HL_sys_core.obj (.text)
                  00004328    0000036c     HL_sys_mpu.obj (.text)
                  00004694    0000033c     HL_sys_vim.obj (.text:retain)
                  000049d0    000002dc     rtsv7R4_A_be_v3D16_eabi.lib : _printfi.c.obj (.text:_pconv_a)
                  00004cac    000002b8                                 : ull_div32.asm.obj (.text)
                  00004f64    00000248                                 : _printfi.c.obj (.text:_pconv_g)
                  000051ac    000001a4                                 : fputs.c.obj (.text:fputs)
                  00005350    00000180                                 : memcpy32.asm.obj (.text)
                  000054d0    00000178     HL_esm.obj (.text:retain)
                  00005648    0000016c     rtsv7R4_A_be_v3D16_eabi.lib : memory.c.obj (.text:free)
                  000057b4    0000015c                                 : _printfi.c.obj (.text:_pconv_e)
                  00005910    00000158                                 : setvbuf.c.obj (.text:setvbuf)
                  00005a68    00000144                                 : _printfi.c.obj (.text:fcvt)
                  00005bac    00000120                                 : s_scalbn.c.obj (.text:scalbn)
                  00005ccc    00000115                                 : _printfi.c.obj (.text:_ltostr)
                  00005de1    00000003     --HOLE-- [fill = 0]
                  00005de4    00000100                                 : fputc.c.obj (.text:fputc)
                  00005ee4    000000d0                                 : memory.c.obj (.text:malloc)
                  00005fb4    000000c8                                 : _printfi.c.obj (.text:_mcpy)
                  0000607c    000000b8                                 : fclose.c.obj (.text:__TI_closefile)
                  00006134    000000b4     HL_sys_startup.obj (.text:retain)
                  000061e8    000000b0     rtsv7R4_A_be_v3D16_eabi.lib : memset32.asm.obj (.text)
                  00006298    000000ac                                 : hostlseek.c.obj (.text:HOSTlseek)
                  00006344    000000a8                                 : fseek.c.obj (.text:fseek)
                  000063ec    000000a4                                 : hostrename.c.obj (.text:HOSTrename)
                  00006490    000000a0                                 : _io_perm.c.obj (.text:__TI_wrt_ok)
                  00006530    0000009c                                 : printf.c.obj (.text:printf)
                  000065cc    00000098                                 : hostopen.c.obj (.text:HOSTopen)
                  00006664    00000098                                 : _printfi.c.obj (.text:_ecpy)
                  000066fc    00000098                                 : close.c.obj (.text:close)
                  00006794    00000090                                 : hostread.c.obj (.text:HOSTread)
                  00006824    00000090                                 : hostwrite.c.obj (.text:HOSTwrite)
                  000068b4    00000090                                 : copy_decompress_lzss.c.obj (.text:decompress:lzss:__TI_decompress_lzss)
                  00006944    0000008c                                 : s_frexp.c.obj (.text:frexp)
                  000069d0    00000084                                 : fflush.c.obj (.text:__TI_doflush)
                  00006a54    00000084                                 : atoi.c.obj (.text:atoi)
                  00006ad8    00000080                                 : ltoa.c.obj (.text:ltoa)
                  00006b58    0000007c                                 : exit.c.obj (.text:exit)
                  00006bd4    00000074     HL_notification.obj (.text)
                  00006c48    00000074     rtsv7R4_A_be_v3D16_eabi.lib : hostclose.c.obj (.text:HOSTclose)
                  00006cbc    00000074                                 : _printfi.c.obj (.text:_pconv_f)
                  00006d30    00000070                                 : hostunlink.c.obj (.text:HOSTunlink)
                  00006da0    0000006c                                 : getdevice.c.obj (.text:getdevice)
                  00006e0c    0000006c                                 : memory.c.obj (.text:minsert)
                  00006e78    00000068                                 : autoinit.c.obj (.text:__TI_auto_init_nobinit_nopinit:__TI_auto_init_nobinit_nopinit)
                  00006ee0    00000064                                 : _printfi.c.obj (.text:_fcpy)
                  00006f44    0000005c                                 : memory.c.obj (.text:minit)
                  00006fa0    00000054                                 : fopen.c.obj (.text:__TI_cleanup)
                  00006ff4    00000054                                 : trgmsg.c.obj (.text:__TI_readmsg)
                  00007048    00000054                                 : trgmsg.c.obj (.text:__TI_writemsg)
                  0000709c    00000054                                 : getdevice.c.obj (.text:finddevice)
                  000070f0    00000054                                 : i_div32.asm.obj (.text)
                  00007144    00000050                                 : u_div32.asm.obj (.text)
                  00007194    00000048                                 : memory.c.obj (.text:mremove)
                  000071dc    00000048                                 : strncpy.c.obj (.text:strncpy)
                  00007224    00000048                                 : unlink.c.obj (.text:unlink)
                  0000726c    00000044                                 : lseek.c.obj (.text:lseek)
                  000072b0    00000044                                 : write.c.obj (.text:write)
                  000072f4    0000002c                                 : memccpy.c.obj (.text:memccpy)
                  00007320    0000002c                                 : memchr.c.obj (.text:memchr)
                  0000734c    00000028                                 : strchr.c.obj (.text:strchr)
                  00007374    00000028                                 : strcmp.c.obj (.text:strcmp)
                  0000739c    00000024                                 : wcslen.c.obj (.text:wcslen)
                  000073c0    00000020                                 : copy_zero_init.c.obj (.text:decompress:ZI:__TI_zero_init_nomemset:__TI_zero_init_nomemset)
                  000073e0    00000020                                 : strlen.c.obj (.text:strlen)
                  00007400    0000001c                                 : s_copysign.c.obj (.text:copysign)
                  0000741c    00000018                                 : strcpy.c.obj (.text:strcpy)
                  00007434    00000014                                 : copy_decompress_none.c.obj (.text:decompress:none:__TI_decompress_none)
                  00007448    0000000c                                 : errno.c.obj (.text:__aeabi_errno_addr)
                  00007454    00000008                                 : exit.c.obj (.text:abort:abort)
                  0000745c    00000004                                 : _lock.c.obj (.text:_nop)
                  00007460    00000004                                 : printf.c.obj (.text:_outc)
                  00007464    00000004                                 : printf.c.obj (.text:_outs)
                  00007468    00000004     HL_sys_phantom.obj (.text:retain)
                  0000746c    00000004     rtsv7R4_A_be_v3D16_eabi.lib : div0.asm.obj (.text)

.const     0    00007480    00000301     
                  00007480    00000200     HL_sys_vim.obj (.const:s_vim_init)
                  00007680    00000101     rtsv7R4_A_be_v3D16_eabi.lib : ctype.c.obj (.const:.string:_ctypes_)

.cinit     0    000077a0    00000098     
                  000077a0    0000006d     (.cinit..data.load) [load image, compression = lzss]
                  0000780d    00000003     --HOLE-- [fill = 0]
                  00007810    0000000c     (__TI_handler_table)
                  0000781c    00000004     --HOLE-- [fill = 0]
                  00007820    00000008     (.cinit..bss.load) [load image, compression = zero_init]
                  00007828    00000010     (__TI_cinit_table)

.sysmem    0    08001500    00000800     UNINITIALIZED
                  08001500    00000008     rtsv7R4_A_be_v3D16_eabi.lib : memory.c.obj (.sysmem)
                  08001508    000007f8     --HOLE--

.data      0    08001d00    000001ec     UNINITIALIZED
                  08001d00    000000f0     rtsv7R4_A_be_v3D16_eabi.lib : defs.c.obj (.data:_ftable)
                  08001df0    00000078                                 : write.c.obj (.data:_device)
                  08001e68    00000050                                 : write.c.obj (.data:_stream)
                  08001eb8    00000010                                 : defs.c.obj (.data)
                  08001ec8    0000000c                                 : exit.c.obj (.data:$O1$$)
                  08001ed4    0000000c                                 : memory.c.obj (.data:$O1$$)
                  08001ee0    00000008                                 : _lock.c.obj (.data:$O1$$)
                  08001ee8    00000004                                 : errno.c.obj (.data)

.bss       0    08001eec    000001c8     UNINITIALIZED
                  08001eec    00000120     rtsv7R4_A_be_v3D16_eabi.lib : trgmsg.c.obj (.bss:_CIOBUF_)
                  0800200c    000000a0     (.common:__TI_tmpnams)
                  080020ac    00000008     (.common:parmbuf)

MODULE SUMMARY

       Module                       code    ro data   rw data
       ------                       ----    -------   -------
    ./source/
       HL_sys_vim.obj               3188    512       0      
       HL_pinmux.obj                2496    0         0      
       HL_system.obj                2396    0         0      
       HL_esm.obj                   2308    0         0      
       HL_sys_main.obj              1860    0         0      
       HL_gio.obj                   1156    0         0      
       HL_sys_core.obj              964     0         0      
       HL_sys_mpu.obj               876     0         0      
       HL_sys_startup.obj           180     0         0      
       HL_notification.obj          116     0         0      
       HL_sys_intvecs.obj           32      0         0      
       HL_sys_phantom.obj           4       0         0      
    +--+----------------------------+-------+---------+---------+
       Total:                       15576   512       0      
                                                             
    /home/koitt/ti/ccsv8/tools/compiler/ti-cgt-arm_18.1.4.LTS/lib/rtsv7R4_A_be_v3D16_eabi.lib
       _printfi.c.obj               6829    0         0      
       memory.c.obj                 844     0         12     
       ull_div32.asm.obj            696     0         0      
       trgmsg.c.obj                 168     0         288    
       fputs.c.obj                  420     0         0      
       defs.c.obj                   0       0         416    
       memcpy32.asm.obj             384     0         0      
       setvbuf.c.obj                344     0         0      
       s_scalbn.c.obj               288     0         0      
       write.c.obj                  68      0         200    
       ctype.c.obj                  0       257       0      
       fputc.c.obj                  256     0         0      
       getdevice.c.obj              192     0         0      
       fclose.c.obj                 184     0         0      
       memset32.asm.obj             176     0         0      
       hostlseek.c.obj              172     0         0      
       fseek.c.obj                  168     0         0      
       hostrename.c.obj             164     0         0      
       printf.c.obj                 164     0         0      
       _io_perm.c.obj               160     0         0      
       hostopen.c.obj               152     0         8      
       close.c.obj                  152     0         0      
       copy_decompress_lzss.c.obj   144     0         0      
       exit.c.obj                   132     0         12     
       hostread.c.obj               144     0         0      
       hostwrite.c.obj              144     0         0      
       s_frexp.c.obj                140     0         0      
       atoi.c.obj                   132     0         0      
       fflush.c.obj                 132     0         0      
       ltoa.c.obj                   128     0         0      
       hostclose.c.obj              116     0         0      
       hostunlink.c.obj             112     0         0      
       autoinit.c.obj               104     0         0      
       fopen.c.obj                  84      0         0      
       i_div32.asm.obj              84      0         0      
       u_div32.asm.obj              80      0         0      
       strncpy.c.obj                72      0         0      
       unlink.c.obj                 72      0         0      
       lseek.c.obj                  68      0         0      
       memccpy.c.obj                44      0         0      
       memchr.c.obj                 44      0         0      
       strchr.c.obj                 40      0         0      
       strcmp.c.obj                 40      0         0      
       wcslen.c.obj                 36      0         0      
       copy_zero_init.c.obj         32      0         0      
       strlen.c.obj                 32      0         0      
       s_copysign.c.obj             28      0         0      
       strcpy.c.obj                 24      0         0      
       copy_decompress_none.c.obj   20      0         0      
       errno.c.obj                  12      0         4      
       _lock.c.obj                  4       0         8      
       div0.asm.obj                 4       0         0      
    +--+----------------------------+-------+---------+---------+
       Total:                       14229   257       948    
                                                             
       Heap:                        0       0         2048   
       Linker Generated:            0       145       0      
    +--+----------------------------+-------+---------+---------+
       Grand Total:                 29805   914       2996   


LINKER GENERATED COPY TABLES

__TI_cinit_table @ 00007828 records: 2, size/record: 8, table size: 16
	.data: load addr=000077a0, load size=0000006d bytes, run addr=08001d00, run size=000001ec bytes, compression=lzss
	.bss: load addr=00007820, load size=00000008 bytes, run addr=08001eec, run size=000001c8 bytes, compression=zero_init


LINKER GENERATED HANDLER TABLE

__TI_handler_table @ 00007810 records: 3, size/record: 4, table size: 12
	index: 0, handler: __TI_zero_init
	index: 1, handler: __TI_decompress_lzss
	index: 2, handler: __TI_decompress_none


GLOBAL SYMBOLS: SORTED ALPHABETICALLY BY Name 

address   name                                
-------   ----                                
00007454  C$$EXIT                             
00007090  C$$IO$$                             
00006c48  HOSTclose                           
00006298  HOSTlseek                           
000065cc  HOSTopen                            
00006794  HOSTread                            
000063ec  HOSTrename                          
00006d30  HOSTunlink                          
00006824  HOSTwrite                           
UNDEFED   SHT$$INIT_ARRAY$$Base               
UNDEFED   SHT$$INIT_ARRAY$$Limit              
08001eec  __CIOBUF_                           
00000800  __SYSMEM_SIZE                       
00007828  __TI_CINIT_Base                     
00007838  __TI_CINIT_Limit                    
00007810  __TI_Handler_Table_Base             
0000781c  __TI_Handler_Table_Limit            
00004320  __TI_PINIT_Base                     
00004324  __TI_PINIT_Limit                    
00006e78  __TI_auto_init_nobinit_nopinit      
00006fa0  __TI_cleanup                        
08001ec8  __TI_cleanup_ptr                    
0000607c  __TI_closefile                      
000068b4  __TI_decompress_lzss                
00007434  __TI_decompress_none                
000069d0  __TI_doflush                        
08001ecc  __TI_dtors_ptr                      
08001ed0  __TI_enable_exit_profile_output     
08001eb8  __TI_ft_end                         
ffffffff  __TI_pprof_out_hndl                 
00000020  __TI_printfi                        
ffffffff  __TI_prof_data_size                 
ffffffff  __TI_prof_data_start                
00006ff4  __TI_readmsg                        
00000000  __TI_static_base__                  
0800200c  __TI_tmpnams                        
00007048  __TI_writemsg                       
00006490  __TI_wrt_ok                         
000073c0  __TI_zero_init_nomemset             
00007448  __aeabi_errno_addr                  
000070f0  __aeabi_idiv                        
0000746c  __aeabi_idiv0                       
000070f0  __aeabi_idivmod                     
0000746c  __aeabi_ldiv0                       
000061e8  __aeabi_memclr                      
000061e8  __aeabi_memclr4                     
000061e8  __aeabi_memclr8                     
00005350  __aeabi_memcpy                      
00005350  __aeabi_memcpy4                     
00005350  __aeabi_memcpy8                     
000061ec  __aeabi_memset                      
000061ec  __aeabi_memset4                     
000061ec  __aeabi_memset8                     
08001ec4  __aeabi_stderr                      
08001ebc  __aeabi_stdin                       
08001ec0  __aeabi_stdout                      
00007144  __aeabi_uidiv                       
00007144  __aeabi_uidivmod                    
00004cac  __aeabi_uldivmod                    
ffffffff  __binit__                           
ffffffff  __c_args__                          
00006134  _c_int00                            
000042d4  _cacheDisable_                      
00004290  _cacheEnable_                       
00004270  _checkMemInitOn_                    
0000417c  _coreClearAuxiliaryDataFault_       
00004190  _coreClearAuxiliaryInstructionFault_
00004154  _coreClearDataFaultAddress_         
0000412c  _coreClearDataFault_                
00004168  _coreClearInstructionFaultAddress_  
00004140  _coreClearInstructionFault_         
00004104  _coreDisableEventBusExport_         
000040f4  _coreEnableEventBusExport_          
00004114  _coreEnableIrqVicOffset_            
000040dc  _coreEnableVfp_                     
00004174  _coreGetAuxiliaryDataFault_         
00004188  _coreGetAuxiliaryInstructionFault_  
0000414c  _coreGetDataFaultAddress_           
00004124  _coreGetDataFault_                  
00004160  _coreGetInstructionFaultAddress_    
00004138  _coreGetInstructionFault_           
00003f64  _coreInitRegisters_                 
00004070  _coreInitStackPointer_              
00007680  _ctypes_                            
000042f8  _dCacheInvalidate_                  
08001df0  _device                             
0000419c  _disable_IRQ_interrupt_             
000041a4  _enable_IRQ_interrupt_              
000041ac  _enable_interrupt_                  
000041b4  _esmCcmErrorsClear_                 
08001d00  _ftable                             
000040bc  _getCPSRValue_                      
000040c4  _gotoCPUIdle_                       
0000430c  _iCacheInvalidate_                  
08001ee0  _lock                               
0000423c  _memInit_                           
0000463c  _mpuAreRegionsSeparate_             
00004620  _mpuDisableBackgroundRegion_        
000045f8  _mpuDisable_                        
00004610  _mpuEnableBackgroundRegion_         
000045e0  _mpuEnable_                         
00004630  _mpuGetNumberOfRegions_             
00004660  _mpuGetRegionBaseAddress_           
00004680  _mpuGetRegionPermission_            
00004674  _mpuGetRegionType_                  
00004650  _mpuGetRegion_                      
00004328  _mpuInit_                           
00004658  _mpuSetRegionBaseAddress_           
0000468c  _mpuSetRegionSizeRegister_          
00004668  _mpuSetRegionTypeAndPermission_     
00004648  _mpuSetRegion_                      
0000745c  _nop                                
08001e68  _stream                             
08001500  _sys_memory                         
UNDEFED   _system_post_cinit                  
08001ee4  _unlock                             
00007454  abort                               
00006a54  atoi                                
ffffffff  binit                               
000066fc  close                               
00007400  copysign                            
00007400  copysignl                           
000033e4  delay_ms                            
0000339c  delay_us                            
00006c0c  dmaGroupANotification               
00006c34  epcCAMFullNotification              
00006c38  epcFIFOFullNotification             
08001ee8  errno                               
00002e20  esmActivateNormalOperation          
00002f6c  esmClearStatus                      
00002fd0  esmClearStatusBuffer                
00002fac  esmClearStatusUpper                 
00002dcc  esmDisableError                     
00002df4  esmDisableErrorUpper                
00002e74  esmDisableInterrupt                 
00002e9c  esmDisableInterruptUpper            
00002d88  esmEnableError                      
00002db0  esmEnableErrorUpper                 
00002e30  esmEnableInterrupt                  
00002e58  esmEnableInterruptUpper             
00003100  esmEnterSelfTest                    
00002d6c  esmError                            
000031d8  esmGetConfigValue                   
0000300c  esmGetStatus                        
000030d8  esmGetStatusBuffer                  
00003090  esmGetStatusUpper                   
00006bd4  esmGroup1Notification               
00006be8  esmGroup2Notification               
00006bfc  esmGroup3Notification               
000054d0  esmHighInterrupt                    
00002c10  esmInit                             
00003188  esmSelfTestStatus                   
00002fec  esmSetCounterPreloadValue           
00002eb8  esmSetInterruptLevel                
00002f2c  esmSetInterruptLevelUpper           
00002e10  esmTriggerErrorPinReset             
00006b58  exit                                
0000709c  finddevice                          
00005de4  fputc                               
000051ac  fputs                               
00005648  free                                
00006944  frexp                               
00006944  frexpl                              
00006344  fseek                               
00001ce8  getResetSource                      
00006da0  getdevice                           
00003d40  gioDisableNotification              
00003cd8  gioEnableNotification               
00003c40  gioGetBit                           
00003da8  gioGetConfigValue                   
00003c68  gioGetPort                          
00003ae0  gioInit                             
00006c20  gioNotification                     
00003bd0  gioSetBit                           
00003bb0  gioSetDirection                     
00003c20  gioSetPort                          
00003c80  gioToggleBit                        
000034b8  lcd_char                            
000035c4  lcd_char_variable                   
000037a8  lcd_clear                           
0000342c  lcd_command                         
000037c8  lcd_init                            
000038bc  lcd_left_sh                         
00003894  lcd_right_sh                        
000036d0  lcd_string                          
00003730  lcd_string_xy                       
00005bac  ldexp                               
00005bac  ldexpl                              
0000726c  lseek                               
00006ad8  ltoa                                
000038e4  main                                
00005ee4  malloc                              
00001b18  mapClocks                           
000072f4  memccpy                             
00007320  memchr                              
00005350  memcpy                              
000061f8  memset                              
00006f44  minit                               
00000fbc  muxInit                             
080020ac  parmbuf                             
00001a64  periphInit                          
00007468  phantomInterrupt                    
00006530  printf                              
00005de4  putc                                
00007224  remove                              
00000000  resetEntry                          
00005bac  scalbn                              
00005bac  scalbnl                             
00001a24  setupFlash                          
0000197c  setupPLL                            
00005910  setvbuf                             
0000734c  strchr                              
00007374  strcmp                              
0000741c  strcpy                              
000073e0  strlen                              
000071dc  strncpy                             
00001e10  systemGetConfigValue                
00001c44  systemInit                          
00001cb8  systemPowerDown                     
000019dc  trimLPO                             
00007224  unlink                              
000023ac  vimChannelMap                       
00002618  vimDisableInterrupt                 
00004694  vimECCErrorHandler                  
00002450  vimEnableInterrupt                  
000026c4  vimGetConfigValue                   
000022d8  vimInit                             
0000739c  wcslen                              
000072b0  write                               


GLOBAL SYMBOLS: SORTED BY Symbol Address 

address   name                                
-------   ----                                
00000000  __TI_static_base__                  
00000000  resetEntry                          
00000020  __TI_printfi                        
00000800  __SYSMEM_SIZE                       
00000fbc  muxInit                             
0000197c  setupPLL                            
000019dc  trimLPO                             
00001a24  setupFlash                          
00001a64  periphInit                          
00001b18  mapClocks                           
00001c44  systemInit                          
00001cb8  systemPowerDown                     
00001ce8  getResetSource                      
00001e10  systemGetConfigValue                
000022d8  vimInit                             
000023ac  vimChannelMap                       
00002450  vimEnableInterrupt                  
00002618  vimDisableInterrupt                 
000026c4  vimGetConfigValue                   
00002c10  esmInit                             
00002d6c  esmError                            
00002d88  esmEnableError                      
00002db0  esmEnableErrorUpper                 
00002dcc  esmDisableError                     
00002df4  esmDisableErrorUpper                
00002e10  esmTriggerErrorPinReset             
00002e20  esmActivateNormalOperation          
00002e30  esmEnableInterrupt                  
00002e58  esmEnableInterruptUpper             
00002e74  esmDisableInterrupt                 
00002e9c  esmDisableInterruptUpper            
00002eb8  esmSetInterruptLevel                
00002f2c  esmSetInterruptLevelUpper           
00002f6c  esmClearStatus                      
00002fac  esmClearStatusUpper                 
00002fd0  esmClearStatusBuffer                
00002fec  esmSetCounterPreloadValue           
0000300c  esmGetStatus                        
00003090  esmGetStatusUpper                   
000030d8  esmGetStatusBuffer                  
00003100  esmEnterSelfTest                    
00003188  esmSelfTestStatus                   
000031d8  esmGetConfigValue                   
0000339c  delay_us                            
000033e4  delay_ms                            
0000342c  lcd_command                         
000034b8  lcd_char                            
000035c4  lcd_char_variable                   
000036d0  lcd_string                          
00003730  lcd_string_xy                       
000037a8  lcd_clear                           
000037c8  lcd_init                            
00003894  lcd_right_sh                        
000038bc  lcd_left_sh                         
000038e4  main                                
00003ae0  gioInit                             
00003bb0  gioSetDirection                     
00003bd0  gioSetBit                           
00003c20  gioSetPort                          
00003c40  gioGetBit                           
00003c68  gioGetPort                          
00003c80  gioToggleBit                        
00003cd8  gioEnableNotification               
00003d40  gioDisableNotification              
00003da8  gioGetConfigValue                   
00003f64  _coreInitRegisters_                 
00004070  _coreInitStackPointer_              
000040bc  _getCPSRValue_                      
000040c4  _gotoCPUIdle_                       
000040dc  _coreEnableVfp_                     
000040f4  _coreEnableEventBusExport_          
00004104  _coreDisableEventBusExport_         
00004114  _coreEnableIrqVicOffset_            
00004124  _coreGetDataFault_                  
0000412c  _coreClearDataFault_                
00004138  _coreGetInstructionFault_           
00004140  _coreClearInstructionFault_         
0000414c  _coreGetDataFaultAddress_           
00004154  _coreClearDataFaultAddress_         
00004160  _coreGetInstructionFaultAddress_    
00004168  _coreClearInstructionFaultAddress_  
00004174  _coreGetAuxiliaryDataFault_         
0000417c  _coreClearAuxiliaryDataFault_       
00004188  _coreGetAuxiliaryInstructionFault_  
00004190  _coreClearAuxiliaryInstructionFault_
0000419c  _disable_IRQ_interrupt_             
000041a4  _enable_IRQ_interrupt_              
000041ac  _enable_interrupt_                  
000041b4  _esmCcmErrorsClear_                 
0000423c  _memInit_                           
00004270  _checkMemInitOn_                    
00004290  _cacheEnable_                       
000042d4  _cacheDisable_                      
000042f8  _dCacheInvalidate_                  
0000430c  _iCacheInvalidate_                  
00004320  __TI_PINIT_Base                     
00004324  __TI_PINIT_Limit                    
00004328  _mpuInit_                           
000045e0  _mpuEnable_                         
000045f8  _mpuDisable_                        
00004610  _mpuEnableBackgroundRegion_         
00004620  _mpuDisableBackgroundRegion_        
00004630  _mpuGetNumberOfRegions_             
0000463c  _mpuAreRegionsSeparate_             
00004648  _mpuSetRegion_                      
00004650  _mpuGetRegion_                      
00004658  _mpuSetRegionBaseAddress_           
00004660  _mpuGetRegionBaseAddress_           
00004668  _mpuSetRegionTypeAndPermission_     
00004674  _mpuGetRegionType_                  
00004680  _mpuGetRegionPermission_            
0000468c  _mpuSetRegionSizeRegister_          
00004694  vimECCErrorHandler                  
00004cac  __aeabi_uldivmod                    
000051ac  fputs                               
00005350  __aeabi_memcpy                      
00005350  __aeabi_memcpy4                     
00005350  __aeabi_memcpy8                     
00005350  memcpy                              
000054d0  esmHighInterrupt                    
00005648  free                                
00005910  setvbuf                             
00005bac  ldexp                               
00005bac  ldexpl                              
00005bac  scalbn                              
00005bac  scalbnl                             
00005de4  fputc                               
00005de4  putc                                
00005ee4  malloc                              
0000607c  __TI_closefile                      
00006134  _c_int00                            
000061e8  __aeabi_memclr                      
000061e8  __aeabi_memclr4                     
000061e8  __aeabi_memclr8                     
000061ec  __aeabi_memset                      
000061ec  __aeabi_memset4                     
000061ec  __aeabi_memset8                     
000061f8  memset                              
00006298  HOSTlseek                           
00006344  fseek                               
000063ec  HOSTrename                          
00006490  __TI_wrt_ok                         
00006530  printf                              
000065cc  HOSTopen                            
000066fc  close                               
00006794  HOSTread                            
00006824  HOSTwrite                           
000068b4  __TI_decompress_lzss                
00006944  frexp                               
00006944  frexpl                              
000069d0  __TI_doflush                        
00006a54  atoi                                
00006ad8  ltoa                                
00006b58  exit                                
00006bd4  esmGroup1Notification               
00006be8  esmGroup2Notification               
00006bfc  esmGroup3Notification               
00006c0c  dmaGroupANotification               
00006c20  gioNotification                     
00006c34  epcCAMFullNotification              
00006c38  epcFIFOFullNotification             
00006c48  HOSTclose                           
00006d30  HOSTunlink                          
00006da0  getdevice                           
00006e78  __TI_auto_init_nobinit_nopinit      
00006f44  minit                               
00006fa0  __TI_cleanup                        
00006ff4  __TI_readmsg                        
00007048  __TI_writemsg                       
00007090  C$$IO$$                             
0000709c  finddevice                          
000070f0  __aeabi_idiv                        
000070f0  __aeabi_idivmod                     
00007144  __aeabi_uidiv                       
00007144  __aeabi_uidivmod                    
000071dc  strncpy                             
00007224  remove                              
00007224  unlink                              
0000726c  lseek                               
000072b0  write                               
000072f4  memccpy                             
00007320  memchr                              
0000734c  strchr                              
00007374  strcmp                              
0000739c  wcslen                              
000073c0  __TI_zero_init_nomemset             
000073e0  strlen                              
00007400  copysign                            
00007400  copysignl                           
0000741c  strcpy                              
00007434  __TI_decompress_none                
00007448  __aeabi_errno_addr                  
00007454  C$$EXIT                             
00007454  abort                               
0000745c  _nop                                
00007468  phantomInterrupt                    
0000746c  __aeabi_idiv0                       
0000746c  __aeabi_ldiv0                       
00007680  _ctypes_                            
00007810  __TI_Handler_Table_Base             
0000781c  __TI_Handler_Table_Limit            
00007828  __TI_CINIT_Base                     
00007838  __TI_CINIT_Limit                    
08001500  _sys_memory                         
08001d00  _ftable                             
08001df0  _device                             
08001e68  _stream                             
08001eb8  __TI_ft_end                         
08001ebc  __aeabi_stdin                       
08001ec0  __aeabi_stdout                      
08001ec4  __aeabi_stderr                      
08001ec8  __TI_cleanup_ptr                    
08001ecc  __TI_dtors_ptr                      
08001ed0  __TI_enable_exit_profile_output     
08001ee0  _lock                               
08001ee4  _unlock                             
08001ee8  errno                               
08001eec  __CIOBUF_                           
0800200c  __TI_tmpnams                        
080020ac  parmbuf                             
ffffffff  __TI_pprof_out_hndl                 
ffffffff  __TI_prof_data_size                 
ffffffff  __TI_prof_data_start                
ffffffff  __binit__                           
ffffffff  __c_args__                          
ffffffff  binit                               
UNDEFED   SHT$$INIT_ARRAY$$Base               
UNDEFED   SHT$$INIT_ARRAY$$Limit              
UNDEFED   _system_post_cinit                  

[229 symbols]
