<?xml version="1.0" encoding="ISO-8859-1" ?>
<link_info>
   <banner>TI ARM Linker Unix v18.1.4.LTS</banner>
   <copyright>Copyright (c) 1996-2018 Texas Instruments Incorporated</copyright>
   <link_time>0x5d198c8a</link_time>
   <link_errors>0x0</link_errors>
   <output_file>FreeRTOS_F458.out</output_file>
   <entry_point>
      <name>_c_int00</name>
      <address>0x15540</address>
   </entry_point>
   <input_file_list>
      <input_file id="fl-2">
         <path>./source/</path>
         <kind>object</kind>
         <file>HL_can.obj</file>
         <name>HL_can.obj</name>
      </input_file>
      <input_file id="fl-3">
         <path>./source/</path>
         <kind>object</kind>
         <file>HL_ecap.obj</file>
         <name>HL_ecap.obj</name>
      </input_file>
      <input_file id="fl-4">
         <path>./source/</path>
         <kind>object</kind>
         <file>HL_epc.obj</file>
         <name>HL_epc.obj</name>
      </input_file>
      <input_file id="fl-5">
         <path>./source/</path>
         <kind>object</kind>
         <file>HL_eqep.obj</file>
         <name>HL_eqep.obj</name>
      </input_file>
      <input_file id="fl-6">
         <path>./source/</path>
         <kind>object</kind>
         <file>HL_errata.obj</file>
         <name>HL_errata.obj</name>
      </input_file>
      <input_file id="fl-7">
         <path>./source/</path>
         <kind>object</kind>
         <file>HL_errata_SSWF021_45.obj</file>
         <name>HL_errata_SSWF021_45.obj</name>
      </input_file>
      <input_file id="fl-8">
         <path>./source/</path>
         <kind>object</kind>
         <file>HL_esm.obj</file>
         <name>HL_esm.obj</name>
      </input_file>
      <input_file id="fl-9">
         <path>./source/</path>
         <kind>object</kind>
         <file>HL_etpwm.obj</file>
         <name>HL_etpwm.obj</name>
      </input_file>
      <input_file id="fl-a">
         <path>./source/</path>
         <kind>object</kind>
         <file>HL_gio.obj</file>
         <name>HL_gio.obj</name>
      </input_file>
      <input_file id="fl-b">
         <path>./source/</path>
         <kind>object</kind>
         <file>HL_nmpu.obj</file>
         <name>HL_nmpu.obj</name>
      </input_file>
      <input_file id="fl-c">
         <path>./source/</path>
         <kind>object</kind>
         <file>HL_notification.obj</file>
         <name>HL_notification.obj</name>
      </input_file>
      <input_file id="fl-d">
         <path>./source/</path>
         <kind>object</kind>
         <file>HL_pinmux.obj</file>
         <name>HL_pinmux.obj</name>
      </input_file>
      <input_file id="fl-e">
         <path>./source/</path>
         <kind>object</kind>
         <file>HL_sci.obj</file>
         <name>HL_sci.obj</name>
      </input_file>
      <input_file id="fl-f">
         <path>./source/</path>
         <kind>object</kind>
         <file>HL_sys_core.obj</file>
         <name>HL_sys_core.obj</name>
      </input_file>
      <input_file id="fl-10">
         <path>./source/</path>
         <kind>object</kind>
         <file>HL_sys_dma.obj</file>
         <name>HL_sys_dma.obj</name>
      </input_file>
      <input_file id="fl-11">
         <path>./source/</path>
         <kind>object</kind>
         <file>HL_sys_intvecs.obj</file>
         <name>HL_sys_intvecs.obj</name>
      </input_file>
      <input_file id="fl-12">
         <path>./source/</path>
         <kind>object</kind>
         <file>HL_sys_main.obj</file>
         <name>HL_sys_main.obj</name>
      </input_file>
      <input_file id="fl-13">
         <path>./source/</path>
         <kind>object</kind>
         <file>HL_sys_mpu.obj</file>
         <name>HL_sys_mpu.obj</name>
      </input_file>
      <input_file id="fl-14">
         <path>./source/</path>
         <kind>object</kind>
         <file>HL_sys_pcr.obj</file>
         <name>HL_sys_pcr.obj</name>
      </input_file>
      <input_file id="fl-15">
         <path>./source/</path>
         <kind>object</kind>
         <file>HL_sys_phantom.obj</file>
         <name>HL_sys_phantom.obj</name>
      </input_file>
      <input_file id="fl-16">
         <path>./source/</path>
         <kind>object</kind>
         <file>HL_sys_pmm.obj</file>
         <name>HL_sys_pmm.obj</name>
      </input_file>
      <input_file id="fl-17">
         <path>./source/</path>
         <kind>object</kind>
         <file>HL_sys_pmu.obj</file>
         <name>HL_sys_pmu.obj</name>
      </input_file>
      <input_file id="fl-18">
         <path>./source/</path>
         <kind>object</kind>
         <file>HL_sys_startup.obj</file>
         <name>HL_sys_startup.obj</name>
      </input_file>
      <input_file id="fl-19">
         <path>./source/</path>
         <kind>object</kind>
         <file>HL_sys_vim.obj</file>
         <name>HL_sys_vim.obj</name>
      </input_file>
      <input_file id="fl-1a">
         <path>./source/</path>
         <kind>object</kind>
         <file>HL_system.obj</file>
         <name>HL_system.obj</name>
      </input_file>
      <input_file id="fl-1b">
         <path>./source/</path>
         <kind>object</kind>
         <file>os_croutine.obj</file>
         <name>os_croutine.obj</name>
      </input_file>
      <input_file id="fl-1c">
         <path>./source/</path>
         <kind>object</kind>
         <file>os_event_groups.obj</file>
         <name>os_event_groups.obj</name>
      </input_file>
      <input_file id="fl-1d">
         <path>./source/</path>
         <kind>object</kind>
         <file>os_heap.obj</file>
         <name>os_heap.obj</name>
      </input_file>
      <input_file id="fl-1e">
         <path>./source/</path>
         <kind>object</kind>
         <file>os_list.obj</file>
         <name>os_list.obj</name>
      </input_file>
      <input_file id="fl-1f">
         <path>./source/</path>
         <kind>object</kind>
         <file>os_mpu_wrappers.obj</file>
         <name>os_mpu_wrappers.obj</name>
      </input_file>
      <input_file id="fl-20">
         <path>./source/</path>
         <kind>object</kind>
         <file>os_port.obj</file>
         <name>os_port.obj</name>
      </input_file>
      <input_file id="fl-21">
         <path>./source/</path>
         <kind>object</kind>
         <file>os_portasm.obj</file>
         <name>os_portasm.obj</name>
      </input_file>
      <input_file id="fl-22">
         <path>./source/</path>
         <kind>object</kind>
         <file>os_queue.obj</file>
         <name>os_queue.obj</name>
      </input_file>
      <input_file id="fl-23">
         <path>./source/</path>
         <kind>object</kind>
         <file>os_tasks.obj</file>
         <name>os_tasks.obj</name>
      </input_file>
      <input_file id="fl-24">
         <path>./source/</path>
         <kind>object</kind>
         <file>os_timer.obj</file>
         <name>os_timer.obj</name>
      </input_file>
      <input_file id="fl-28">
         <kind>object</kind>
         <file>&lt;internal&gt;</file>
         <name>&lt;internal&gt;</name>
      </input_file>
      <input_file id="fl-de">
         <path>/home/khs/ti/ccsv8/tools/compiler/ti-cgt-arm_18.1.4.LTS/lib/</path>
         <kind>archive</kind>
         <file>rtsv7R4_A_be_v3D16_eabi.lib</file>
         <name>s_floor.c.obj</name>
      </input_file>
      <input_file id="fl-df">
         <path>/home/khs/ti/ccsv8/tools/compiler/ti-cgt-arm_18.1.4.LTS/lib/</path>
         <kind>archive</kind>
         <file>rtsv7R4_A_be_v3D16_eabi.lib</file>
         <name>memcpy32.asm.obj</name>
      </input_file>
      <input_file id="fl-e0">
         <path>/home/khs/ti/ccsv8/tools/compiler/ti-cgt-arm_18.1.4.LTS/lib/</path>
         <kind>archive</kind>
         <file>rtsv7R4_A_be_v3D16_eabi.lib</file>
         <name>memset32.asm.obj</name>
      </input_file>
      <input_file id="fl-e1">
         <path>/home/khs/ti/ccsv8/tools/compiler/ti-cgt-arm_18.1.4.LTS/lib/</path>
         <kind>archive</kind>
         <file>rtsv7R4_A_be_v3D16_eabi.lib</file>
         <name>autoinit.c.obj</name>
      </input_file>
      <input_file id="fl-e2">
         <path>/home/khs/ti/ccsv8/tools/compiler/ti-cgt-arm_18.1.4.LTS/lib/</path>
         <kind>archive</kind>
         <file>rtsv7R4_A_be_v3D16_eabi.lib</file>
         <name>cpy_tbl.c.obj</name>
      </input_file>
      <input_file id="fl-e3">
         <path>/home/khs/ti/ccsv8/tools/compiler/ti-cgt-arm_18.1.4.LTS/lib/</path>
         <kind>archive</kind>
         <file>rtsv7R4_A_be_v3D16_eabi.lib</file>
         <name>copy_zero_init.c.obj</name>
      </input_file>
      <input_file id="fl-e4">
         <path>/home/khs/ti/ccsv8/tools/compiler/ti-cgt-arm_18.1.4.LTS/lib/</path>
         <kind>archive</kind>
         <file>rtsv7R4_A_be_v3D16_eabi.lib</file>
         <name>copy_decompress_none.c.obj</name>
      </input_file>
      <input_file id="fl-e5">
         <path>/home/khs/ti/ccsv8/tools/compiler/ti-cgt-arm_18.1.4.LTS/lib/</path>
         <kind>archive</kind>
         <file>rtsv7R4_A_be_v3D16_eabi.lib</file>
         <name>copy_decompress_lzss.c.obj</name>
      </input_file>
      <input_file id="fl-e6">
         <path>/home/khs/ti/ccsv8/tools/compiler/ti-cgt-arm_18.1.4.LTS/lib/</path>
         <kind>archive</kind>
         <file>rtsv7R4_A_be_v3D16_eabi.lib</file>
         <name>exit.c.obj</name>
      </input_file>
      <input_file id="fl-e7">
         <path>/home/khs/ti/ccsv8/tools/compiler/ti-cgt-arm_18.1.4.LTS/lib/</path>
         <kind>archive</kind>
         <file>rtsv7R4_A_be_v3D16_eabi.lib</file>
         <name>_lock.c.obj</name>
      </input_file>
      <input_file id="fl-e8">
         <path>/home/khs/ti/ccsv8/tools/compiler/ti-cgt-arm_18.1.4.LTS/lib/</path>
         <kind>archive</kind>
         <file>rtsv7R4_A_be_v3D16_eabi.lib</file>
         <name>sprintf.c.obj</name>
      </input_file>
      <input_file id="fl-e9">
         <path>/home/khs/ti/ccsv8/tools/compiler/ti-cgt-arm_18.1.4.LTS/lib/</path>
         <kind>archive</kind>
         <file>rtsv7R4_A_be_v3D16_eabi.lib</file>
         <name>strlen.c.obj</name>
      </input_file>
      <input_file id="fl-ea">
         <path>/home/khs/ti/ccsv8/tools/compiler/ti-cgt-arm_18.1.4.LTS/lib/</path>
         <kind>archive</kind>
         <file>rtsv7R4_A_be_v3D16_eabi.lib</file>
         <name>_printfi.c.obj</name>
      </input_file>
      <input_file id="fl-eb">
         <path>/home/khs/ti/ccsv8/tools/compiler/ti-cgt-arm_18.1.4.LTS/lib/</path>
         <kind>archive</kind>
         <file>rtsv7R4_A_be_v3D16_eabi.lib</file>
         <name>atoi.c.obj</name>
      </input_file>
      <input_file id="fl-ec">
         <path>/home/khs/ti/ccsv8/tools/compiler/ti-cgt-arm_18.1.4.LTS/lib/</path>
         <kind>archive</kind>
         <file>rtsv7R4_A_be_v3D16_eabi.lib</file>
         <name>ctype.c.obj</name>
      </input_file>
      <input_file id="fl-ed">
         <path>/home/khs/ti/ccsv8/tools/compiler/ti-cgt-arm_18.1.4.LTS/lib/</path>
         <kind>archive</kind>
         <file>rtsv7R4_A_be_v3D16_eabi.lib</file>
         <name>ltoa.c.obj</name>
      </input_file>
      <input_file id="fl-ee">
         <path>/home/khs/ti/ccsv8/tools/compiler/ti-cgt-arm_18.1.4.LTS/lib/</path>
         <kind>archive</kind>
         <file>rtsv7R4_A_be_v3D16_eabi.lib</file>
         <name>memccpy.c.obj</name>
      </input_file>
      <input_file id="fl-ef">
         <path>/home/khs/ti/ccsv8/tools/compiler/ti-cgt-arm_18.1.4.LTS/lib/</path>
         <kind>archive</kind>
         <file>rtsv7R4_A_be_v3D16_eabi.lib</file>
         <name>strchr.c.obj</name>
      </input_file>
      <input_file id="fl-f0">
         <path>/home/khs/ti/ccsv8/tools/compiler/ti-cgt-arm_18.1.4.LTS/lib/</path>
         <kind>archive</kind>
         <file>rtsv7R4_A_be_v3D16_eabi.lib</file>
         <name>errno.c.obj</name>
      </input_file>
      <input_file id="fl-f1">
         <path>/home/khs/ti/ccsv8/tools/compiler/ti-cgt-arm_18.1.4.LTS/lib/</path>
         <kind>archive</kind>
         <file>rtsv7R4_A_be_v3D16_eabi.lib</file>
         <name>s_frexp.c.obj</name>
      </input_file>
      <input_file id="fl-f2">
         <path>/home/khs/ti/ccsv8/tools/compiler/ti-cgt-arm_18.1.4.LTS/lib/</path>
         <kind>archive</kind>
         <file>rtsv7R4_A_be_v3D16_eabi.lib</file>
         <name>s_scalbn.c.obj</name>
      </input_file>
      <input_file id="fl-f3">
         <path>/home/khs/ti/ccsv8/tools/compiler/ti-cgt-arm_18.1.4.LTS/lib/</path>
         <kind>archive</kind>
         <file>rtsv7R4_A_be_v3D16_eabi.lib</file>
         <name>wcslen.c.obj</name>
      </input_file>
      <input_file id="fl-f4">
         <path>/home/khs/ti/ccsv8/tools/compiler/ti-cgt-arm_18.1.4.LTS/lib/</path>
         <kind>archive</kind>
         <file>rtsv7R4_A_be_v3D16_eabi.lib</file>
         <name>i_div32.asm.obj</name>
      </input_file>
      <input_file id="fl-f5">
         <path>/home/khs/ti/ccsv8/tools/compiler/ti-cgt-arm_18.1.4.LTS/lib/</path>
         <kind>archive</kind>
         <file>rtsv7R4_A_be_v3D16_eabi.lib</file>
         <name>u_div32.asm.obj</name>
      </input_file>
      <input_file id="fl-f6">
         <path>/home/khs/ti/ccsv8/tools/compiler/ti-cgt-arm_18.1.4.LTS/lib/</path>
         <kind>archive</kind>
         <file>rtsv7R4_A_be_v3D16_eabi.lib</file>
         <name>ull_div32.asm.obj</name>
      </input_file>
      <input_file id="fl-f7">
         <path>/home/khs/ti/ccsv8/tools/compiler/ti-cgt-arm_18.1.4.LTS/lib/</path>
         <kind>archive</kind>
         <file>rtsv7R4_A_be_v3D16_eabi.lib</file>
         <name>s_copysign.c.obj</name>
      </input_file>
      <input_file id="fl-f8">
         <path>/home/khs/ti/ccsv8/tools/compiler/ti-cgt-arm_18.1.4.LTS/lib/</path>
         <kind>archive</kind>
         <file>rtsv7R4_A_be_v3D16_eabi.lib</file>
         <name>div0.asm.obj</name>
      </input_file>
   </input_file_list>
   <object_component_list>
      <object_component id="oc-36">
         <name>.intvecs</name>
         <load_address>0x0</load_address>
         <run_address>0x0</run_address>
         <size>0x20</size>
         <input_file_ref idref="fl-11"/>
      </object_component>
      <object_component id="oc-139">
         <name>.kernelTEXT</name>
         <load_address>0x20</load_address>
         <run_address>0x20</run_address>
         <size>0x2bdc</size>
         <input_file_ref idref="fl-23"/>
      </object_component>
      <object_component id="oc-245">
         <name>.kernelTEXT</name>
         <load_address>0x2bfc</load_address>
         <run_address>0x2bfc</run_address>
         <size>0x11dc</size>
         <input_file_ref idref="fl-22"/>
      </object_component>
      <object_component id="oc-24b">
         <name>.kernelTEXT</name>
         <load_address>0x3dd8</load_address>
         <run_address>0x3dd8</run_address>
         <size>0x81c</size>
         <input_file_ref idref="fl-1c"/>
      </object_component>
      <object_component id="oc-ac">
         <name>.kernelTEXT</name>
         <load_address>0x45f4</load_address>
         <run_address>0x45f4</run_address>
         <size>0x4b0</size>
         <input_file_ref idref="fl-21"/>
      </object_component>
      <object_component id="oc-278">
         <name>.kernelTEXT</name>
         <load_address>0x4aa4</load_address>
         <run_address>0x4aa4</run_address>
         <size>0x3dc</size>
         <input_file_ref idref="fl-20"/>
      </object_component>
      <object_component id="oc-26c">
         <name>.kernelTEXT</name>
         <load_address>0x4e80</load_address>
         <run_address>0x4e80</run_address>
         <size>0x380</size>
         <input_file_ref idref="fl-1d"/>
      </object_component>
      <object_component id="oc-4da">
         <name>.cinit..data.load</name>
         <load_address>0x5200</load_address>
         <run_address>0x5200</run_address>
         <size>0x14</size>
      </object_component>
      <object_component id="oc-4d5">
         <name>__TI_handler_table</name>
         <load_address>0x5214</load_address>
         <run_address>0x5214</run_address>
         <size>0xc</size>
      </object_component>
      <object_component id="oc-4d7">
         <name>.cinit..kernelBSS.load</name>
         <load_address>0x5220</load_address>
         <run_address>0x5220</run_address>
         <size>0x9</size>
      </object_component>
      <object_component id="oc-4d9">
         <name>.cinit..bss.load</name>
         <load_address>0x5230</load_address>
         <run_address>0x5230</run_address>
         <size>0x8</size>
      </object_component>
      <object_component id="oc-4d8">
         <name>.cinit..kernelHEAP.load</name>
         <load_address>0x5238</load_address>
         <run_address>0x5238</run_address>
         <size>0x8</size>
      </object_component>
      <object_component id="oc-4d6">
         <name>__TI_cinit_table</name>
         <load_address>0x5240</load_address>
         <run_address>0x5240</run_address>
         <size>0x20</size>
      </object_component>
      <object_component id="oc-169">
         <name>.text</name>
         <load_address>0x8020</load_address>
         <run_address>0x8020</run_address>
         <size>0x2268</size>
         <input_file_ref idref="fl-9"/>
      </object_component>
      <object_component id="oc-99">
         <name>.text</name>
         <load_address>0xa288</load_address>
         <run_address>0xa288</run_address>
         <size>0x1464</size>
         <input_file_ref idref="fl-12"/>
      </object_component>
      <object_component id="oc-283">
         <name>.text:__TI_printfi</name>
         <load_address>0xb6ec</load_address>
         <run_address>0xb6ec</run_address>
         <size>0xf9c</size>
         <input_file_ref idref="fl-ea"/>
      </object_component>
      <object_component id="oc-157">
         <name>.text</name>
         <load_address>0xc688</load_address>
         <run_address>0xc688</run_address>
         <size>0xe00</size>
         <input_file_ref idref="fl-2"/>
      </object_component>
      <object_component id="oc-151">
         <name>.text</name>
         <load_address>0xd488</load_address>
         <run_address>0xd488</run_address>
         <size>0xc30</size>
         <input_file_ref idref="fl-5"/>
      </object_component>
      <object_component id="oc-e5">
         <name>.text</name>
         <load_address>0xe0b8</load_address>
         <run_address>0xe0b8</run_address>
         <size>0x9d8</size>
         <input_file_ref idref="fl-d"/>
      </object_component>
      <object_component id="oc-133">
         <name>.text</name>
         <load_address>0xea90</load_address>
         <run_address>0xea90</run_address>
         <size>0x9a0</size>
         <input_file_ref idref="fl-1f"/>
      </object_component>
      <object_component id="oc-75">
         <name>.text</name>
         <load_address>0xf430</load_address>
         <run_address>0xf430</run_address>
         <size>0x998</size>
         <input_file_ref idref="fl-1a"/>
      </object_component>
      <object_component id="oc-163">
         <name>.text</name>
         <load_address>0xfdc8</load_address>
         <run_address>0xfdc8</run_address>
         <size>0x93c</size>
         <input_file_ref idref="fl-3"/>
      </object_component>
      <object_component id="oc-42">
         <name>.text</name>
         <load_address>0x10704</load_address>
         <run_address>0x10704</run_address>
         <size>0x93c</size>
         <input_file_ref idref="fl-19"/>
      </object_component>
      <object_component id="oc-15d">
         <name>.text</name>
         <load_address>0x11040</load_address>
         <run_address>0x11040</run_address>
         <size>0x870</size>
         <input_file_ref idref="fl-e"/>
      </object_component>
      <object_component id="oc-8d">
         <name>.text</name>
         <load_address>0x118b0</load_address>
         <run_address>0x118b0</run_address>
         <size>0x78c</size>
         <input_file_ref idref="fl-8"/>
      </object_component>
      <object_component id="oc-7b">
         <name>.text</name>
         <load_address>0x1203c</load_address>
         <run_address>0x1203c</run_address>
         <size>0x664</size>
         <input_file_ref idref="fl-7"/>
      </object_component>
      <object_component id="oc-14b">
         <name>.text</name>
         <load_address>0x126a0</load_address>
         <run_address>0x126a0</run_address>
         <size>0x484</size>
         <input_file_ref idref="fl-a"/>
      </object_component>
      <object_component id="oc-70">
         <name>.text</name>
         <load_address>0x12b24</load_address>
         <run_address>0x12b24</run_address>
         <size>0x3c4</size>
         <input_file_ref idref="fl-f"/>
      </object_component>
      <object_component id="oc-93">
         <name>.text</name>
         <load_address>0x12ee8</load_address>
         <run_address>0x12ee8</run_address>
         <size>0x36c</size>
         <input_file_ref idref="fl-13"/>
      </object_component>
      <object_component id="oc-41">
         <name>.text:retain</name>
         <load_address>0x13254</load_address>
         <run_address>0x13254</run_address>
         <size>0x33c</size>
         <input_file_ref idref="fl-19"/>
      </object_component>
      <object_component id="oc-21">
         <name>.text:retain</name>
         <load_address>0x13590</load_address>
         <run_address>0x13590</run_address>
         <size>0x338</size>
         <input_file_ref idref="fl-2"/>
      </object_component>
      <object_component id="oc-2a">
         <name>.text:retain</name>
         <load_address>0x138c8</load_address>
         <run_address>0x138c8</run_address>
         <size>0x330</size>
         <input_file_ref idref="fl-3"/>
      </object_component>
      <object_component id="oc-368">
         <name>.text:_pconv_a</name>
         <load_address>0x13bf8</load_address>
         <run_address>0x13bf8</run_address>
         <size>0x2dc</size>
         <input_file_ref idref="fl-ea"/>
      </object_component>
      <object_component id="oc-3fb">
         <name>.text</name>
         <load_address>0x13ed4</load_address>
         <run_address>0x13ed4</run_address>
         <size>0x2b8</size>
         <input_file_ref idref="fl-f6"/>
      </object_component>
      <object_component id="oc-329">
         <name>.text</name>
         <load_address>0x1418c</load_address>
         <run_address>0x1418c</run_address>
         <size>0x278</size>
         <input_file_ref idref="fl-1d"/>
      </object_component>
      <object_component id="oc-356">
         <name>.text:_pconv_g</name>
         <load_address>0x14404</load_address>
         <run_address>0x14404</run_address>
         <size>0x248</size>
         <input_file_ref idref="fl-ea"/>
      </object_component>
      <object_component id="oc-272">
         <name>.text</name>
         <load_address>0x1464c</load_address>
         <run_address>0x1464c</run_address>
         <size>0x238</size>
         <input_file_ref idref="fl-1e"/>
      </object_component>
      <object_component id="oc-58">
         <name>.text</name>
         <load_address>0x14884</load_address>
         <run_address>0x14884</run_address>
         <size>0x180</size>
         <input_file_ref idref="fl-df"/>
      </object_component>
      <object_component id="oc-30">
         <name>.text:retain</name>
         <load_address>0x14a04</load_address>
         <run_address>0x14a04</run_address>
         <size>0x178</size>
         <input_file_ref idref="fl-8"/>
      </object_component>
      <object_component id="oc-23f">
         <name>.text</name>
         <load_address>0x14b7c</load_address>
         <run_address>0x14b7c</run_address>
         <size>0x164</size>
         <input_file_ref idref="fl-23"/>
      </object_component>
      <object_component id="oc-362">
         <name>.text:_pconv_e</name>
         <load_address>0x14ce0</load_address>
         <run_address>0x14ce0</run_address>
         <size>0x15c</size>
         <input_file_ref idref="fl-ea"/>
      </object_component>
      <object_component id="oc-419">
         <name>.text:fcvt</name>
         <load_address>0x14e3c</load_address>
         <run_address>0x14e3c</run_address>
         <size>0x144</size>
         <input_file_ref idref="fl-ea"/>
      </object_component>
      <object_component id="oc-2b0">
         <name>.text:floor</name>
         <load_address>0x14f80</load_address>
         <run_address>0x14f80</run_address>
         <size>0x13c</size>
         <input_file_ref idref="fl-de"/>
      </object_component>
      <object_component id="oc-339">
         <name>.text</name>
         <load_address>0x150bc</load_address>
         <run_address>0x150bc</run_address>
         <size>0x13c</size>
         <input_file_ref idref="fl-20"/>
      </object_component>
      <object_component id="oc-42d">
         <name>.text:scalbn</name>
         <load_address>0x151f8</load_address>
         <run_address>0x151f8</run_address>
         <size>0x120</size>
         <input_file_ref idref="fl-f2"/>
      </object_component>
      <object_component id="oc-350">
         <name>.text:_ltostr</name>
         <load_address>0x15318</load_address>
         <run_address>0x15318</run_address>
         <size>0x115</size>
         <input_file_ref idref="fl-ea"/>
      </object_component>
      <object_component id="oc-87">
         <name>.text</name>
         <load_address>0x15430</load_address>
         <run_address>0x15430</run_address>
         <size>0x110</size>
         <input_file_ref idref="fl-c"/>
      </object_component>
      <object_component id="oc-1b">
         <name>.text:retain</name>
         <load_address>0x15540</load_address>
         <run_address>0x15540</run_address>
         <size>0xd8</size>
         <input_file_ref idref="fl-18"/>
      </object_component>
      <object_component id="oc-412">
         <name>.text:_mcpy</name>
         <load_address>0x15618</load_address>
         <run_address>0x15618</run_address>
         <size>0xc8</size>
         <input_file_ref idref="fl-ea"/>
      </object_component>
      <object_component id="oc-de">
         <name>.text</name>
         <load_address>0x156e0</load_address>
         <run_address>0x156e0</run_address>
         <size>0xb0</size>
         <input_file_ref idref="fl-e0"/>
      </object_component>
      <object_component id="oc-40c">
         <name>.text:_ecpy</name>
         <load_address>0x15790</load_address>
         <run_address>0x15790</run_address>
         <size>0x98</size>
         <input_file_ref idref="fl-ea"/>
      </object_component>
      <object_component id="oc-e">
         <name>.text:decompress:lzss:__TI_decompress_lzss</name>
         <load_address>0x15828</load_address>
         <run_address>0x15828</run_address>
         <size>0x90</size>
         <input_file_ref idref="fl-e5"/>
      </object_component>
      <object_component id="oc-427">
         <name>.text:frexp</name>
         <load_address>0x158b8</load_address>
         <run_address>0x158b8</run_address>
         <size>0x8c</size>
         <input_file_ref idref="fl-f1"/>
      </object_component>
      <object_component id="oc-34a">
         <name>.text:atoi</name>
         <load_address>0x15944</load_address>
         <run_address>0x15944</run_address>
         <size>0x84</size>
         <input_file_ref idref="fl-eb"/>
      </object_component>
      <object_component id="oc-406">
         <name>.text:ltoa</name>
         <load_address>0x159c8</load_address>
         <run_address>0x159c8</run_address>
         <size>0x80</size>
         <input_file_ref idref="fl-ed"/>
      </object_component>
      <object_component id="oc-35c">
         <name>.text:_pconv_f</name>
         <load_address>0x15a48</load_address>
         <run_address>0x15a48</run_address>
         <size>0x74</size>
         <input_file_ref idref="fl-ea"/>
      </object_component>
      <object_component id="oc-103">
         <name>.text:__TI_auto_init_nobinit_nopinit:__TI_auto_init_nobinit_nopinit</name>
         <load_address>0x15abc</load_address>
         <run_address>0x15abc</run_address>
         <size>0x68</size>
         <input_file_ref idref="fl-e1"/>
      </object_component>
      <object_component id="oc-41f">
         <name>.text:_fcpy</name>
         <load_address>0x15b24</load_address>
         <run_address>0x15b24</run_address>
         <size>0x64</size>
         <input_file_ref idref="fl-ea"/>
      </object_component>
      <object_component id="oc-13f">
         <name>.text:sprintf</name>
         <load_address>0x15b88</load_address>
         <run_address>0x15b88</run_address>
         <size>0x64</size>
         <input_file_ref idref="fl-e8"/>
      </object_component>
      <object_component id="oc-471">
         <name>.text</name>
         <load_address>0x15bec</load_address>
         <run_address>0x15bec</run_address>
         <size>0x54</size>
         <input_file_ref idref="fl-f4"/>
      </object_component>
      <object_component id="oc-400">
         <name>.text</name>
         <load_address>0x15c40</load_address>
         <run_address>0x15c40</run_address>
         <size>0x50</size>
         <input_file_ref idref="fl-f5"/>
      </object_component>
      <object_component id="oc-289">
         <name>.text:_outs</name>
         <load_address>0x15c90</load_address>
         <run_address>0x15c90</run_address>
         <size>0x30</size>
         <input_file_ref idref="fl-e8"/>
      </object_component>
      <object_component id="oc-36e">
         <name>.text:memccpy</name>
         <load_address>0x15cc0</load_address>
         <run_address>0x15cc0</run_address>
         <size>0x2c</size>
         <input_file_ref idref="fl-ee"/>
      </object_component>
      <object_component id="oc-433">
         <name>.text:strchr</name>
         <load_address>0x15cec</load_address>
         <run_address>0x15cec</run_address>
         <size>0x28</size>
         <input_file_ref idref="fl-ef"/>
      </object_component>
      <object_component id="oc-374">
         <name>.text:wcslen</name>
         <load_address>0x15d14</load_address>
         <run_address>0x15d14</run_address>
         <size>0x24</size>
         <input_file_ref idref="fl-f3"/>
      </object_component>
      <object_component id="oc-145">
         <name>.text:strlen</name>
         <load_address>0x15d38</load_address>
         <run_address>0x15d38</run_address>
         <size>0x20</size>
         <input_file_ref idref="fl-e9"/>
      </object_component>
      <object_component id="oc-483">
         <name>.text:copysign</name>
         <load_address>0x15d58</load_address>
         <run_address>0x15d58</run_address>
         <size>0x1c</size>
         <input_file_ref idref="fl-f7"/>
      </object_component>
      <object_component id="oc-28f">
         <name>.text:_outc</name>
         <load_address>0x15d74</load_address>
         <run_address>0x15d74</run_address>
         <size>0x14</size>
         <input_file_ref idref="fl-e8"/>
      </object_component>
      <object_component id="oc-14">
         <name>.text:decompress:none:__TI_decompress_none</name>
         <load_address>0x15d88</load_address>
         <run_address>0x15d88</run_address>
         <size>0x14</size>
         <input_file_ref idref="fl-e4"/>
      </object_component>
      <object_component id="oc-6a">
         <name>.text:decompress:ZI:__TI_zero_init</name>
         <load_address>0x15d9c</load_address>
         <run_address>0x15d9c</run_address>
         <size>0x10</size>
         <input_file_ref idref="fl-e3"/>
      </object_component>
      <object_component id="oc-37a">
         <name>.text:__aeabi_errno_addr</name>
         <load_address>0x15dac</load_address>
         <run_address>0x15dac</run_address>
         <size>0xc</size>
         <input_file_ref idref="fl-f0"/>
      </object_component>
      <object_component id="oc-1a9">
         <name>.text:abort:abort</name>
         <load_address>0x15db8</load_address>
         <run_address>0x15db8</run_address>
         <size>0x8</size>
         <input_file_ref idref="fl-e6"/>
      </object_component>
      <object_component id="oc-81">
         <name>.text</name>
         <load_address>0x15dc0</load_address>
         <run_address>0x15dc0</run_address>
         <size>0x4</size>
         <input_file_ref idref="fl-18"/>
      </object_component>
      <object_component id="oc-3b">
         <name>.text:retain</name>
         <load_address>0x15dc4</load_address>
         <run_address>0x15dc4</run_address>
         <size>0x4</size>
         <input_file_ref idref="fl-15"/>
      </object_component>
      <object_component id="oc-46b">
         <name>.text</name>
         <load_address>0x15dc8</load_address>
         <run_address>0x15dc8</run_address>
         <size>0x4</size>
         <input_file_ref idref="fl-f8"/>
      </object_component>
      <object_component id="oc-27">
         <name>.const:s_vim_init</name>
         <load_address>0x15de0</load_address>
         <run_address>0x15de0</run_address>
         <size>0x200</size>
         <input_file_ref idref="fl-19"/>
      </object_component>
      <object_component id="oc-3f6">
         <name>.const:.string:_ctypes_</name>
         <load_address>0x15fe0</load_address>
         <run_address>0x15fe0</run_address>
         <size>0x101</size>
         <input_file_ref idref="fl-ec"/>
      </object_component>
      <object_component id="oc-2a7">
         <name>.const:s_canByteOrder</name>
         <load_address>0x160e4</load_address>
         <run_address>0x160e4</run_address>
         <size>0x20</size>
         <input_file_ref idref="fl-2"/>
      </object_component>
      <object_component id="oc-1b5">
         <name>.kernelBSS:init</name>
         <load_address>0x80008d0</load_address>
         <run_address>0x80008d0</run_address>
         <size>0x34</size>
         <input_file_ref idref="fl-23"/>
      </object_component>
      <object_component id="oc-27e">
         <name>.kernelBSS:uninit</name>
         <load_address>0x8000800</load_address>
         <run_address>0x8000800</run_address>
         <size>0xd0</size>
         <input_file_ref idref="fl-23"/>
      </object_component>
      <object_component id="oc-3e2">
         <name>.kernelHEAP</name>
         <uninitialized>true</uninitialized>
         <run_address>0x8001000</run_address>
         <size>0x2000</size>
         <input_file_ref idref="fl-1d"/>
      </object_component>
      <object_component id="oc-2b6">
         <name>.bss:g_sciTransfer_t</name>
         <uninitialized>true</uninitialized>
         <run_address>0x8003198</run_address>
         <size>0x50</size>
         <input_file_ref idref="fl-e"/>
      </object_component>
      <object_component id="oc-332">
         <name>.bss:xStart</name>
         <uninitialized>true</uninitialized>
         <run_address>0x80031e8</run_address>
         <size>0x8</size>
         <input_file_ref idref="fl-1d"/>
      </object_component>
      <object_component id="oc-181">
         <name>.common:throttle</name>
         <uninitialized>true</uninitialized>
         <run_address>0x8003238</run_address>
         <size>0x4</size>
      </object_component>
      <object_component id="oc-18b">
         <name>.common:rudder</name>
         <uninitialized>true</uninitialized>
         <run_address>0x800322c</run_address>
         <size>0x4</size>
      </object_component>
      <object_component id="oc-182">
         <name>.common:output</name>
         <uninitialized>true</uninitialized>
         <run_address>0x8003228</run_address>
         <size>0x4</size>
      </object_component>
      <object_component id="oc-17d">
         <name>.common:dsp_throttle</name>
         <uninitialized>true</uninitialized>
         <run_address>0x8003210</run_address>
         <size>0x4</size>
      </object_component>
      <object_component id="oc-19c">
         <name>.common:front_led</name>
         <uninitialized>true</uninitialized>
         <run_address>0x8003220</run_address>
         <size>0x4</size>
      </object_component>
      <object_component id="oc-19d">
         <name>.common:blink_led</name>
         <uninitialized>true</uninitialized>
         <run_address>0x80031f4</run_address>
         <size>0x4</size>
      </object_component>
      <object_component id="oc-19e">
         <name>.common:emergency_light</name>
         <uninitialized>true</uninitialized>
         <run_address>0x8003214</run_address>
         <size>0x4</size>
      </object_component>
      <object_component id="oc-186">
         <name>.common:buf_len0</name>
         <uninitialized>true</uninitialized>
         <run_address>0x80031f8</run_address>
         <size>0x4</size>
      </object_component>
      <object_component id="oc-18a">
         <name>.common:buf_len1</name>
         <uninitialized>true</uninitialized>
         <run_address>0x80031fc</run_address>
         <size>0x4</size>
      </object_component>
      <object_component id="oc-18f">
         <name>.common:buf_len2</name>
         <uninitialized>true</uninitialized>
         <run_address>0x8003200</run_address>
         <size>0x4</size>
      </object_component>
      <object_component id="oc-193">
         <name>.common:buf_len3</name>
         <uninitialized>true</uninitialized>
         <run_address>0x8003204</run_address>
         <size>0x4</size>
      </object_component>
      <object_component id="oc-197">
         <name>.common:buf_len4</name>
         <uninitialized>true</uninitialized>
         <run_address>0x8003208</run_address>
         <size>0x4</size>
      </object_component>
      <object_component id="oc-19f">
         <name>.common:flag_eqep</name>
         <uninitialized>true</uninitialized>
         <run_address>0x8003244</run_address>
         <size>0x2</size>
      </object_component>
      <object_component id="oc-19b">
         <name>.common:dsp_flag</name>
         <uninitialized>true</uninitialized>
         <run_address>0x8003246</run_address>
         <size>0x1</size>
      </object_component>
      <object_component id="oc-16f">
         <name>.common:xSemaphore</name>
         <uninitialized>true</uninitialized>
         <run_address>0x8003240</run_address>
         <size>0x4</size>
      </object_component>
      <object_component id="oc-172">
         <name>.common:dsp_can_handle</name>
         <uninitialized>true</uninitialized>
         <run_address>0x800320c</run_address>
         <size>0x4</size>
      </object_component>
      <object_component id="oc-173">
         <name>.common:bldc_handle</name>
         <uninitialized>true</uninitialized>
         <run_address>0x80031f0</run_address>
         <size>0x4</size>
      </object_component>
      <object_component id="oc-174">
         <name>.common:servo_handle</name>
         <uninitialized>true</uninitialized>
         <run_address>0x8003234</run_address>
         <size>0x4</size>
      </object_component>
      <object_component id="oc-175">
         <name>.common:sci_handle</name>
         <uninitialized>true</uninitialized>
         <run_address>0x8003230</run_address>
         <size>0x4</size>
      </object_component>
      <object_component id="oc-176">
         <name>.common:fpga_can_handle</name>
         <uninitialized>true</uninitialized>
         <run_address>0x800321c</run_address>
         <size>0x4</size>
      </object_component>
      <object_component id="oc-177">
         <name>.common:toggle_handle</name>
         <uninitialized>true</uninitialized>
         <run_address>0x800323c</run_address>
         <size>0x4</size>
      </object_component>
      <object_component id="oc-178">
         <name>.common:led_handle</name>
         <uninitialized>true</uninitialized>
         <run_address>0x8003224</run_address>
         <size>0x4</size>
      </object_component>
      <object_component id="oc-179">
         <name>.common:eqep_handle</name>
         <uninitialized>true</uninitialized>
         <run_address>0x8003218</run_address>
         <size>0x4</size>
      </object_component>
      <object_component id="oc-17e">
         <name>.data</name>
         <load_address>0x8003140</load_address>
         <run_address>0x8003140</run_address>
         <size>0x24</size>
         <input_file_ref idref="fl-12"/>
      </object_component>
      <object_component id="oc-183">
         <name>.data:buf0</name>
         <load_address>0x8003000</load_address>
         <run_address>0x8003000</run_address>
         <size>0x40</size>
         <input_file_ref idref="fl-12"/>
      </object_component>
      <object_component id="oc-187">
         <name>.data:buf1</name>
         <load_address>0x8003040</load_address>
         <run_address>0x8003040</run_address>
         <size>0x40</size>
         <input_file_ref idref="fl-12"/>
      </object_component>
      <object_component id="oc-18c">
         <name>.data:buf2</name>
         <load_address>0x8003080</load_address>
         <run_address>0x8003080</run_address>
         <size>0x40</size>
         <input_file_ref idref="fl-12"/>
      </object_component>
      <object_component id="oc-190">
         <name>.data:buf3</name>
         <load_address>0x80030c0</load_address>
         <run_address>0x80030c0</run_address>
         <size>0x40</size>
         <input_file_ref idref="fl-12"/>
      </object_component>
      <object_component id="oc-194">
         <name>.data:buf4</name>
         <load_address>0x8003100</load_address>
         <run_address>0x8003100</run_address>
         <size>0x40</size>
         <input_file_ref idref="fl-12"/>
      </object_component>
      <object_component id="oc-1a0">
         <name>.data:tx_data</name>
         <load_address>0x8003184</load_address>
         <run_address>0x8003184</run_address>
         <size>0x8</size>
         <input_file_ref idref="fl-12"/>
      </object_component>
      <object_component id="oc-17a">
         <name>.data:rx_data</name>
         <load_address>0x800317c</load_address>
         <run_address>0x800317c</run_address>
         <size>0x8</size>
         <input_file_ref idref="fl-12"/>
      </object_component>
      <object_component id="oc-198">
         <name>.data:receive</name>
         <load_address>0x800318c</load_address>
         <run_address>0x800318c</run_address>
         <size>0x5</size>
         <input_file_ref idref="fl-12"/>
      </object_component>
      <object_component id="oc-32f">
         <name>.data</name>
         <load_address>0x8003164</load_address>
         <run_address>0x8003164</run_address>
         <size>0x10</size>
         <input_file_ref idref="fl-1d"/>
      </object_component>
      <object_component id="oc-1b8">
         <name>.data</name>
         <load_address>0x8003174</load_address>
         <run_address>0x8003174</run_address>
         <size>0x8</size>
         <input_file_ref idref="fl-20"/>
      </object_component>
      <object_component id="oc-443">
         <name>.data</name>
         <load_address>0x8003194</load_address>
         <run_address>0x8003194</run_address>
         <size>0x4</size>
         <input_file_ref idref="fl-f0"/>
      </object_component>
      <object_component id="oc-1eb">
         <name>.debug_info</name>
         <load_address>0x0</load_address>
         <run_address>0x0</run_address>
         <size>0x3f4</size>
         <input_file_ref idref="fl-2"/>
      </object_component>
      <object_component id="oc-2a8">
         <name>.debug_info</name>
         <load_address>0x3f4</load_address>
         <run_address>0x3f4</run_address>
         <size>0xdd</size>
         <input_file_ref idref="fl-2"/>
      </object_component>
      <object_component id="oc-158">
         <name>.debug_info</name>
         <load_address>0x4d1</load_address>
         <run_address>0x4d1</run_address>
         <size>0x14f0</size>
         <input_file_ref idref="fl-2"/>
      </object_component>
      <object_component id="oc-22">
         <name>.debug_info</name>
         <load_address>0x19c1</load_address>
         <run_address>0x19c1</run_address>
         <size>0x40f</size>
         <input_file_ref idref="fl-2"/>
      </object_component>
      <object_component id="oc-1be">
         <name>.debug_info</name>
         <load_address>0x1dd0</load_address>
         <run_address>0x1dd0</run_address>
         <size>0x26b</size>
         <input_file_ref idref="fl-2"/>
      </object_component>
      <object_component id="oc-a7">
         <name>.debug_info</name>
         <load_address>0x203b</load_address>
         <run_address>0x203b</run_address>
         <size>0x157</size>
         <input_file_ref idref="fl-2"/>
      </object_component>
      <object_component id="oc-be">
         <name>.debug_info</name>
         <load_address>0x2192</load_address>
         <run_address>0x2192</run_address>
         <size>0x8b</size>
         <input_file_ref idref="fl-2"/>
      </object_component>
      <object_component id="oc-b9">
         <name>.debug_info</name>
         <load_address>0x221d</load_address>
         <run_address>0x221d</run_address>
         <size>0x18c</size>
         <input_file_ref idref="fl-2"/>
      </object_component>
      <object_component id="oc-2ec">
         <name>.debug_info</name>
         <load_address>0x23a9</load_address>
         <run_address>0x23a9</run_address>
         <size>0x297</size>
         <input_file_ref idref="fl-2"/>
      </object_component>
      <object_component id="oc-1a4">
         <name>.debug_info</name>
         <load_address>0x2640</load_address>
         <run_address>0x2640</run_address>
         <size>0xbb</size>
         <input_file_ref idref="fl-2"/>
      </object_component>
      <object_component id="oc-c3">
         <name>.debug_info</name>
         <load_address>0x26fb</load_address>
         <run_address>0x26fb</run_address>
         <size>0x86</size>
         <input_file_ref idref="fl-2"/>
      </object_component>
      <object_component id="oc-210">
         <name>.debug_info</name>
         <load_address>0x2781</load_address>
         <run_address>0x2781</run_address>
         <size>0x49b</size>
         <input_file_ref idref="fl-2"/>
      </object_component>
      <object_component id="oc-2ab">
         <name>.debug_info</name>
         <load_address>0x2c1c</load_address>
         <run_address>0x2c1c</run_address>
         <size>0x15f</size>
         <input_file_ref idref="fl-2"/>
      </object_component>
      <object_component id="oc-1e1">
         <name>.debug_info</name>
         <load_address>0x2d7b</load_address>
         <run_address>0x2d7b</run_address>
         <size>0x36d</size>
         <input_file_ref idref="fl-2"/>
      </object_component>
      <object_component id="oc-2bc">
         <name>.debug_info</name>
         <load_address>0x30e8</load_address>
         <run_address>0x30e8</run_address>
         <size>0x2f9</size>
         <input_file_ref idref="fl-3"/>
      </object_component>
      <object_component id="oc-164">
         <name>.debug_info</name>
         <load_address>0x33e1</load_address>
         <run_address>0x33e1</run_address>
         <size>0x17eb</size>
         <input_file_ref idref="fl-3"/>
      </object_component>
      <object_component id="oc-2b">
         <name>.debug_info</name>
         <load_address>0x4bcc</load_address>
         <run_address>0x4bcc</run_address>
         <size>0x448</size>
         <input_file_ref idref="fl-3"/>
      </object_component>
      <object_component id="oc-2bd">
         <name>.debug_info</name>
         <load_address>0x5014</load_address>
         <run_address>0x5014</run_address>
         <size>0x359</size>
         <input_file_ref idref="fl-3"/>
      </object_component>
      <object_component id="oc-215">
         <name>.debug_info</name>
         <load_address>0x536d</load_address>
         <run_address>0x536d</run_address>
         <size>0x152</size>
         <input_file_ref idref="fl-3"/>
      </object_component>
      <object_component id="oc-2ff">
         <name>.debug_info</name>
         <load_address>0x54bf</load_address>
         <run_address>0x54bf</run_address>
         <size>0x379</size>
         <input_file_ref idref="fl-4"/>
      </object_component>
      <object_component id="oc-a1">
         <name>.debug_info</name>
         <load_address>0x5838</load_address>
         <run_address>0x5838</run_address>
         <size>0x429</size>
         <input_file_ref idref="fl-4"/>
      </object_component>
      <object_component id="oc-1c3">
         <name>.debug_info</name>
         <load_address>0x5c61</load_address>
         <run_address>0x5c61</run_address>
         <size>0x102</size>
         <input_file_ref idref="fl-4"/>
      </object_component>
      <object_component id="oc-21a">
         <name>.debug_info</name>
         <load_address>0x5d63</load_address>
         <run_address>0x5d63</run_address>
         <size>0x142</size>
         <input_file_ref idref="fl-4"/>
      </object_component>
      <object_component id="oc-1c8">
         <name>.debug_info</name>
         <load_address>0x5ea5</load_address>
         <run_address>0x5ea5</run_address>
         <size>0x285</size>
         <input_file_ref idref="fl-4"/>
      </object_component>
      <object_component id="oc-1cd">
         <name>.debug_info</name>
         <load_address>0x612a</load_address>
         <run_address>0x612a</run_address>
         <size>0x44a</size>
         <input_file_ref idref="fl-4"/>
      </object_component>
      <object_component id="oc-1d2">
         <name>.debug_info</name>
         <load_address>0x6574</load_address>
         <run_address>0x6574</run_address>
         <size>0x1f9</size>
         <input_file_ref idref="fl-4"/>
      </object_component>
      <object_component id="oc-1d7">
         <name>.debug_info</name>
         <load_address>0x676d</load_address>
         <run_address>0x676d</run_address>
         <size>0x152</size>
         <input_file_ref idref="fl-4"/>
      </object_component>
      <object_component id="oc-1dc">
         <name>.debug_info</name>
         <load_address>0x68bf</load_address>
         <run_address>0x68bf</run_address>
         <size>0x70a</size>
         <input_file_ref idref="fl-4"/>
      </object_component>
      <object_component id="oc-2a1">
         <name>.debug_info</name>
         <load_address>0x6fc9</load_address>
         <run_address>0x6fc9</run_address>
         <size>0x2a6</size>
         <input_file_ref idref="fl-5"/>
      </object_component>
      <object_component id="oc-152">
         <name>.debug_info</name>
         <load_address>0x726f</load_address>
         <run_address>0x726f</run_address>
         <size>0x2d09</size>
         <input_file_ref idref="fl-5"/>
      </object_component>
      <object_component id="oc-2a2">
         <name>.debug_info</name>
         <load_address>0x9f78</load_address>
         <run_address>0x9f78</run_address>
         <size>0x669</size>
         <input_file_ref idref="fl-5"/>
      </object_component>
      <object_component id="oc-21f">
         <name>.debug_info</name>
         <load_address>0xa5e1</load_address>
         <run_address>0xa5e1</run_address>
         <size>0x22e</size>
         <input_file_ref idref="fl-5"/>
      </object_component>
      <object_component id="oc-208">
         <name>.debug_info</name>
         <load_address>0xa80f</load_address>
         <run_address>0xa80f</run_address>
         <size>0x2b3</size>
         <input_file_ref idref="fl-7"/>
      </object_component>
      <object_component id="oc-7c">
         <name>.debug_info</name>
         <load_address>0xaac2</load_address>
         <run_address>0xaac2</run_address>
         <size>0x652</size>
         <input_file_ref idref="fl-7"/>
      </object_component>
      <object_component id="oc-53">
         <name>.debug_info</name>
         <load_address>0xb114</load_address>
         <run_address>0xb114</run_address>
         <size>0x84</size>
         <input_file_ref idref="fl-7"/>
      </object_component>
      <object_component id="oc-ee">
         <name>.debug_info</name>
         <load_address>0xb198</load_address>
         <run_address>0xb198</run_address>
         <size>0x9e7</size>
         <input_file_ref idref="fl-7"/>
      </object_component>
      <object_component id="oc-101">
         <name>.debug_info</name>
         <load_address>0xbb7f</load_address>
         <run_address>0xbb7f</run_address>
         <size>0x345</size>
         <input_file_ref idref="fl-8"/>
      </object_component>
      <object_component id="oc-8e">
         <name>.debug_info</name>
         <load_address>0xbec4</load_address>
         <run_address>0xbec4</run_address>
         <size>0x10ba</size>
         <input_file_ref idref="fl-8"/>
      </object_component>
      <object_component id="oc-31">
         <name>.debug_info</name>
         <load_address>0xcf7e</load_address>
         <run_address>0xcf7e</run_address>
         <size>0x1a2</size>
         <input_file_ref idref="fl-8"/>
      </object_component>
      <object_component id="oc-fc">
         <name>.debug_info</name>
         <load_address>0xd120</load_address>
         <run_address>0xd120</run_address>
         <size>0x168</size>
         <input_file_ref idref="fl-8"/>
      </object_component>
      <object_component id="oc-2c3">
         <name>.debug_info</name>
         <load_address>0xd288</load_address>
         <run_address>0xd288</run_address>
         <size>0x301</size>
         <input_file_ref idref="fl-9"/>
      </object_component>
      <object_component id="oc-16a">
         <name>.debug_info</name>
         <load_address>0xd589</load_address>
         <run_address>0xd589</run_address>
         <size>0x2868</size>
         <input_file_ref idref="fl-9"/>
      </object_component>
      <object_component id="oc-2c4">
         <name>.debug_info</name>
         <load_address>0xfdf1</load_address>
         <run_address>0xfdf1</run_address>
         <size>0xc6d</size>
         <input_file_ref idref="fl-9"/>
      </object_component>
      <object_component id="oc-224">
         <name>.debug_info</name>
         <load_address>0x10a5e</load_address>
         <run_address>0x10a5e</run_address>
         <size>0x396</size>
         <input_file_ref idref="fl-9"/>
      </object_component>
      <object_component id="oc-203">
         <name>.debug_info</name>
         <load_address>0x10df4</load_address>
         <run_address>0x10df4</run_address>
         <size>0x199</size>
         <input_file_ref idref="fl-9"/>
      </object_component>
      <object_component id="oc-29f">
         <name>.debug_info</name>
         <load_address>0x10f8d</load_address>
         <run_address>0x10f8d</run_address>
         <size>0x2aa</size>
         <input_file_ref idref="fl-a"/>
      </object_component>
      <object_component id="oc-14c">
         <name>.debug_info</name>
         <load_address>0x11237</load_address>
         <run_address>0x11237</run_address>
         <size>0x714</size>
         <input_file_ref idref="fl-a"/>
      </object_component>
      <object_component id="oc-394">
         <name>.debug_info</name>
         <load_address>0x1194b</load_address>
         <run_address>0x1194b</run_address>
         <size>0x12a</size>
         <input_file_ref idref="fl-a"/>
      </object_component>
      <object_component id="oc-f5">
         <name>.debug_info</name>
         <load_address>0x11a75</load_address>
         <run_address>0x11a75</run_address>
         <size>0x40c</size>
         <input_file_ref idref="fl-c"/>
      </object_component>
      <object_component id="oc-88">
         <name>.debug_info</name>
         <load_address>0x11e81</load_address>
         <run_address>0x11e81</run_address>
         <size>0xc6b</size>
         <input_file_ref idref="fl-c"/>
      </object_component>
      <object_component id="oc-20b">
         <name>.debug_info</name>
         <load_address>0x12aec</load_address>
         <run_address>0x12aec</run_address>
         <size>0xadd</size>
         <input_file_ref idref="fl-c"/>
      </object_component>
      <object_component id="oc-f6">
         <name>.debug_info</name>
         <load_address>0x135c9</load_address>
         <run_address>0x135c9</run_address>
         <size>0x6eb</size>
         <input_file_ref idref="fl-c"/>
      </object_component>
      <object_component id="oc-229">
         <name>.debug_info</name>
         <load_address>0x13cb4</load_address>
         <run_address>0x13cb4</run_address>
         <size>0x243</size>
         <input_file_ref idref="fl-c"/>
      </object_component>
      <object_component id="oc-3ad">
         <name>.debug_info</name>
         <load_address>0x13ef7</load_address>
         <run_address>0x13ef7</run_address>
         <size>0x18e</size>
         <input_file_ref idref="fl-c"/>
      </object_component>
      <object_component id="oc-e6">
         <name>.debug_info</name>
         <load_address>0x14085</load_address>
         <run_address>0x14085</run_address>
         <size>0x116</size>
         <input_file_ref idref="fl-d"/>
      </object_component>
      <object_component id="oc-2ba">
         <name>.debug_info</name>
         <load_address>0x1419b</load_address>
         <run_address>0x1419b</run_address>
         <size>0x2f7</size>
         <input_file_ref idref="fl-e"/>
      </object_component>
      <object_component id="oc-2b7">
         <name>.debug_info</name>
         <load_address>0x14492</load_address>
         <run_address>0x14492</run_address>
         <size>0xdf</size>
         <input_file_ref idref="fl-e"/>
      </object_component>
      <object_component id="oc-15e">
         <name>.debug_info</name>
         <load_address>0x14571</load_address>
         <run_address>0x14571</run_address>
         <size>0xc97</size>
         <input_file_ref idref="fl-e"/>
      </object_component>
      <object_component id="oc-3a8">
         <name>.debug_info</name>
         <load_address>0x15208</load_address>
         <run_address>0x15208</run_address>
         <size>0x91</size>
         <input_file_ref idref="fl-e"/>
      </object_component>
      <object_component id="oc-71">
         <name>.debug_info</name>
         <load_address>0x15299</load_address>
         <run_address>0x15299</run_address>
         <size>0x80c</size>
         <input_file_ref idref="fl-f"/>
      </object_component>
      <object_component id="oc-37">
         <name>.debug_info</name>
         <load_address>0x15aa5</load_address>
         <run_address>0x15aa5</run_address>
         <size>0x102</size>
         <input_file_ref idref="fl-11"/>
      </object_component>
      <object_component id="oc-170">
         <name>.debug_info</name>
         <load_address>0x15ba7</load_address>
         <run_address>0x15ba7</run_address>
         <size>0xfbb</size>
         <input_file_ref idref="fl-12"/>
      </object_component>
      <object_component id="oc-17f">
         <name>.debug_info</name>
         <load_address>0x16b62</load_address>
         <run_address>0x16b62</run_address>
         <size>0x1f7</size>
         <input_file_ref idref="fl-12"/>
      </object_component>
      <object_component id="oc-184">
         <name>.debug_info</name>
         <load_address>0x16d59</load_address>
         <run_address>0x16d59</run_address>
         <size>0xcf</size>
         <input_file_ref idref="fl-12"/>
      </object_component>
      <object_component id="oc-188">
         <name>.debug_info</name>
         <load_address>0x16e28</load_address>
         <run_address>0x16e28</run_address>
         <size>0xcf</size>
         <input_file_ref idref="fl-12"/>
      </object_component>
      <object_component id="oc-18d">
         <name>.debug_info</name>
         <load_address>0x16ef7</load_address>
         <run_address>0x16ef7</run_address>
         <size>0xcf</size>
         <input_file_ref idref="fl-12"/>
      </object_component>
      <object_component id="oc-191">
         <name>.debug_info</name>
         <load_address>0x16fc6</load_address>
         <run_address>0x16fc6</run_address>
         <size>0xcf</size>
         <input_file_ref idref="fl-12"/>
      </object_component>
      <object_component id="oc-195">
         <name>.debug_info</name>
         <load_address>0x17095</load_address>
         <run_address>0x17095</run_address>
         <size>0xcf</size>
         <input_file_ref idref="fl-12"/>
      </object_component>
      <object_component id="oc-1a1">
         <name>.debug_info</name>
         <load_address>0x17164</load_address>
         <run_address>0x17164</run_address>
         <size>0xd5</size>
         <input_file_ref idref="fl-12"/>
      </object_component>
      <object_component id="oc-17b">
         <name>.debug_info</name>
         <load_address>0x17239</load_address>
         <run_address>0x17239</run_address>
         <size>0xd5</size>
         <input_file_ref idref="fl-12"/>
      </object_component>
      <object_component id="oc-199">
         <name>.debug_info</name>
         <load_address>0x1730e</load_address>
         <run_address>0x1730e</run_address>
         <size>0xd5</size>
         <input_file_ref idref="fl-12"/>
      </object_component>
      <object_component id="oc-9a">
         <name>.debug_info</name>
         <load_address>0x173e3</load_address>
         <run_address>0x173e3</run_address>
         <size>0x18da</size>
         <input_file_ref idref="fl-12"/>
      </object_component>
      <object_component id="oc-25d">
         <name>.debug_info</name>
         <load_address>0x18cbd</load_address>
         <run_address>0x18cbd</run_address>
         <size>0x30c</size>
         <input_file_ref idref="fl-12"/>
      </object_component>
      <object_component id="oc-2d0">
         <name>.debug_info</name>
         <load_address>0x18fc9</load_address>
         <run_address>0x18fc9</run_address>
         <size>0x379</size>
         <input_file_ref idref="fl-12"/>
      </object_component>
      <object_component id="oc-252">
         <name>.debug_info</name>
         <load_address>0x19342</load_address>
         <run_address>0x19342</run_address>
         <size>0xe1</size>
         <input_file_ref idref="fl-12"/>
      </object_component>
      <object_component id="oc-262">
         <name>.debug_info</name>
         <load_address>0x19423</load_address>
         <run_address>0x19423</run_address>
         <size>0x46</size>
         <input_file_ref idref="fl-12"/>
      </object_component>
      <object_component id="oc-2d5">
         <name>.debug_info</name>
         <load_address>0x19469</load_address>
         <run_address>0x19469</run_address>
         <size>0x2c</size>
         <input_file_ref idref="fl-12"/>
      </object_component>
      <object_component id="oc-257">
         <name>.debug_info</name>
         <load_address>0x19495</load_address>
         <run_address>0x19495</run_address>
         <size>0x2c</size>
         <input_file_ref idref="fl-12"/>
      </object_component>
      <object_component id="oc-1f3">
         <name>.debug_info</name>
         <load_address>0x194c1</load_address>
         <run_address>0x194c1</run_address>
         <size>0x2c</size>
         <input_file_ref idref="fl-12"/>
      </object_component>
      <object_component id="oc-297">
         <name>.debug_info</name>
         <load_address>0x194ed</load_address>
         <run_address>0x194ed</run_address>
         <size>0x2c</size>
         <input_file_ref idref="fl-12"/>
      </object_component>
      <object_component id="oc-2cb">
         <name>.debug_info</name>
         <load_address>0x19519</load_address>
         <run_address>0x19519</run_address>
         <size>0x14c</size>
         <input_file_ref idref="fl-12"/>
      </object_component>
      <object_component id="oc-94">
         <name>.debug_info</name>
         <load_address>0x19665</load_address>
         <run_address>0x19665</run_address>
         <size>0x439</size>
         <input_file_ref idref="fl-13"/>
      </object_component>
      <object_component id="oc-302">
         <name>.debug_info</name>
         <load_address>0x19a9e</load_address>
         <run_address>0x19a9e</run_address>
         <size>0x2ed</size>
         <input_file_ref idref="fl-14"/>
      </object_component>
      <object_component id="oc-1fe">
         <name>.debug_info</name>
         <load_address>0x19d8b</load_address>
         <run_address>0x19d8b</run_address>
         <size>0x457</size>
         <input_file_ref idref="fl-14"/>
      </object_component>
      <object_component id="oc-3c">
         <name>.debug_info</name>
         <load_address>0x1a1e2</load_address>
         <run_address>0x1a1e2</run_address>
         <size>0x137</size>
         <input_file_ref idref="fl-15"/>
      </object_component>
      <object_component id="oc-1c">
         <name>.debug_info</name>
         <load_address>0x1a319</load_address>
         <run_address>0x1a319</run_address>
         <size>0x2d7</size>
         <input_file_ref idref="fl-18"/>
      </object_component>
      <object_component id="oc-82">
         <name>.debug_info</name>
         <load_address>0x1a5f0</load_address>
         <run_address>0x1a5f0</run_address>
         <size>0x130</size>
         <input_file_ref idref="fl-18"/>
      </object_component>
      <object_component id="oc-b3">
         <name>.debug_info</name>
         <load_address>0x1a720</load_address>
         <run_address>0x1a720</run_address>
         <size>0x646</size>
         <input_file_ref idref="fl-19"/>
      </object_component>
      <object_component id="oc-28">
         <name>.debug_info</name>
         <load_address>0x1ad66</load_address>
         <run_address>0x1ad66</run_address>
         <size>0xd9</size>
         <input_file_ref idref="fl-19"/>
      </object_component>
      <object_component id="oc-43">
         <name>.debug_info</name>
         <load_address>0x1ae3f</load_address>
         <run_address>0x1ae3f</run_address>
         <size>0x489</size>
         <input_file_ref idref="fl-19"/>
      </object_component>
      <object_component id="oc-48">
         <name>.debug_info</name>
         <load_address>0x1b2c8</load_address>
         <run_address>0x1b2c8</run_address>
         <size>0x1f4</size>
         <input_file_ref idref="fl-19"/>
      </object_component>
      <object_component id="oc-1e6">
         <name>.debug_info</name>
         <load_address>0x1b4bc</load_address>
         <run_address>0x1b4bc</run_address>
         <size>0x4f</size>
         <input_file_ref idref="fl-19"/>
      </object_component>
      <object_component id="oc-ec">
         <name>.debug_info</name>
         <load_address>0x1b50b</load_address>
         <run_address>0x1b50b</run_address>
         <size>0x3db</size>
         <input_file_ref idref="fl-1a"/>
      </object_component>
      <object_component id="oc-76">
         <name>.debug_info</name>
         <load_address>0x1b8e6</load_address>
         <run_address>0x1b8e6</run_address>
         <size>0x636</size>
         <input_file_ref idref="fl-1a"/>
      </object_component>
      <object_component id="oc-321">
         <name>.debug_info</name>
         <load_address>0x1bf1c</load_address>
         <run_address>0x1bf1c</run_address>
         <size>0x66e</size>
         <input_file_ref idref="fl-1c"/>
      </object_component>
      <object_component id="oc-24c">
         <name>.debug_info</name>
         <load_address>0x1c58a</load_address>
         <run_address>0x1c58a</run_address>
         <size>0x146c</size>
         <input_file_ref idref="fl-1c"/>
      </object_component>
      <object_component id="oc-31b">
         <name>.debug_info</name>
         <load_address>0x1d9f6</load_address>
         <run_address>0x1d9f6</run_address>
         <size>0x110</size>
         <input_file_ref idref="fl-1c"/>
      </object_component>
      <object_component id="oc-267">
         <name>.debug_info</name>
         <load_address>0x1db06</load_address>
         <run_address>0x1db06</run_address>
         <size>0x39</size>
         <input_file_ref idref="fl-1c"/>
      </object_component>
      <object_component id="oc-324">
         <name>.debug_info</name>
         <load_address>0x1db3f</load_address>
         <run_address>0x1db3f</run_address>
         <size>0x46</size>
         <input_file_ref idref="fl-1c"/>
      </object_component>
      <object_component id="oc-3dd">
         <name>.debug_info</name>
         <load_address>0x1db85</load_address>
         <run_address>0x1db85</run_address>
         <size>0x62</size>
         <input_file_ref idref="fl-1c"/>
      </object_component>
      <object_component id="oc-336">
         <name>.debug_info</name>
         <load_address>0x1dbe7</load_address>
         <run_address>0x1dbe7</run_address>
         <size>0x416</size>
         <input_file_ref idref="fl-1d"/>
      </object_component>
      <object_component id="oc-3e3">
         <name>.debug_info</name>
         <load_address>0x1dffd</load_address>
         <run_address>0x1dffd</run_address>
         <size>0xce</size>
         <input_file_ref idref="fl-1d"/>
      </object_component>
      <object_component id="oc-333">
         <name>.debug_info</name>
         <load_address>0x1e0cb</load_address>
         <run_address>0x1e0cb</run_address>
         <size>0xce</size>
         <input_file_ref idref="fl-1d"/>
      </object_component>
      <object_component id="oc-330">
         <name>.debug_info</name>
         <load_address>0x1e199</load_address>
         <run_address>0x1e199</run_address>
         <size>0x182</size>
         <input_file_ref idref="fl-1d"/>
      </object_component>
      <object_component id="oc-26d">
         <name>.debug_info</name>
         <load_address>0x1e31b</load_address>
         <run_address>0x1e31b</run_address>
         <size>0x52b</size>
         <input_file_ref idref="fl-1d"/>
      </object_component>
      <object_component id="oc-32a">
         <name>.debug_info</name>
         <load_address>0x1e846</load_address>
         <run_address>0x1e846</run_address>
         <size>0x2a5</size>
         <input_file_ref idref="fl-1d"/>
      </object_component>
      <object_component id="oc-3ea">
         <name>.debug_info</name>
         <load_address>0x1eaeb</load_address>
         <run_address>0x1eaeb</run_address>
         <size>0x62</size>
         <input_file_ref idref="fl-1d"/>
      </object_component>
      <object_component id="oc-338">
         <name>.debug_info</name>
         <load_address>0x1eb4d</load_address>
         <run_address>0x1eb4d</run_address>
         <size>0x351</size>
         <input_file_ref idref="fl-1e"/>
      </object_component>
      <object_component id="oc-273">
         <name>.debug_info</name>
         <load_address>0x1ee9e</load_address>
         <run_address>0x1ee9e</run_address>
         <size>0x4ac</size>
         <input_file_ref idref="fl-1e"/>
      </object_component>
      <object_component id="oc-25c">
         <name>.debug_info</name>
         <load_address>0x1f34a</load_address>
         <run_address>0x1f34a</run_address>
         <size>0xe1d</size>
         <input_file_ref idref="fl-1f"/>
      </object_component>
      <object_component id="oc-134">
         <name>.debug_info</name>
         <load_address>0x20167</load_address>
         <run_address>0x20167</run_address>
         <size>0x3b08</size>
         <input_file_ref idref="fl-1f"/>
      </object_component>
      <object_component id="oc-340">
         <name>.debug_info</name>
         <load_address>0x23c6f</load_address>
         <run_address>0x23c6f</run_address>
         <size>0x3e8</size>
         <input_file_ref idref="fl-20"/>
      </object_component>
      <object_component id="oc-1b9">
         <name>.debug_info</name>
         <load_address>0x24057</load_address>
         <run_address>0x24057</run_address>
         <size>0x11c</size>
         <input_file_ref idref="fl-20"/>
      </object_component>
      <object_component id="oc-279">
         <name>.debug_info</name>
         <load_address>0x24173</load_address>
         <run_address>0x24173</run_address>
         <size>0x597</size>
         <input_file_ref idref="fl-20"/>
      </object_component>
      <object_component id="oc-33a">
         <name>.debug_info</name>
         <load_address>0x2470a</load_address>
         <run_address>0x2470a</run_address>
         <size>0x253</size>
         <input_file_ref idref="fl-20"/>
      </object_component>
      <object_component id="oc-ad">
         <name>.debug_info</name>
         <load_address>0x2495d</load_address>
         <run_address>0x2495d</run_address>
         <size>0x4d5</size>
         <input_file_ref idref="fl-21"/>
      </object_component>
      <object_component id="oc-31a">
         <name>.debug_info</name>
         <load_address>0x24e32</load_address>
         <run_address>0x24e32</run_address>
         <size>0x6c8</size>
         <input_file_ref idref="fl-22"/>
      </object_component>
      <object_component id="oc-246">
         <name>.debug_info</name>
         <load_address>0x254fa</load_address>
         <run_address>0x254fa</run_address>
         <size>0x23f2</size>
         <input_file_ref idref="fl-22"/>
      </object_component>
      <object_component id="oc-3d6">
         <name>.debug_info</name>
         <load_address>0x278ec</load_address>
         <run_address>0x278ec</run_address>
         <size>0x155</size>
         <input_file_ref idref="fl-22"/>
      </object_component>
      <object_component id="oc-282">
         <name>.debug_info</name>
         <load_address>0x27a41</load_address>
         <run_address>0x27a41</run_address>
         <size>0x83f</size>
         <input_file_ref idref="fl-23"/>
      </object_component>
      <object_component id="oc-1b6">
         <name>.debug_info</name>
         <load_address>0x28280</load_address>
         <run_address>0x28280</run_address>
         <size>0x33f</size>
         <input_file_ref idref="fl-23"/>
      </object_component>
      <object_component id="oc-27f">
         <name>.debug_info</name>
         <load_address>0x285bf</load_address>
         <run_address>0x285bf</run_address>
         <size>0x26b</size>
         <input_file_ref idref="fl-23"/>
      </object_component>
      <object_component id="oc-13a">
         <name>.debug_info</name>
         <load_address>0x2882a</load_address>
         <run_address>0x2882a</run_address>
         <size>0x4b7f</size>
         <input_file_ref idref="fl-23"/>
      </object_component>
      <object_component id="oc-240">
         <name>.debug_info</name>
         <load_address>0x2d3a9</load_address>
         <run_address>0x2d3a9</run_address>
         <size>0x3ed</size>
         <input_file_ref idref="fl-23"/>
      </object_component>
      <object_component id="oc-345">
         <name>.debug_info</name>
         <load_address>0x2d796</load_address>
         <run_address>0x2d796</run_address>
         <size>0x146</size>
         <input_file_ref idref="fl-23"/>
      </object_component>
      <object_component id="oc-3a3">
         <name>.debug_info</name>
         <load_address>0x2d8dc</load_address>
         <run_address>0x2d8dc</run_address>
         <size>0x266</size>
         <input_file_ref idref="fl-de"/>
      </object_component>
      <object_component id="oc-2b1">
         <name>.debug_info</name>
         <load_address>0x2db42</load_address>
         <run_address>0x2db42</run_address>
         <size>0x177</size>
         <input_file_ref idref="fl-de"/>
      </object_component>
      <object_component id="oc-459">
         <name>.debug_info</name>
         <load_address>0x2dcb9</load_address>
         <run_address>0x2dcb9</run_address>
         <size>0x46</size>
         <input_file_ref idref="fl-de"/>
      </object_component>
      <object_component id="oc-39e">
         <name>.debug_info</name>
         <load_address>0x2dcff</load_address>
         <run_address>0x2dcff</run_address>
         <size>0x39</size>
         <input_file_ref idref="fl-de"/>
      </object_component>
      <object_component id="oc-5a">
         <name>.debug_info</name>
         <load_address>0x2dd38</load_address>
         <run_address>0x2dd38</run_address>
         <size>0x15e</size>
         <input_file_ref idref="fl-df"/>
      </object_component>
      <object_component id="oc-df">
         <name>.debug_info</name>
         <load_address>0x2de96</load_address>
         <run_address>0x2de96</run_address>
         <size>0x126</size>
         <input_file_ref idref="fl-e0"/>
      </object_component>
      <object_component id="oc-231">
         <name>.debug_info</name>
         <load_address>0x2dfbc</load_address>
         <run_address>0x2dfbc</run_address>
         <size>0x529</size>
         <input_file_ref idref="fl-e1"/>
      </object_component>
      <object_component id="oc-104">
         <name>.debug_info</name>
         <load_address>0x2e4e5</load_address>
         <run_address>0x2e4e5</run_address>
         <size>0x17d</size>
         <input_file_ref idref="fl-e1"/>
      </object_component>
      <object_component id="oc-307">
         <name>.debug_info</name>
         <load_address>0x2e662</load_address>
         <run_address>0x2e662</run_address>
         <size>0x39</size>
         <input_file_ref idref="fl-e1"/>
      </object_component>
      <object_component id="oc-3c8">
         <name>.debug_info</name>
         <load_address>0x2e69b</load_address>
         <run_address>0x2e69b</run_address>
         <size>0x39</size>
         <input_file_ref idref="fl-e1"/>
      </object_component>
      <object_component id="oc-30c">
         <name>.debug_info</name>
         <load_address>0x2e6d4</load_address>
         <run_address>0x2e6d4</run_address>
         <size>0x39</size>
         <input_file_ref idref="fl-e1"/>
      </object_component>
      <object_component id="oc-311">
         <name>.debug_info</name>
         <load_address>0x2e70d</load_address>
         <run_address>0x2e70d</run_address>
         <size>0xcd</size>
         <input_file_ref idref="fl-e1"/>
      </object_component>
      <object_component id="oc-dd">
         <name>.debug_info</name>
         <load_address>0x2e7da</load_address>
         <run_address>0x2e7da</run_address>
         <size>0x2f0</size>
         <input_file_ref idref="fl-e3"/>
      </object_component>
      <object_component id="oc-6b">
         <name>.debug_info</name>
         <load_address>0x2eaca</load_address>
         <run_address>0x2eaca</run_address>
         <size>0x177</size>
         <input_file_ref idref="fl-e3"/>
      </object_component>
      <object_component id="oc-d8">
         <name>.debug_info</name>
         <load_address>0x2ec41</load_address>
         <run_address>0x2ec41</run_address>
         <size>0x46</size>
         <input_file_ref idref="fl-e3"/>
      </object_component>
      <object_component id="oc-63">
         <name>.debug_info</name>
         <load_address>0x2ec87</load_address>
         <run_address>0x2ec87</run_address>
         <size>0x27a</size>
         <input_file_ref idref="fl-e4"/>
      </object_component>
      <object_component id="oc-15">
         <name>.debug_info</name>
         <load_address>0x2ef01</load_address>
         <run_address>0x2ef01</run_address>
         <size>0x1ac</size>
         <input_file_ref idref="fl-e4"/>
      </object_component>
      <object_component id="oc-5e">
         <name>.debug_info</name>
         <load_address>0x2f0ad</load_address>
         <run_address>0x2f0ad</run_address>
         <size>0x46</size>
         <input_file_ref idref="fl-e4"/>
      </object_component>
      <object_component id="oc-d0">
         <name>.debug_info</name>
         <load_address>0x2f0f3</load_address>
         <run_address>0x2f0f3</run_address>
         <size>0x2c</size>
         <input_file_ref idref="fl-e4"/>
      </object_component>
      <object_component id="oc-ce">
         <name>.debug_info</name>
         <load_address>0x2f11f</load_address>
         <run_address>0x2f11f</run_address>
         <size>0x275</size>
         <input_file_ref idref="fl-e5"/>
      </object_component>
      <object_component id="oc-f">
         <name>.debug_info</name>
         <load_address>0x2f394</load_address>
[...]
         <value>0x8003178</value>
         <object_component_ref idref="oc-1b8"/>
      </symbol>
      <symbol id="sm-af0">
         <name>vPortEndScheduler</name>
         <value>0x4e4c</value>
         <object_component_ref idref="oc-278"/>
      </symbol>
      <symbol id="sm-af1">
         <name>ulCriticalNesting</name>
         <value>0x8003174</value>
         <object_component_ref idref="oc-1b8"/>
      </symbol>
      <symbol id="sm-af2">
         <name>pxPortInitialiseStack</name>
         <value>0x4aa4</value>
         <object_component_ref idref="oc-278"/>
      </symbol>
      <symbol id="sm-af3">
         <name>xPortStartScheduler</name>
         <value>0x4e2c</value>
         <object_component_ref idref="oc-278"/>
      </symbol>
      <symbol id="sm-b0e">
         <name>prvMpuSetRegion</name>
         <value>0x4a4c</value>
         <object_component_ref idref="oc-ac"/>
      </symbol>
      <symbol id="sm-b0f">
         <name>vPortStartFirstTask</name>
         <value>0x45f8</value>
         <object_component_ref idref="oc-ac"/>
      </symbol>
      <symbol id="sm-b10">
         <name>vPortYeildWithinAPI</name>
         <value>0x4774</value>
         <object_component_ref idref="oc-ac"/>
      </symbol>
      <symbol id="sm-b11">
         <name>vPortPreemptiveTick</name>
         <value>0x4868</value>
         <object_component_ref idref="oc-ac"/>
      </symbol>
      <symbol id="sm-b12">
         <name>prvMpuDisable</name>
         <value>0x4a7c</value>
         <object_component_ref idref="oc-ac"/>
      </symbol>
      <symbol id="sm-b13">
         <name>prvMpuEnable</name>
         <value>0x4a64</value>
         <object_component_ref idref="oc-ac"/>
      </symbol>
      <symbol id="sm-b14">
         <name>vPortInitialiseFPSCR</name>
         <value>0x4968</value>
         <object_component_ref idref="oc-ac"/>
      </symbol>
      <symbol id="sm-b15">
         <name>ulPortCountLeadingZeros</name>
         <value>0x4974</value>
         <object_component_ref idref="oc-ac"/>
      </symbol>
      <symbol id="sm-b16">
         <name>vPortYieldProcessor</name>
         <value>0x4688</value>
         <object_component_ref idref="oc-ac"/>
      </symbol>
      <symbol id="sm-b17">
         <name>vPortSWI</name>
         <value>0x497c</value>
         <object_component_ref idref="oc-ac"/>
      </symbol>
      <symbol id="sm-bd5">
         <name>xQueuePeekFromISR</name>
         <value>0x381c</value>
         <object_component_ref idref="oc-245"/>
      </symbol>
      <symbol id="sm-bd6">
         <name>xQueueIsQueueEmptyFromISR</name>
         <value>0x3cfc</value>
         <object_component_ref idref="oc-245"/>
      </symbol>
      <symbol id="sm-bd7">
         <name>xQueueGenericSendFromISR</name>
         <value>0x3100</value>
         <object_component_ref idref="oc-245"/>
      </symbol>
      <symbol id="sm-bd8">
         <name>uxQueueMessagesWaiting</name>
         <value>0x3910</value>
         <object_component_ref idref="oc-245"/>
      </symbol>
      <symbol id="sm-bd9">
         <name>xQueueIsQueueFullFromISR</name>
         <value>0x3d88</value>
         <object_component_ref idref="oc-245"/>
      </symbol>
      <symbol id="sm-bda">
         <name>xQueueGenericCreate</name>
         <value>0x2d24</value>
         <object_component_ref idref="oc-245"/>
      </symbol>
      <symbol id="sm-bdb">
         <name>xQueueGenericSend</name>
         <value>0x2e40</value>
         <object_component_ref idref="oc-245"/>
      </symbol>
      <symbol id="sm-bdc">
         <name>xQueueGenericReset</name>
         <value>0x2bfc</value>
         <object_component_ref idref="oc-245"/>
      </symbol>
      <symbol id="sm-bdd">
         <name>xQueueReceiveFromISR</name>
         <value>0x36d4</value>
         <object_component_ref idref="oc-245"/>
      </symbol>
      <symbol id="sm-bde">
         <name>uxQueueSpacesAvailable</name>
         <value>0x3948</value>
         <object_component_ref idref="oc-245"/>
      </symbol>
      <symbol id="sm-bdf">
         <name>xQueueGiveFromISR</name>
         <value>0x3290</value>
         <object_component_ref idref="oc-245"/>
      </symbol>
      <symbol id="sm-be0">
         <name>uxQueueMessagesWaitingFromISR</name>
         <value>0x3994</value>
         <object_component_ref idref="oc-245"/>
      </symbol>
      <symbol id="sm-be1">
         <name>xQueueGenericReceive</name>
         <value>0x33fc</value>
         <object_component_ref idref="oc-245"/>
      </symbol>
      <symbol id="sm-be2">
         <name>vQueueDelete</name>
         <value>0x39c4</value>
         <object_component_ref idref="oc-245"/>
      </symbol>
      <symbol id="sm-dcc">
         <name>xTaskCreateRestricted</name>
         <value>0x20</value>
         <object_component_ref idref="oc-139"/>
      </symbol>
      <symbol id="sm-dcd">
         <name>vTaskDelay</name>
         <value>0x80c</value>
         <object_component_ref idref="oc-139"/>
      </symbol>
      <symbol id="sm-dce">
         <name>vTaskSuspendAll</name>
         <value>0x10a0</value>
         <object_component_ref idref="oc-139"/>
      </symbol>
      <symbol id="sm-dcf">
         <name>vTaskPlaceOnEventList</name>
         <value>0x1ad0</value>
         <object_component_ref idref="oc-139"/>
      </symbol>
      <symbol id="sm-dd0">
         <name>pvTaskGetThreadLocalStoragePointer</name>
         <value>0x1ff8</value>
         <object_component_ref idref="oc-139"/>
      </symbol>
      <symbol id="sm-dd1">
         <name>uxTaskPriorityGetFromISR</name>
         <value>0x9d8</value>
         <object_component_ref idref="oc-139"/>
      </symbol>
      <symbol id="sm-dd2">
         <name>ulTaskNotifyTake</name>
         <value>0x2390</value>
         <object_component_ref idref="oc-139"/>
      </symbol>
      <symbol id="sm-dd3">
         <name>pcTaskGetName</name>
         <value>0x1354</value>
         <object_component_ref idref="oc-139"/>
      </symbol>
      <symbol id="sm-dd4">
         <name>xTaskCheckForTimeOut</name>
         <value>0x1dd0</value>
         <object_component_ref idref="oc-139"/>
      </symbol>
      <symbol id="sm-dd5">
         <name>xTaskRemoveFromUnorderedEventList</name>
         <value>0x1c88</value>
         <object_component_ref idref="oc-139"/>
      </symbol>
      <symbol id="sm-dd6">
         <name>vTaskPrioritySet</name>
         <value>0xa20</value>
         <object_component_ref idref="oc-139"/>
      </symbol>
      <symbol id="sm-dd7">
         <name>vTaskAllocateMPURegions</name>
         <value>0x2064</value>
         <object_component_ref idref="oc-139"/>
      </symbol>
      <symbol id="sm-dd8">
         <name>xTaskAbortDelay</name>
         <value>0x16c8</value>
         <object_component_ref idref="oc-139"/>
      </symbol>
      <symbol id="sm-dd9">
         <name>vTaskStartScheduler</name>
         <value>0xfec</value>
         <object_component_ref idref="oc-139"/>
      </symbol>
      <symbol id="sm-dda">
         <name>xTaskNotifyStateClear</name>
         <value>0x14c64</value>
         <object_component_ref idref="oc-23f"/>
      </symbol>
      <symbol id="sm-ddb">
         <name>uxTaskGetStackHighWaterMark</name>
         <value>0x223c</value>
         <object_component_ref idref="oc-139"/>
      </symbol>
      <symbol id="sm-ddc">
         <name>vTaskSetThreadLocalStoragePointer</name>
         <value>0x1f94</value>
         <object_component_ref idref="oc-139"/>
      </symbol>
      <symbol id="sm-ddd">
         <name>xTaskGenericNotify</name>
         <value>0x2580</value>
         <object_component_ref idref="oc-139"/>
      </symbol>
      <symbol id="sm-dde">
         <name>xTaskCreate</name>
         <value>0xfc</value>
         <object_component_ref idref="oc-139"/>
      </symbol>
      <symbol id="sm-ddf">
         <name>vTaskDelayUntil</name>
         <value>0x6a0</value>
         <object_component_ref idref="oc-139"/>
      </symbol>
      <symbol id="sm-de0">
         <name>vTaskEndScheduler</name>
         <value>0x1084</value>
         <object_component_ref idref="oc-139"/>
      </symbol>
      <symbol id="sm-de1">
         <name>xTaskNotifyWait</name>
         <value>0x2468</value>
         <object_component_ref idref="oc-139"/>
      </symbol>
      <symbol id="sm-de2">
         <name>vTaskMissedYield</name>
         <value>0x1f08</value>
         <object_component_ref idref="oc-139"/>
      </symbol>
      <symbol id="sm-de3">
         <name>uxTaskGetNumberOfTasks</name>
         <value>0x1348</value>
         <object_component_ref idref="oc-139"/>
      </symbol>
      <symbol id="sm-de4">
         <name>xTaskGenericNotifyFromISR</name>
         <value>0x2754</value>
         <object_component_ref idref="oc-139"/>
      </symbol>
      <symbol id="sm-de5">
         <name>uxTaskPriorityGet</name>
         <value>0x994</value>
         <object_component_ref idref="oc-139"/>
      </symbol>
      <symbol id="sm-de6">
         <name>vTaskStepTick</name>
         <value>0x166c</value>
         <object_component_ref idref="oc-139"/>
      </symbol>
      <symbol id="sm-de7">
         <name>xTaskResumeAll</name>
         <value>0x1158</value>
         <object_component_ref idref="oc-139"/>
      </symbol>
      <symbol id="sm-de8">
         <name>xTaskGetHandle</name>
         <value>0x152c</value>
         <object_component_ref idref="oc-139"/>
      </symbol>
      <symbol id="sm-de9">
         <name>xTaskGetTickCount</name>
         <value>0x1308</value>
         <object_component_ref idref="oc-139"/>
      </symbol>
      <symbol id="sm-dea">
         <name>vTaskDelete</name>
         <value>0x538</value>
         <object_component_ref idref="oc-139"/>
      </symbol>
      <symbol id="sm-deb">
         <name>pxCurrentTCB</name>
         <value>0x80008d0</value>
         <object_component_ref idref="oc-1b5"/>
      </symbol>
      <symbol id="sm-dec">
         <name>vTaskNotifyGiveFromISR</name>
         <value>0x2954</value>
         <object_component_ref idref="oc-139"/>
      </symbol>
      <symbol id="sm-ded">
         <name>eTaskGetState</name>
         <value>0x890</value>
         <object_component_ref idref="oc-139"/>
      </symbol>
      <symbol id="sm-dee">
         <name>vTaskSuspend</name>
         <value>0xc18</value>
         <object_component_ref idref="oc-139"/>
      </symbol>
      <symbol id="sm-def">
         <name>xTaskGetIdleTaskHandle</name>
         <value>0x1634</value>
         <object_component_ref idref="oc-139"/>
      </symbol>
      <symbol id="sm-df0">
         <name>xTaskGetTickCountFromISR</name>
         <value>0x1324</value>
         <object_component_ref idref="oc-139"/>
      </symbol>
      <symbol id="sm-df1">
         <name>vTaskResume</name>
         <value>0xe20</value>
         <object_component_ref idref="oc-139"/>
      </symbol>
      <symbol id="sm-df2">
         <name>vTaskSetTimeOutState</name>
         <value>0x1d90</value>
         <object_component_ref idref="oc-139"/>
      </symbol>
      <symbol id="sm-df3">
         <name>xTaskIncrementTick</name>
         <value>0x17c8</value>
         <object_component_ref idref="oc-139"/>
      </symbol>
      <symbol id="sm-df4">
         <name>vTaskSwitchContext</name>
         <value>0x19f0</value>
         <object_component_ref idref="oc-139"/>
      </symbol>
      <symbol id="sm-df5">
         <name>uxTaskResetEventItemValue</name>
         <value>0x2354</value>
         <object_component_ref idref="oc-139"/>
      </symbol>
      <symbol id="sm-df6">
         <name>xTaskGetSchedulerState</name>
         <value>0x2304</value>
         <object_component_ref idref="oc-139"/>
      </symbol>
      <symbol id="sm-df7">
         <name>xTaskResumeFromISR</name>
         <value>0xf04</value>
         <object_component_ref idref="oc-139"/>
      </symbol>
      <symbol id="sm-df8">
         <name>vTaskPlaceOnUnorderedEventList</name>
         <value>0x1b14</value>
         <object_component_ref idref="oc-139"/>
      </symbol>
      <symbol id="sm-df9">
         <name>xTaskRemoveFromEventList</name>
         <value>0x1b98</value>
         <object_component_ref idref="oc-139"/>
      </symbol>
      <symbol id="sm-dfa">
         <name>eTaskConfirmSleepModeStatus</name>
         <value>0x1f18</value>
         <object_component_ref idref="oc-139"/>
      </symbol>
      <symbol id="sm-e20">
         <name>floorl</name>
         <value>0x14f80</value>
         <object_component_ref idref="oc-2b0"/>
      </symbol>
      <symbol id="sm-e21">
         <name>floor</name>
         <value>0x14f80</value>
         <object_component_ref idref="oc-2b0"/>
      </symbol>
      <symbol id="sm-e3a">
         <name>memcpy</name>
         <value>0x14884</value>
         <object_component_ref idref="oc-58"/>
      </symbol>
      <symbol id="sm-e3b">
         <name>__aeabi_memcpy</name>
         <value>0x14884</value>
         <object_component_ref idref="oc-58"/>
      </symbol>
      <symbol id="sm-e3c">
         <name>__aeabi_memcpy8</name>
         <value>0x14884</value>
         <object_component_ref idref="oc-58"/>
      </symbol>
      <symbol id="sm-e3d">
         <name>__aeabi_memcpy4</name>
         <value>0x14884</value>
         <object_component_ref idref="oc-58"/>
      </symbol>
      <symbol id="sm-e4c">
         <name>__aeabi_memset</name>
         <value>0x156e4</value>
         <object_component_ref idref="oc-de"/>
      </symbol>
      <symbol id="sm-e4d">
         <name>memset</name>
         <value>0x156f0</value>
         <object_component_ref idref="oc-de"/>
      </symbol>
      <symbol id="sm-e4e">
         <name>__aeabi_memset8</name>
         <value>0x156e4</value>
         <object_component_ref idref="oc-de"/>
      </symbol>
      <symbol id="sm-e4f">
         <name>__aeabi_memset4</name>
         <value>0x156e4</value>
         <object_component_ref idref="oc-de"/>
      </symbol>
      <symbol id="sm-e50">
         <name>__aeabi_memclr8</name>
         <value>0x156e0</value>
         <object_component_ref idref="oc-de"/>
      </symbol>
      <symbol id="sm-e51">
         <name>__aeabi_memclr4</name>
         <value>0x156e0</value>
         <object_component_ref idref="oc-de"/>
      </symbol>
      <symbol id="sm-e52">
         <name>__aeabi_memclr</name>
         <value>0x156e0</value>
         <object_component_ref idref="oc-de"/>
      </symbol>
      <symbol id="sm-e7a">
         <name>__TI_auto_init_nobinit_nopinit</name>
         <value>0x15abc</value>
         <object_component_ref idref="oc-103"/>
      </symbol>
      <symbol id="sm-e8d">
         <name>__TI_zero_init</name>
         <value>0x15d9c</value>
         <object_component_ref idref="oc-6a"/>
      </symbol>
      <symbol id="sm-ea4">
         <name>__TI_decompress_none</name>
         <value>0x15d88</value>
         <object_component_ref idref="oc-14"/>
      </symbol>
      <symbol id="sm-ec7">
         <name>__TI_decompress_lzss</name>
         <value>0x15828</value>
         <object_component_ref idref="oc-e"/>
      </symbol>
      <symbol id="sm-ed2">
         <name>C$$EXIT</name>
         <value>0x15db8</value>
         <object_component_ref idref="oc-1a9"/>
      </symbol>
      <symbol id="sm-ed3">
         <name>abort</name>
         <value>0x15db8</value>
         <object_component_ref idref="oc-1a9"/>
      </symbol>
      <symbol id="sm-efb">
         <name>sprintf</name>
         <value>0x15b88</value>
         <object_component_ref idref="oc-13f"/>
      </symbol>
      <symbol id="sm-f09">
         <name>strlen</name>
         <value>0x15d38</value>
         <object_component_ref idref="oc-145"/>
      </symbol>
      <symbol id="sm-104e">
         <name>__TI_printfi</name>
         <value>0xb6ec</value>
         <object_component_ref idref="oc-283"/>
      </symbol>
      <symbol id="sm-1061">
         <name>atoi</name>
         <value>0x15944</value>
         <object_component_ref idref="oc-34a"/>
      </symbol>
      <symbol id="sm-106c">
         <name>_ctypes_</name>
         <value>0x15fe0</value>
         <object_component_ref idref="oc-3f6"/>
      </symbol>
      <symbol id="sm-107a">
         <name>ltoa</name>
         <value>0x159c8</value>
         <object_component_ref idref="oc-406"/>
      </symbol>
      <symbol id="sm-1089">
         <name>memccpy</name>
         <value>0x15cc0</value>
         <object_component_ref idref="oc-36e"/>
      </symbol>
      <symbol id="sm-1097">
         <name>strchr</name>
         <value>0x15cec</value>
         <object_component_ref idref="oc-433"/>
      </symbol>
      <symbol id="sm-10ad">
         <name>__aeabi_errno_addr</name>
         <value>0x15dac</value>
         <object_component_ref idref="oc-37a"/>
      </symbol>
      <symbol id="sm-10ae">
         <name>errno</name>
         <value>0x8003194</value>
         <object_component_ref idref="oc-443"/>
      </symbol>
      <symbol id="sm-10cb">
         <name>frexpl</name>
         <value>0x158b8</value>
         <object_component_ref idref="oc-427"/>
      </symbol>
      <symbol id="sm-10cc">
         <name>frexp</name>
         <value>0x158b8</value>
         <object_component_ref idref="oc-427"/>
      </symbol>
      <symbol id="sm-10e6">
         <name>scalbn</name>
         <value>0x151f8</value>
         <object_component_ref idref="oc-42d"/>
      </symbol>
      <symbol id="sm-10e7">
         <name>scalbnl</name>
         <value>0x151f8</value>
         <object_component_ref idref="oc-42d"/>
      </symbol>
      <symbol id="sm-10e8">
         <name>ldexpl</name>
         <value>0x151f8</value>
         <object_component_ref idref="oc-42d"/>
      </symbol>
      <symbol id="sm-10e9">
         <name>ldexp</name>
         <value>0x151f8</value>
         <object_component_ref idref="oc-42d"/>
      </symbol>
      <symbol id="sm-1101">
         <name>wcslen</name>
         <value>0x15d14</value>
         <object_component_ref idref="oc-374"/>
      </symbol>
      <symbol id="sm-110d">
         <name>__aeabi_idivmod</name>
         <value>0x15bec</value>
         <object_component_ref idref="oc-471"/>
      </symbol>
      <symbol id="sm-110e">
         <name>__aeabi_idiv</name>
         <value>0x15bec</value>
         <object_component_ref idref="oc-471"/>
      </symbol>
      <symbol id="sm-111a">
         <name>__aeabi_uidivmod</name>
         <value>0x15c40</value>
         <object_component_ref idref="oc-400"/>
      </symbol>
      <symbol id="sm-111b">
         <name>__aeabi_uidiv</name>
         <value>0x15c40</value>
         <object_component_ref idref="oc-400"/>
      </symbol>
      <symbol id="sm-1137">
         <name>__aeabi_uldivmod</name>
         <value>0x13ed4</value>
         <object_component_ref idref="oc-3fb"/>
      </symbol>
      <symbol id="sm-1141">
         <name>copysign</name>
         <value>0x15d58</value>
         <object_component_ref idref="oc-483"/>
      </symbol>
      <symbol id="sm-1142">
         <name>copysignl</name>
         <value>0x15d58</value>
         <object_component_ref idref="oc-483"/>
      </symbol>
      <symbol id="sm-114c">
         <name>__aeabi_idiv0</name>
         <value>0x15dc8</value>
         <object_component_ref idref="oc-46b"/>
      </symbol>
      <symbol id="sm-114d">
         <name>__aeabi_ldiv0</name>
         <value>0x15dc8</value>
         <object_component_ref idref="oc-46b"/>
      </symbol>
      <symbol id="sm-114e">
         <name>__TI_static_base__</name>
         <value>0x0</value>
      </symbol>
      <symbol id="sm-1152">
         <name>SHT$$INIT_ARRAY$$Base</name>
         <value>0x0</value>
      </symbol>
      <symbol id="sm-1153">
         <name>SHT$$INIT_ARRAY$$Limit</name>
         <value>0x0</value>
      </symbol>
      <symbol id="sm-1154">
         <name>_system_post_cinit</name>
         <value>0x0</value>
      </symbol>
   </symbol_table>
   <title>Link successful</title>
</link_info>
