******************************************************************************
                  TI ARM Linker Unix v18.1.4                   
******************************************************************************
>> Linked Tue Apr  9 11:35:29 2019

OUTPUT FILE NAME:   <Build-TMS570LC43x.out>
ENTRY POINT SYMBOL: "_c_int00"  address: 000591d0


MEMORY CONFIGURATION

         name            origin    length      used     unused   attr    fill
----------------------  --------  ---------  --------  --------  ----  --------
  VECTORS               00000000   00000020  00000020  00000000     X
  FLASH0                00000020   001fffe0  001fffe0  00000000  R  X  0 
  FLASH1                00200000   00200000  00200000  00000000  R  X  0 
  STACKS                08000000   00001500  00000000  00001500  RW  
  RAM                   08001500   0002eb00  00013242  0001b8be  RW  


SEGMENT ALLOCATION MAP

run origin  load origin   length   init length attrs members
----------  ----------- ---------- ----------- ----- -------
00000000    00000000    00400000   00400000    r-x
  00000000    00000000    00000020   00000020    r-x .intvecs
  00000020    00000020    00041a34   00041a34    r-- .const
  00041a54    00041a54    00000004   00000004    r-- $fill000
  00041a58    00041a58    00017cd0   00017cd0    r-x .text
  00059728    00059728    00000160   00000160    r-- .cinit
  00059888    00059888    001a6778   001a6778    r-- $fill001
  00200000    00200000    00200000   00200000    r-- $fill002
08001500    08001500    00013242   00000000    rw-
  08001500    08001500    000130d0   00000000    rw- .bss
  080145d0    080145d0    00000172   00000000    rw- .data


SECTION ALLOCATION MAP

 output                                  attributes/
section   page    origin      length       input sections
--------  ----  ----------  ----------   ----------------
.intvecs   0    00000000    00000020     
                  00000000    00000020     HL_sys_intvecs.obj (.intvecs)

.const     0    00000020    00041a34     
                  00000020    000363f5     fs.obj (.const:.string:data_img_Hercules_block_diagram_gif)
                  00036415    00007127     fs.obj (.const:.string:data_index_html)
                  0003d53c    0000293b     fs.obj (.const:.string:data_main_css)
                  0003fe77    00000d4b     fs.obj (.const:.string:data_img_ti_logo_gif)
                  00040bc2    00000777     fs.obj (.const:.string:data_IE60Fixes_css)
                  00041339    00000289     fs.obj (.const:.string:data_404_html)
                  000415c2    00000002     --HOLE-- [fill = 0]
                  000415c4    00000200     HL_sys_vim.obj (.const:s_vim_init)
                  000417c4    000000a0     fs.obj (.const:.string:data_BreadCrumbs_css)
                  00041864    00000078     lwiplib.obj (.const:.string)
                  000418dc    00000040     httpd.obj (.const:.string)
                  0004191c    0000002c     lwiplib.obj (.const:tcp_state_str)
                  00041948    00000028     httpd.obj (.const:g_psDefaultFilenames)
                  00041970    00000014     fs.obj (.const:file_404_html)
                  00041984    00000014     fs.obj (.const:file_BreadCrumbs_css)
                  00041998    00000014     fs.obj (.const:file_IE60Fixes_css)
                  000419ac    00000014     fs.obj (.const:file_img_Hercules_block_diagram_gif)
                  000419c0    00000014     fs.obj (.const:file_img_ti_logo_gif)
                  000419d4    00000014     fs.obj (.const:file_index_html)
                  000419e8    00000014     fs.obj (.const:file_main_css)
                  000419fc    00000010     lwiplib.obj (.const:memp_num)
                  00041a0c    00000010     lwiplib.obj (.const:memp_sizes)
                  00041a1c    00000010     lwiplib.obj (.const:tcp_pcb_lists)
                  00041a2c    0000000d     lwiplib.obj (.const:.string:tcp_backoff)
                  00041a39    00000007     lwiplib.obj (.const:.string:tcp_persist_backoff)
                  00041a40    00000006     lwiplib.obj (.const:ethbroadcast)
                  00041a46    00000006     lwiplib.obj (.const:ethzero)
                  00041a4c    00000004     lwiplib.obj (.const:ip_addr_any)
                  00041a50    00000004     lwiplib.obj (.const:ip_addr_broadcast)

.text      0    00041a58    00017cd0     
                  00041a58    000104bc     lwiplib.obj (.text)
                  00051f14    0000183c     HL_emac.obj (.text)
                  00053750    00000f38     httpd.obj (.text)
                  00054688    000009d4     HL_pinmux.obj (.text)
                  0005505c    00000938     HL_sys_vim.obj (.text)
                  00055994    00000814     HL_sci.obj (.text)
                  000561a8    000007bc     HL_esm.obj (.text)
                  00056964    00000698     HL_phy_dp83640.obj (.text)
                  00056ffc    000005e4     lwip_main.obj (.text)
                  000575e0    00000538     HL_system.obj (.text)
                  00057b18    00000528     timers.obj (.text)
                  00058040    00000408     HL_sys_core.obj (.text)
                  00058448    000003a0     HL_sys_mpu.obj (.text)
                  000587e8    0000034c     HL_sys_vim.obj (.text:retain)
                  00058b34    000001c4     HL_mdio.obj (.text)
                  00058cf8    00000188     HL_esm.obj (.text:retain)
                  00058e80    00000180     rtsv7R4_A_be_v3D16_eabi.lib : memcpy32.asm.obj (.text)
                  00059000    00000104     fs.obj (.text)
                  00059104    000000cc     HL_emac.obj (.text:retain)
                  000591d0    000000b8     HL_sys_startup.obj (.text:retain)
                  00059288    000000b0     rtsv7R4_A_be_v3D16_eabi.lib : memset32.asm.obj (.text)
                  00059338    000000a0     lwip_main.obj (.text:retain)
                  000593d8    00000094     HL_notification.obj (.text)
                  0005946c    00000090     rtsv7R4_A_be_v3D16_eabi.lib : copy_decompress_lzss.c.obj (.text:decompress:lzss:__TI_decompress_lzss)
                  000594fc    00000068                                 : autoinit.c.obj (.text:__TI_auto_init_nobinit_nopinit:__TI_auto_init_nobinit_nopinit)
                  00059564    00000054                                 : i_div32.asm.obj (.text)
                  000595b8    00000050                                 : u_div32.asm.obj (.text)
                  00059608    00000034                                 : memcmp.c.obj (.text:memcmp)
                  0005963c    00000034                                 : strncmp.c.obj (.text:strncmp)
                  00059670    00000028                                 : strchr.c.obj (.text:strchr)
                  00059698    00000028                                 : strcmp.c.obj (.text:strcmp)
                  000596c0    00000020                                 : strlen.c.obj (.text:strlen)
                  000596e0    00000014     HL_sys_main.obj (.text)
                  000596f4    00000014     rtsv7R4_A_be_v3D16_eabi.lib : copy_decompress_none.c.obj (.text:decompress:none:__TI_decompress_none)
                  00059708    00000010                                 : copy_zero_init.c.obj (.text:decompress:ZI:__TI_zero_init)
                  00059718    00000008                                 : exit.c.obj (.text:abort:abort)
                  00059720    00000004     HL_sys_phantom.obj (.text:retain)
                  00059724    00000004     rtsv7R4_A_be_v3D16_eabi.lib : div0.asm.obj (.text)

.cinit     0    00059728    00000160     
                  00059728    00000135     (.cinit..data.load) [load image, compression = lzss]
                  0005985d    00000003     --HOLE-- [fill = 0]
                  00059860    0000000c     (__TI_handler_table)
                  0005986c    00000004     --HOLE-- [fill = 0]
                  00059870    00000008     (.cinit..bss.load) [load image, compression = zero_init]
                  00059878    00000010     (__TI_cinit_table)

.bss       0    08001500    000130d0     UNINITIALIZED
                  08001500    00007814     (.common:ram_heap)
                  08008d14    00007594     lwiplib.obj (.bss:memp_memory)
                  080102a8    00003b24     HL_emac.obj (.bss:pbuf_array)
                  08013dcc    00000400     httpd.obj (.bss:httpd_req_buf)
                  080141cc    000000ea     (.common:lwip_stats)
                  080142b6    00000001     (.common:pbuf_free_ooseq_pending)
                  080142b7    00000001     (.common:tcp_active_pcbs_changed)
                  080142b8    000000c8     lwiplib.obj (.bss:arp_table)
                  08014380    00000054     lwiplib.obj (.bss:locatorData)
                  080143d4    00000050     HL_sci.obj (.bss:g_sciTransfer_t)
                  08014424    00000044     lwiplib.obj (.bss:hdkif_data)
                  08014468    0000003c     (.common:hdkif_data)
                  080144a4    00000037     lwiplib.obj (.bss)
                  080144db    00000001     --HOLE--
                  080144dc    00000034     lwiplib.obj (.bss:hdkNetIF)
                  08014510    00000028     (.common:dhcp_rx_options_val)
                  08014538    00000020     lwiplib.obj (.bss:memp_tab)
                  08014558    00000010     lwiplib.obj (.bss:inseg)
                  08014568    00000010     lwiplib.obj (.bss:str$3)
                  08014578    0000000c     timers.obj (.bss)
                  08014584    0000000c     (.common:dhcp_rx_options_given)
                  08014590    00000004     lwip_main.obj (.bss)
                  08014594    00000004     (.common:current_header)
                  08014598    00000004     (.common:current_iphdr_dest)
                  0801459c    00000004     (.common:current_iphdr_src)
                  080145a0    00000004     (.common:current_netif)
                  080145a4    00000004     (.common:netif_default)
                  080145a8    00000004     (.common:netif_list)
                  080145ac    00000004     (.common:tcp_active_pcbs)
                  080145b0    00000004     (.common:tcp_bound_pcbs)
                  080145b4    00000004     (.common:tcp_input_pcb)
                  080145b8    00000004     (.common:tcp_listen_pcbs)
                  080145bc    00000004     (.common:tcp_ticks)
                  080145c0    00000004     (.common:tcp_tmp_pcb)
                  080145c4    00000004     (.common:tcp_tw_pcbs)
                  080145c8    00000004     (.common:txtIPAddrItoA)
                  080145cc    00000004     (.common:udp_pcbs)

.data      0    080145d0    00000172     UNINITIALIZED
                  080145d0    0000002e     lwip_main.obj (.data:txtErrorInit)
                  080145fe    00000025     lwiplib.obj (.data:txtPhyGetAlSts)
                  08014623    00000024     lwiplib.obj (.data:txtPhyGetLnkSts)
                  08014647    0000001f     lwip_main.obj (.data:txtNote1)
                  08014666    0000001d     lwip_main.obj (.data:txtEnetInit)
                  08014683    0000001c     lwiplib.obj (.data:txtPhySetupLink)
                  0801469f    0000001b     lwiplib.obj (.data:txtPhyGetId)
                  080146ba    0000001a     lwip_main.obj (.data:txtTitle)
                  080146d4    00000014     lwip_main.obj (.data:txtIPAddrTxt)
                  080146e8    00000012     lwip_main.obj (.data:txtBigEndian)
                  080146fa    00000012     lwip_main.obj (.data:txtTI)
                  0801470c    0000000e     lwiplib.obj (.data:txtError)
                  0801471a    00000002     lwiplib.obj (.data:txtCRLF2)
                  0801471c    0000000c     lwiplib.obj (.data)
                  08014728    00000008     lwip_main.obj (.data)
                  08014730    00000008     lwiplib.obj (.data:txtSuccess)
                  08014738    00000006     HL_sys_main.obj (.data:emacAddress)
                  0801473e    00000002     lwip_main.obj (.data:txtCRLF)
                  08014740    00000002     lwiplib.obj (.data:txtProgress)

$fill000   0    00041a54    00000004     
                  00041a54    00000004     --HOLE-- [fill = 0]

$fill001   0    00059888    001a6778     
                  00059888    001a6778     --HOLE-- [fill = 0]

$fill002   0    00200000    00200000     
                  00200000    00200000     --HOLE-- [fill = 0]

MODULE SUMMARY

       Module                       code    ro data   rw data
       ------                       ----    -------   -------
    ./HALCoGen-TMS570LC43x/source/
       HL_emac.obj                  6408    0         15200  
       HL_sys_vim.obj               3204    512       0      
       HL_pinmux.obj                2516    0         0      
       HL_esm.obj                   2372    0         0      
       HL_sci.obj                   2068    0         80     
       HL_phy_dp83640.obj           1688    0         0      
       HL_system.obj                1336    0         0      
       HL_sys_core.obj              1032    0         0      
       HL_sys_mpu.obj               928     0         0      
       HL_mdio.obj                  452     0         0      
       HL_sys_startup.obj           184     0         0      
       HL_notification.obj          148     0         0      
       HL_sys_intvecs.obj           32      0         0      
       HL_sys_main.obj              20      0         6      
       HL_sys_phantom.obj           4       0         0      
    +--+----------------------------+-------+---------+---------+
       Total:                       22392   512       15286  
                                                             
    ./example/hdk/src/
       lwip_main.obj                1668    0         206    
    +--+----------------------------+-------+---------+---------+
       Total:                       1668    0         206    
                                                             
    ./lwip-1.4.1/apps/httpserver_raw/
       fs.obj                       260     267982    0      
       httpd.obj                    3896    104       1024   
    +--+----------------------------+-------+---------+---------+
       Total:                       4156    268086    1024   
                                                             
    ./lwip-1.4.1/ports/hdk/
       lwiplib.obj                  66748   252       61873  
    +--+----------------------------+-------+---------+---------+
       Total:                       66748   252       61873  
                                                             
    ./lwip-1.4.1/src/core/
       timers.obj                   1320    0         12     
    +--+----------------------------+-------+---------+---------+
       Total:                       1320    0         12     
                                                             
    /home/koitt/ti/ccsv8/tools/compiler/ti-cgt-arm_18.1.4.LTS/lib/rtsv7R4_A_be_v3D16_eabi.lib
       memcpy32.asm.obj             384     0         0      
       memset32.asm.obj             176     0         0      
       copy_decompress_lzss.c.obj   144     0         0      
       autoinit.c.obj               104     0         0      
       i_div32.asm.obj              84      0         0      
       u_div32.asm.obj              80      0         0      
       memcmp.c.obj                 52      0         0      
       strncmp.c.obj                52      0         0      
       strchr.c.obj                 40      0         0      
       strcmp.c.obj                 40      0         0      
       strlen.c.obj                 32      0         0      
       copy_decompress_none.c.obj   20      0         0      
       copy_zero_init.c.obj         16      0         0      
       exit.c.obj                   8       0         0      
       div0.asm.obj                 4       0         0      
    +--+----------------------------+-------+---------+---------+
       Total:                       1236    0         0      
                                                             
       Linker Generated:            0       345       0      
    +--+----------------------------+-------+---------+---------+
       Grand Total:                 97520   269195    78401  


LINKER GENERATED COPY TABLES

__TI_cinit_table @ 00059878 records: 2, size/record: 8, table size: 16
	.data: load addr=00059728, load size=00000135 bytes, run addr=080145d0, run size=00000172 bytes, compression=lzss
	.bss: load addr=00059870, load size=00000008 bytes, run addr=08001500, run size=000130d0 bytes, compression=zero_init


LINKER GENERATED HANDLER TABLE

__TI_handler_table @ 00059860 records: 3, size/record: 4, table size: 12
	index: 0, handler: __TI_zero_init
	index: 1, handler: __TI_decompress_lzss
	index: 2, handler: __TI_decompress_none


GLOBAL SYMBOLS: SORTED ALPHABETICALLY BY Name 

address   name                                
-------   ----                                
00059718  C$$EXIT                             
00056abc  Dp83640AutoNegotiate                
00056d54  Dp83640DisableLoopback              
00056cc4  Dp83640EnableLoopback               
00056dd8  Dp83640GetTimeStamp                 
00056964  Dp83640IDGet                        
000569dc  Dp83640LinkStatusGet                
00056c4c  Dp83640PartnerAbilityGet            
00056c74  Dp83640Reset                        
00059338  EMACCore0RxIsr                      
00059384  EMACCore0TxIsr                      
0005243c  EMACCoreIntAck                      
00052c0c  EMACDMAInit                         
000528e8  EMACDisableIdleState                
00052974  EMACDisableLoopback                 
0005210c  EMACDuplexSet                       
000528c4  EMACEnableIdleState                 
0005290c  EMACEnableLoopback                  
000527ec  EMACFrameSelect                     
000535b0  EMACGetConfigValue                  
00052e00  EMACHWInit                          
00052214  EMACInit                            
00052658  EMACInstConfig                      
00052640  EMACIntVectorGet                    
000526bc  EMACLinkSetup                       
000523b4  EMACMACAddrSet                      
00052350  EMACMACSrcAddrSet                   
000520e8  EMACMIIDisable                      
000520c4  EMACMIIEnable                       
00052614  EMACNumFreeBufSet                   
00052084  EMACRMIISpeedSet                    
00052b08  EMACReadNetStatRegisters            
00053410  EMACReceive                         
000524f8  EMACRxBroadCastDisable              
000524b4  EMACRxBroadCastEnable               
00052488  EMACRxCPWrite                       
000521a0  EMACRxDisable                       
00052184  EMACRxEnable                        
00052a48  EMACRxFlowControlDisable            
00052a24  EMACRxFlowControlEnable             
000521e8  EMACRxHdrDescPtrWrite               
00059168  EMACRxIntISR                        
00052028  EMACRxIntPulseDisable               
00051fcc  EMACRxIntPulseEnable                
00052b7c  EMACRxIntStat                       
00052578  EMACRxMultiCastDisable              
00052534  EMACRxMultiCastEnable               
00052ab4  EMACRxSetFlowThreshold              
000527c0  EMACRxTeardown                      
000525e4  EMACRxUnicastClear                  
000525b4  EMACRxUnicastSet                    
00052878  EMACSoftReset                       
00052a6c  EMACSwizzleData                     
000530fc  EMACTransmit                        
0005245c  EMACTxCPWrite                       
00052168  EMACTxDisable                       
0005214c  EMACTxEnable                        
00052a00  EMACTxFlowControlDisable            
000529dc  EMACTxFlowControlEnable             
000521bc  EMACTxHdrDescPtrWrite               
000532f8  EMACTxIntHandler                    
00059104  EMACTxIntISR                        
00051f70  EMACTxIntPulseDisable               
00051f14  EMACTxIntPulseEnable                
00052b2c  EMACTxIntStat                       
00052818  EMACTxPrioritySelect                
00052794  EMACTxTeardown                      
0005703c  EMAC_LwIP_Main                      
0005749c  IntMasterIRQDisable                 
00057494  IntMasterIRQEnable                  
000574a4  IntMasterStatusGet                  
00051a34  LocatorConfig                       
00058cd0  MDIODisable                         
00058cac  MDIOEnable                          
00058c64  MDIOInit                            
00058c34  MDIOPhyAliveStatusGet               
00058c4c  MDIOPhyLinkStatusGet                
00058b34  MDIOPhyRegRead                      
00058bcc  MDIOPhyRegWrite                     
UNDEFED   SHT$$INIT_ARRAY$$Base               
UNDEFED   SHT$$INIT_ARRAY$$Limit              
00059878  __TI_CINIT_Base                     
00059888  __TI_CINIT_Limit                    
00059860  __TI_Handler_Table_Base             
0005986c  __TI_Handler_Table_Limit            
00058440  __TI_PINIT_Base                     
00058444  __TI_PINIT_Limit                    
000594fc  __TI_auto_init_nobinit_nopinit      
0005946c  __TI_decompress_lzss                
000596f4  __TI_decompress_none                
ffffffff  __TI_pprof_out_hndl                 
ffffffff  __TI_prof_data_size                 
ffffffff  __TI_prof_data_start                
00000000  __TI_static_base__                  
00059708  __TI_zero_init                      
00059564  __aeabi_idiv                        
00059724  __aeabi_idiv0                       
00059564  __aeabi_idivmod                     
00059724  __aeabi_ldiv0                       
00059288  __aeabi_memclr                      
00059288  __aeabi_memclr4                     
00059288  __aeabi_memclr8                     
00058e80  __aeabi_memcpy                      
00058e80  __aeabi_memcpy4                     
00058e80  __aeabi_memcpy8                     
0005928c  __aeabi_memset                      
0005928c  __aeabi_memset4                     
0005928c  __aeabi_memset8                     
000595b8  __aeabi_uidiv                       
000595b8  __aeabi_uidivmod                    
ffffffff  __binit__                           
ffffffff  __c_args__                          
000591d0  _c_int00                            
000583e4  _cacheDisable_                      
000583b4  _cacheEnable_                       
00058394  _checkMemInitOn_                    
00058290  _coreClearAuxiliaryDataFault_       
000582ac  _coreClearAuxiliaryInstructionFault_
00058258  _coreClearDataFaultAddress_         
00058220  _coreClearDataFault_                
00058274  _coreClearInstructionFaultAddress_  
0005823c  _coreClearInstructionFault_         
000581e8  _coreDisableEventBusExport_         
000581d0  _coreEnableEventBusExport_          
00058200  _coreEnableIrqVicOffset_            
000581b8  _coreEnableVfp_                     
00058288  _coreGetAuxiliaryDataFault_         
000582a4  _coreGetAuxiliaryInstructionFault_  
00058250  _coreGetDataFaultAddress_           
00058218  _coreGetDataFault_                  
0005826c  _coreGetInstructionFaultAddress_    
00058234  _coreGetInstructionFault_           
00058040  _coreInitRegisters_                 
0005814c  _coreInitStackPointer_              
00058408  _dCacheInvalidate_                  
000582c0  _disable_IRQ_interrupt_             
000582c8  _enable_IRQ_interrupt_              
000582d0  _enable_interrupt_                  
000582d8  _esmCcmErrorsClear_                 
00058198  _getCPSRValue_                      
000581a0  _gotoCPUIdle_                       
00058424  _iCacheInvalidate_                  
00058360  _memInit_                           
00058790  _mpuAreRegionsSeparate_             
0005876c  _mpuDisableBackgroundRegion_        
00058734  _mpuDisable_                        
00058754  _mpuEnableBackgroundRegion_         
00058714  _mpuEnable_                         
00058784  _mpuGetNumberOfRegions_             
000587b4  _mpuGetRegionBaseAddress_           
000587d4  _mpuGetRegionPermission_            
000587c8  _mpuGetRegionType_                  
000587a4  _mpuGetRegion_                      
00058448  _mpuInit_                           
000587ac  _mpuSetRegionBaseAddress_           
000587e0  _mpuSetRegionSizeRegister_          
000587bc  _mpuSetRegionTypeAndPermission_     
0005879c  _mpuSetRegion_                      
UNDEFED   _system_post_cinit                  
00059718  abort                               
ffffffff  binit                               
08014728  countEMACCore0RxIsr                 
0801472c  countEMACCore0TxIsr                 
08014594  current_header                      
08014598  current_iphdr_dest                  
0801459c  current_iphdr_src                   
080145a0  current_netif                       
000420f0  dhcp_cleanup                        
00041ca8  dhcp_coarse_tmr                     
00041d3c  dhcp_fine_tmr                       
000422b0  dhcp_inform                         
000423fc  dhcp_network_changed                
00042b9c  dhcp_release                        
00042820  dhcp_renew                          
08014584  dhcp_rx_options_given               
08014510  dhcp_rx_options_val                 
000420c4  dhcp_set_struct                     
00042124  dhcp_start                          
00042d10  dhcp_stop                           
00059410  dmaGroupANotification               
08014738  emacAddress                         
0005945c  emacRxNotification                  
0005944c  emacTxNotification                  
00059438  epcCAMOverflowNotification          
0005943c  epcFIFOOverflowNotification         
000563e8  esmActivateNormalOperation          
00056540  esmClearStatus                      
00056598  esmClearStatusBuffer                
00056574  esmClearStatusUpper                 
00056394  esmDisableError                     
000563bc  esmDisableErrorUpper                
0005643c  esmDisableInterrupt                 
00056464  esmDisableInterruptUpper            
00056350  esmEnableError                      
00056378  esmEnableErrorUpper                 
000563f8  esmEnableInterrupt                  
00056420  esmEnableInterruptUpper             
000566b8  esmEnterSelfTest                    
00056334  esmError                            
00056790  esmGetConfigValue                   
000565d4  esmGetStatus                        
00056688  esmGetStatusBuffer                  
00056640  esmGetStatusUpper                   
000593d8  esmGroup1Notification               
000593ec  esmGroup2Notification               
00059400  esmGroup3Notification               
00058cf8  esmHighInterrupt                    
000561a8  esmInit                             
00056740  esmSelfTestStatus                   
000565b4  esmSetCounterPreloadValue           
00056480  esmSetInterruptLevel                
000564fc  esmSetInterruptLevelUpper           
000563d8  esmTriggerErrorPinReset             
0004fa2c  etharp_cleanup_netif                
0004fab0  etharp_find_addr                    
0004fea4  etharp_output                       
00050124  etharp_query                        
00050580  etharp_request                      
0004f41c  etharp_tmr                          
00041a40  ethbroadcast                        
000505dc  ethernet_input                      
00041a46  ethzero                             
00041970  file_404_html                       
00041984  file_BreadCrumbs_css                
00041998  file_IE60Fixes_css                  
000419ac  file_img_Hercules_block_diagram_gif 
000419c0  file_img_ti_logo_gif                
000419d4  file_index_html                     
000419e8  file_main_css                       
000590dc  fs_bytes_left                       
000590cc  fs_close                            
00059000  fs_open                             
00041948  g_psDefaultFilenames                
0005794c  getResetSource                      
08014468  hdkif_data                          
000512b8  hdkif_init                          
00051874  hdkif_link_status                   
00050850  hdkif_macaddrset                    
00051848  hdkif_netif_status                  
00051358  hdkif_rx_inthandler                 
000507e0  hdkif_swizzle_data                  
0005083c  hdkif_swizzle_rxp                   
00050828  hdkif_swizzle_txp                   
000516e4  hdkif_tx_inthandler                 
00054658  httpd_init                          
0004dd88  icmp_dest_unreach                   
0004da28  icmp_input                          
0004e3ac  inet_chksum                         
0004e3d4  inet_chksum_pbuf                    
0004dffc  inet_chksum_pseudo                  
0004e1c0  inet_chksum_pseudo_partial          
000572e4  iommLock                            
00057300  iommMuxEnableMdio                   
00057368  iommMuxEnableMii                    
0005731c  iommMuxEnableRmii                   
000572c8  iommUnlock                          
0004ed5c  ip4_addr_isbroadcast                
0004ee2c  ip4_addr_netmask_valid              
00041a4c  ip_addr_any                         
00041a50  ip_addr_broadcast                   
0004e5cc  ip_input                            
0004ece0  ip_output                           
0004ea5c  ip_output_if                        
0004e4d0  ip_route                            
0004eec0  ipaddr_addr                         
0004eeec  ipaddr_aton                         
0004f218  ipaddr_ntoa                         
0004f234  ipaddr_ntoa_r                       
00051be0  lwIPInit                            
00051e40  lwIPLinkStatusGet                   
00051e20  lwIPNetIfStatusGet                  
00051e68  lwIPRxIntHandler                    
00051e8c  lwIPTxIntHandler                    
00043c08  lwip_init                           
080141cc  lwip_stats                          
000596e0  main                                
0005777c  mapClocks                           
000444b8  mem_calloc                          
00043e20  mem_free                            
00043d70  mem_init                            
000441e4  mem_malloc                          
00043ef8  mem_trim                            
00059608  memcmp                              
00058e80  memcpy                              
00044778  memp_free                           
00044508  memp_init                           
00044670  memp_malloc                         
00059298  memset                              
00054688  muxInit                             
000447f8  netif_add                           
080145a4  netif_default                       
00044a08  netif_find                          
000447f0  netif_init                          
080145a8  netif_list                          
00044918  netif_remove                        
000448d4  netif_set_addr                      
00044c98  netif_set_default                   
00044d1c  netif_set_down                      
00044c20  netif_set_gw                        
00044abc  netif_set_ipaddr                    
00044dd8  netif_set_link_down                 
00044d64  netif_set_link_up                   
00044c60  netif_set_netmask                   
00044cc0  netif_set_up                        
00044eb8  pbuf_alloc                          
0004568c  pbuf_cat                            
0004571c  pbuf_chain                          
00045608  pbuf_clen                           
00045c58  pbuf_coalesce                       
000457d0  pbuf_copy                           
000459cc  pbuf_copy_partial                   
00045740  pbuf_dechain                        
000454f4  pbuf_free                           
00044e10  pbuf_free_ooseq                     
080142b6  pbuf_free_ooseq_pending             
00045cc8  pbuf_get_at                         
00045364  pbuf_header                         
00045d6c  pbuf_memcmp                         
00045e80  pbuf_memfind                        
00045220  pbuf_realloc                        
00045654  pbuf_ref                            
00045f2c  pbuf_strstr                         
00045b3c  pbuf_take                           
00050784  perf_init                           
000576c8  periphInit                          
00059720  phantomInterrupt                    
08001500  ram_heap                            
000460f4  raw_bind                            
00046130  raw_connect                         
00045fac  raw_input                           
000463c4  raw_new                             
0004616c  raw_recv                            
0004631c  raw_remove                          
000462f8  raw_send                            
0004619c  raw_sendto                          
00000000  resetEntry                          
00055ff4  sci1GetConfigValue                  
00055ea8  sciDisableLoopback                  
00055f5c  sciDisableNotification              
000574b8  sciDisplayText                      
00055e6c  sciEnableLoopback                   
00055ec4  sciEnableNotification               
00055994  sciInit                             
00055cec  sciIsIdleDetected                   
00055cd0  sciIsRxReady                        
00055b20  sciIsTxReady                        
00057518  sciNotification                     
00055d64  sciReceive                          
00055d38  sciReceiveByte                      
00055d08  sciRxError                          
00055b6c  sciSend                             
00055b3c  sciSendByte                         
00055aa0  sciSetBaudrate                      
00055a80  sciSetFunctional                    
00057688  setupFlash                          
000575e0  setupPLL                            
00056ffc  smallDelay                          
00046430  stats_init                          
00059670  strchr                              
00059698  strcmp                              
000596c0  strlen                              
0005963c  strncmp                             
00050794  sys_arch_protect                    
000507ac  sys_arch_unprotect                  
00057f00  sys_check_timeouts                  
000507c8  sys_now                             
00058004  sys_restart_timeouts                
00057c60  sys_timeout                         
00057c1c  sys_timeouts_init                   
00057e04  sys_untimeout                       
000578a8  systemInit                          
0005791c  systemPowerDown                     
00046954  tcp_abandon                         
00046a98  tcp_abort                           
000481c4  tcp_accept                          
080145ac  tcp_active_pcbs                     
080142b7  tcp_active_pcbs_changed             
00047f64  tcp_alloc                           
00048144  tcp_arg                             
00041a2c  tcp_backoff                         
00046ab0  tcp_bind                            
080145b0  tcp_bound_pcbs                      
00046840  tcp_close                           
00047084  tcp_connect                         
0004849c  tcp_debug_state_str                 
00048430  tcp_eff_send_mss                    
0004bec4  tcp_enqueue_flags                   
000481a4  tcp_err                             
00047a70  tcp_fasttmr                         
00046434  tcp_init                            
000484c4  tcp_input                           
080145b4  tcp_input_pcb                       
0004cb84  tcp_keepalive                       
080145b8  tcp_listen_pcbs                     
00046c64  tcp_listen_with_backlog             
00048134  tcp_new                             
00048408  tcp_next_iss                        
0004c200  tcp_output                          
00041a1c  tcp_pcb_lists                       
00048214  tcp_pcb_purge                       
000482dc  tcp_pcb_remove                      
00041a39  tcp_persist_backoff                 
000481e4  tcp_poll                            
00047b54  tcp_process_refused_data            
00048164  tcp_recv                            
00047d74  tcp_recv_null                       
00046f24  tcp_recved                          
0004c9c8  tcp_rexmit                          
0004caa8  tcp_rexmit_fast                     
0004c930  tcp_rexmit_rto                      
0004c820  tcp_rst                             
00047d28  tcp_seg_copy                        
00047cc8  tcp_seg_free                        
00047c88  tcp_segs_free                       
0004c12c  tcp_send_empty_ack                  
0004b364  tcp_send_fin                        
00048184  tcp_sent                            
00047d08  tcp_setprio                         
00046878  tcp_shutdown                        
00047378  tcp_slowtmr                         
0004191c  tcp_state_str                       
080145bc  tcp_ticks                           
00057b68  tcp_timer_needed                    
080145c0  tcp_tmp_pcb                         
00046438  tcp_tmr                             
080145c4  tcp_tw_pcbs                         
00046e48  tcp_update_rcv_ann_wnd              
0004b7c4  tcp_write                           
0004cc40  tcp_zero_window_probe               
00057640  trimLPO                             
080146e8  txtBigEndian                        
0801473e  txtCRLF                             
08014666  txtEnetInit                         
080145d0  txtErrorInit                        
080145c8  txtIPAddrItoA                       
080146d4  txtIPAddrTxt                        
08014647  txtNote1                            
080146fa  txtTI                               
080146ba  txtTitle                            
0004d674  udp_bind                            
0004d7d8  udp_connect                         
0004d8d8  udp_disconnect                      
0004cde4  udp_init                            
0004ce9c  udp_input                           
0004d9e8  udp_new                             
080145cc  udp_pcbs                            
0004d910  udp_recv                            
0004d940  udp_remove                          
0004d3a0  udp_send                            
0004d3cc  udp_sendto                          
0004d438  udp_sendto_if                       
00055130  vimChannelMap                       
0005539c  vimDisableInterrupt                 
000587e8  vimECCErrorHandler                  
000551d4  vimEnableInterrupt                  
00055448  vimGetConfigValue                   
0005505c  vimInit                             


GLOBAL SYMBOLS: SORTED BY Symbol Address 

address   name                                
-------   ----                                
00000000  __TI_static_base__                  
00000000  resetEntry                          
0004191c  tcp_state_str                       
00041948  g_psDefaultFilenames                
00041970  file_404_html                       
00041984  file_BreadCrumbs_css                
00041998  file_IE60Fixes_css                  
000419ac  file_img_Hercules_block_diagram_gif 
000419c0  file_img_ti_logo_gif                
000419d4  file_index_html                     
000419e8  file_main_css                       
00041a1c  tcp_pcb_lists                       
00041a2c  tcp_backoff                         
00041a39  tcp_persist_backoff                 
00041a40  ethbroadcast                        
00041a46  ethzero                             
00041a4c  ip_addr_any                         
00041a50  ip_addr_broadcast                   
00041ca8  dhcp_coarse_tmr                     
00041d3c  dhcp_fine_tmr                       
000420c4  dhcp_set_struct                     
000420f0  dhcp_cleanup                        
00042124  dhcp_start                          
000422b0  dhcp_inform                         
000423fc  dhcp_network_changed                
00042820  dhcp_renew                          
00042b9c  dhcp_release                        
00042d10  dhcp_stop                           
00043c08  lwip_init                           
00043d70  mem_init                            
00043e20  mem_free                            
00043ef8  mem_trim                            
000441e4  mem_malloc                          
000444b8  mem_calloc                          
00044508  memp_init                           
00044670  memp_malloc                         
00044778  memp_free                           
000447f0  netif_init                          
000447f8  netif_add                           
000448d4  netif_set_addr                      
00044918  netif_remove                        
00044a08  netif_find                          
00044abc  netif_set_ipaddr                    
00044c20  netif_set_gw                        
00044c60  netif_set_netmask                   
00044c98  netif_set_default                   
00044cc0  netif_set_up                        
00044d1c  netif_set_down                      
00044d64  netif_set_link_up                   
00044dd8  netif_set_link_down                 
00044e10  pbuf_free_ooseq                     
00044eb8  pbuf_alloc                          
00045220  pbuf_realloc                        
00045364  pbuf_header                         
000454f4  pbuf_free                           
00045608  pbuf_clen                           
00045654  pbuf_ref                            
0004568c  pbuf_cat                            
0004571c  pbuf_chain                          
00045740  pbuf_dechain                        
000457d0  pbuf_copy                           
000459cc  pbuf_copy_partial                   
00045b3c  pbuf_take                           
00045c58  pbuf_coalesce                       
00045cc8  pbuf_get_at                         
00045d6c  pbuf_memcmp                         
00045e80  pbuf_memfind                        
00045f2c  pbuf_strstr                         
00045fac  raw_input                           
000460f4  raw_bind                            
00046130  raw_connect                         
0004616c  raw_recv                            
0004619c  raw_sendto                          
000462f8  raw_send                            
0004631c  raw_remove                          
000463c4  raw_new                             
00046430  stats_init                          
00046434  tcp_init                            
00046438  tcp_tmr                             
00046840  tcp_close                           
00046878  tcp_shutdown                        
00046954  tcp_abandon                         
00046a98  tcp_abort                           
00046ab0  tcp_bind                            
00046c64  tcp_listen_with_backlog             
00046e48  tcp_update_rcv_ann_wnd              
00046f24  tcp_recved                          
00047084  tcp_connect                         
00047378  tcp_slowtmr                         
00047a70  tcp_fasttmr                         
00047b54  tcp_process_refused_data            
00047c88  tcp_segs_free                       
00047cc8  tcp_seg_free                        
00047d08  tcp_setprio                         
00047d28  tcp_seg_copy                        
00047d74  tcp_recv_null                       
00047f64  tcp_alloc                           
00048134  tcp_new                             
00048144  tcp_arg                             
00048164  tcp_recv                            
00048184  tcp_sent                            
000481a4  tcp_err                             
000481c4  tcp_accept                          
000481e4  tcp_poll                            
00048214  tcp_pcb_purge                       
000482dc  tcp_pcb_remove                      
00048408  tcp_next_iss                        
00048430  tcp_eff_send_mss                    
0004849c  tcp_debug_state_str                 
000484c4  tcp_input                           
0004b364  tcp_send_fin                        
0004b7c4  tcp_write                           
0004bec4  tcp_enqueue_flags                   
0004c12c  tcp_send_empty_ack                  
0004c200  tcp_output                          
0004c820  tcp_rst                             
0004c930  tcp_rexmit_rto                      
0004c9c8  tcp_rexmit                          
0004caa8  tcp_rexmit_fast                     
0004cb84  tcp_keepalive                       
0004cc40  tcp_zero_window_probe               
0004cde4  udp_init                            
0004ce9c  udp_input                           
0004d3a0  udp_send                            
0004d3cc  udp_sendto                          
0004d438  udp_sendto_if                       
0004d674  udp_bind                            
0004d7d8  udp_connect                         
0004d8d8  udp_disconnect                      
0004d910  udp_recv                            
0004d940  udp_remove                          
0004d9e8  udp_new                             
0004da28  icmp_input                          
0004dd88  icmp_dest_unreach                   
0004dffc  inet_chksum_pseudo                  
0004e1c0  inet_chksum_pseudo_partial          
0004e3ac  inet_chksum                         
0004e3d4  inet_chksum_pbuf                    
0004e4d0  ip_route                            
0004e5cc  ip_input                            
0004ea5c  ip_output_if                        
0004ece0  ip_output                           
0004ed5c  ip4_addr_isbroadcast                
0004ee2c  ip4_addr_netmask_valid              
0004eec0  ipaddr_addr                         
0004eeec  ipaddr_aton                         
0004f218  ipaddr_ntoa                         
0004f234  ipaddr_ntoa_r                       
0004f41c  etharp_tmr                          
0004fa2c  etharp_cleanup_netif                
0004fab0  etharp_find_addr                    
0004fea4  etharp_output                       
00050124  etharp_query                        
00050580  etharp_request                      
000505dc  ethernet_input                      
00050784  perf_init                           
00050794  sys_arch_protect                    
000507ac  sys_arch_unprotect                  
000507c8  sys_now                             
000507e0  hdkif_swizzle_data                  
00050828  hdkif_swizzle_txp                   
0005083c  hdkif_swizzle_rxp                   
00050850  hdkif_macaddrset                    
000512b8  hdkif_init                          
00051358  hdkif_rx_inthandler                 
000516e4  hdkif_tx_inthandler                 
00051848  hdkif_netif_status                  
00051874  hdkif_link_status                   
00051a34  LocatorConfig                       
00051be0  lwIPInit                            
00051e20  lwIPNetIfStatusGet                  
00051e40  lwIPLinkStatusGet                   
00051e68  lwIPRxIntHandler                    
00051e8c  lwIPTxIntHandler                    
00051f14  EMACTxIntPulseEnable                
00051f70  EMACTxIntPulseDisable               
00051fcc  EMACRxIntPulseEnable                
00052028  EMACRxIntPulseDisable               
00052084  EMACRMIISpeedSet                    
000520c4  EMACMIIEnable                       
000520e8  EMACMIIDisable                      
0005210c  EMACDuplexSet                       
0005214c  EMACTxEnable                        
00052168  EMACTxDisable                       
00052184  EMACRxEnable                        
000521a0  EMACRxDisable                       
000521bc  EMACTxHdrDescPtrWrite               
000521e8  EMACRxHdrDescPtrWrite               
00052214  EMACInit                            
00052350  EMACMACSrcAddrSet                   
000523b4  EMACMACAddrSet                      
0005243c  EMACCoreIntAck                      
0005245c  EMACTxCPWrite                       
00052488  EMACRxCPWrite                       
000524b4  EMACRxBroadCastEnable               
000524f8  EMACRxBroadCastDisable              
00052534  EMACRxMultiCastEnable               
00052578  EMACRxMultiCastDisable              
000525b4  EMACRxUnicastSet                    
000525e4  EMACRxUnicastClear                  
00052614  EMACNumFreeBufSet                   
00052640  EMACIntVectorGet                    
00052658  EMACInstConfig                      
000526bc  EMACLinkSetup                       
00052794  EMACTxTeardown                      
000527c0  EMACRxTeardown                      
000527ec  EMACFrameSelect                     
00052818  EMACTxPrioritySelect                
00052878  EMACSoftReset                       
000528c4  EMACEnableIdleState                 
000528e8  EMACDisableIdleState                
0005290c  EMACEnableLoopback                  
00052974  EMACDisableLoopback                 
000529dc  EMACTxFlowControlEnable             
00052a00  EMACTxFlowControlDisable            
00052a24  EMACRxFlowControlEnable             
00052a48  EMACRxFlowControlDisable            
00052a6c  EMACSwizzleData                     
00052ab4  EMACRxSetFlowThreshold              
00052b08  EMACReadNetStatRegisters            
00052b2c  EMACTxIntStat                       
00052b7c  EMACRxIntStat                       
00052c0c  EMACDMAInit                         
00052e00  EMACHWInit                          
000530fc  EMACTransmit                        
000532f8  EMACTxIntHandler                    
00053410  EMACReceive                         
000535b0  EMACGetConfigValue                  
00054658  httpd_init                          
00054688  muxInit                             
0005505c  vimInit                             
00055130  vimChannelMap                       
000551d4  vimEnableInterrupt                  
0005539c  vimDisableInterrupt                 
00055448  vimGetConfigValue                   
00055994  sciInit                             
00055a80  sciSetFunctional                    
00055aa0  sciSetBaudrate                      
00055b20  sciIsTxReady                        
00055b3c  sciSendByte                         
00055b6c  sciSend                             
00055cd0  sciIsRxReady                        
00055cec  sciIsIdleDetected                   
00055d08  sciRxError                          
00055d38  sciReceiveByte                      
00055d64  sciReceive                          
00055e6c  sciEnableLoopback                   
00055ea8  sciDisableLoopback                  
00055ec4  sciEnableNotification               
00055f5c  sciDisableNotification              
00055ff4  sci1GetConfigValue                  
000561a8  esmInit                             
00056334  esmError                            
00056350  esmEnableError                      
00056378  esmEnableErrorUpper                 
00056394  esmDisableError                     
000563bc  esmDisableErrorUpper                
000563d8  esmTriggerErrorPinReset             
000563e8  esmActivateNormalOperation          
000563f8  esmEnableInterrupt                  
00056420  esmEnableInterruptUpper             
0005643c  esmDisableInterrupt                 
00056464  esmDisableInterruptUpper            
00056480  esmSetInterruptLevel                
000564fc  esmSetInterruptLevelUpper           
00056540  esmClearStatus                      
00056574  esmClearStatusUpper                 
00056598  esmClearStatusBuffer                
000565b4  esmSetCounterPreloadValue           
000565d4  esmGetStatus                        
00056640  esmGetStatusUpper                   
00056688  esmGetStatusBuffer                  
000566b8  esmEnterSelfTest                    
00056740  esmSelfTestStatus                   
00056790  esmGetConfigValue                   
00056964  Dp83640IDGet                        
000569dc  Dp83640LinkStatusGet                
00056abc  Dp83640AutoNegotiate                
00056c4c  Dp83640PartnerAbilityGet            
00056c74  Dp83640Reset                        
00056cc4  Dp83640EnableLoopback               
00056d54  Dp83640DisableLoopback              
00056dd8  Dp83640GetTimeStamp                 
00056ffc  smallDelay                          
0005703c  EMAC_LwIP_Main                      
000572c8  iommUnlock                          
000572e4  iommLock                            
00057300  iommMuxEnableMdio                   
0005731c  iommMuxEnableRmii                   
00057368  iommMuxEnableMii                    
00057494  IntMasterIRQEnable                  
0005749c  IntMasterIRQDisable                 
000574a4  IntMasterStatusGet                  
000574b8  sciDisplayText                      
00057518  sciNotification                     
000575e0  setupPLL                            
00057640  trimLPO                             
00057688  setupFlash                          
000576c8  periphInit                          
0005777c  mapClocks                           
000578a8  systemInit                          
0005791c  systemPowerDown                     
0005794c  getResetSource                      
00057b68  tcp_timer_needed                    
00057c1c  sys_timeouts_init                   
00057c60  sys_timeout                         
00057e04  sys_untimeout                       
00057f00  sys_check_timeouts                  
00058004  sys_restart_timeouts                
00058040  _coreInitRegisters_                 
0005814c  _coreInitStackPointer_              
00058198  _getCPSRValue_                      
000581a0  _gotoCPUIdle_                       
000581b8  _coreEnableVfp_                     
000581d0  _coreEnableEventBusExport_          
000581e8  _coreDisableEventBusExport_         
00058200  _coreEnableIrqVicOffset_            
00058218  _coreGetDataFault_                  
00058220  _coreClearDataFault_                
00058234  _coreGetInstructionFault_           
0005823c  _coreClearInstructionFault_         
00058250  _coreGetDataFaultAddress_           
00058258  _coreClearDataFaultAddress_         
0005826c  _coreGetInstructionFaultAddress_    
00058274  _coreClearInstructionFaultAddress_  
00058288  _coreGetAuxiliaryDataFault_         
00058290  _coreClearAuxiliaryDataFault_       
000582a4  _coreGetAuxiliaryInstructionFault_  
000582ac  _coreClearAuxiliaryInstructionFault_
000582c0  _disable_IRQ_interrupt_             
000582c8  _enable_IRQ_interrupt_              
000582d0  _enable_interrupt_                  
000582d8  _esmCcmErrorsClear_                 
00058360  _memInit_                           
00058394  _checkMemInitOn_                    
000583b4  _cacheEnable_                       
000583e4  _cacheDisable_                      
00058408  _dCacheInvalidate_                  
00058424  _iCacheInvalidate_                  
00058440  __TI_PINIT_Base                     
00058444  __TI_PINIT_Limit                    
00058448  _mpuInit_                           
00058714  _mpuEnable_                         
00058734  _mpuDisable_                        
00058754  _mpuEnableBackgroundRegion_         
0005876c  _mpuDisableBackgroundRegion_        
00058784  _mpuGetNumberOfRegions_             
00058790  _mpuAreRegionsSeparate_             
0005879c  _mpuSetRegion_                      
000587a4  _mpuGetRegion_                      
000587ac  _mpuSetRegionBaseAddress_           
000587b4  _mpuGetRegionBaseAddress_           
000587bc  _mpuSetRegionTypeAndPermission_     
000587c8  _mpuGetRegionType_                  
000587d4  _mpuGetRegionPermission_            
000587e0  _mpuSetRegionSizeRegister_          
000587e8  vimECCErrorHandler                  
00058b34  MDIOPhyRegRead                      
00058bcc  MDIOPhyRegWrite                     
00058c34  MDIOPhyAliveStatusGet               
00058c4c  MDIOPhyLinkStatusGet                
00058c64  MDIOInit                            
00058cac  MDIOEnable                          
00058cd0  MDIODisable                         
00058cf8  esmHighInterrupt                    
00058e80  __aeabi_memcpy                      
00058e80  __aeabi_memcpy4                     
00058e80  __aeabi_memcpy8                     
00058e80  memcpy                              
00059000  fs_open                             
000590cc  fs_close                            
000590dc  fs_bytes_left                       
00059104  EMACTxIntISR                        
00059168  EMACRxIntISR                        
000591d0  _c_int00                            
00059288  __aeabi_memclr                      
00059288  __aeabi_memclr4                     
00059288  __aeabi_memclr8                     
0005928c  __aeabi_memset                      
0005928c  __aeabi_memset4                     
0005928c  __aeabi_memset8                     
00059298  memset                              
00059338  EMACCore0RxIsr                      
00059384  EMACCore0TxIsr                      
000593d8  esmGroup1Notification               
000593ec  esmGroup2Notification               
00059400  esmGroup3Notification               
00059410  dmaGroupANotification               
00059438  epcCAMOverflowNotification          
0005943c  epcFIFOOverflowNotification         
0005944c  emacTxNotification                  
0005945c  emacRxNotification                  
0005946c  __TI_decompress_lzss                
000594fc  __TI_auto_init_nobinit_nopinit      
00059564  __aeabi_idiv                        
00059564  __aeabi_idivmod                     
000595b8  __aeabi_uidiv                       
000595b8  __aeabi_uidivmod                    
00059608  memcmp                              
0005963c  strncmp                             
00059670  strchr                              
00059698  strcmp                              
000596c0  strlen                              
000596e0  main                                
000596f4  __TI_decompress_none                
00059708  __TI_zero_init                      
00059718  C$$EXIT                             
00059718  abort                               
00059720  phantomInterrupt                    
00059724  __aeabi_idiv0                       
00059724  __aeabi_ldiv0                       
00059860  __TI_Handler_Table_Base             
0005986c  __TI_Handler_Table_Limit            
00059878  __TI_CINIT_Base                     
00059888  __TI_CINIT_Limit                    
08001500  ram_heap                            
080141cc  lwip_stats                          
080142b6  pbuf_free_ooseq_pending             
080142b7  tcp_active_pcbs_changed             
08014468  hdkif_data                          
08014510  dhcp_rx_options_val                 
08014584  dhcp_rx_options_given               
08014594  current_header                      
08014598  current_iphdr_dest                  
0801459c  current_iphdr_src                   
080145a0  current_netif                       
080145a4  netif_default                       
080145a8  netif_list                          
080145ac  tcp_active_pcbs                     
080145b0  tcp_bound_pcbs                      
080145b4  tcp_input_pcb                       
080145b8  tcp_listen_pcbs                     
080145bc  tcp_ticks                           
080145c0  tcp_tmp_pcb                         
080145c4  tcp_tw_pcbs                         
080145c8  txtIPAddrItoA                       
080145cc  udp_pcbs                            
080145d0  txtErrorInit                        
08014647  txtNote1                            
08014666  txtEnetInit                         
080146ba  txtTitle                            
080146d4  txtIPAddrTxt                        
080146e8  txtBigEndian                        
080146fa  txtTI                               
08014728  countEMACCore0RxIsr                 
0801472c  countEMACCore0TxIsr                 
08014738  emacAddress                         
0801473e  txtCRLF                             
ffffffff  __TI_pprof_out_hndl                 
ffffffff  __TI_prof_data_size                 
ffffffff  __TI_prof_data_start                
ffffffff  __binit__                           
ffffffff  __c_args__                          
ffffffff  binit                               
UNDEFED   SHT$$INIT_ARRAY$$Base               
UNDEFED   SHT$$INIT_ARRAY$$Limit              
UNDEFED   _system_post_cinit                  

[457 symbols]
