<?xml version="1.0" encoding="ISO-8859-1" ?>
<link_info>
   <banner>TI ARM Linker Unix v18.1.4.LTS</banner>
   <copyright>Copyright (c) 1996-2018 Texas Instruments Incorporated</copyright>
   <link_time>0x5ca6a6ce</link_time>
   <link_errors>0x0</link_errors>
   <output_file>eQEP_test.out</output_file>
   <entry_point>
      <name>_c_int00</name>
      <address>0x8acc</address>
   </entry_point>
   <input_file_list>
      <input_file id="fl-2">
         <path>./source/</path>
         <kind>object</kind>
         <file>HL_epc.obj</file>
         <name>HL_epc.obj</name>
      </input_file>
      <input_file id="fl-3">
         <path>./source/</path>
         <kind>object</kind>
         <file>HL_eqep.obj</file>
         <name>HL_eqep.obj</name>
      </input_file>
      <input_file id="fl-4">
         <path>./source/</path>
         <kind>object</kind>
         <file>HL_errata.obj</file>
         <name>HL_errata.obj</name>
      </input_file>
      <input_file id="fl-5">
         <path>./source/</path>
         <kind>object</kind>
         <file>HL_esm.obj</file>
         <name>HL_esm.obj</name>
      </input_file>
      <input_file id="fl-6">
         <path>./source/</path>
         <kind>object</kind>
         <file>HL_etpwm.obj</file>
         <name>HL_etpwm.obj</name>
      </input_file>
      <input_file id="fl-7">
         <path>./source/</path>
         <kind>object</kind>
         <file>HL_nmpu.obj</file>
         <name>HL_nmpu.obj</name>
      </input_file>
      <input_file id="fl-8">
         <path>./source/</path>
         <kind>object</kind>
         <file>HL_notification.obj</file>
         <name>HL_notification.obj</name>
      </input_file>
      <input_file id="fl-9">
         <path>./source/</path>
         <kind>object</kind>
         <file>HL_pinmux.obj</file>
         <name>HL_pinmux.obj</name>
      </input_file>
      <input_file id="fl-a">
         <path>./source/</path>
         <kind>object</kind>
         <file>HL_sci.obj</file>
         <name>HL_sci.obj</name>
      </input_file>
      <input_file id="fl-b">
         <path>./source/</path>
         <kind>object</kind>
         <file>HL_sys_core.obj</file>
         <name>HL_sys_core.obj</name>
      </input_file>
      <input_file id="fl-c">
         <path>./source/</path>
         <kind>object</kind>
         <file>HL_sys_dma.obj</file>
         <name>HL_sys_dma.obj</name>
      </input_file>
      <input_file id="fl-d">
         <path>./source/</path>
         <kind>object</kind>
         <file>HL_sys_intvecs.obj</file>
         <name>HL_sys_intvecs.obj</name>
      </input_file>
      <input_file id="fl-e">
         <path>./source/</path>
         <kind>object</kind>
         <file>HL_sys_main.obj</file>
         <name>HL_sys_main.obj</name>
      </input_file>
      <input_file id="fl-f">
         <path>./source/</path>
         <kind>object</kind>
         <file>HL_sys_mpu.obj</file>
         <name>HL_sys_mpu.obj</name>
      </input_file>
      <input_file id="fl-10">
         <path>./source/</path>
         <kind>object</kind>
         <file>HL_sys_pcr.obj</file>
         <name>HL_sys_pcr.obj</name>
      </input_file>
      <input_file id="fl-11">
         <path>./source/</path>
         <kind>object</kind>
         <file>HL_sys_phantom.obj</file>
         <name>HL_sys_phantom.obj</name>
      </input_file>
      <input_file id="fl-12">
         <path>./source/</path>
         <kind>object</kind>
         <file>HL_sys_pmm.obj</file>
         <name>HL_sys_pmm.obj</name>
      </input_file>
      <input_file id="fl-13">
         <path>./source/</path>
         <kind>object</kind>
         <file>HL_sys_pmu.obj</file>
         <name>HL_sys_pmu.obj</name>
      </input_file>
      <input_file id="fl-14">
         <path>./source/</path>
         <kind>object</kind>
         <file>HL_sys_startup.obj</file>
         <name>HL_sys_startup.obj</name>
      </input_file>
      <input_file id="fl-15">
         <path>./source/</path>
         <kind>object</kind>
         <file>HL_sys_vim.obj</file>
         <name>HL_sys_vim.obj</name>
      </input_file>
      <input_file id="fl-16">
         <path>./source/</path>
         <kind>object</kind>
         <file>HL_system.obj</file>
         <name>HL_system.obj</name>
      </input_file>
      <input_file id="fl-1a">
         <kind>object</kind>
         <file>&lt;internal&gt;</file>
         <name>&lt;internal&gt;</name>
      </input_file>
      <input_file id="fl-d0">
         <path>/home/roro/ti/ccsv8/tools/compiler/ti-cgt-arm_18.1.4.LTS/lib/</path>
         <kind>archive</kind>
         <file>rtsv7R4_A_be_v3D16_eabi.lib</file>
         <name>s_floor.c.obj</name>
      </input_file>
      <input_file id="fl-d1">
         <path>/home/roro/ti/ccsv8/tools/compiler/ti-cgt-arm_18.1.4.LTS/lib/</path>
         <kind>archive</kind>
         <file>rtsv7R4_A_be_v3D16_eabi.lib</file>
         <name>autoinit.c.obj</name>
      </input_file>
      <input_file id="fl-d2">
         <path>/home/roro/ti/ccsv8/tools/compiler/ti-cgt-arm_18.1.4.LTS/lib/</path>
         <kind>archive</kind>
         <file>rtsv7R4_A_be_v3D16_eabi.lib</file>
         <name>cpy_tbl.c.obj</name>
      </input_file>
      <input_file id="fl-d3">
         <path>/home/roro/ti/ccsv8/tools/compiler/ti-cgt-arm_18.1.4.LTS/lib/</path>
         <kind>archive</kind>
         <file>rtsv7R4_A_be_v3D16_eabi.lib</file>
         <name>copy_zero_init.c.obj</name>
      </input_file>
      <input_file id="fl-d4">
         <path>/home/roro/ti/ccsv8/tools/compiler/ti-cgt-arm_18.1.4.LTS/lib/</path>
         <kind>archive</kind>
         <file>rtsv7R4_A_be_v3D16_eabi.lib</file>
         <name>copy_decompress_none.c.obj</name>
      </input_file>
      <input_file id="fl-d5">
         <path>/home/roro/ti/ccsv8/tools/compiler/ti-cgt-arm_18.1.4.LTS/lib/</path>
         <kind>archive</kind>
         <file>rtsv7R4_A_be_v3D16_eabi.lib</file>
         <name>copy_decompress_lzss.c.obj</name>
      </input_file>
      <input_file id="fl-d6">
         <path>/home/roro/ti/ccsv8/tools/compiler/ti-cgt-arm_18.1.4.LTS/lib/</path>
         <kind>archive</kind>
         <file>rtsv7R4_A_be_v3D16_eabi.lib</file>
         <name>exit.c.obj</name>
      </input_file>
      <input_file id="fl-d7">
         <path>/home/roro/ti/ccsv8/tools/compiler/ti-cgt-arm_18.1.4.LTS/lib/</path>
         <kind>archive</kind>
         <file>rtsv7R4_A_be_v3D16_eabi.lib</file>
         <name>_lock.c.obj</name>
      </input_file>
      <input_file id="fl-d8">
         <path>/home/roro/ti/ccsv8/tools/compiler/ti-cgt-arm_18.1.4.LTS/lib/</path>
         <kind>archive</kind>
         <file>rtsv7R4_A_be_v3D16_eabi.lib</file>
         <name>sprintf.c.obj</name>
      </input_file>
      <input_file id="fl-d9">
         <path>/home/roro/ti/ccsv8/tools/compiler/ti-cgt-arm_18.1.4.LTS/lib/</path>
         <kind>archive</kind>
         <file>rtsv7R4_A_be_v3D16_eabi.lib</file>
         <name>strlen.c.obj</name>
      </input_file>
      <input_file id="fl-da">
         <path>/home/roro/ti/ccsv8/tools/compiler/ti-cgt-arm_18.1.4.LTS/lib/</path>
         <kind>archive</kind>
         <file>rtsv7R4_A_be_v3D16_eabi.lib</file>
         <name>memcpy32.asm.obj</name>
      </input_file>
      <input_file id="fl-db">
         <path>/home/roro/ti/ccsv8/tools/compiler/ti-cgt-arm_18.1.4.LTS/lib/</path>
         <kind>archive</kind>
         <file>rtsv7R4_A_be_v3D16_eabi.lib</file>
         <name>memset32.asm.obj</name>
      </input_file>
      <input_file id="fl-dc">
         <path>/home/roro/ti/ccsv8/tools/compiler/ti-cgt-arm_18.1.4.LTS/lib/</path>
         <kind>archive</kind>
         <file>rtsv7R4_A_be_v3D16_eabi.lib</file>
         <name>_printfi.c.obj</name>
      </input_file>
      <input_file id="fl-dd">
         <path>/home/roro/ti/ccsv8/tools/compiler/ti-cgt-arm_18.1.4.LTS/lib/</path>
         <kind>archive</kind>
         <file>rtsv7R4_A_be_v3D16_eabi.lib</file>
         <name>atoi.c.obj</name>
      </input_file>
      <input_file id="fl-de">
         <path>/home/roro/ti/ccsv8/tools/compiler/ti-cgt-arm_18.1.4.LTS/lib/</path>
         <kind>archive</kind>
         <file>rtsv7R4_A_be_v3D16_eabi.lib</file>
         <name>ctype.c.obj</name>
      </input_file>
      <input_file id="fl-df">
         <path>/home/roro/ti/ccsv8/tools/compiler/ti-cgt-arm_18.1.4.LTS/lib/</path>
         <kind>archive</kind>
         <file>rtsv7R4_A_be_v3D16_eabi.lib</file>
         <name>ltoa.c.obj</name>
      </input_file>
      <input_file id="fl-e0">
         <path>/home/roro/ti/ccsv8/tools/compiler/ti-cgt-arm_18.1.4.LTS/lib/</path>
         <kind>archive</kind>
         <file>rtsv7R4_A_be_v3D16_eabi.lib</file>
         <name>memccpy.c.obj</name>
      </input_file>
      <input_file id="fl-e1">
         <path>/home/roro/ti/ccsv8/tools/compiler/ti-cgt-arm_18.1.4.LTS/lib/</path>
         <kind>archive</kind>
         <file>rtsv7R4_A_be_v3D16_eabi.lib</file>
         <name>strchr.c.obj</name>
      </input_file>
      <input_file id="fl-e2">
         <path>/home/roro/ti/ccsv8/tools/compiler/ti-cgt-arm_18.1.4.LTS/lib/</path>
         <kind>archive</kind>
         <file>rtsv7R4_A_be_v3D16_eabi.lib</file>
         <name>errno.c.obj</name>
      </input_file>
      <input_file id="fl-e3">
         <path>/home/roro/ti/ccsv8/tools/compiler/ti-cgt-arm_18.1.4.LTS/lib/</path>
         <kind>archive</kind>
         <file>rtsv7R4_A_be_v3D16_eabi.lib</file>
         <name>s_frexp.c.obj</name>
      </input_file>
      <input_file id="fl-e4">
         <path>/home/roro/ti/ccsv8/tools/compiler/ti-cgt-arm_18.1.4.LTS/lib/</path>
         <kind>archive</kind>
         <file>rtsv7R4_A_be_v3D16_eabi.lib</file>
         <name>s_scalbn.c.obj</name>
      </input_file>
      <input_file id="fl-e5">
         <path>/home/roro/ti/ccsv8/tools/compiler/ti-cgt-arm_18.1.4.LTS/lib/</path>
         <kind>archive</kind>
         <file>rtsv7R4_A_be_v3D16_eabi.lib</file>
         <name>wcslen.c.obj</name>
      </input_file>
      <input_file id="fl-e6">
         <path>/home/roro/ti/ccsv8/tools/compiler/ti-cgt-arm_18.1.4.LTS/lib/</path>
         <kind>archive</kind>
         <file>rtsv7R4_A_be_v3D16_eabi.lib</file>
         <name>i_div32.asm.obj</name>
      </input_file>
      <input_file id="fl-e7">
         <path>/home/roro/ti/ccsv8/tools/compiler/ti-cgt-arm_18.1.4.LTS/lib/</path>
         <kind>archive</kind>
         <file>rtsv7R4_A_be_v3D16_eabi.lib</file>
         <name>u_div32.asm.obj</name>
      </input_file>
      <input_file id="fl-e8">
         <path>/home/roro/ti/ccsv8/tools/compiler/ti-cgt-arm_18.1.4.LTS/lib/</path>
         <kind>archive</kind>
         <file>rtsv7R4_A_be_v3D16_eabi.lib</file>
         <name>ull_div32.asm.obj</name>
      </input_file>
      <input_file id="fl-e9">
         <path>/home/roro/ti/ccsv8/tools/compiler/ti-cgt-arm_18.1.4.LTS/lib/</path>
         <kind>archive</kind>
         <file>rtsv7R4_A_be_v3D16_eabi.lib</file>
         <name>s_copysign.c.obj</name>
      </input_file>
      <input_file id="fl-ea">
         <path>/home/roro/ti/ccsv8/tools/compiler/ti-cgt-arm_18.1.4.LTS/lib/</path>
         <kind>archive</kind>
         <file>rtsv7R4_A_be_v3D16_eabi.lib</file>
         <name>div0.asm.obj</name>
      </input_file>
   </input_file_list>
   <object_component_list>
      <object_component id="oc-28">
         <name>.intvecs</name>
         <load_address>0x0</load_address>
         <run_address>0x0</run_address>
         <size>0x20</size>
         <input_file_ref idref="fl-d"/>
      </object_component>
      <object_component id="oc-11d">
         <name>.text</name>
         <load_address>0x20</load_address>
         <run_address>0x20</run_address>
         <size>0x2178</size>
         <input_file_ref idref="fl-6"/>
      </object_component>
      <object_component id="oc-1ca">
         <name>.text:__TI_printfi</name>
         <load_address>0x2198</load_address>
         <run_address>0x2198</run_address>
         <size>0xf9c</size>
         <input_file_ref idref="fl-dc"/>
      </object_component>
      <object_component id="oc-123">
         <name>.text</name>
         <load_address>0x3134</load_address>
         <run_address>0x3134</run_address>
         <size>0xc30</size>
         <input_file_ref idref="fl-3"/>
      </object_component>
      <object_component id="oc-c6">
         <name>.text</name>
         <load_address>0x3d64</load_address>
         <run_address>0x3d64</run_address>
         <size>0x9d4</size>
         <input_file_ref idref="fl-9"/>
      </object_component>
      <object_component id="oc-6d">
         <name>.text</name>
         <load_address>0x4738</load_address>
         <run_address>0x4738</run_address>
         <size>0x95c</size>
         <input_file_ref idref="fl-16"/>
      </object_component>
      <object_component id="oc-34">
         <name>.text</name>
         <load_address>0x5094</load_address>
         <run_address>0x5094</run_address>
         <size>0x938</size>
         <input_file_ref idref="fl-15"/>
      </object_component>
      <object_component id="oc-10b">
         <name>.text</name>
         <load_address>0x59cc</load_address>
         <run_address>0x59cc</run_address>
         <size>0x870</size>
         <input_file_ref idref="fl-a"/>
      </object_component>
      <object_component id="oc-73">
         <name>.text</name>
         <load_address>0x623c</load_address>
         <run_address>0x623c</run_address>
         <size>0x78c</size>
         <input_file_ref idref="fl-5"/>
      </object_component>
      <object_component id="oc-7f">
         <name>.text</name>
         <load_address>0x69c8</load_address>
         <run_address>0x69c8</run_address>
         <size>0x4e8</size>
         <input_file_ref idref="fl-e"/>
      </object_component>
      <object_component id="oc-62">
         <name>.text</name>
         <load_address>0x6eb0</load_address>
         <run_address>0x6eb0</run_address>
         <size>0x3c4</size>
         <input_file_ref idref="fl-b"/>
      </object_component>
      <object_component id="oc-79">
         <name>.text</name>
         <load_address>0x7274</load_address>
         <run_address>0x7274</run_address>
         <size>0x36c</size>
         <input_file_ref idref="fl-f"/>
      </object_component>
      <object_component id="oc-33">
         <name>.text:retain</name>
         <load_address>0x75e0</load_address>
         <run_address>0x75e0</run_address>
         <size>0x33c</size>
         <input_file_ref idref="fl-15"/>
      </object_component>
      <object_component id="oc-258">
         <name>.text:_pconv_a</name>
         <load_address>0x791c</load_address>
         <run_address>0x791c</run_address>
         <size>0x2dc</size>
         <input_file_ref idref="fl-dc"/>
      </object_component>
      <object_component id="oc-2ae">
         <name>.text</name>
         <load_address>0x7bf8</load_address>
         <run_address>0x7bf8</run_address>
         <size>0x2b8</size>
         <input_file_ref idref="fl-e8"/>
      </object_component>
      <object_component id="oc-246">
         <name>.text:_pconv_g</name>
         <load_address>0x7eb0</load_address>
         <run_address>0x7eb0</run_address>
         <size>0x248</size>
         <input_file_ref idref="fl-dc"/>
      </object_component>
      <object_component id="oc-4a">
         <name>.text</name>
         <load_address>0x80f8</load_address>
         <run_address>0x80f8</run_address>
         <size>0x180</size>
         <input_file_ref idref="fl-da"/>
      </object_component>
      <object_component id="oc-1f">
         <name>.text:retain</name>
         <load_address>0x8278</load_address>
         <run_address>0x8278</run_address>
         <size>0x178</size>
         <input_file_ref idref="fl-5"/>
      </object_component>
      <object_component id="oc-252">
         <name>.text:_pconv_e</name>
         <load_address>0x83f0</load_address>
         <run_address>0x83f0</run_address>
         <size>0x15c</size>
         <input_file_ref idref="fl-dc"/>
      </object_component>
      <object_component id="oc-2cc">
         <name>.text:fcvt</name>
         <load_address>0x854c</load_address>
         <run_address>0x854c</run_address>
         <size>0x144</size>
         <input_file_ref idref="fl-dc"/>
      </object_component>
      <object_component id="oc-1bf">
         <name>.text:floor</name>
         <load_address>0x8690</load_address>
         <run_address>0x8690</run_address>
         <size>0x13c</size>
         <input_file_ref idref="fl-d0"/>
      </object_component>
      <object_component id="oc-2e0">
         <name>.text:scalbn</name>
         <load_address>0x87cc</load_address>
         <run_address>0x87cc</run_address>
         <size>0x120</size>
         <input_file_ref idref="fl-e4"/>
      </object_component>
      <object_component id="oc-240">
         <name>.text:_ltostr</name>
         <load_address>0x88ec</load_address>
         <run_address>0x88ec</run_address>
         <size>0x115</size>
         <input_file_ref idref="fl-dc"/>
      </object_component>
      <object_component id="oc-2c5">
         <name>.text:_mcpy</name>
         <load_address>0x8a04</load_address>
         <run_address>0x8a04</run_address>
         <size>0xc8</size>
         <input_file_ref idref="fl-dc"/>
      </object_component>
      <object_component id="oc-19">
         <name>.text:retain</name>
         <load_address>0x8acc</load_address>
         <run_address>0x8acc</run_address>
         <size>0xb4</size>
         <input_file_ref idref="fl-14"/>
      </object_component>
      <object_component id="oc-b8">
         <name>.text</name>
         <load_address>0x8b80</load_address>
         <run_address>0x8b80</run_address>
         <size>0xb0</size>
         <input_file_ref idref="fl-db"/>
      </object_component>
      <object_component id="oc-67">
         <name>.text</name>
         <load_address>0x8c30</load_address>
         <run_address>0x8c30</run_address>
         <size>0xac</size>
         <input_file_ref idref="fl-8"/>
      </object_component>
      <object_component id="oc-2bf">
         <name>.text:_ecpy</name>
         <load_address>0x8cdc</load_address>
         <run_address>0x8cdc</run_address>
         <size>0x98</size>
         <input_file_ref idref="fl-dc"/>
      </object_component>
      <object_component id="oc-c">
         <name>.text:decompress:lzss:__TI_decompress_lzss</name>
         <load_address>0x8d74</load_address>
         <run_address>0x8d74</run_address>
         <size>0x90</size>
         <input_file_ref idref="fl-d5"/>
      </object_component>
      <object_component id="oc-2da">
         <name>.text:frexp</name>
         <load_address>0x8e04</load_address>
         <run_address>0x8e04</run_address>
         <size>0x8c</size>
         <input_file_ref idref="fl-e3"/>
      </object_component>
      <object_component id="oc-23a">
         <name>.text:atoi</name>
         <load_address>0x8e90</load_address>
         <run_address>0x8e90</run_address>
         <size>0x84</size>
         <input_file_ref idref="fl-dd"/>
      </object_component>
      <object_component id="oc-2b9">
         <name>.text:ltoa</name>
         <load_address>0x8f14</load_address>
         <run_address>0x8f14</run_address>
         <size>0x80</size>
         <input_file_ref idref="fl-df"/>
      </object_component>
      <object_component id="oc-24c">
         <name>.text:_pconv_f</name>
         <load_address>0x8f94</load_address>
         <run_address>0x8f94</run_address>
         <size>0x74</size>
         <input_file_ref idref="fl-dc"/>
      </object_component>
      <object_component id="oc-db">
         <name>.text:__TI_auto_init_nobinit_nopinit:__TI_auto_init_nobinit_nopinit</name>
         <load_address>0x9008</load_address>
         <run_address>0x9008</run_address>
         <size>0x68</size>
         <input_file_ref idref="fl-d1"/>
      </object_component>
      <object_component id="oc-2d2">
         <name>.text:_fcpy</name>
         <load_address>0x9070</load_address>
         <run_address>0x9070</run_address>
         <size>0x64</size>
         <input_file_ref idref="fl-dc"/>
      </object_component>
      <object_component id="oc-111">
         <name>.text:sprintf</name>
         <load_address>0x90d4</load_address>
         <run_address>0x90d4</run_address>
         <size>0x64</size>
         <input_file_ref idref="fl-d8"/>
      </object_component>
      <object_component id="oc-31b">
         <name>.text</name>
         <load_address>0x9138</load_address>
         <run_address>0x9138</run_address>
         <size>0x54</size>
         <input_file_ref idref="fl-e6"/>
      </object_component>
      <object_component id="oc-2b3">
         <name>.text</name>
         <load_address>0x918c</load_address>
         <run_address>0x918c</run_address>
         <size>0x50</size>
         <input_file_ref idref="fl-e7"/>
      </object_component>
      <object_component id="oc-1d0">
         <name>.text:_outs</name>
         <load_address>0x91dc</load_address>
         <run_address>0x91dc</run_address>
         <size>0x30</size>
         <input_file_ref idref="fl-d8"/>
      </object_component>
      <object_component id="oc-25e">
         <name>.text:memccpy</name>
         <load_address>0x920c</load_address>
         <run_address>0x920c</run_address>
         <size>0x2c</size>
         <input_file_ref idref="fl-e0"/>
      </object_component>
      <object_component id="oc-2e6">
         <name>.text:strchr</name>
         <load_address>0x9238</load_address>
         <run_address>0x9238</run_address>
         <size>0x28</size>
         <input_file_ref idref="fl-e1"/>
      </object_component>
      <object_component id="oc-264">
         <name>.text:wcslen</name>
         <load_address>0x9260</load_address>
         <run_address>0x9260</run_address>
         <size>0x24</size>
         <input_file_ref idref="fl-e5"/>
      </object_component>
      <object_component id="oc-56">
         <name>.text:decompress:ZI:__TI_zero_init_nomemset:__TI_zero_init_nomemset</name>
         <load_address>0x9284</load_address>
         <run_address>0x9284</run_address>
         <size>0x20</size>
         <input_file_ref idref="fl-d3"/>
      </object_component>
      <object_component id="oc-117">
         <name>.text:strlen</name>
         <load_address>0x92a4</load_address>
         <run_address>0x92a4</run_address>
         <size>0x20</size>
         <input_file_ref idref="fl-d9"/>
      </object_component>
      <object_component id="oc-32d">
         <name>.text:copysign</name>
         <load_address>0x92c4</load_address>
         <run_address>0x92c4</run_address>
         <size>0x1c</size>
         <input_file_ref idref="fl-e9"/>
      </object_component>
      <object_component id="oc-1d6">
         <name>.text:_outc</name>
         <load_address>0x92e0</load_address>
         <run_address>0x92e0</run_address>
         <size>0x14</size>
         <input_file_ref idref="fl-d8"/>
      </object_component>
      <object_component id="oc-12">
         <name>.text:decompress:none:__TI_decompress_none</name>
         <load_address>0x92f4</load_address>
         <run_address>0x92f4</run_address>
         <size>0x14</size>
         <input_file_ref idref="fl-d4"/>
      </object_component>
      <object_component id="oc-26a">
         <name>.text:__aeabi_errno_addr</name>
         <load_address>0x9308</load_address>
         <run_address>0x9308</run_address>
         <size>0xc</size>
         <input_file_ref idref="fl-e2"/>
      </object_component>
      <object_component id="oc-136">
         <name>.text:abort:abort</name>
         <load_address>0x9314</load_address>
         <run_address>0x9314</run_address>
         <size>0x8</size>
         <input_file_ref idref="fl-d6"/>
      </object_component>
      <object_component id="oc-2d">
         <name>.text:retain</name>
         <load_address>0x931c</load_address>
         <run_address>0x931c</run_address>
         <size>0x4</size>
         <input_file_ref idref="fl-11"/>
      </object_component>
      <object_component id="oc-315">
         <name>.text</name>
         <load_address>0x9320</load_address>
         <run_address>0x9320</run_address>
         <size>0x4</size>
         <input_file_ref idref="fl-ea"/>
      </object_component>
      <object_component id="oc-25">
         <name>.const:s_vim_init</name>
         <load_address>0x9340</load_address>
         <run_address>0x9340</run_address>
         <size>0x200</size>
         <input_file_ref idref="fl-15"/>
      </object_component>
      <object_component id="oc-2a9">
         <name>.const:.string:_ctypes_</name>
         <load_address>0x9540</load_address>
         <run_address>0x9540</run_address>
         <size>0x101</size>
         <input_file_ref idref="fl-de"/>
      </object_component>
      <object_component id="oc-37d">
         <name>__TI_handler_table</name>
         <load_address>0x9660</load_address>
         <run_address>0x9660</run_address>
         <size>0xc</size>
      </object_component>
      <object_component id="oc-380">
         <name>.cinit..data.load</name>
         <load_address>0x966c</load_address>
         <run_address>0x966c</run_address>
         <size>0x9</size>
      </object_component>
      <object_component id="oc-37f">
         <name>.cinit..bss.load</name>
         <load_address>0x9678</load_address>
         <run_address>0x9678</run_address>
         <size>0x8</size>
      </object_component>
      <object_component id="oc-37e">
         <name>__TI_cinit_table</name>
         <load_address>0x9680</load_address>
         <run_address>0x9680</run_address>
         <size>0x10</size>
      </object_component>
      <object_component id="oc-1c5">
         <name>.bss:g_sciTransfer_t</name>
         <uninitialized>true</uninitialized>
         <run_address>0x8001594</run_address>
         <size>0x50</size>
         <input_file_ref idref="fl-a"/>
      </object_component>
      <object_component id="oc-12c">
         <name>.common:buf_len</name>
         <uninitialized>true</uninitialized>
         <run_address>0x80015e4</run_address>
         <size>0x4</size>
      </object_component>
      <object_component id="oc-129">
         <name>.data:buf</name>
         <load_address>0x8001500</load_address>
         <run_address>0x8001500</run_address>
         <size>0x80</size>
         <input_file_ref idref="fl-e"/>
      </object_component>
      <object_component id="oc-132">
         <name>.data:receive_data</name>
         <load_address>0x8001588</load_address>
         <run_address>0x8001588</run_address>
         <size>0x5</size>
         <input_file_ref idref="fl-e"/>
      </object_component>
      <object_component id="oc-12f">
         <name>.data</name>
         <load_address>0x8001580</load_address>
         <run_address>0x8001580</run_address>
         <size>0x8</size>
         <input_file_ref idref="fl-e"/>
      </object_component>
      <object_component id="oc-2f6">
         <name>.data</name>
         <load_address>0x8001590</load_address>
         <run_address>0x8001590</run_address>
         <size>0x4</size>
         <input_file_ref idref="fl-e2"/>
      </object_component>
      <object_component id="oc-176">
         <name>.debug_info</name>
         <load_address>0x0</load_address>
         <run_address>0x0</run_address>
         <size>0x373</size>
         <input_file_ref idref="fl-2"/>
      </object_component>
      <object_component id="oc-cd">
         <name>.debug_info</name>
         <load_address>0x373</load_address>
         <run_address>0x373</run_address>
         <size>0x429</size>
         <input_file_ref idref="fl-2"/>
      </object_component>
      <object_component id="oc-149">
         <name>.debug_info</name>
         <load_address>0x79c</load_address>
         <run_address>0x79c</run_address>
         <size>0x26b</size>
         <input_file_ref idref="fl-2"/>
      </object_component>
      <object_component id="oc-88">
         <name>.debug_info</name>
         <load_address>0xa07</load_address>
         <run_address>0xa07</run_address>
         <size>0x157</size>
         <input_file_ref idref="fl-2"/>
      </object_component>
      <object_component id="oc-98">
         <name>.debug_info</name>
         <load_address>0xb5e</load_address>
         <run_address>0xb5e</run_address>
         <size>0x8b</size>
         <input_file_ref idref="fl-2"/>
      </object_component>
      <object_component id="oc-93">
         <name>.debug_info</name>
         <load_address>0xbe9</load_address>
         <run_address>0xbe9</run_address>
         <size>0x18c</size>
         <input_file_ref idref="fl-2"/>
      </object_component>
      <object_component id="oc-20a">
         <name>.debug_info</name>
         <load_address>0xd75</load_address>
         <run_address>0xd75</run_address>
         <size>0x297</size>
         <input_file_ref idref="fl-2"/>
      </object_component>
      <object_component id="oc-142">
         <name>.debug_info</name>
         <load_address>0x100c</load_address>
         <run_address>0x100c</run_address>
         <size>0xbb</size>
         <input_file_ref idref="fl-2"/>
      </object_component>
      <object_component id="oc-9d">
         <name>.debug_info</name>
         <load_address>0x10c7</load_address>
         <run_address>0x10c7</run_address>
         <size>0x86</size>
         <input_file_ref idref="fl-2"/>
      </object_component>
      <object_component id="oc-14e">
         <name>.debug_info</name>
         <load_address>0x114d</load_address>
         <run_address>0x114d</run_address>
         <size>0x102</size>
         <input_file_ref idref="fl-2"/>
      </object_component>
      <object_component id="oc-18d">
         <name>.debug_info</name>
         <load_address>0x124f</load_address>
         <run_address>0x124f</run_address>
         <size>0x142</size>
         <input_file_ref idref="fl-2"/>
      </object_component>
      <object_component id="oc-153">
         <name>.debug_info</name>
         <load_address>0x1391</load_address>
         <run_address>0x1391</run_address>
         <size>0x285</size>
         <input_file_ref idref="fl-2"/>
      </object_component>
      <object_component id="oc-158">
         <name>.debug_info</name>
         <load_address>0x1616</load_address>
         <run_address>0x1616</run_address>
         <size>0x44a</size>
         <input_file_ref idref="fl-2"/>
      </object_component>
      <object_component id="oc-15d">
         <name>.debug_info</name>
         <load_address>0x1a60</load_address>
         <run_address>0x1a60</run_address>
         <size>0x1f9</size>
         <input_file_ref idref="fl-2"/>
      </object_component>
      <object_component id="oc-162">
         <name>.debug_info</name>
         <load_address>0x1c59</load_address>
         <run_address>0x1c59</run_address>
         <size>0x152</size>
         <input_file_ref idref="fl-2"/>
      </object_component>
      <object_component id="oc-167">
         <name>.debug_info</name>
         <load_address>0x1dab</load_address>
         <run_address>0x1dab</run_address>
         <size>0x70a</size>
         <input_file_ref idref="fl-2"/>
      </object_component>
      <object_component id="oc-16c">
         <name>.debug_info</name>
         <load_address>0x24b5</load_address>
         <run_address>0x24b5</run_address>
         <size>0x36d</size>
         <input_file_ref idref="fl-2"/>
      </object_component>
      <object_component id="oc-1ed">
         <name>.debug_info</name>
         <load_address>0x2822</load_address>
         <run_address>0x2822</run_address>
         <size>0x2a0</size>
         <input_file_ref idref="fl-3"/>
      </object_component>
      <object_component id="oc-124">
         <name>.debug_info</name>
         <load_address>0x2ac2</load_address>
         <run_address>0x2ac2</run_address>
         <size>0x2d03</size>
         <input_file_ref idref="fl-3"/>
      </object_component>
      <object_component id="oc-1ee">
         <name>.debug_info</name>
         <load_address>0x57c5</load_address>
         <run_address>0x57c5</run_address>
         <size>0x669</size>
         <input_file_ref idref="fl-3"/>
      </object_component>
      <object_component id="oc-192">
         <name>.debug_info</name>
         <load_address>0x5e2e</load_address>
         <run_address>0x5e2e</run_address>
         <size>0x22e</size>
         <input_file_ref idref="fl-3"/>
      </object_component>
      <object_component id="oc-d9">
         <name>.debug_info</name>
         <load_address>0x605c</load_address>
         <run_address>0x605c</run_address>
         <size>0x33f</size>
         <input_file_ref idref="fl-5"/>
      </object_component>
      <object_component id="oc-74">
         <name>.debug_info</name>
         <load_address>0x639b</load_address>
         <run_address>0x639b</run_address>
         <size>0x10b4</size>
         <input_file_ref idref="fl-5"/>
      </object_component>
      <object_component id="oc-20">
         <name>.debug_info</name>
         <load_address>0x744f</load_address>
         <run_address>0x744f</run_address>
         <size>0x19c</size>
         <input_file_ref idref="fl-5"/>
      </object_component>
      <object_component id="oc-d4">
         <name>.debug_info</name>
         <load_address>0x75eb</load_address>
         <run_address>0x75eb</run_address>
         <size>0x168</size>
         <input_file_ref idref="fl-5"/>
      </object_component>
      <object_component id="oc-1e6">
         <name>.debug_info</name>
         <load_address>0x7753</load_address>
         <run_address>0x7753</run_address>
         <size>0x2fb</size>
         <input_file_ref idref="fl-6"/>
      </object_component>
      <object_component id="oc-11e">
         <name>.debug_info</name>
         <load_address>0x7a4e</load_address>
         <run_address>0x7a4e</run_address>
         <size>0x2858</size>
         <input_file_ref idref="fl-6"/>
      </object_component>
      <object_component id="oc-1e7">
         <name>.debug_info</name>
         <load_address>0xa2a6</load_address>
         <run_address>0xa2a6</run_address>
         <size>0xc6d</size>
         <input_file_ref idref="fl-6"/>
      </object_component>
      <object_component id="oc-197">
         <name>.debug_info</name>
         <load_address>0xaf13</load_address>
         <run_address>0xaf13</run_address>
         <size>0x396</size>
         <input_file_ref idref="fl-6"/>
      </object_component>
      <object_component id="oc-1a9">
         <name>.debug_info</name>
         <load_address>0xb2a9</load_address>
         <run_address>0xb2a9</run_address>
         <size>0x199</size>
         <input_file_ref idref="fl-6"/>
      </object_component>
      <object_component id="oc-c0">
         <name>.debug_info</name>
         <load_address>0xb442</load_address>
         <run_address>0xb442</run_address>
         <size>0x396</size>
         <input_file_ref idref="fl-8"/>
      </object_component>
      <object_component id="oc-68">
         <name>.debug_info</name>
         <load_address>0xb7d8</load_address>
         <run_address>0xb7d8</run_address>
         <size>0x834</size>
         <input_file_ref idref="fl-8"/>
      </object_component>
      <object_component id="oc-188">
         <name>.debug_info</name>
         <load_address>0xc00c</load_address>
         <run_address>0xc00c</run_address>
         <size>0xadd</size>
         <input_file_ref idref="fl-8"/>
      </object_component>
      <object_component id="oc-c1">
         <name>.debug_info</name>
         <load_address>0xcae9</load_address>
         <run_address>0xcae9</run_address>
         <size>0x6eb</size>
         <input_file_ref idref="fl-8"/>
      </object_component>
      <object_component id="oc-19c">
         <name>.debug_info</name>
         <load_address>0xd1d4</load_address>
         <run_address>0xd1d4</run_address>
         <size>0x243</size>
         <input_file_ref idref="fl-8"/>
      </object_component>
      <object_component id="oc-235">
         <name>.debug_info</name>
         <load_address>0xd417</load_address>
         <run_address>0xd417</run_address>
         <size>0x18e</size>
         <input_file_ref idref="fl-8"/>
      </object_component>
      <object_component id="oc-c7">
         <name>.debug_info</name>
         <load_address>0xd5a5</load_address>
         <run_address>0xd5a5</run_address>
         <size>0x110</size>
         <input_file_ref idref="fl-9"/>
      </object_component>
      <object_component id="oc-1c9">
         <name>.debug_info</name>
         <load_address>0xd6b5</load_address>
         <run_address>0xd6b5</run_address>
         <size>0x2f1</size>
         <input_file_ref idref="fl-a"/>
      </object_component>
      <object_component id="oc-1c6">
         <name>.debug_info</name>
         <load_address>0xd9a6</load_address>
         <run_address>0xd9a6</run_address>
         <size>0xd9</size>
         <input_file_ref idref="fl-a"/>
      </object_component>
      <object_component id="oc-10c">
         <name>.debug_info</name>
         <load_address>0xda7f</load_address>
         <run_address>0xda7f</run_address>
         <size>0xc91</size>
         <input_file_ref idref="fl-a"/>
      </object_component>
      <object_component id="oc-230">
         <name>.debug_info</name>
         <load_address>0xe710</load_address>
         <run_address>0xe710</run_address>
         <size>0x91</size>
         <input_file_ref idref="fl-a"/>
      </object_component>
      <object_component id="oc-63">
         <name>.debug_info</name>
         <load_address>0xe7a1</load_address>
         <run_address>0xe7a1</run_address>
         <size>0x806</size>
         <input_file_ref idref="fl-b"/>
      </object_component>
      <object_component id="oc-29">
         <name>.debug_info</name>
         <load_address>0xefa7</load_address>
         <run_address>0xefa7</run_address>
         <size>0xfc</size>
         <input_file_ref idref="fl-d"/>
      </object_component>
      <object_component id="oc-12d">
         <name>.debug_info</name>
         <load_address>0xf0a3</load_address>
         <run_address>0xf0a3</run_address>
         <size>0x54c</size>
         <input_file_ref idref="fl-e"/>
      </object_component>
      <object_component id="oc-12a">
         <name>.debug_info</name>
         <load_address>0xf5ef</load_address>
         <run_address>0xf5ef</run_address>
         <size>0xc7</size>
         <input_file_ref idref="fl-e"/>
      </object_component>
      <object_component id="oc-133">
         <name>.debug_info</name>
         <load_address>0xf6b6</load_address>
         <run_address>0xf6b6</run_address>
         <size>0xd9</size>
         <input_file_ref idref="fl-e"/>
      </object_component>
      <object_component id="oc-130">
         <name>.debug_info</name>
         <load_address>0xf78f</load_address>
         <run_address>0xf78f</run_address>
         <size>0xe4</size>
         <input_file_ref idref="fl-e"/>
      </object_component>
      <object_component id="oc-80">
         <name>.debug_info</name>
         <load_address>0xf873</load_address>
         <run_address>0xf873</run_address>
         <size>0x5d4</size>
         <input_file_ref idref="fl-e"/>
      </object_component>
      <object_component id="oc-1f7">
         <name>.debug_info</name>
         <load_address>0xfe47</load_address>
         <run_address>0xfe47</run_address>
         <size>0xcc</size>
         <input_file_ref idref="fl-e"/>
      </object_component>
      <object_component id="oc-1de">
         <name>.debug_info</name>
         <load_address>0xff13</load_address>
         <run_address>0xff13</run_address>
         <size>0x2c</size>
         <input_file_ref idref="fl-e"/>
      </object_component>
      <object_component id="oc-7a">
         <name>.debug_info</name>
         <load_address>0xff3f</load_address>
         <run_address>0xff3f</run_address>
         <size>0x433</size>
         <input_file_ref idref="fl-f"/>
      </object_component>
      <object_component id="oc-211">
         <name>.debug_info</name>
         <load_address>0x10372</load_address>
         <run_address>0x10372</run_address>
         <size>0x2e7</size>
         <input_file_ref idref="fl-10"/>
      </object_component>
      <object_component id="oc-1a4">
         <name>.debug_info</name>
         <load_address>0x10659</load_address>
         <run_address>0x10659</run_address>
         <size>0x457</size>
         <input_file_ref idref="fl-10"/>
      </object_component>
      <object_component id="oc-2e">
         <name>.debug_info</name>
         <load_address>0x10ab0</load_address>
         <run_address>0x10ab0</run_address>
         <size>0x131</size>
         <input_file_ref idref="fl-11"/>
      </object_component>
      <object_component id="oc-1a">
         <name>.debug_info</name>
         <load_address>0x10be1</load_address>
         <run_address>0x10be1</run_address>
         <size>0x270</size>
         <input_file_ref idref="fl-14"/>
      </object_component>
      <object_component id="oc-8f">
         <name>.debug_info</name>
         <load_address>0x10e51</load_address>
         <run_address>0x10e51</run_address>
         <size>0x442</size>
         <input_file_ref idref="fl-15"/>
      </object_component>
      <object_component id="oc-26">
         <name>.debug_info</name>
         <load_address>0x11293</load_address>
         <run_address>0x11293</run_address>
         <size>0xd3</size>
         <input_file_ref idref="fl-15"/>
      </object_component>
      <object_component id="oc-35">
         <name>.debug_info</name>
         <load_address>0x11366</load_address>
         <run_address>0x11366</run_address>
         <size>0x483</size>
         <input_file_ref idref="fl-15"/>
      </object_component>
      <object_component id="oc-3a">
         <name>.debug_info</name>
         <load_address>0x117e9</load_address>
         <run_address>0x117e9</run_address>
         <size>0x1ee</size>
         <input_file_ref idref="fl-15"/>
      </object_component>
      <object_component id="oc-171">
         <name>.debug_info</name>
         <load_address>0x119d7</load_address>
         <run_address>0x119d7</run_address>
         <size>0x4f</size>
         <input_file_ref idref="fl-15"/>
      </object_component>
      <object_component id="oc-d2">
         <name>.debug_info</name>
         <load_address>0x11a26</load_address>
         <run_address>0x11a26</run_address>
         <size>0x3d5</size>
         <input_file_ref idref="fl-16"/>
      </object_component>
      <object_component id="oc-6e">
         <name>.debug_info</name>
         <load_address>0x11dfb</load_address>
         <run_address>0x11dfb</run_address>
         <size>0x583</size>
         <input_file_ref idref="fl-16"/>
      </object_component>
      <object_component id="oc-22b">
         <name>.debug_info</name>
         <load_address>0x1237e</load_address>
         <run_address>0x1237e</run_address>
         <size>0x267</size>
         <input_file_ref idref="fl-d0"/>
      </object_component>
      <object_component id="oc-1c0">
         <name>.debug_info</name>
         <load_address>0x125e5</load_address>
         <run_address>0x125e5</run_address>
         <size>0x178</size>
         <input_file_ref idref="fl-d0"/>
      </object_component>
      <object_component id="oc-45">
         <name>.debug_info</name>
         <load_address>0x1275d</load_address>
         <run_address>0x1275d</run_address>
         <size>0x84</size>
         <input_file_ref idref="fl-d0"/>
      </object_component>
      <object_component id="oc-2a2">
         <name>.debug_info</name>
         <load_address>0x127e1</load_address>
         <run_address>0x127e1</run_address>
         <size>0x46</size>
         <input_file_ref idref="fl-d0"/>
      </object_component>
      <object_component id="oc-226">
         <name>.debug_info</name>
         <load_address>0x12827</load_address>
         <run_address>0x12827</run_address>
         <size>0x39</size>
         <input_file_ref idref="fl-d0"/>
      </object_component>
      <object_component id="oc-1b1">
         <name>.debug_info</name>
         <load_address>0x12860</load_address>
         <run_address>0x12860</run_address>
         <size>0x52a</size>
         <input_file_ref idref="fl-d1"/>
      </object_component>
      <object_component id="oc-df">
         <name>.debug_info</name>
         <load_address>0x12d8a</load_address>
         <run_address>0x12d8a</run_address>
         <size>0x17e</size>
         <input_file_ref idref="fl-d1"/>
      </object_component>
      <object_component id="oc-214">
         <name>.debug_info</name>
         <load_address>0x12f08</load_address>
         <run_address>0x12f08</run_address>
         <size>0x39</size>
         <input_file_ref idref="fl-d1"/>
      </object_component>
      <object_component id="oc-296">
         <name>.debug_info</name>
         <load_address>0x12f41</load_address>
         <run_address>0x12f41</run_address>
         <size>0x39</size>
         <input_file_ref idref="fl-d1"/>
      </object_component>
      <object_component id="oc-219">
         <name>.debug_info</name>
         <load_address>0x12f7a</load_address>
         <run_address>0x12f7a</run_address>
         <size>0x39</size>
         <input_file_ref idref="fl-d1"/>
      </object_component>
      <object_component id="oc-21e">
         <name>.debug_info</name>
         <load_address>0x12fb3</load_address>
         <run_address>0x12fb3</run_address>
         <size>0xcd</size>
         <input_file_ref idref="fl-d1"/>
      </object_component>
      <object_component id="oc-b7">
         <name>.debug_info</name>
         <load_address>0x13080</load_address>
         <run_address>0x13080</run_address>
         <size>0x2f1</size>
         <input_file_ref idref="fl-d3"/>
      </object_component>
      <object_component id="oc-57">
         <name>.debug_info</name>
         <load_address>0x13371</load_address>
         <run_address>0x13371</run_address>
         <size>0x197</size>
         <input_file_ref idref="fl-d3"/>
      </object_component>
      <object_component id="oc-b2">
         <name>.debug_info</name>
         <load_address>0x13508</load_address>
         <run_address>0x13508</run_address>
         <size>0x46</size>
         <input_file_ref idref="fl-d3"/>
      </object_component>
      <object_component id="oc-17e">
         <name>.debug_info</name>
         <load_address>0x1354e</load_address>
         <run_address>0x1354e</run_address>
         <size>0x2c</size>
         <input_file_ref idref="fl-d3"/>
      </object_component>
      <object_component id="oc-55">
         <name>.debug_info</name>
         <load_address>0x1357a</load_address>
         <run_address>0x1357a</run_address>
         <size>0x27b</size>
         <input_file_ref idref="fl-d4"/>
      </object_component>
      <object_component id="oc-13">
         <name>.debug_info</name>
         <load_address>0x137f5</load_address>
         <run_address>0x137f5</run_address>
         <size>0x1ad</size>
         <input_file_ref idref="fl-d4"/>
      </object_component>
      <object_component id="oc-50">
         <name>.debug_info</name>
         <load_address>0x139a2</load_address>
         <run_address>0x139a2</run_address>
         <size>0x46</size>
         <input_file_ref idref="fl-d4"/>
      </object_component>
      <object_component id="oc-aa">
         <name>.debug_info</name>
         <load_address>0x139e8</load_address>
         <run_address>0x139e8</run_address>
         <size>0x2c</size>
         <input_file_ref idref="fl-d4"/>
      </object_component>
      <object_component id="oc-a8">
         <name>.debug_info</name>
         <load_address>0x13a14</load_address>
         <run_address>0x13a14</run_address>
         <size>0x276</size>
         <input_file_ref idref="fl-d5"/>
      </object_component>
      <object_component id="oc-d">
         <name>.debug_info</name>
         <load_address>0x13c8a</load_address>
         <run_address>0x13c8a</run_address>
         <size>0x228</size>
         <input_file_ref idref="fl-d5"/>
      </object_component>
      <object_component id="oc-40">
         <name>.debug_info</name>
         <load_address>0x13eb2</load_address>
         <run_address>0x13eb2</run_address>
         <size>0x60</size>
         <input_file_ref idref="fl-d5"/>
      </object_component>
      <object_component id="oc-177">
         <name>.debug_info</name>
         <load_address>0x13f12</load_address>
         <run_address>0x13f12</run_address>
         <size>0x46</size>
         <input_file_ref idref="fl-d5"/>
      </object_component>
      <object_component id="oc-a3">
         <name>.debug_info</name>
         <load_address>0x13f58</load_address>
         <run_address>0x13f58</run_address>
         <size>0x39</size>
         <input_file_ref idref="fl-d5"/>
      </object_component>
      <object_component id="oc-137">
         <name>.debug_info</name>
         <load_address>0x13f91</load_address>
         <run_address>0x13f91</run_address>
         <size>0xfa</size>
         <input_file_ref idref="fl-d6"/>
      </object_component>
      <object_component id="oc-1dd">
         <name>.debug_info</name>
         <load_address>0x1408b</load_address>
         <run_address>0x1408b</run_address>
         <size>0x30b</size>
         <input_file_ref idref="fl-d8"/>
      </object_component>
      <object_component id="oc-112">
         <name>.debug_info</name>
         <load_address>0x14396</load_address>
         <run_address>0x14396</run_address>
         <size>0x1a9</size>
         <input_file_ref idref="fl-d8"/>
      </object_component>
      <object_component id="oc-1d1">
         <name>.debug_info</name>
         <load_address>0x1453f</load_address>
         <run_address>0x1453f</run_address>
         <size>0x170</size>
         <input_file_ref idref="fl-d8"/>
      </object_component>
      <object_component id="oc-1d7">
         <name>.debug_info</name>
         <load_address>0x146af</load_address>
         <run_address>0x146af</run_address>
         <size>0x145</size>
         <input_file_ref idref="fl-d8"/>
      </object_component>
      <object_component id="oc-2fd">
         <name>.debug_info</name>
         <load_address>0x147f4</load_address>
         <run_address>0x147f4</run_address>
         <size>0x2c</size>
         <input_file_ref idref="fl-d8"/>
      </object_component>
      <object_component id="oc-1e4">
         <name>.debug_info</name>
         <load_address>0x14820</load_address>
         <run_address>0x14820</run_address>
         <size>0x267</size>
         <input_file_ref idref="fl-d9"/>
      </object_component>
      <object_component id="oc-118">
         <name>.debug_info</name>
         <load_address>0x14a87</load_address>
         <run_address>0x14a87</run_address>
         <size>0x1d3</size>
         <input_file_ref idref="fl-d9"/>
      </object_component>
      <object_component id="oc-4b">
         <name>.debug_info</name>
         <load_address>0x14c5a</load_address>
         <run_address>0x14c5a</run_address>
         <size>0x15f</size>
         <input_file_ref idref="fl-da"/>
      </object_component>
      <object_component id="oc-b9">
         <name>.debug_info</name>
         <load_address>0x14db9</load_address>
         <run_address>0x14db9</run_address>
         <size>0x127</size>
         <input_file_ref idref="fl-db"/>
      </object_component>
      <object_component id="oc-271">
         <name>.debug_info</name>
         <load_address>0x14ee0</load_address>
         <run_address>0x14ee0</run_address>
         <size>0x889</size>
         <input_file_ref idref="fl-dc"/>
      </object_component>
      <object_component id="oc-241">
         <name>.debug_info</name>
         <load_address>0x15769</load_address>
         <run_address>0x15769</run_address>
         <size>0x1f6</size>
         <input_file_ref idref="fl-dc"/>
      </object_component>
      <object_component id="oc-2c0">
         <name>.debug_info</name>
         <load_address>0x1595f</load_address>
         <run_address>0x1595f</run_address>
         <size>0x18b</size>
         <input_file_ref idref="fl-dc"/>
      </object_component>
      <object_component id="oc-2c6">
         <name>.debug_info</name>
         <load_address>0x15aea</load_address>
         <run_address>0x15aea</run_address>
         <size>0x1f3</size>
         <input_file_ref idref="fl-dc"/>
      </object_component>
      <object_component id="oc-247">
         <name>.debug_info</name>
         <load_address>0x15cdd</load_address>
         <run_address>0x15cdd</run_address>
         <size>0x2ac</size>
         <input_file_ref idref="fl-dc"/>
      </object_component>
      <object_component id="oc-2cd">
         <name>.debug_info</name>
         <load_address>0x15f89</load_address>
         <run_address>0x15f89</run_address>
         <size>0x1fc</size>
         <input_file_ref idref="fl-dc"/>
      </object_component>
      <object_component id="oc-2d3">
         <name>.debug_info</name>
         <load_address>0x16185</load_address>
         <run_address>0x16185</run_address>
         <size>0x1ed</size>
         <input_file_ref idref="fl-dc"/>
      </object_component>
      <object_component id="oc-24d">
         <name>.debug_info</name>
         <load_address>0x16372</load_address>
         <run_address>0x16372</run_address>
         <size>0x1ed</size>
         <input_file_ref idref="fl-dc"/>
      </object_component>
      <object_component id="oc-253">
         <name>.debug_info</name>
         <load_address>0x1655f</load_address>
         <run_address>0x1655f</run_address>
         <size>0x218</size>
         <input_file_ref idref="fl-dc"/>
      </object_component>
      <object_component id="oc-259">
         <name>.debug_info</name>
         <load_address>0x16777</load_address>
         <run_address>0x16777</run_address>
         <size>0x331</size>
         <input_file_ref idref="fl-dc"/>
      </object_component>
      <object_component id="oc-1cb">
         <name>.debug_info</name>
         <load_address>0x16aa8</load_address>
         <run_address>0x16aa8</run_address>
         <size>0x58a</size>
         <input_file_ref idref="fl-dc"/>
      </object_component>
      <object_component id="oc-272">
         <name>.debug_info</name>
         <load_address>0x17032</load_address>
         <run_address>0x17032</run_address>
         <size>0x86</size>
         <input_file_ref idref="fl-dc"/>
      </object_component>
      <object_component id="oc-302">
         <name>.debug_info</name>
         <load_address>0x170b8</load_address>
         <run_address>0x170b8</run_address>
         <size>0x39</size>
         <input_file_ref idref="fl-dc"/>
      </object_component>
      <object_component id="oc-344">
         <name>.debug_info</name>
         <load_address>0x170f1</load_address>
         <run_address>0x170f1</run_address>
         <size>0xb6</size>
         <input_file_ref idref="fl-dc"/>
      </object_component>
      <object_component id="oc-307">
         <name>.debug_info</name>
         <load_address>0x171a7</load_address>
         <run_address>0x171a7</run_address>
         <size>0x46</size>
         <input_file_ref idref="fl-dc"/>
      </object_component>
      <object_component id="oc-277">
         <name>.debug_info</name>
         <load_address>0x171ed</load_address>
         <run_address>0x171ed</run_address>
         <size>0x46</size>
         <input_file_ref idref="fl-dc"/>
      </object_component>
      <object_component id="oc-2ad">
         <name>.debug_info</name>
         <load_address>0x17233</load_address>
         <run_address>0x17233</run_address>
         <size>0x291</size>
         <input_file_ref idref="fl-dd"/>
      </object_component>
      <object_component id="oc-23b">
         <name>.debug_info</name>
         <load_address>0x174c4</load_address>
         <run_address>0x174c4</run_address>
         <size>0x154</size>
         <input_file_ref idref="fl-dd"/>
      </object_component>
      <object_component id="oc-311">
         <name>.debug_info</name>
         <load_address>0x17618</load_address>
         <run_address>0x17618</run_address>
         <size>0xd1</size>
         <input_file_ref idref="fl-de"/>
      </object_component>
      <object_component id="oc-2aa">
         <name>.debug_info</name>
         <load_address>0x176e9</load_address>
         <run_address>0x176e9</run_address>
         <size>0xdd</size>
         <input_file_ref idref="fl-de"/>
      </object_component>
      <object_component id="oc-321">
         <name>.debug_info</name>
         <load_address>0x177c6</load_address>
         <run_address>0x177c6</run_address>
         <size>0x273</size>
         <input_file_ref idref="fl-df"/>
      </object_component>
      <object_component id="oc-2bb">
         <name>.debug_info</name>
         <load_address>0x17a39</load_address>
         <run_address>0x17a39</run_address>
         <size>0x1bd</size>
         <input_file_ref idref="fl-df"/>
      </object_component>
      <object_component id="oc-2ee">
         <name>.debug_info</name>
         <load_address>0x17bf6</load_address>
         <run_address>0x17bf6</run_address>
         <size>0x26e</size>
         <input_file_ref idref="fl-e0"/>
      </object_component>
      <object_component id="oc-25f">
         <name>.debug_info</name>
         <load_address>0x17e64</load_address>
         <run_address>0x17e64</run_address>
         <size>0x18e</size>
         <input_file_ref idref="fl-e0"/>
      </object_component>
      <object_component id="oc-336">
         <name>.debug_info</name>
         <load_address>0x17ff2</load_address>
         <run_address>0x17ff2</run_address>
         <size>0x272</size>
         <input_file_ref idref="fl-e1"/>
      </object_component>
      <object_component id="oc-2e7">
         <name>.debug_info</name>
         <load_address>0x18264</load_address>
         <run_address>0x18264</run_address>
         <size>0x1f0</size>
         <input_file_ref idref="fl-e1"/>
      </object_component>
      <object_component id="oc-2fa">
         <name>.debug_info</name>
         <load_address>0x18454</load_address>
         <run_address>0x18454</run_address>
         <size>0x261</size>
         <input_file_ref idref="fl-e2"/>
      </object_component>
      <object_component id="oc-2f7">
         <name>.debug_info</name>
         <load_address>0x186b5</load_address>
         <run_address>0x186b5</run_address>
         <size>0xe6</size>
         <input_file_ref idref="fl-e2"/>
      </object_component>
      <object_component id="oc-26b">
         <name>.debug_info</name>
         <load_address>0x1879b</load_address>
         <run_address>0x1879b</run_address>
         <size>0x126</size>
         <input_file_ref idref="fl-e2"/>
      </object_component>
      <object_component id="oc-327">
         <name>.debug_info</name>
         <load_address>0x188c1</load_address>
         <run_address>0x188c1</run_address>
         <size>0x272</size>
         <input_file_ref idref="fl-e3"/>
      </object_component>
      <object_component id="oc-2db">
         <name>.debug_info</name>
         <load_address>0x18b33</load_address>
         <run_address>0x18b33</run_address>
         <size>0x166</size>
         <input_file_ref idref="fl-e3"/>
      </object_component>
      <object_component id="oc-351">
         <name>.debug_info</name>
         <load_address>0x18c99</load_address>
         <run_address>0x18c99</run_address>
         <size>0x39</size>
         <input_file_ref idref="fl-e3"/>
      </object_component>
      <object_component id="oc-328">
         <name>.debug_info</name>
         <load_address>0x18cd2</load_address>
         <run_address>0x18cd2</run_address>
         <size>0x2c</size>
         <input_file_ref idref="fl-e3"/>
      </object_component>
      <object_component id="oc-334">
         <name>.debug_info</name>
         <load_address>0x18cfe</load_address>
         <run_address>0x18cfe</run_address>
         <size>0x2d5</size>
         <input_file_ref idref="fl-e4"/>
      </object_component>
      <object_component id="oc-2e1">
         <name>.debug_info</name>
         <load_address>0x18fd3</load_address>
         <run_address>0x18fd3</run_address>
         <size>0x185</size>
         <input_file_ref idref="fl-e4"/>
      </object_component>
      <object_component id="oc-2f5">
         <name>.debug_info</name>
         <load_address>0x19158</load_address>
         <run_address>0x19158</run_address>
         <size>0x267</size>
         <input_file_ref idref="fl-e5"/>
      </object_component>
      <object_component id="oc-265">
         <name>.debug_info</name>
         <load_address>0x193bf</load_address>
         <run_address>0x193bf</run_address>
         <size>0x132</size>
         <input_file_ref idref="fl-e5"/>
      </object_component>
      <object_component id="oc-339">
         <name>.debug_info</name>
         <load_address>0x194f1</load_address>
         <run_address>0x194f1</run_address>
         <size>0x46</size>
         <input_file_ref idref="fl-e5"/>
      </object_component>
      <object_component id="oc-2f0">
         <name>.debug_info</name>
         <load_address>0x19537</load_address>
         <run_address>0x19537</run_address>
         <size>0x39</size>
         <input_file_ref idref="fl-e5"/>
      </object_component>
      <object_component id="oc-31c">
         <name>.debug_info</name>
         <load_address>0x19570</load_address>
         <run_address>0x19570</run_address>
         <size>0x12a</size>
         <input_file_ref idref="fl-e6"/>
      </object_component>
      <object_component id="oc-2b4">
         <name>.debug_info</name>
         <load_address>0x1969a</load_address>
         <run_address>0x1969a</run_address>
         <size>0x12c</size>
         <input_file_ref idref="fl-e7"/>
      </object_component>
      <object_component id="oc-2af">
         <name>.debug_info</name>
         <load_address>0x197c6</load_address>
         <run_address>0x197c6</run_address>
         <size>0x165</size>
         <input_file_ref idref="fl-e8"/>
      </object_component>
      <object_component id="oc-32e">
         <name>.debug_info</name>
         <load_address>0x1992b</load_address>
         <run_address>0x1992b</run_address>
         <size>0x139</size>
         <input_file_ref idref="fl-e9"/>
      </object_component>
      <object_component id="oc-316">
         <name>.debug_info</name>
         <load_address>0x19a64</load_address>
         <run_address>0x19a64</run_address>
         <size>0xf0</size>
         <input_file_ref idref="fl-ea"/>
      </object_component>
      <object_component id="oc-381">
         <name>.debug_info</name>
         <load_address>0x19b54</load_address>
         <run_address>0x19b54</run_address>
         <size>0x95</size>
      </object_component>
      <object_component id="oc-210">
         <name>.debug_line</name>
         <load_address>0x0</load_address>
         <run_address>0x0</run_address>
         <size>0x20</size>
         <input_file_ref idref="fl-2"/>
      </object_component>
      <object_component id="oc-d0">
         <name>.debug_line</name>
         <load_address>0x20</load_address>
         <run_address>0x20</run_address>
         <size>0x56</size>
         <input_file_ref idref="fl-2"/>
      </object_component>
      <object_component id="oc-14c">
         <name>.debug_line</name>
         <load_address>0x76</load_address>
         <run_address>0x76</run_address>
         <size>0x71</size>
         <input_file_ref idref="fl-2"/>
      </object_component>
      <object_component id="oc-8b">
         <name>.debug_line</name>
         <load_address>0xe7</load_address>
         <run_address>0xe7</run_address>
         <size>0x5c</size>
         <input_file_ref idref="fl-2"/>
      </object_component>
      <object_component id="oc-9b">
         <name>.debug_line</name>
         <load_address>0x143</load_address>
         <run_address>0x143</run_address>
         <size>0x20</size>
         <input_file_ref idref="fl-2"/>
      </object_component>
      <object_component id="oc-96">
         <name>.debug_line</name>
         <load_address>0x163</load_address>
         <run_address>0x163</run_address>
         <size>0x57</size>
         <input_file_ref idref="fl-2"/>
      </object_component>
      <object_component id="oc-20d">
         <name>.debug_line</name>
         <load_address>0x1ba</load_address>
         <run_address>0x1ba</run_address>
         <size>0x75</size>
         <input_file_ref idref="fl-2"/>
      </object_component>
      <object_component id="oc-145">
         <name>.debug_line</name>
         <load_address>0x22f</load_address>
         <run_address>0x22f</run_address>
         <size>0x72</size>
         <input_file_ref idref="fl-2"/>
      </object_component>
      <object_component id="oc-a0">
         <name>.debug_line</name>
         <load_address>0x2a1</load_address>
         <run_address>0x2a1</run_address>
         <size>0x5a</size>
         <input_file_ref idref="fl-2"/>
      </object_component>
      <object_component id="oc-151">
         <name>.debug_line</name>
         <load_address>0x2fb</load_address>
         <run_address>0x2fb</run_address>
         <size>0x59</size>
         <input_file_ref idref="fl-2"/>
      </object_component>
      <object_component id="oc-190">
         <name>.debug_line</name>
         <load_address>0x354</load_address>
         <run_address>0x354</run_address>
         <size>0x57</size>
         <input_file_ref idref="fl-2"/>
      </object_component>
      <object_component id="oc-156">
         <name>.debug_line</name>
         <load_address>0x3ab</load_address>
         <run_address>0x3ab</run_address>
         <size>0x57</size>
         <input_file_ref idref="fl-2"/>
      </object_component>
      <object_component id="oc-15b">
         <name>.debug_line</name>
         <load_address>0x402</load_address>
         <run_address>0x402</run_address>
         <size>0x59</size>
         <input_file_ref idref="fl-2"/>
      </object_component>
      <object_component id="oc-160">
         <name>.debug_line</name>
         <load_address>0x45b</load_address>
         <run_address>0x45b</run_address>
         <size>0x57</size>
         <input_file_ref idref="fl-2"/>
      </object_component>
      <object_component id="oc-165">
         <name>.debug_line</name>
         <load_address>0x4b2</load_address>
         <run_address>0x4b2</run_address>
         <size>0x5a</size>
         <input_file_ref idref="fl-2"/>
      </object_component>
      <object_component id="oc-16a">
         <name>.debug_line</name>
         <load_address>0x50c</load_address>
         <run_address>0x50c</run_address>
         <size>0x5a</size>
         <input_file_ref idref="fl-2"/>
      </object_component>
      <object_component id="oc-16f">
         <name>.debug_line</name>
         <load_address>0x566</load_address>
         <run_address>0x566</run_address>
         <size>0x57</size>
         <input_file_ref idref="fl-2"/>
      </object_component>
      <object_component id="oc-285">
         <name>.debug_line</name>
         <load_address>0x5bd</load_address>
         <run_address>0x5bd</run_address>
         <size>0x20</size>
         <input_file_ref idref="fl-3"/>
      </object_component>
      <object_component id="oc-127">
         <name>.debug_line</name>
         <load_address>0x5dd</load_address>
         <run_address>0x5dd</run_address>
         <size>0x732</size>
         <input_file_ref idref="fl-3"/>
      </object_component>
      <object_component id="oc-1f1">
         <name>.debug_line</name>
         <load_address>0xd0f</load_address>
         <run_address>0xd0f</run_address>
         <size>0x54</size>
         <input_file_ref idref="fl-3"/>
      </object_component>
      <object_component id="oc-195">
         <name>.debug_line</name>
         <load_address>0xd63</load_address>
         <run_address>0xd63</run_address>
         <size>0x58</size>
         <input_file_ref idref="fl-3"/>
      </object_component>
      <object_component id="oc-1af">
         <name>.debug_line</name>
         <load_address>0xdbb</load_address>
         <run_address>0xdbb</run_address>
         <size>0x53</size>
         <input_file_ref idref="fl-5"/>
      </object_component>
      <object_component id="oc-77">
         <name>.debug_line</name>
         <load_address>0xe0e</load_address>
         <run_address>0xe0e</run_address>
         <size>0x365</size>
         <input_file_ref idref="fl-5"/>
      </object_component>
      <object_component id="oc-23">
         <name>.debug_line</name>
         <load_address>0x1173</load_address>
         <run_address>0x1173</run_address>
         <size>0x7c</size>
         <input_file_ref idref="fl-5"/>
      </object_component>
      <object_component id="oc-d7">
         <name>.debug_line</name>
         <load_address>0x11ef</load_address>
         <run_address>0x11ef</run_address>
         <size>0x53</size>
         <input_file_ref idref="fl-5"/>
      </object_component>
      <object_component id="oc-283">
         <name>.debug_line</name>
         <load_address>0x1242</load_address>
         <run_address>0x1242</run_address>
         <size>0x20</size>
         <input_file_ref idref="fl-6"/>
      </object_component>
      <object_component id="oc-121">
         <name>.debug_line</name>
         <load_address>0x1262</load_address>
         <run_address>0x1262</run_address>
         <size>0x7a3</size>
         <input_file_ref idref="fl-6"/>
      </object_component>
      <object_component id="oc-1ea">
         <name>.debug_line</name>
         <load_address>0x1a05</load_address>
         <run_address>0x1a05</run_address>
         <size>0x55</size>
         <input_file_ref idref="fl-6"/>
      </object_component>
      <object_component id="oc-19a">
         <name>.debug_line</name>
         <load_address>0x1a5a</load_address>
         <run_address>0x1a5a</run_address>
         <size>0x59</size>
         <input_file_ref idref="fl-6"/>
      </object_component>
      <object_component id="oc-1ac">
         <name>.debug_line</name>
         <load_address>0x1ab3</load_address>
         <run_address>0x1ab3</run_address>
         <size>0x5a</size>
         <input_file_ref idref="fl-6"/>
      </object_component>
      <object_component id="oc-187">
         <name>.debug_line</name>
         <load_address>0x1b0d</load_address>
         <run_address>0x1b0d</run_address>
         <size>0x20</size>
         <input_file_ref idref="fl-8"/>
      </object_component>
      <object_component id="oc-6b">
         <name>.debug_line</name>
         <load_address>0x1b2d</load_address>
         <run_address>0x1b2d</run_address>
         <size>0x119</size>
         <input_file_ref idref="fl-8"/>
      </object_component>
      <object_component id="oc-18b">
         <name>.debug_line</name>
         <load_address>0x1c46</load_address>
         <run_address>0x1c46</run_address>
         <size>0x57</size>
         <input_file_ref idref="fl-8"/>
      </object_component>
      <object_component id="oc-c4">
         <name>.debug_line</name>
         <load_address>0x1c9d</load_address>
         <run_address>0x1c9d</run_address>
         <size>0x57</size>
         <input_file_ref idref="fl-8"/>
      </object_component>
      <object_component id="oc-19f">
         <name>.debug_line</name>
         <load_address>0x1cf4</load_address>
         <run_address>0x1cf4</run_address>
         <size>0x57</size>
         <input_file_ref idref="fl-8"/>
      </object_component>
      <object_component id="oc-238">
         <name>.debug_line</name>
         <load_address>0x1d4b</load_address>
         <run_address>0x1d4b</run_address>
         <size>0x53</size>
         <input_file_ref idref="fl-8"/>
      </object_component>
      <object_component id="oc-ca">
         <name>.debug_line</name>
         <load_address>0x1d9e</load_address>
         <run_address>0x1d9e</run_address>
         <size>0xdc</size>
         <input_file_ref idref="fl-9"/>
      </object_component>
      <object_component id="oc-22f">
         <name>.debug_line</name>
         <load_address>0x1e7a</load_address>
         <run_address>0x1e7a</run_address>
         <size>0x6b</size>
         <input_file_ref idref="fl-a"/>
      </object_component>
      <object_component id="oc-22d">
         <name>.debug_line</name>
         <load_address>0x1ee5</load_address>
         <run_address>0x1ee5</run_address>
         <size>0x36</size>
         <input_file_ref idref="fl-a"/>
      </object_component>
      <object_component id="oc-10f">
         <name>.debug_line</name>
         <load_address>0x1f1b</load_address>
         <run_address>0x1f1b</run_address>
         <size>0x2c0</size>
         <input_file_ref idref="fl-a"/>
      </object_component>
      <object_component id="oc-233">
         <name>.debug_line</name>
         <load_address>0x21db</load_address>
         <run_address>0x21db</run_address>
         <size>0x36</size>
         <input_file_ref idref="fl-a"/>
      </object_component>
      <object_component id="oc-66">
         <name>.debug_line</name>
         <load_address>0x2211</load_address>
         <run_address>0x2211</run_address>
         <size>0x2f2</size>
         <input_file_ref idref="fl-b"/>
      </object_component>
      <object_component id="oc-2c">
         <name>.debug_line</name>
         <load_address>0x2503</load_address>
         <run_address>0x2503</run_address>
         <size>0x52</size>
         <input_file_ref idref="fl-d"/>
      </object_component>
      <object_component id="oc-1f6">
         <name>.debug_line</name>
         <load_address>0x2555</load_address>
         <run_address>0x2555</run_address>
         <size>0x170</size>
         <input_file_ref idref="fl-e"/>
      </object_component>
      <object_component id="oc-1f4">
         <name>.debug_line</name>
         <load_address>0x26c5</load_address>
         <run_address>0x26c5</run_address>
         <size>0x3b</size>
         <input_file_ref idref="fl-e"/>
      </object_component>
      <object_component id="oc-1ff">
         <name>.debug_line</name>
         <load_address>0x2700</load_address>
         <run_address>0x2700</run_address>
         <size>0x3b</size>
         <input_file_ref idref="fl-e"/>
      </object_component>
      <object_component id="oc-1fd">
         <name>.debug_line</name>
         <load_address>0x273b</load_address>
         <run_address>0x273b</run_address>
         <size>0x3b</size>
         <input_file_ref idref="fl-e"/>
      </object_component>
      <object_component id="oc-83">
         <name>.debug_line</name>
         <load_address>0x2776</load_address>
         <run_address>0x2776</run_address>
         <size>0x115</size>
         <input_file_ref idref="fl-e"/>
      </object_component>
      <object_component id="oc-1fa">
         <name>.debug_line</name>
         <load_address>0x288b</load_address>
         <run_address>0x288b</run_address>
         <size>0x6c</size>
         <input_file_ref idref="fl-e"/>
      </object_component>
      <object_component id="oc-1e1">
         <name>.debug_line</name>
         <load_address>0x28f7</load_address>
         <run_address>0x28f7</run_address>
         <size>0x6d</size>
         <input_file_ref idref="fl-e"/>
      </object_component>
      <object_component id="oc-7d">
         <name>.debug_line</name>
         <load_address>0x2964</load_address>
         <run_address>0x2964</run_address>
         <size>0x1f3</size>
         <input_file_ref idref="fl-f"/>
      </object_component>
      <object_component id="oc-295">
         <name>.debug_line</name>
         <load_address>0x2b57</load_address>
         <run_address>0x2b57</run_address>
         <size>0x20</size>
         <input_file_ref idref="fl-10"/>
      </object_component>
      <object_component id="oc-1a7">
         <name>.debug_line</name>
         <load_address>0x2b77</load_address>
         <run_address>0x2b77</run_address>
         <size>0x57</size>
         <input_file_ref idref="fl-10"/>
      </object_component>
      <object_component id="oc-31">
         <name>.debug_line</name>
         <load_address>0x2bce</load_address>
         <run_address>0x2bce</run_address>
         <size>0x4e</size>
         <input_file_ref idref="fl-11"/>
      </object_component>
      <object_component id="oc-1d">
         <name>.debug_line</name>
         <load_address>0x2c1c</load_address>
         <run_address>0x2c1c</run_address>
         <size>0x7b</size>
         <input_file_ref idref="fl-14"/>
      </object_component>
      <object_component id="oc-148">
         <name>.debug_line</name>
         <load_address>0x2c97</load_address>
         <run_address>0x2c97</run_address>
         <size>0x8a</size>
         <input_file_ref idref="fl-15"/>
      </object_component>
      <object_component id="oc-8e">
         <name>.debug_line</name>
         <load_address>0x2d21</load_address>
         <run_address>0x2d21</run_address>
         <size>0x3a</size>
         <input_file_ref idref="fl-15"/>
      </object_component>
      <object_component id="oc-38">
         <name>.debug_line</name>
         <load_address>0x2d5b</load_address>
         <run_address>0x2d5b</run_address>
         <size>0x1b2</size>
         <input_file_ref idref="fl-15"/>
      </object_component>
      <object_component id="oc-3d">
         <name>.debug_line</name>
         <load_address>0x2f0d</load_address>
         <run_address>0x2f0d</run_address>
         <size>0xbc</size>
         <input_file_ref idref="fl-15"/>
      </object_component>
      <object_component id="oc-174">
         <name>.debug_line</name>
         <load_address>0x2fc9</load_address>
         <run_address>0x2fc9</run_address>
         <size>0x3a</size>
         <input_file_ref idref="fl-15"/>
      </object_component>
      <object_component id="oc-1a3">
         <name>.debug_line</name>
         <load_address>0x3003</load_address>
         <run_address>0x3003</run_address>
         <size>0x8e</size>
         <input_file_ref idref="fl-16"/>
      </object_component>
      <object_component id="oc-71">
         <name>.debug_line</name>
         <load_address>0x3091</load_address>
         <run_address>0x3091</run_address>
         <size>0x21e</size>
         <input_file_ref idref="fl-16"/>
      </object_component>
      <object_component id="oc-2a8">
         <name>.debug_line</name>
         <load_address>0x32af</load_address>
         <run_address>0x32af</run_address>
         <size>0x20</size>
         <input_file_ref idref="fl-d0"/>
      </object_component>
      <object_component id="oc-1c3">
         <name>.debug_line</name>
         <load_address>0x32cf</load_address>
         <run_address>0x32cf</run_address>
         <size>0xc0</size>
         <input_file_ref idref="fl-d0"/>
      </object_component>
      <object_component id="oc-48">
         <name>.debug_line</name>
         <load_address>0x338f</load_address>
         <run_address>0x338f</run_address>
         <size>0x20</size>
         <input_file_ref idref="fl-d0"/>
      </object_component>
      <object_component id="oc-2a5">
         <name>.debug_line</name>
         <load_address>0x33af</load_address>
         <run_address>0x33af</run_address>
         <size>0x75</size>
         <input_file_ref idref="fl-d0"/>
      </object_component>
      <object_component id="oc-229">
         <name>.debug_line</name>
         <load_address>0x3424</load_address>
         <run_address>0x3424</run_address>
         <size>0x72</size>
         <input_file_ref idref="fl-d0"/>
      </object_component>
      <object_component id="oc-213">
         <name>.debug_line</name>
         <load_address>0x3496</load_address>
         <run_address>0x3496</run_address>
         <size>0x9a</size>
[...]
         <object_component_ref idref="oc-10b"/>
      </symbol>
      <symbol id="sm-3ee">
         <name>sciEnableLoopback</name>
         <value>0x5ec8</value>
         <object_component_ref idref="oc-10b"/>
      </symbol>
      <symbol id="sm-3ef">
         <name>sciIsIdleDetected</name>
         <value>0x5d40</value>
         <object_component_ref idref="oc-10b"/>
      </symbol>
      <symbol id="sm-3f0">
         <name>sciEnterResetState</name>
         <value>0x6048</value>
         <object_component_ref idref="oc-10b"/>
      </symbol>
      <symbol id="sm-41c">
         <name>_iCacheInvalidate_</name>
         <value>0x7258</value>
         <object_component_ref idref="oc-62"/>
      </symbol>
      <symbol id="sm-41d">
         <name>_disable_IRQ_interrupt_</name>
         <value>0x70e8</value>
         <object_component_ref idref="oc-62"/>
      </symbol>
      <symbol id="sm-41e">
         <name>_coreGetInstructionFaultAddress_</name>
         <value>0x70ac</value>
         <object_component_ref idref="oc-62"/>
      </symbol>
      <symbol id="sm-41f">
         <name>_coreGetDataFault_</name>
         <value>0x7070</value>
         <object_component_ref idref="oc-62"/>
      </symbol>
      <symbol id="sm-420">
         <name>_coreDisableEventBusExport_</name>
         <value>0x7050</value>
         <object_component_ref idref="oc-62"/>
      </symbol>
      <symbol id="sm-421">
         <name>_coreClearDataFaultAddress_</name>
         <value>0x70a0</value>
         <object_component_ref idref="oc-62"/>
      </symbol>
      <symbol id="sm-422">
         <name>__TI_PINIT_Base</name>
         <value>0x726c</value>
         <object_component_ref idref="oc-62"/>
      </symbol>
      <symbol id="sm-423">
         <name>_coreInitRegisters_</name>
         <value>0x6eb0</value>
         <object_component_ref idref="oc-62"/>
      </symbol>
      <symbol id="sm-424">
         <name>_coreClearInstructionFaultAddress_</name>
         <value>0x70b4</value>
         <object_component_ref idref="oc-62"/>
      </symbol>
      <symbol id="sm-425">
         <name>_coreClearDataFault_</name>
         <value>0x7078</value>
         <object_component_ref idref="oc-62"/>
      </symbol>
      <symbol id="sm-426">
         <name>_coreGetAuxiliaryDataFault_</name>
         <value>0x70c0</value>
         <object_component_ref idref="oc-62"/>
      </symbol>
      <symbol id="sm-427">
         <name>_enable_interrupt_</name>
         <value>0x70f8</value>
         <object_component_ref idref="oc-62"/>
      </symbol>
      <symbol id="sm-428">
         <name>_coreClearAuxiliaryInstructionFault_</name>
         <value>0x70dc</value>
         <object_component_ref idref="oc-62"/>
      </symbol>
      <symbol id="sm-429">
         <name>_memInit_</name>
         <value>0x7188</value>
         <object_component_ref idref="oc-62"/>
      </symbol>
      <symbol id="sm-42a">
         <name>_dCacheInvalidate_</name>
         <value>0x7244</value>
         <object_component_ref idref="oc-62"/>
      </symbol>
      <symbol id="sm-42b">
         <name>_coreGetDataFaultAddress_</name>
         <value>0x7098</value>
         <object_component_ref idref="oc-62"/>
      </symbol>
      <symbol id="sm-42c">
         <name>_coreClearInstructionFault_</name>
         <value>0x708c</value>
         <object_component_ref idref="oc-62"/>
      </symbol>
      <symbol id="sm-42d">
         <name>_getCPSRValue_</name>
         <value>0x7008</value>
         <object_component_ref idref="oc-62"/>
      </symbol>
      <symbol id="sm-42e">
         <name>_cacheDisable_</name>
         <value>0x7220</value>
         <object_component_ref idref="oc-62"/>
      </symbol>
      <symbol id="sm-42f">
         <name>_enable_IRQ_interrupt_</name>
         <value>0x70f0</value>
         <object_component_ref idref="oc-62"/>
      </symbol>
      <symbol id="sm-430">
         <name>__TI_PINIT_Limit</name>
         <value>0x7270</value>
         <object_component_ref idref="oc-62"/>
      </symbol>
      <symbol id="sm-431">
         <name>_coreGetAuxiliaryInstructionFault_</name>
         <value>0x70d4</value>
         <object_component_ref idref="oc-62"/>
      </symbol>
      <symbol id="sm-432">
         <name>_coreInitStackPointer_</name>
         <value>0x6fbc</value>
         <object_component_ref idref="oc-62"/>
      </symbol>
      <symbol id="sm-433">
         <name>_esmCcmErrorsClear_</name>
         <value>0x7100</value>
         <object_component_ref idref="oc-62"/>
      </symbol>
      <symbol id="sm-434">
         <name>_gotoCPUIdle_</name>
         <value>0x7010</value>
         <object_component_ref idref="oc-62"/>
      </symbol>
      <symbol id="sm-435">
         <name>_coreEnableIrqVicOffset_</name>
         <value>0x7060</value>
         <object_component_ref idref="oc-62"/>
      </symbol>
      <symbol id="sm-436">
         <name>_coreGetInstructionFault_</name>
         <value>0x7084</value>
         <object_component_ref idref="oc-62"/>
      </symbol>
      <symbol id="sm-437">
         <name>_cacheEnable_</name>
         <value>0x71dc</value>
         <object_component_ref idref="oc-62"/>
      </symbol>
      <symbol id="sm-438">
         <name>_coreEnableVfp_</name>
         <value>0x7028</value>
         <object_component_ref idref="oc-62"/>
      </symbol>
      <symbol id="sm-439">
         <name>_coreClearAuxiliaryDataFault_</name>
         <value>0x70c8</value>
         <object_component_ref idref="oc-62"/>
      </symbol>
      <symbol id="sm-43a">
         <name>_coreEnableEventBusExport_</name>
         <value>0x7040</value>
         <object_component_ref idref="oc-62"/>
      </symbol>
      <symbol id="sm-43b">
         <name>_checkMemInitOn_</name>
         <value>0x71bc</value>
         <object_component_ref idref="oc-62"/>
      </symbol>
      <symbol id="sm-449">
         <name>resetEntry</name>
         <value>0x0</value>
         <object_component_ref idref="oc-28"/>
      </symbol>
      <symbol id="sm-49b">
         <name>buf_len</name>
         <value>0x80015e4</value>
      </symbol>
      <symbol id="sm-49c">
         <name>receive_data</name>
         <value>0x8001588</value>
         <object_component_ref idref="oc-132"/>
      </symbol>
      <symbol id="sm-49d">
         <name>buf</name>
         <value>0x8001500</value>
         <object_component_ref idref="oc-129"/>
      </symbol>
      <symbol id="sm-49e">
         <name>catch_command</name>
         <value>0x6d80</value>
         <object_component_ref idref="oc-7f"/>
      </symbol>
      <symbol id="sm-49f">
         <name>main</name>
         <value>0x69c8</value>
         <object_component_ref idref="oc-7f"/>
      </symbol>
      <symbol id="sm-4a0">
         <name>sci_display</name>
         <value>0x6cd8</value>
         <object_component_ref idref="oc-7f"/>
      </symbol>
      <symbol id="sm-4a1">
         <name>wait</name>
         <value>0x6d3c</value>
         <object_component_ref idref="oc-7f"/>
      </symbol>
      <symbol id="sm-4a2">
         <name>value</name>
         <value>0x8001580</value>
         <object_component_ref idref="oc-12f"/>
      </symbol>
      <symbol id="sm-4a3">
         <name>flag</name>
         <value>0x8001584</value>
         <object_component_ref idref="oc-12f"/>
      </symbol>
      <symbol id="sm-4be">
         <name>_mpuSetRegionBaseAddress_</name>
         <value>0x75a4</value>
         <object_component_ref idref="oc-79"/>
      </symbol>
      <symbol id="sm-4bf">
         <name>_mpuInit_</name>
         <value>0x7274</value>
         <object_component_ref idref="oc-79"/>
      </symbol>
      <symbol id="sm-4c0">
         <name>_mpuSetRegionSizeRegister_</name>
         <value>0x75d8</value>
         <object_component_ref idref="oc-79"/>
      </symbol>
      <symbol id="sm-4c1">
         <name>_mpuDisableBackgroundRegion_</name>
         <value>0x756c</value>
         <object_component_ref idref="oc-79"/>
      </symbol>
      <symbol id="sm-4c2">
         <name>_mpuSetRegionTypeAndPermission_</name>
         <value>0x75b4</value>
         <object_component_ref idref="oc-79"/>
      </symbol>
      <symbol id="sm-4c3">
         <name>_mpuGetRegionPermission_</name>
         <value>0x75cc</value>
         <object_component_ref idref="oc-79"/>
      </symbol>
      <symbol id="sm-4c4">
         <name>_mpuEnable_</name>
         <value>0x752c</value>
         <object_component_ref idref="oc-79"/>
      </symbol>
      <symbol id="sm-4c5">
         <name>_mpuGetNumberOfRegions_</name>
         <value>0x757c</value>
         <object_component_ref idref="oc-79"/>
      </symbol>
      <symbol id="sm-4c6">
         <name>_mpuAreRegionsSeparate_</name>
         <value>0x7588</value>
         <object_component_ref idref="oc-79"/>
      </symbol>
      <symbol id="sm-4c7">
         <name>_mpuEnableBackgroundRegion_</name>
         <value>0x755c</value>
         <object_component_ref idref="oc-79"/>
      </symbol>
      <symbol id="sm-4c8">
         <name>_mpuGetRegionType_</name>
         <value>0x75c0</value>
         <object_component_ref idref="oc-79"/>
      </symbol>
      <symbol id="sm-4c9">
         <name>_mpuDisable_</name>
         <value>0x7544</value>
         <object_component_ref idref="oc-79"/>
      </symbol>
      <symbol id="sm-4ca">
         <name>_mpuGetRegionBaseAddress_</name>
         <value>0x75ac</value>
         <object_component_ref idref="oc-79"/>
      </symbol>
      <symbol id="sm-4cb">
         <name>_mpuSetRegion_</name>
         <value>0x7594</value>
         <object_component_ref idref="oc-79"/>
      </symbol>
      <symbol id="sm-4cc">
         <name>_mpuGetRegion_</name>
         <value>0x759c</value>
         <object_component_ref idref="oc-79"/>
      </symbol>
      <symbol id="sm-4df">
         <name>phantomInterrupt</name>
         <value>0x931c</value>
         <object_component_ref idref="oc-2d"/>
      </symbol>
      <symbol id="sm-4f3">
         <name>_c_int00</name>
         <value>0x8acc</value>
         <object_component_ref idref="oc-19"/>
      </symbol>
      <symbol id="sm-596">
         <name>vimChannelMap</name>
         <value>0x5168</value>
         <object_component_ref idref="oc-34"/>
      </symbol>
      <symbol id="sm-597">
         <name>vimInit</name>
         <value>0x5094</value>
         <object_component_ref idref="oc-34"/>
      </symbol>
      <symbol id="sm-598">
         <name>vimEnableInterrupt</name>
         <value>0x520c</value>
         <object_component_ref idref="oc-34"/>
      </symbol>
      <symbol id="sm-599">
         <name>vimDisableInterrupt</name>
         <value>0x53d4</value>
         <object_component_ref idref="oc-34"/>
      </symbol>
      <symbol id="sm-59a">
         <name>vimGetConfigValue</name>
         <value>0x5480</value>
         <object_component_ref idref="oc-34"/>
      </symbol>
      <symbol id="sm-59b">
         <name>vimECCErrorHandler</name>
         <value>0x75e0</value>
         <object_component_ref idref="oc-33"/>
      </symbol>
      <symbol id="sm-5e9">
         <name>systemGetConfigValue</name>
         <value>0x4bcc</value>
         <object_component_ref idref="oc-6d"/>
      </symbol>
      <symbol id="sm-5ea">
         <name>trimLPO</name>
         <value>0x4798</value>
         <object_component_ref idref="oc-6d"/>
      </symbol>
      <symbol id="sm-5eb">
         <name>systemInit</name>
         <value>0x4a00</value>
         <object_component_ref idref="oc-6d"/>
      </symbol>
      <symbol id="sm-5ec">
         <name>periphInit</name>
         <value>0x4820</value>
         <object_component_ref idref="oc-6d"/>
      </symbol>
      <symbol id="sm-5ed">
         <name>setupFlash</name>
         <value>0x47e0</value>
         <object_component_ref idref="oc-6d"/>
      </symbol>
      <symbol id="sm-5ee">
         <name>setupPLL</name>
         <value>0x4738</value>
         <object_component_ref idref="oc-6d"/>
      </symbol>
      <symbol id="sm-5ef">
         <name>getResetSource</name>
         <value>0x4aa4</value>
         <object_component_ref idref="oc-6d"/>
      </symbol>
      <symbol id="sm-5f0">
         <name>mapClocks</name>
         <value>0x48d4</value>
         <object_component_ref idref="oc-6d"/>
      </symbol>
      <symbol id="sm-5f1">
         <name>systemPowerDown</name>
         <value>0x4a74</value>
         <object_component_ref idref="oc-6d"/>
      </symbol>
      <symbol id="sm-61a">
         <name>floorl</name>
         <value>0x8690</value>
         <object_component_ref idref="oc-1bf"/>
      </symbol>
      <symbol id="sm-61b">
         <name>floor</name>
         <value>0x8690</value>
         <object_component_ref idref="oc-1bf"/>
      </symbol>
      <symbol id="sm-643">
         <name>__TI_auto_init_nobinit_nopinit</name>
         <value>0x9008</value>
         <object_component_ref idref="oc-db"/>
      </symbol>
      <symbol id="sm-65c">
         <name>__TI_zero_init_nomemset</name>
         <value>0x9284</value>
         <object_component_ref idref="oc-56"/>
      </symbol>
      <symbol id="sm-673">
         <name>__TI_decompress_none</name>
         <value>0x92f4</value>
         <object_component_ref idref="oc-12"/>
      </symbol>
      <symbol id="sm-696">
         <name>__TI_decompress_lzss</name>
         <value>0x8d74</value>
         <object_component_ref idref="oc-c"/>
      </symbol>
      <symbol id="sm-6a1">
         <name>C$$EXIT</name>
         <value>0x9314</value>
         <object_component_ref idref="oc-136"/>
      </symbol>
      <symbol id="sm-6a2">
         <name>abort</name>
         <value>0x9314</value>
         <object_component_ref idref="oc-136"/>
      </symbol>
      <symbol id="sm-6ca">
         <name>sprintf</name>
         <value>0x90d4</value>
         <object_component_ref idref="oc-111"/>
      </symbol>
      <symbol id="sm-6d8">
         <name>strlen</name>
         <value>0x92a4</value>
         <object_component_ref idref="oc-117"/>
      </symbol>
      <symbol id="sm-6f1">
         <name>memcpy</name>
         <value>0x80f8</value>
         <object_component_ref idref="oc-4a"/>
      </symbol>
      <symbol id="sm-6f2">
         <name>__aeabi_memcpy</name>
         <value>0x80f8</value>
         <object_component_ref idref="oc-4a"/>
      </symbol>
      <symbol id="sm-6f3">
         <name>__aeabi_memcpy8</name>
         <value>0x80f8</value>
         <object_component_ref idref="oc-4a"/>
      </symbol>
      <symbol id="sm-6f4">
         <name>__aeabi_memcpy4</name>
         <value>0x80f8</value>
         <object_component_ref idref="oc-4a"/>
      </symbol>
      <symbol id="sm-703">
         <name>__aeabi_memset</name>
         <value>0x8b84</value>
         <object_component_ref idref="oc-b8"/>
      </symbol>
      <symbol id="sm-704">
         <name>memset</name>
         <value>0x8b90</value>
         <object_component_ref idref="oc-b8"/>
      </symbol>
      <symbol id="sm-705">
         <name>__aeabi_memset8</name>
         <value>0x8b84</value>
         <object_component_ref idref="oc-b8"/>
      </symbol>
      <symbol id="sm-706">
         <name>__aeabi_memset4</name>
         <value>0x8b84</value>
         <object_component_ref idref="oc-b8"/>
      </symbol>
      <symbol id="sm-707">
         <name>__aeabi_memclr8</name>
         <value>0x8b80</value>
         <object_component_ref idref="oc-b8"/>
      </symbol>
      <symbol id="sm-708">
         <name>__aeabi_memclr4</name>
         <value>0x8b80</value>
         <object_component_ref idref="oc-b8"/>
      </symbol>
      <symbol id="sm-709">
         <name>__aeabi_memclr</name>
         <value>0x8b80</value>
         <object_component_ref idref="oc-b8"/>
      </symbol>
      <symbol id="sm-84e">
         <name>__TI_printfi</name>
         <value>0x2198</value>
         <object_component_ref idref="oc-1ca"/>
      </symbol>
      <symbol id="sm-861">
         <name>atoi</name>
         <value>0x8e90</value>
         <object_component_ref idref="oc-23a"/>
      </symbol>
      <symbol id="sm-86c">
         <name>_ctypes_</name>
         <value>0x9540</value>
         <object_component_ref idref="oc-2a9"/>
      </symbol>
      <symbol id="sm-87a">
         <name>ltoa</name>
         <value>0x8f14</value>
         <object_component_ref idref="oc-2b9"/>
      </symbol>
      <symbol id="sm-889">
         <name>memccpy</name>
         <value>0x920c</value>
         <object_component_ref idref="oc-25e"/>
      </symbol>
      <symbol id="sm-897">
         <name>strchr</name>
         <value>0x9238</value>
         <object_component_ref idref="oc-2e6"/>
      </symbol>
      <symbol id="sm-8ad">
         <name>__aeabi_errno_addr</name>
         <value>0x9308</value>
         <object_component_ref idref="oc-26a"/>
      </symbol>
      <symbol id="sm-8ae">
         <name>errno</name>
         <value>0x8001590</value>
         <object_component_ref idref="oc-2f6"/>
      </symbol>
      <symbol id="sm-8cb">
         <name>frexpl</name>
         <value>0x8e04</value>
         <object_component_ref idref="oc-2da"/>
      </symbol>
      <symbol id="sm-8cc">
         <name>frexp</name>
         <value>0x8e04</value>
         <object_component_ref idref="oc-2da"/>
      </symbol>
      <symbol id="sm-8e6">
         <name>scalbn</name>
         <value>0x87cc</value>
         <object_component_ref idref="oc-2e0"/>
      </symbol>
      <symbol id="sm-8e7">
         <name>scalbnl</name>
         <value>0x87cc</value>
         <object_component_ref idref="oc-2e0"/>
      </symbol>
      <symbol id="sm-8e8">
         <name>ldexpl</name>
         <value>0x87cc</value>
         <object_component_ref idref="oc-2e0"/>
      </symbol>
      <symbol id="sm-8e9">
         <name>ldexp</name>
         <value>0x87cc</value>
         <object_component_ref idref="oc-2e0"/>
      </symbol>
      <symbol id="sm-901">
         <name>wcslen</name>
         <value>0x9260</value>
         <object_component_ref idref="oc-264"/>
      </symbol>
      <symbol id="sm-90d">
         <name>__aeabi_idivmod</name>
         <value>0x9138</value>
         <object_component_ref idref="oc-31b"/>
      </symbol>
      <symbol id="sm-90e">
         <name>__aeabi_idiv</name>
         <value>0x9138</value>
         <object_component_ref idref="oc-31b"/>
      </symbol>
      <symbol id="sm-91a">
         <name>__aeabi_uidivmod</name>
         <value>0x918c</value>
         <object_component_ref idref="oc-2b3"/>
      </symbol>
      <symbol id="sm-91b">
         <name>__aeabi_uidiv</name>
         <value>0x918c</value>
         <object_component_ref idref="oc-2b3"/>
      </symbol>
      <symbol id="sm-937">
         <name>__aeabi_uldivmod</name>
         <value>0x7bf8</value>
         <object_component_ref idref="oc-2ae"/>
      </symbol>
      <symbol id="sm-941">
         <name>copysign</name>
         <value>0x92c4</value>
         <object_component_ref idref="oc-32d"/>
      </symbol>
      <symbol id="sm-942">
         <name>copysignl</name>
         <value>0x92c4</value>
         <object_component_ref idref="oc-32d"/>
      </symbol>
      <symbol id="sm-94c">
         <name>__aeabi_idiv0</name>
         <value>0x9320</value>
         <object_component_ref idref="oc-315"/>
      </symbol>
      <symbol id="sm-94d">
         <name>__aeabi_ldiv0</name>
         <value>0x9320</value>
         <object_component_ref idref="oc-315"/>
      </symbol>
      <symbol id="sm-94e">
         <name>__TI_static_base__</name>
         <value>0x0</value>
      </symbol>
      <symbol id="sm-951">
         <name>SHT$$INIT_ARRAY$$Base</name>
         <value>0x0</value>
      </symbol>
      <symbol id="sm-952">
         <name>SHT$$INIT_ARRAY$$Limit</name>
         <value>0x0</value>
      </symbol>
      <symbol id="sm-953">
         <name>_system_post_cinit</name>
         <value>0x0</value>
      </symbol>
   </symbol_table>
   <title>Link successful</title>
</link_info>
